Archive member included to satisfy reference by file (symbol)

../../software/libbtc\libbtclib.a(chainparams.o)
                              obj/default/wallet_main.o (btc_chainparams_test)
../../software/libbtc\libbtclib.a(commontools.o)
                              obj/default/wallet_main.o (hd_gen_master)
../../software/libbtc\libbtclib.a(cstr.o)
                              obj/default/wallet_main.o (cstr_new_sz)
../../software/libbtc\libbtclib.a(ecc_key.o)
                              obj/default/wallet_main.o (btc_privkey_init)
../../software/libbtc\libbtclib.a(ecc_libsecp256k1.o)
                              obj/default/wallet_main.o (btc_ecc_start)
../../software/libbtc\libbtclib.a(memory.o)
                              obj/default/wallet_main.o (btc_malloc)
../../software/libbtc\libbtclib.a(random.o)
                              ../../software/libbtc\libbtclib.a(ecc_libsecp256k1.o) (btc_random_init)
../../software/libbtc\libbtclib.a(ripemd160.o)
                              ../../software/libbtc\libbtclib.a(ecc_key.o) (btc_ripemd160)
../../software/libbtc\libbtclib.a(script.o)
                              obj/default/wallet_main.o (btc_script_classify)
../../software/libbtc\libbtclib.a(bench_internal.o)
                              ../../software/libbtc\libbtclib.a(ecc_libsecp256k1.o) (secp256k1_context_create)
../../software/libbtc\libbtclib.a(segwit_addr.o)
                              ../../software/libbtc\libbtclib.a(ecc_key.o) (segwit_addr_encode)
../../software/libbtc\libbtclib.a(serialize.o)
                              ../../software/libbtc\libbtclib.a(script.o) (deser_skip)
../../software/libbtc\libbtclib.a(tx.o)
                              obj/default/wallet_main.o (btc_tx_free)
../../software/libbtc\libbtclib.a(utils.o)
                              obj/default/wallet_main.o (utils_hex_to_bin)
../../software/libbtc\libbtclib.a(vector.o)
                              ../../software/libbtc\libbtclib.a(script.o) (vector_new)
../../software/libbtc\libbtclib.a(base58.o)
                              ../../software/libbtc\libbtclib.a(commontools.o) (btc_base58_encode_check)
../../software/libbtc\libbtclib.a(bip32.o)
                              ../../software/libbtc\libbtclib.a(commontools.o) (btc_hdnode_from_seed)
c:/intelfpga_lite/18.1/nios2eds/bin/gnu/h-x86_64-mingw32/bin/../lib/gcc/nios2-elf/5.3.0\libgcc.a(_muldi3.o)
                              ../../software/libbtc\libbtclib.a(bench_internal.o) (__muldi3)
c:/intelfpga_lite/18.1/nios2eds/bin/gnu/h-x86_64-mingw32/bin/../lib/gcc/nios2-elf/5.3.0\libgcc.a(lib2-divmod.o)
                              ../../software/libbtc\libbtclib.a(bench_internal.o) (__divsi3)
c:/intelfpga_lite/18.1/nios2eds/bin/gnu/h-x86_64-mingw32/bin/../lib/gcc/nios2-elf/5.3.0\libgcc.a(lib2-mul.o)
                              obj/default/bip39.o (__mulsi3)
c:/intelfpga_lite/18.1/nios2eds/bin/gnu/h-x86_64-mingw32/bin/../lib/gcc/nios2-elf/5.3.0\libgcc.a(adddf3.o)
                              ../../software/libbtc\libbtclib.a(bench_internal.o) (__adddf3)
c:/intelfpga_lite/18.1/nios2eds/bin/gnu/h-x86_64-mingw32/bin/../lib/gcc/nios2-elf/5.3.0\libgcc.a(divdf3.o)
                              ../../software/libbtc\libbtclib.a(bench_internal.o) (__divdf3)
c:/intelfpga_lite/18.1/nios2eds/bin/gnu/h-x86_64-mingw32/bin/../lib/gcc/nios2-elf/5.3.0\libgcc.a(gedf2.o)
                              ../../software/libbtc\libbtclib.a(bench_internal.o) (__gtdf2)
c:/intelfpga_lite/18.1/nios2eds/bin/gnu/h-x86_64-mingw32/bin/../lib/gcc/nios2-elf/5.3.0\libgcc.a(ledf2.o)
                              ../../software/libbtc\libbtclib.a(bench_internal.o) (__ltdf2)
c:/intelfpga_lite/18.1/nios2eds/bin/gnu/h-x86_64-mingw32/bin/../lib/gcc/nios2-elf/5.3.0\libgcc.a(muldf3.o)
                              ../../software/libbtc\libbtclib.a(bench_internal.o) (__muldf3)
c:/intelfpga_lite/18.1/nios2eds/bin/gnu/h-x86_64-mingw32/bin/../lib/gcc/nios2-elf/5.3.0\libgcc.a(subdf3.o)
                              ../../software/libbtc\libbtclib.a(bench_internal.o) (__subdf3)
c:/intelfpga_lite/18.1/nios2eds/bin/gnu/h-x86_64-mingw32/bin/../lib/gcc/nios2-elf/5.3.0\libgcc.a(floatsidf.o)
                              ../../software/libbtc\libbtclib.a(bench_internal.o) (__floatsidf)
c:/intelfpga_lite/18.1/nios2eds/bin/gnu/h-x86_64-mingw32/bin/../lib/gcc/nios2-elf/5.3.0\libgcc.a(_clzsi2.o)
                              c:/intelfpga_lite/18.1/nios2eds/bin/gnu/h-x86_64-mingw32/bin/../lib/gcc/nios2-elf/5.3.0\libgcc.a(adddf3.o) (__clzsi2)
c:/intelfpga_lite/18.1/nios2eds/bin/gnu/h-x86_64-mingw32/bin/../lib/gcc/nios2-elf/5.3.0\libgcc.a(_clz.o)
                              c:/intelfpga_lite/18.1/nios2eds/bin/gnu/h-x86_64-mingw32/bin/../lib/gcc/nios2-elf/5.3.0\libgcc.a(_clzsi2.o) (__clz_tab)
c:/intelfpga_lite/18.1/nios2eds/bin/gnu/h-x86_64-mingw32/bin/../lib/gcc/nios2-elf/5.3.0/../../../../../H-x86_64-mingw32/nios2-elf/lib\libsmallc.a(lib_a-abort.o)
[...]
Memory Configuration

Name             Origin             Length             Attributes
reset            0x0000000000000000 0x0000000000000020
sdram            0x0000000000000020 0x0000000001ffffe0
onchip_memory2   0x0000000002000000 0x0000000000006590
epcs_flash_controller 0x0000000002009000 0x0000000000000800
*default*        0x0000000000000000 0xffffffffffffffff

Linker script and memory map

LOAD C:/Users/Class2018/Documents/Projects/Crypto_wallet/impl/nios_proj_bsp//obj/HAL/src/crt0.o
LOAD obj/default/bip39.o
LOAD obj/default/hmac.o
LOAD obj/default/memzero.o
LOAD obj/default/pbkdf2.o
LOAD obj/default/rand.o
LOAD obj/default/sha2.o
LOAD obj/default/wallet_main.o
LOAD obj/default/wallet_system.o
LOAD ../../software/libbtc\libbtclib.a
LOAD c:/intelfpga_lite/18.1/nios2eds/bin/gnu/h-x86_64-mingw32/bin/../lib/gcc/nios2-elf/5.3.0/../../../../../H-x86_64-mingw32/nios2-elf/lib\libstdc++.a
LOAD c:/intelfpga_lite/18.1/nios2eds/bin/gnu/h-x86_64-mingw32/bin/../lib/gcc/nios2-elf/5.3.0/../../../../../H-x86_64-mingw32/nios2-elf/lib\libm.a
LOAD c:/intelfpga_lite/18.1/nios2eds/bin/gnu/h-x86_64-mingw32/bin/../lib/gcc/nios2-elf/5.3.0\libgcc.a
START GROUP
LOAD c:/intelfpga_lite/18.1/nios2eds/bin/gnu/h-x86_64-mingw32/bin/../lib/gcc/nios2-elf/5.3.0/../../../../../H-x86_64-mingw32/nios2-elf/lib\libsmallc.a
LOAD c:/intelfpga_lite/18.1/nios2eds/bin/gnu/h-x86_64-mingw32/bin/../lib/gcc/nios2-elf/5.3.0\libgcc.a
LOAD C:/Users/Class2018/Documents/Projects/Crypto_wallet/impl/nios_proj_bsp/\libhal_bsp.a
LOAD c:/intelfpga_lite/18.1/nios2eds/bin/gnu/h-x86_64-mingw32/bin/../lib/gcc/nios2-elf/5.3.0/../../../../../H-x86_64-mingw32/nios2-elf/lib\libm.a
END GROUP
LOAD c:/intelfpga_lite/18.1/nios2eds/bin/gnu/h-x86_64-mingw32/bin/../lib/gcc/nios2-elf/5.3.0\libgcc.a
                0x0000000000000000                __alt_mem_sdram = 0x0
                0x0000000002000000                __alt_mem_onchip_memory2 = 0x2000000
                0x0000000002009000                __alt_mem_epcs_flash_controller = 0x2009000

.entry          0x0000000000000000       0x20
 *(.entry)
 .entry         0x0000000000000000       0x20 C:/Users/Class2018/Documents/Projects/Crypto_wallet/impl/nios_proj_bsp//obj/HAL/src/crt0.o
                0x0000000000000000                __reset

.exceptions     0x0000000000000020      0x224
                0x0000000000000020                PROVIDE (__ram_exceptions_start, ABSOLUTE (.))
                0x0000000000000020                . = ALIGN (0x20)
 *(.irq)
 *(.exceptions.entry.label)
 .exceptions.entry.label
                0x0000000000000020        0x0 C:/Users/Class2018/Documents/Projects/Crypto_wallet/impl/nios_proj_bsp/\libhal_bsp.a(alt_irq_entry.o)
                0x0000000000000020                alt_irq_entry
 .exceptions.entry.label
                0x0000000000000020        0x0 C:/Users/Class2018/Documents/Projects/Crypto_wallet/impl/nios_proj_bsp/\libhal_bsp.a(alt_exception_entry.o)
                0x0000000000000020                alt_exception
 *(.exceptions.entry.user)
 *(.exceptions.entry.ecc_fatal)
 *(.exceptions.entry)
 .exceptions.entry
                0x0000000000000020       0x54 C:/Users/Class2018/Documents/Projects/Crypto_wallet/impl/nios_proj_bsp/\libhal_bsp.a(alt_exception_entry.o)
 *(.exceptions.irqtest.user)
 *(.exceptions.irqtest)
 .exceptions.irqtest
                0x0000000000000074       0x10 C:/Users/Class2018/Documents/Projects/Crypto_wallet/impl/nios_proj_bsp/\libhal_bsp.a(alt_irq_entry.o)
 *(.exceptions.irqhandler.user)
 *(.exceptions.irqhandler)
 .exceptions.irqhandler
                0x0000000000000084        0x4 C:/Users/Class2018/Documents/Projects/Crypto_wallet/impl/nios_proj_bsp/\libhal_bsp.a(alt_irq_entry.o)
 *(.exceptions.irqreturn.user)
 *(.exceptions.irqreturn)
 .exceptions.irqreturn
                0x0000000000000088        0x4 C:/Users/Class2018/Documents/Projects/Crypto_wallet/impl/nios_proj_bsp/\libhal_bsp.a(alt_irq_entry.o)
 *(.exceptions.notirq.label)
 .exceptions.notirq.label
                0x000000000000008c        0x0 C:/Users/Class2018/Documents/Projects/Crypto_wallet/impl/nios_proj_bsp/\libhal_bsp.a(alt_irq_entry.o)
 *(.exceptions.notirq.user)
 *(.exceptions.notirq)
 .exceptions.notirq
                0x000000000000008c        0x8 C:/Users/Class2018/Documents/Projects/Crypto_wallet/impl/nios_proj_bsp/\libhal_bsp.a(alt_exception_entry.o)
 *(.exceptions.soft.user)
 *(.exceptions.soft)
 *(.exceptions.unknown.user)
 *(.exceptions.unknown)
 .exceptions.unknown
                0x0000000000000094       0x14 C:/Users/Class2018/Documents/Projects/Crypto_wallet/impl/nios_proj_bsp/\libhal_bsp.a(alt_exception_entry.o)
 *(.exceptions.exit.label)
 .exceptions.exit.label
                0x00000000000000a8        0x0 C:/Users/Class2018/Documents/Projects/Crypto_wallet/impl/nios_proj_bsp/\libhal_bsp.a(alt_irq_entry.o)
 .exceptions.exit.label
                0x00000000000000a8        0x0 C:/Users/Class2018/Documents/Projects/Crypto_wallet/impl/nios_proj_bsp/\libhal_bsp.a(alt_exception_entry.o)
 *(.exceptions.exit.user)
 *(.exceptions.exit)
 .exceptions.exit
                0x00000000000000a8       0x54 C:/Users/Class2018/Documents/Projects/Crypto_wallet/impl/nios_proj_bsp/\libhal_bsp.a(alt_exception_entry.o)
 *(.exceptions)
 .exceptions    0x00000000000000fc       0xd4 C:/Users/Class2018/Documents/Projects/Crypto_wallet/impl/nios_proj_bsp/\libhal_bsp.a(alt_irq_handler.o)
                0x00000000000000fc                alt_irq_handler
 .exceptions    0x00000000000001d0       0x74 C:/Users/Class2018/Documents/Projects/Crypto_wallet/impl/nios_proj_bsp/\libhal_bsp.a(alt_instruction_exception_entry.o)
                0x00000000000001d0                alt_instruction_exception_entry
                0x0000000000000244                PROVIDE (__ram_exceptions_end, ABSOLUTE (.))
                0x0000000000000020                PROVIDE (__flash_exceptions_start, LOADADDR (.exceptions))

.text           0x0000000000000244    0x4f218
                [!provide]                        PROVIDE (stext, ABSOLUTE (.))
 *(.interp)
 *(.hash)
 *(.dynsym)
 *(.dynstr)
 *(.gnu.version)
 *(.gnu.version_d)
 *(.gnu.version_r)
 *(.rel.init)
 *(.rela.init)
 *(.rel.text .rel.text.* .rel.gnu.linkonce.t.*)
 *(.rela.text .rela.text.* .rela.gnu.linkonce.t.*)
 *(.rel.fini)
 *(.rela.fini)
 *(.rel.rodata .rel.rodata.* .rel.gnu.linkonce.r.*)
 *(.rela.rodata .rela.rodata.* .rela.gnu.linkonce.r.*)
 *(.rel.data .rel.data.* .rel.gnu.linkonce.d.*)
 *(.rela.data .rela.data.* .rela.gnu.linkonce.d.*)
 *(.rel.tdata .rel.tdata.* .rel.gnu.linkonce.td.*)
 *(.rela.tdata .rela.tdata.* .rela.gnu.linkonce.td.*)
 *(.rel.tbss .rel.tbss.* .rel.gnu.linkonce.tb.*)
 *(.rela.tbss .rela.tbss.* .rela.gnu.linkonce.tb.*)
 *(.rel.ctors)
 *(.rela.ctors)
 *(.rel.dtors)
 *(.rela.dtors)
 *(.rel.got)
 *(.rela.got)
 *(.rel.sdata .rel.sdata.* .rel.gnu.linkonce.s.*)
 *(.rela.sdata .rela.sdata.* .rela.gnu.linkonce.s.*)
 *(.rel.sbss .rel.sbss.* .rel.gnu.linkonce.sb.*)
 *(.rela.sbss .rela.sbss.* .rela.gnu.linkonce.sb.*)
 *(.rel.sdata2 .rel.sdata2.* .rel.gnu.linkonce.s2.*)
 *(.rela.sdata2 .rela.sdata2.* .rela.gnu.linkonce.s2.*)
 *(.rel.sbss2 .rel.sbss2.* .rel.gnu.linkonce.sb2.*)
 *(.rela.sbss2 .rela.sbss2.* .rela.gnu.linkonce.sb2.*)
 *(.rel.bss .rel.bss.* .rel.gnu.linkonce.b.*)
 *(.rela.bss .rela.bss.* .rela.gnu.linkonce.b.*)
 *(.rel.plt)
 *(.rela.plt)
 *(.rel.dyn)
 *(.init)
 *(.plt)
 *(.text .stub .text.* .gnu.linkonce.t.*)
 .text          0x0000000000000244       0x4c C:/Users/Class2018/Documents/Projects/Crypto_wallet/impl/nios_proj_bsp//obj/HAL/src/crt0.o
                0x0000000000000244                _start
 .text          0x0000000000000290      0x668 obj/default/bip39.o
                0x0000000000000290                mnemonic_generate
                0x0000000000000330                mnemonic_from_data
                0x0000000000000590                mnemonic_to_seed
 .text          0x00000000000008f8      0xa78 obj/default/hmac.o
                0x00000000000008f8                hmac_sha256_Init
                0x0000000000000a30                hmac_sha256_Update
                0x0000000000000a7c                hmac_sha256_Final
                0x0000000000000b24                hmac_sha256
                0x0000000000000b94                hmac_sha256_prepare
                0x0000000000000d80                hmac_sha512_Init
                0x0000000000000eb8                hmac_sha512_Update
                0x0000000000000f04                hmac_sha512_Final
                0x0000000000000fac                hmac_sha512
                0x0000000000001010                hmac_sha512_prepare
 .text          0x0000000000001370       0x40 obj/default/memzero.o
                0x0000000000001370                memzero
 .text          0x00000000000013b0      0xd94 obj/default/pbkdf2.o
                0x00000000000013b0                pbkdf2_hmac_sha256_Init
                0x00000000000015d4                pbkdf2_hmac_sha256_Update
                0x0000000000001704                pbkdf2_hmac_sha256_Final
                0x00000000000017ec                pbkdf2_hmac_sha256
                0x000000000000195c                pbkdf2_hmac_sha512_Init
                0x0000000000001cd4                pbkdf2_hmac_sha512_Update
                0x0000000000001e18                pbkdf2_hmac_sha512_Final
                0x0000000000001fd4                pbkdf2_hmac_sha512
 .text          0x0000000000002144      0x110 obj/default/rand.o
                0x0000000000002144                random32
                0x00000000000021c8                random_buffer
 .text          0x0000000000002254     0x4120 obj/default/sha2.o
                0x0000000000002254                sha1_Init
                0x00000000000022b8                sha1_Transform
                0x0000000000002a64                sha1_Update
                0x0000000000002e6c                sha1_Final
                0x00000000000031a4                sha1_End
                0x00000000000032a4                sha1_Raw
                0x00000000000032fc                sha1_Data
                0x0000000000003350                sha256_Init
                0x00000000000033c0                sha256_Transform
                0x0000000000003988                sha256_Update
                0x0000000000003d90                sha256_Final
                0x00000000000040c8                sha256_End
                0x00000000000041c8                sha256_Raw
                0x0000000000004220                sha256_Data
                0x0000000000004274                sha512_Init
                0x00000000000042fc                sha512_Transform
                0x000000000000521c                sha512_Update
                0x0000000000005f98                sha512_Final
                0x00000000000061c8                sha512_End
                0x00000000000062c8                sha512_Raw
                0x0000000000006320                sha512_Data
 .text          0x0000000000006374      0xe60 obj/default/wallet_main.o
                0x000000000000703c                main
 .text          0x00000000000071d4        0x0 obj/default/wallet_system.o
 .text          0x00000000000071d4        0x0 ../../software/libbtc\libbtclib.a(chainparams.o)
 .text          0x00000000000071d4      0x834 ../../software/libbtc\libbtclib.a(commontools.o)
                0x00000000000071d4                addresses_from_pubkey
                0x00000000000072e0                pubkey_from_privatekey
                0x00000000000073b8                gen_privatekey
                0x0000000000007438                hd_gen_master
                0x00000000000074f8                hd_print_node
                0x00000000000078e0                hd_derive
 .text          0x0000000000007a08      0x81c ../../software/libbtc\libbtclib.a(cstr.o)
                0x0000000000007af4                cstr_alloc_minsize
                0x0000000000007b84                cstr_new_sz
                0x0000000000007bf0                cstr_new_buf
                0x0000000000007c78                cstr_new_cstr
                0x0000000000007cbc                cstr_new
                0x0000000000007d28                cstr_free
                0x0000000000007d94                cstr_resize
                0x0000000000007e54                cstr_append_buf
                0x0000000000007f04                cstr_append_cstr
                0x0000000000007f50                cstr_append_c
                0x0000000000007f94                cstr_equal
                0x0000000000008038                cstr_compare
                0x0000000000008114                cstr_erase
 .text          0x0000000000008224      0xb3c ../../software/libbtc\libbtclib.a(ecc_key.o)
                0x00000000000082bc                btc_privkey_init
                0x00000000000082fc                btc_privkey_is_valid
                0x0000000000008340                btc_privkey_cleanse
                0x000000000000837c                btc_privkey_gen
                0x0000000000008404                btc_privkey_verify_pubkey
                0x00000000000084d8                btc_privkey_encode_wif
                0x0000000000008588                btc_privkey_decode_wif
                0x0000000000008724                btc_pubkey_init
                0x000000000000877c                btc_pubkey_get_length
                0x00000000000087f0                btc_pubkey_is_valid
                0x0000000000008838                btc_pubkey_cleanse
                0x0000000000008884                btc_pubkey_get_hash160
                0x00000000000088f8                btc_pubkey_get_hex
                0x0000000000008968                btc_pubkey_from_key
                0x00000000000089e0                btc_key_sign_hash
                0x0000000000008a2c                btc_key_sign_hash_compact
                0x0000000000008a78                btc_key_sign_hash_compact_recoverable
                0x0000000000008acc                btc_key_sign_recover_pubkey
                0x0000000000008b90                btc_pubkey_verify_sig
                0x0000000000008bf4                btc_pubkey_getaddr_p2sh_p2wpkh
                0x0000000000008c98                btc_pubkey_getaddr_p2pkh
                0x0000000000008cfc                btc_pubkey_getaddr_p2wpkh
 .text          0x0000000000008d60      0x9a8 ../../software/libbtc\libbtclib.a(ecc_libsecp256k1.o)
                0x0000000000008d60                btc_ecc_start
                0x0000000000008e3c                btc_ecc_stop
                0x0000000000008e80                btc_ecc_get_pubkey
                0x0000000000008f8c                btc_ecc_private_key_tweak_add
                0x0000000000008ff4                btc_ecc_public_key_tweak_add
                0x00000000000090d0                btc_ecc_verify_privatekey
                0x0000000000009130                btc_ecc_verify_pubkey
                0x00000000000091e4                btc_ecc_sign
                0x0000000000009298                btc_ecc_sign_compact
                0x0000000000009354                btc_ecc_sign_compact_recoverable
                0x0000000000009414                btc_ecc_recover_pubkey
                0x00000000000094f0                btc_ecc_verify_sig
                0x00000000000095cc                btc_ecc_compact_to_der_normalized
                0x0000000000009678                btc_ecc_der_to_compact
 .text          0x0000000000009708      0x394 ../../software/libbtc\libbtclib.a(memory.o)
                0x0000000000009708                btc_mem_set_mapper_default
                0x0000000000009778                btc_mem_set_mapper
                0x00000000000097d0                btc_malloc
                0x000000000000980c                btc_calloc
                0x0000000000009850                btc_realloc
                0x0000000000009894                btc_free
                0x00000000000098d4                btc_malloc_internal
                0x0000000000009938                btc_calloc_internal
                0x00000000000099a4                btc_realloc_internal
                0x0000000000009a10                btc_free_internal
                0x0000000000009a44                btc_mem_zero
 .text          0x0000000000009a9c      0x198 ../../software/libbtc\libbtclib.a(random.o)
                0x0000000000009a9c                btc_rnd_set_mapper_default
                0x0000000000009ad4                btc_rnd_set_mapper
                0x0000000000009b0c                btc_random_init
                0x0000000000009b3c                btc_random_bytes
                0x0000000000009b88                btc_random_init_internal
                0x0000000000009bc0                btc_random_bytes_internal
 .text          0x0000000000009c34     0x407c ../../software/libbtc\libbtclib.a(ripemd160.o)
                0x000000000000d874                btc_ripemd160
 .text          0x000000000000dcb0     0x167c ../../software/libbtc\libbtclib.a(script.o)
                0x000000000000dcf4                btc_script_copy_without_op_codeseperator
                0x000000000000e03c                btc_script_op_new
                0x000000000000e074                btc_script_op_free
                0x000000000000e0d4                btc_script_op_free_cb
                0x000000000000e118                btc_script_get_ops
                0x000000000000e49c                btc_script_is_pubkey
                0x000000000000e580                btc_script_is_pubkeyhash
                0x000000000000e6c0                btc_script_is_scripthash
                0x000000000000e810                btc_script_is_multisig
                0x000000000000e95c                btc_script_classify_ops
                0x000000000000e9f4                btc_script_classify
                0x000000000000ebd0                btc_encode_op_n
                0x000000000000ec44                btc_script_append_op
                0x000000000000ec88                btc_script_append_pushdata
                0x000000000000ed80                btc_script_build_multisig
                0x000000000000eec8                btc_script_build_p2pkh
                0x000000000000ef44                btc_script_build_p2wpkh
                0x000000000000ef9c                btc_script_build_p2sh
                0x000000000000f000                btc_script_get_scripthash
                0x000000000000f070                btc_tx_out_type_to_str
                0x000000000000f170                btc_script_is_witnessprogram
 .text          0x000000000000f32c    0x30464 ../../software/libbtc\libbtclib.a(bench_internal.o)
                0x0000000000039cd8                print_number
                0x0000000000039dac                run_benchmark
                0x000000000003be78                secp256k1_context_create
                0x000000000003bf88                secp256k1_context_clone
                0x000000000003c044                secp256k1_context_destroy
                0x000000000003c09c                secp256k1_context_set_illegal_callback
                0x000000000003c0f4                secp256k1_context_set_error_callback
                0x000000000003c228                secp256k1_ec_pubkey_parse
                0x000000000003c344                secp256k1_ec_pubkey_serialize
                0x000000000003c614                secp256k1_ecdsa_signature_parse_der
                0x000000000003c738                secp256k1_ecdsa_signature_parse_compact
                0x000000000003c8b8                secp256k1_ecdsa_signature_serialize_der
                0x000000000003c9f0                secp256k1_ecdsa_signature_serialize_compact
                0x000000000003cb04                secp256k1_ecdsa_signature_normalize
                0x000000000003cc18                secp256k1_ecdsa_verify
                0x000000000003cf1c                secp256k1_ecdsa_sign
                0x000000000003d1fc                secp256k1_ec_seckey_verify
                0x000000000003d2ec                secp256k1_ec_pubkey_create
                0x000000000003d4b4                secp256k1_ec_privkey_tweak_add
                0x000000000003d630                secp256k1_ec_pubkey_tweak_add
                0x000000000003d7e0                secp256k1_ec_privkey_tweak_mul
                0x000000000003d95c                secp256k1_ec_pubkey_tweak_mul
                0x000000000003db0c                secp256k1_context_randomize
                0x000000000003dbd0                secp256k1_ec_pubkey_combine
                0x000000000003de48                secp256k1_ecdsa_recoverable_signature_parse_compact
                0x000000000003dfcc                secp256k1_ecdsa_recoverable_signature_serialize_compact
                0x000000000003e0d8                secp256k1_ecdsa_recoverable_signature_convert
                0x000000000003e384                secp256k1_ecdsa_sign_recoverable
                0x000000000003e670                secp256k1_ecdsa_recover
                0x000000000003e888                bench_setup
                0x000000000003ea6c                bench_scalar_add
                0x000000000003eae4                bench_scalar_negate
                0x000000000003eb50                bench_scalar_sqr
                0x000000000003ebbc                bench_scalar_mul
                0x000000000003ec34                bench_scalar_inverse
                0x000000000003ecbc                bench_scalar_inverse_var
                0x000000000003ed44                bench_field_normalize
                0x000000000003edac                bench_field_normalize_weak
                0x000000000003ee14                bench_field_mul
                0x000000000003ee94                bench_field_sqr
                0x000000000003ef08                bench_field_inverse
                0x000000000003ef94                bench_field_inverse_var
                0x000000000003f020                bench_field_sqrt
                0x000000000003f0ac                bench_group_double_var
                0x000000000003f124                bench_group_add_var
                0x000000000003f1a8                bench_group_add_affine
                0x000000000003f228                bench_group_add_affine_var
                0x000000000003f2ac                bench_group_jacobi_var
                0x000000000003f310                bench_ecmult_wnaf
                0x000000000003f3a4                bench_wnaf_const
                0x000000000003f464                bench_sha256
                0x000000000003f4f8                bench_hmac_sha256
                0x000000000003f59c                bench_rfc6979_hmac_sha256
                0x000000000003f628                bench_context_verify
                0x000000000003f684                bench_context_sign
                0x000000000003f6e0                have_flag
 .text          0x000000000003f790      0xba4 ../../software/libbtc\libbtclib.a(segwit_addr.o)
                0x000000000003f790                bech32_polymod_step
                0x000000000003f890                bech32_encode
                0x000000000003fb44                bech32_decode
                0x00000000000400dc                segwit_addr_encode
                0x00000000000401d0                segwit_addr_decode
 .text          0x0000000000040334      0x994 ../../software/libbtc\libbtclib.a(serialize.o)
                0x0000000000040334                ser_bytes
                0x0000000000040378                ser_u16
                0x00000000000403c4                ser_u32
                0x000000000004040c                ser_s32
                0x000000000004044c                ser_u64
                0x00000000000404a0                ser_s64
                0x00000000000404ec                ser_u256
                0x000000000004052c                ser_varlen
                0x00000000000405e4                ser_str
                0x0000000000040644                ser_varstr
                0x00000000000406c8                deser_skip
                0x0000000000040748                deser_bytes
                0x00000000000407ec                deser_u16
                0x0000000000040844                deser_s32
                0x000000000004089c                deser_u32
                0x00000000000408f4                deser_u64
                0x0000000000040954                deser_u256
                0x0000000000040990                deser_varlen
                0x0000000000040aa8                deser_str
                0x0000000000040b8c                deser_varstr
                0x0000000000040c90                deser_s64
 .text          0x0000000000040cc8     0x26ec ../../software/libbtc\libbtclib.a(tx.o)
                0x0000000000040db8                btc_tx_in_free
                0x0000000000040e74                btc_tx_in_free_cb
                0x0000000000040ebc                btc_tx_in_witness_stack_free_cb
                0x0000000000040f08                btc_tx_in_new
                0x0000000000040f7c                btc_tx_out_free
                0x0000000000041000                btc_tx_out_free_cb
                0x0000000000041048                btc_tx_out_new
                0x0000000000041080                btc_tx_free
                0x00000000000410f4                btc_tx_new
                0x0000000000041178                btc_tx_in_deserialize
                0x0000000000041218                btc_tx_out_deserialize
                0x0000000000041284                btc_tx_deserialize
                0x00000000000415b0                btc_tx_in_serialize
                0x000000000004162c                btc_tx_out_serialize
                0x000000000004168c                btc_tx_has_witness
                0x0000000000041720                btc_tx_serialize
                0x00000000000419e4                btc_tx_hash
                0x0000000000041a6c                btc_tx_in_copy
                0x0000000000041bd8                btc_tx_out_copy
                0x0000000000041c88                btc_tx_copy
                0x0000000000041e88                btc_tx_prevout_hash
                0x0000000000041f60                btc_tx_sequence_hash
                0x0000000000042028                btc_tx_outputs_hash
                0x00000000000420e8                btc_tx_sighash
                0x00000000000426f8                btc_tx_add_data_out
                0x00000000000427b4                btc_tx_add_puzzle_out
                0x0000000000042884                btc_tx_add_address_out
                0x0000000000042ae8                btc_tx_add_p2pkh_hash160_out
                0x0000000000042b78                btc_tx_add_p2sh_hash160_out
                0x0000000000042c08                btc_tx_add_p2pkh_out
                0x0000000000042c5c                btc_tx_outpoint_is_null
                0x0000000000042c80                btc_tx_is_coinbase
                0x0000000000042d00                btc_tx_sign_result_to_str
                0x0000000000042dd0                btc_tx_sign_input
 .text          0x00000000000433b4      0xebc ../../software/libbtc\libbtclib.a(utils.o)
                0x00000000000433b4                utils_clear_buffers
                0x0000000000043404                utils_hex_to_bin
                0x00000000000437dc                utils_hex_to_uint8
                0x0000000000043bb8                utils_bin_to_hex
                0x0000000000043ca4                utils_uint8_to_hex
                0x0000000000043dcc                utils_reverse_hex
                0x0000000000043ea4                utils_hex_digit
                0x0000000000043ee0                utils_uint256_sethex
                0x00000000000440e8                safe_malloc
                0x000000000004414c                btc_cheap_random_bytes
                0x00000000000441c8                btc_get_default_datadir
 .text          0x0000000000044270      0x770 ../../software/libbtc\libbtclib.a(vector.o)
                0x0000000000044270                vector_new
                0x0000000000044440                vector_free
                0x0000000000044564                vector_find
                0x00000000000445f0                vector_add
                0x0000000000044694                vector_remove_range
                0x00000000000447d8                vector_remove_idx
                0x0000000000044818                vector_remove
                0x0000000000044878                vector_resize
 .text          0x00000000000449e0      0xdc0 ../../software/libbtc\libbtclib.a(base58.o)
                0x00000000000449e0                btc_base58_decode
                0x0000000000044f90                btc_b58check
                0x00000000000450e0                btc_base58_encode
                0x0000000000045464                btc_base58_encode_check
                0x00000000000455e4                btc_base58_decode_check
                0x00000000000456e0                btc_p2pkh_addr_from_hash160
                0x000000000004574c                btc_p2wpkh_addr_from_hash160
 .text          0x00000000000457a0     0x11a4 ../../software/libbtc\libbtclib.a(bip32.o)
                0x00000000000458cc                btc_hdnode_new
                0x0000000000045904                btc_hdnode_copy
                0x00000000000459c8                btc_hdnode_free
                0x0000000000045a44                btc_hdnode_from_seed
                0x0000000000045b40                btc_hdnode_public_ckd
                0x0000000000045d18                btc_hdnode_private_ckd
                0x0000000000045fd0                btc_hdnode_fill_public_key
                0x0000000000046124                btc_hdnode_serialize_public
                0x0000000000046180                btc_hdnode_serialize_private
                0x00000000000461dc                btc_hdnode_get_hash160
                0x0000000000046234                btc_hdnode_get_p2pkh_address
                0x000000000004629c                btc_hdnode_get_pub_hex
                0x0000000000046308                btc_hdnode_deserialize
                0x000000000004653c                btc_hd_generate_key
                0x00000000000468dc                btc_hdnode_has_privkey
 .text          0x0000000000046944       0x60 c:/intelfpga_lite/18.1/nios2eds/bin/gnu/h-x86_64-mingw32/bin/../lib/gcc/nios2-elf/5.3.0\libgcc.a(_muldi3.o)
                0x0000000000046944                __muldi3
 .text          0x00000000000469a4      0x1b4 c:/intelfpga_lite/18.1/nios2eds/bin/gnu/h-x86_64-mingw32/bin/../lib/gcc/nios2-elf/5.3.0\libgcc.a(lib2-divmod.o)
                0x00000000000469a4                __divsi3
                0x0000000000046a28                __modsi3
                0x0000000000046a9c                __udivsi3
                0x0000000000046b00                __umodsi3
 .text          0x0000000000046b58       0x28 c:/intelfpga_lite/18.1/nios2eds/bin/gnu/h-x86_64-mingw32/bin/../lib/gcc/nios2-elf/5.3.0\libgcc.a(lib2-mul.o)
                0x0000000000046b58                __mulsi3
 .text          0x0000000000046b80      0x8ac c:/intelfpga_lite/18.1/nios2eds/bin/gnu/h-x86_64-mingw32/bin/../lib/gcc/nios2-elf/5.3.0\libgcc.a(adddf3.o)
                0x0000000000046b80                __adddf3
 .text          0x000000000004742c      0x8e8 c:/intelfpga_lite/18.1/nios2eds/bin/gnu/h-x86_64-mingw32/bin/../lib/gcc/nios2-elf/5.3.0\libgcc.a(divdf3.o)
                0x000000000004742c                __divdf3
 .text          0x0000000000047d14       0xdc c:/intelfpga_lite/18.1/nios2eds/bin/gnu/h-x86_64-mingw32/bin/../lib/gcc/nios2-elf/5.3.0\libgcc.a(gedf2.o)
                0x0000000000047d14                __gedf2
                0x0000000000047d14                __gtdf2
 .text          0x0000000000047df0       0xf4 c:/intelfpga_lite/18.1/nios2eds/bin/gnu/h-x86_64-mingw32/bin/../lib/gcc/nios2-elf/5.3.0\libgcc.a(ledf2.o)
                0x0000000000047df0                __ledf2
                0x0000000000047df0                __ltdf2
 .text          0x0000000000047ee4      0x718 c:/intelfpga_lite/18.1/nios2eds/bin/gnu/h-x86_64-mingw32/bin/../lib/gcc/nios2-elf/5.3.0\libgcc.a(muldf3.o)
                0x0000000000047ee4                __muldf3
 .text          0x00000000000485fc      0x8fc c:/intelfpga_lite/18.1/nios2eds/bin/gnu/h-x86_64-mingw32/bin/../lib/gcc/nios2-elf/5.3.0\libgcc.a(subdf3.o)
                0x00000000000485fc                __subdf3
 .text          0x0000000000048ef8       0xdc c:/intelfpga_lite/18.1/nios2eds/bin/gnu/h-x86_64-mingw32/bin/../lib/gcc/nios2-elf/5.3.0\libgcc.a(floatsidf.o)
                0x0000000000048ef8                __floatsidf
 .text          0x0000000000048fd4       0x64 c:/intelfpga_lite/18.1/nios2eds/bin/gnu/h-x86_64-mingw32/bin/../lib/gcc/nios2-elf/5.3.0\libgcc.a(_clzsi2.o)
                0x0000000000048fd4                __clzsi2
 .text          0x0000000000049038        0x0 c:/intelfpga_lite/18.1/nios2eds/bin/gnu/h-x86_64-mingw32/bin/../lib/gcc/nios2-elf/5.3.0\libgcc.a(_clz.o)
 .text          0x0000000000049038        0x0 c:/intelfpga_lite/18.1/nios2eds/bin/gnu/h-x86_64-mingw32/bin/../lib/gcc/nios2-elf/5.3.0/../../../../../H-x86_64-mingw32/nios2-elf/lib\libsmallc.a(lib_a-abort.o)
 .text.abort    0x0000000000049038       0x18 c:/intelfpga_lite/18.1/nios2eds/bin/gnu/h-x86_64-mingw32/bin/../lib/gcc/nios2-elf/5.3.0/../../../../../H-x86_64-mingw32/nios2-elf/lib\libsmallc.a(lib_a-abort.o)
                0x0000000000049038                abort
 .text          0x0000000000049050        0x0 c:/intelfpga_lite/18.1/nios2eds/bin/gnu/h-x86_64-mingw32/bin/../lib/gcc/nios2-elf/5.3.0/../../../../../H-x86_64-mingw32/nios2-elf/lib\libsmallc.a(lib_a-assert.o)
 .text.__assert_func
                0x0000000000049050       0x64 c:/intelfpga_lite/18.1/nios2eds/bin/gnu/h-x86_64-mingw32/bin/../lib/gcc/nios2-elf/5.3.0/../../../../../H-x86_64-mingw32/nios2-elf/lib\libsmallc.a(lib_a-assert.o)
                0x0000000000049050                __assert_func
 .text.__assert
                0x00000000000490b4       0x14 c:/intelfpga_lite/18.1/nios2eds/bin/gnu/h-x86_64-mingw32/bin/../lib/gcc/nios2-elf/5.3.0/../../../../../H-x86_64-mingw32/nios2-elf/lib\libsmallc.a(lib_a-assert.o)
                0x00000000000490b4                __assert
 .text          0x00000000000490c8        0x0 c:/intelfpga_lite/18.1/nios2eds/bin/gnu/h-x86_64-mingw32/bin/../lib/gcc/nios2-elf/5.3.0/../../../../../H-x86_64-mingw32/nios2-elf/lib\libsmallc.a(lib_a-calloc.o)
 .text.calloc   0x00000000000490c8       0x18 c:/intelfpga_lite/18.1/nios2eds/bin/gnu/h-x86_64-mingw32/bin/../lib/gcc/nios2-elf/5.3.0/../../../../../H-x86_64-mingw32/nios2-elf/lib\libsmallc.a(lib_a-calloc.o)
                0x00000000000490c8                calloc
 .text          0x00000000000490e0        0x0 c:/intelfpga_lite/18.1/nios2eds/bin/gnu/h-x86_64-mingw32/bin/../lib/gcc/nios2-elf/5.3.0/../../../../../H-x86_64-mingw32/nios2-elf/lib\libsmallc.a(lib_a-ctype_.o)
 .text          0x00000000000490e0        0x0 c:/intelfpga_lite/18.1/nios2eds/bin/gnu/h-x86_64-mingw32/bin/../lib/gcc/nios2-elf/5.3.0/../../../../../H-x86_64-mingw32/nios2-elf/lib\libsmallc.a(lib_a-exit.o)
 .text.exit     0x00000000000490e0       0x20 c:/intelfpga_lite/18.1/nios2eds/bin/gnu/h-x86_64-mingw32/bin/../lib/gcc/nios2-elf/5.3.0/../../../../../H-x86_64-mingw32/nios2-elf/lib\libsmallc.a(lib_a-exit.o)
                0x00000000000490e0                exit
 .text          0x0000000000049100        0x0 c:/intelfpga_lite/18.1/nios2eds/bin/gnu/h-x86_64-mingw32/bin/../lib/gcc/nios2-elf/5.3.0/../../../../../H-x86_64-mingw32/nios2-elf/lib\libsmallc.a(lib_a-fiprintf.o)
 .text.fiprintf
                0x0000000000049100       0x30 c:/intelfpga_lite/18.1/nios2eds/bin/gnu/h-x86_64-mingw32/bin/../lib/gcc/nios2-elf/5.3.0/../../../../../H-x86_64-mingw32/nios2-elf/lib\libsmallc.a(lib_a-fiprintf.o)
                0x0000000000049100                fiprintf
 .text          0x0000000000049130        0x0 c:/intelfpga_lite/18.1/nios2eds/bin/gnu/h-x86_64-mingw32/bin/../lib/gcc/nios2-elf/5.3.0/../../../../../H-x86_64-mingw32/nios2-elf/lib\libsmallc.a(lib_a-fprintf.o)
 .text._fprintf_r
                0x0000000000049130       0x34 c:/intelfpga_lite/18.1/nios2eds/bin/gnu/h-x86_64-mingw32/bin/../lib/gcc/nios2-elf/5.3.0/../../../../../H-x86_64-mingw32/nios2-elf/lib\libsmallc.a(lib_a-fprintf.o)
                0x0000000000049130                _fprintf_r
 .text.fprintf  0x0000000000049164       0x30 c:/intelfpga_lite/18.1/nios2eds/bin/gnu/h-x86_64-mingw32/bin/../lib/gcc/nios2-elf/5.3.0/../../../../../H-x86_64-mingw32/nios2-elf/lib\libsmallc.a(lib_a-fprintf.o)
                0x0000000000049164                fprintf
 .text          0x0000000000049194        0x0 c:/intelfpga_lite/18.1/nios2eds/bin/gnu/h-x86_64-mingw32/bin/../lib/gcc/nios2-elf/5.3.0/../../../../../H-x86_64-mingw32/nios2-elf/lib\libsmallc.a(lib_a-fvwrite_small_dev.o)
 .text.__sfvwrite_small_dev
                0x0000000000049194       0xb8 c:/intelfpga_lite/18.1/nios2eds/bin/gnu/h-x86_64-mingw32/bin/../lib/gcc/nios2-elf/5.3.0/../../../../../H-x86_64-mingw32/nios2-elf/lib\libsmallc.a(lib_a-fvwrite_small_dev.o)
                0x0000000000049194                __sfvwrite_small_dev
 .text          0x000000000004924c        0x0 c:/intelfpga_lite/18.1/nios2eds/bin/gnu/h-x86_64-mingw32/bin/../lib/gcc/nios2-elf/5.3.0/../../../../../H-x86_64-mingw32/nios2-elf/lib\libsmallc.a(lib_a-getenv.o)
 .text._findenv
                0x000000000004924c       0x18 c:/intelfpga_lite/18.1/nios2eds/bin/gnu/h-x86_64-mingw32/bin/../lib/gcc/nios2-elf/5.3.0/../../../../../H-x86_64-mingw32/nios2-elf/lib\libsmallc.a(lib_a-getenv.o)
                0x000000000004924c                _findenv
 .text.getenv   0x0000000000049264       0x2c c:/intelfpga_lite/18.1/nios2eds/bin/gnu/h-x86_64-mingw32/bin/../lib/gcc/nios2-elf/5.3.0/../../../../../H-x86_64-mingw32/nios2-elf/lib\libsmallc.a(lib_a-getenv.o)
                0x0000000000049264                getenv
 .text          0x0000000000049290        0x0 c:/intelfpga_lite/18.1/nios2eds/bin/gnu/h-x86_64-mingw32/bin/../lib/gcc/nios2-elf/5.3.0/../../../../../H-x86_64-mingw32/nios2-elf/lib\libsmallc.a(lib_a-getenv_r.o)
 .text._findenv_r
                0x0000000000049290       0xf8 c:/intelfpga_lite/18.1/nios2eds/bin/gnu/h-x86_64-mingw32/bin/../lib/gcc/nios2-elf/5.3.0/../../../../../H-x86_64-mingw32/nios2-elf/lib\libsmallc.a(lib_a-getenv_r.o)
                0x0000000000049290                _findenv_r
 .text._getenv_r
                0x0000000000049388       0x1c c:/intelfpga_lite/18.1/nios2eds/bin/gnu/h-x86_64-mingw32/bin/../lib/gcc/nios2-elf/5.3.0/../../../../../H-x86_64-mingw32/nios2-elf/lib\libsmallc.a(lib_a-getenv_r.o)
                0x0000000000049388                _getenv_r
 .text          0x00000000000493a4        0x0 c:/intelfpga_lite/18.1/nios2eds/bin/gnu/h-x86_64-mingw32/bin/../lib/gcc/nios2-elf/5.3.0/../../../../../H-x86_64-mingw32/nios2-elf/lib\libsmallc.a(lib_a-impure.o)
 .text          0x00000000000493a4        0x0 c:/intelfpga_lite/18.1/nios2eds/bin/gnu/h-x86_64-mingw32/bin/../lib/gcc/nios2-elf/5.3.0/../../../../../H-x86_64-mingw32/nios2-elf/lib\libsmallc.a(lib_a-malloc.o)
 .text.malloc   0x00000000000493a4       0x14 c:/intelfpga_lite/18.1/nios2eds/bin/gnu/h-x86_64-mingw32/bin/../lib/gcc/nios2-elf/5.3.0/../../../../../H-x86_64-mingw32/nios2-elf/lib\libsmallc.a(lib_a-malloc.o)
                0x00000000000493a4                malloc
 .text.free     0x00000000000493b8       0x14 c:/intelfpga_lite/18.1/nios2eds/bin/gnu/h-x86_64-mingw32/bin/../lib/gcc/nios2-elf/5.3.0/../../../../../H-x86_64-mingw32/nios2-elf/lib\libsmallc.a(lib_a-malloc.o)
                0x00000000000493b8                free
 .text          0x00000000000493cc        0x0 c:/intelfpga_lite/18.1/nios2eds/bin/gnu/h-x86_64-mingw32/bin/../lib/gcc/nios2-elf/5.3.0/../../../../../H-x86_64-mingw32/nios2-elf/lib\libsmallc.a(lib_a-memcmp.o)
 .text.memcmp   0x00000000000493cc       0x30 c:/intelfpga_lite/18.1/nios2eds/bin/gnu/h-x86_64-mingw32/bin/../lib/gcc/nios2-elf/5.3.0/../../../../../H-x86_64-mingw32/nios2-elf/lib\libsmallc.a(lib_a-memcmp.o)
                0x00000000000493cc                memcmp
 .text          0x00000000000493fc        0x0 c:/intelfpga_lite/18.1/nios2eds/bin/gnu/h-x86_64-mingw32/bin/../lib/gcc/nios2-elf/5.3.0/../../../../../H-x86_64-mingw32/nios2-elf/lib\libsmallc.a(lib_a-memcpy.o)
 .text.memcpy   0x00000000000493fc       0x28 c:/intelfpga_lite/18.1/nios2eds/bin/gnu/h-x86_64-mingw32/bin/../lib/gcc/nios2-elf/5.3.0/../../../../../H-x86_64-mingw32/nios2-elf/lib\libsmallc.a(lib_a-memcpy.o)
                0x00000000000493fc                memcpy
 .text          0x0000000000049424        0x0 c:/intelfpga_lite/18.1/nios2eds/bin/gnu/h-x86_64-mingw32/bin/../lib/gcc/nios2-elf/5.3.0/../../../../../H-x86_64-mingw32/nios2-elf/lib\libsmallc.a(lib_a-memmove.o)
 .text.memmove  0x0000000000049424       0x60 c:/intelfpga_lite/18.1/nios2eds/bin/gnu/h-x86_64-mingw32/bin/../lib/gcc/nios2-elf/5.3.0/../../../../../H-x86_64-mingw32/nios2-elf/lib\libsmallc.a(lib_a-memmove.o)
                0x0000000000049424                memmove
 .text          0x0000000000049484        0x0 c:/intelfpga_lite/18.1/nios2eds/bin/gnu/h-x86_64-mingw32/bin/../lib/gcc/nios2-elf/5.3.0/../../../../../H-x86_64-mingw32/nios2-elf/lib\libsmallc.a(lib_a-memset.o)
 .text.memset   0x0000000000049484       0x20 c:/intelfpga_lite/18.1/nios2eds/bin/gnu/h-x86_64-mingw32/bin/../lib/gcc/nios2-elf/5.3.0/../../../../../H-x86_64-mingw32/nios2-elf/lib\libsmallc.a(lib_a-memset.o)
                0x0000000000049484                memset
 .text          0x00000000000494a4        0x0 c:/intelfpga_lite/18.1/nios2eds/bin/gnu/h-x86_64-mingw32/bin/../lib/gcc/nios2-elf/5.3.0/../../../../../H-x86_64-mingw32/nios2-elf/lib\libsmallc.a(lib_a-nano-callocr.o)
 .text._calloc_r
                0x00000000000494a4       0x4c c:/intelfpga_lite/18.1/nios2eds/bin/gnu/h-x86_64-mingw32/bin/../lib/gcc/nios2-elf/5.3.0/../../../../../H-x86_64-mingw32/nios2-elf/lib\libsmallc.a(lib_a-nano-callocr.o)
                0x00000000000494a4                _calloc_r
 .text          0x00000000000494f0        0x0 c:/intelfpga_lite/18.1/nios2eds/bin/gnu/h-x86_64-mingw32/bin/../lib/gcc/nios2-elf/5.3.0/../../../../../H-x86_64-mingw32/nios2-elf/lib\libsmallc.a(lib_a-nano-freer.o)
 .text._free_r  0x00000000000494f0       0xe4 c:/intelfpga_lite/18.1/nios2eds/bin/gnu/h-x86_64-mingw32/bin/../lib/gcc/nios2-elf/5.3.0/../../../../../H-x86_64-mingw32/nios2-elf/lib\libsmallc.a(lib_a-nano-freer.o)
                0x00000000000494f0                _free_r
 .text          0x00000000000495d4        0x0 c:/intelfpga_lite/18.1/nios2eds/bin/gnu/h-x86_64-mingw32/bin/../lib/gcc/nios2-elf/5.3.0/../../../../../H-x86_64-mingw32/nios2-elf/lib\libsmallc.a(lib_a-nano-mallocr.o)
 .text._malloc_r
                0x00000000000495d4      0x158 c:/intelfpga_lite/18.1/nios2eds/bin/gnu/h-x86_64-mingw32/bin/../lib/gcc/nios2-elf/5.3.0/../../../../../H-x86_64-mingw32/nios2-elf/lib\libsmallc.a(lib_a-nano-mallocr.o)
                0x00000000000495d4                _malloc_r
 .text          0x000000000004972c        0x0 c:/intelfpga_lite/18.1/nios2eds/bin/gnu/h-x86_64-mingw32/bin/../lib/gcc/nios2-elf/5.3.0/../../../../../H-x86_64-mingw32/nios2-elf/lib\libsmallc.a(lib_a-printf.o)
 .text._printf_r
                0x000000000004972c       0x3c c:/intelfpga_lite/18.1/nios2eds/bin/gnu/h-x86_64-mingw32/bin/../lib/gcc/nios2-elf/5.3.0/../../../../../H-x86_64-mingw32/nios2-elf/lib\libsmallc.a(lib_a-printf.o)
                0x000000000004972c                _printf_r
 .text.printf   0x0000000000049768       0x4c c:/intelfpga_lite/18.1/nios2eds/bin/gnu/h-x86_64-mingw32/bin/../lib/gcc/nios2-elf/5.3.0/../../../../../H-x86_64-mingw32/nios2-elf/lib\libsmallc.a(lib_a-printf.o)
                0x0000000000049768                printf
 .text          0x00000000000497b4        0x0 c:/intelfpga_lite/18.1/nios2eds/bin/gnu/h-x86_64-mingw32/bin/../lib/gcc/nios2-elf/5.3.0/../../../../../H-x86_64-mingw32/nios2-elf/lib\libsmallc.a(lib_a-puts.o)
 .text._puts_r  0x00000000000497b4       0x80 c:/intelfpga_lite/18.1/nios2eds/bin/gnu/h-x86_64-mingw32/bin/../lib/gcc/nios2-elf/5.3.0/../../../../../H-x86_64-mingw32/nios2-elf/lib\libsmallc.a(lib_a-puts.o)
                0x00000000000497b4                _puts_r
 .text.puts     0x0000000000049834       0x14 c:/intelfpga_lite/18.1/nios2eds/bin/gnu/h-x86_64-mingw32/bin/../lib/gcc/nios2-elf/5.3.0/../../../../../H-x86_64-mingw32/nios2-elf/lib\libsmallc.a(lib_a-puts.o)
                0x0000000000049834                puts
 .text          0x0000000000049848        0x0 c:/intelfpga_lite/18.1/nios2eds/bin/gnu/h-x86_64-mingw32/bin/../lib/gcc/nios2-elf/5.3.0/../../../../../H-x86_64-mingw32/nios2-elf/lib\libsmallc.a(lib_a-rand.o)
 .text.srand    0x0000000000049848       0x14 c:/intelfpga_lite/18.1/nios2eds/bin/gnu/h-x86_64-mingw32/bin/../lib/gcc/nios2-elf/5.3.0/../../../../../H-x86_64-mingw32/nios2-elf/lib\libsmallc.a(lib_a-rand.o)
                0x0000000000049848                srand
 .text.rand     0x000000000004985c       0x60 c:/intelfpga_lite/18.1/nios2eds/bin/gnu/h-x86_64-mingw32/bin/../lib/gcc/nios2-elf/5.3.0/../../../../../H-x86_64-mingw32/nios2-elf/lib\libsmallc.a(lib_a-rand.o)
                0x000000000004985c                rand
 .text          0x00000000000498bc        0x0 c:/intelfpga_lite/18.1/nios2eds/bin/gnu/h-x86_64-mingw32/bin/../lib/gcc/nios2-elf/5.3.0/../../../../../H-x86_64-mingw32/nios2-elf/lib\libsmallc.a(lib_a-realloc.o)
 .text.realloc  0x00000000000498bc       0x18 c:/intelfpga_lite/18.1/nios2eds/bin/gnu/h-x86_64-mingw32/bin/../lib/gcc/nios2-elf/5.3.0/../../../../../H-x86_64-mingw32/nios2-elf/lib\libsmallc.a(lib_a-realloc.o)
                0x00000000000498bc                realloc
 .text          0x00000000000498d4        0x0 c:/intelfpga_lite/18.1/nios2eds/bin/gnu/h-x86_64-mingw32/bin/../lib/gcc/nios2-elf/5.3.0/../../../../../H-x86_64-mingw32/nios2-elf/lib\libsmallc.a(lib_a-sbrkr.o)
 .text._sbrk_r  0x00000000000498d4       0x50 c:/intelfpga_lite/18.1/nios2eds/bin/gnu/h-x86_64-mingw32/bin/../lib/gcc/nios2-elf/5.3.0/../../../../../H-x86_64-mingw32/nios2-elf/lib\libsmallc.a(lib_a-sbrkr.o)
                0x00000000000498d4                _sbrk_r
 .text          0x0000000000049924        0x0 c:/intelfpga_lite/18.1/nios2eds/bin/gnu/h-x86_64-mingw32/bin/../lib/gcc/nios2-elf/5.3.0/../../../../../H-x86_64-mingw32/nios2-elf/lib\libsmallc.a(lib_a-signal.o)
 .text._init_signal_r
                0x0000000000049924       0x68 c:/intelfpga_lite/18.1/nios2eds/bin/gnu/h-x86_64-mingw32/bin/../lib/gcc/nios2-elf/5.3.0/../../../../../H-x86_64-mingw32/nios2-elf/lib\libsmallc.a(lib_a-signal.o)
                0x0000000000049924                _init_signal_r
 .text._signal_r
                0x000000000004998c       0x7c c:/intelfpga_lite/18.1/nios2eds/bin/gnu/h-x86_64-mingw32/bin/../lib/gcc/nios2-elf/5.3.0/../../../../../H-x86_64-mingw32/nios2-elf/lib\libsmallc.a(lib_a-signal.o)
                0x000000000004998c                _signal_r
 .text._raise_r
                0x0000000000049a08       0xb4 c:/intelfpga_lite/18.1/nios2eds/bin/gnu/h-x86_64-mingw32/bin/../lib/gcc/nios2-elf/5.3.0/../../../../../H-x86_64-mingw32/nios2-elf/lib\libsmallc.a(lib_a-signal.o)
                0x0000000000049a08                _raise_r
 .text.__sigtramp_r
                0x0000000000049abc       0xa8 c:/intelfpga_lite/18.1/nios2eds/bin/gnu/h-x86_64-mingw32/bin/../lib/gcc/nios2-elf/5.3.0/../../../../../H-x86_64-mingw32/nios2-elf/lib\libsmallc.a(lib_a-signal.o)
                0x0000000000049abc                __sigtramp_r
 .text.raise    0x0000000000049b64       0x14 c:/intelfpga_lite/18.1/nios2eds/bin/gnu/h-x86_64-mingw32/bin/../lib/gcc/nios2-elf/5.3.0/../../../../../H-x86_64-mingw32/nios2-elf/lib\libsmallc.a(lib_a-signal.o)
                0x0000000000049b64                raise
 .text.signal   0x0000000000049b78       0x18 c:/intelfpga_lite/18.1/nios2eds/bin/gnu/h-x86_64-mingw32/bin/../lib/gcc/nios2-elf/5.3.0/../../../../../H-x86_64-mingw32/nios2-elf/lib\libsmallc.a(lib_a-signal.o)
                0x0000000000049b78                signal
 .text._init_signal
                0x0000000000049b90       0x10 c:/intelfpga_lite/18.1/nios2eds/bin/gnu/h-x86_64-mingw32/bin/../lib/gcc/nios2-elf/5.3.0/../../../../../H-x86_64-mingw32/nios2-elf/lib\libsmallc.a(lib_a-signal.o)
                0x0000000000049b90                _init_signal
 .text.__sigtramp
                0x0000000000049ba0       0x14 c:/intelfpga_lite/18.1/nios2eds/bin/gnu/h-x86_64-mingw32/bin/../lib/gcc/nios2-elf/5.3.0/../../../../../H-x86_64-mingw32/nios2-elf/lib\libsmallc.a(lib_a-signal.o)
                0x0000000000049ba0                __sigtramp
 .text          0x0000000000049bb4        0x0 c:/intelfpga_lite/18.1/nios2eds/bin/gnu/h-x86_64-mingw32/bin/../lib/gcc/nios2-elf/5.3.0/../../../../../H-x86_64-mingw32/nios2-elf/lib\libsmallc.a(lib_a-signalr.o)
 .text._kill_r  0x0000000000049bb4       0x54 c:/intelfpga_lite/18.1/nios2eds/bin/gnu/h-x86_64-mingw32/bin/../lib/gcc/nios2-elf/5.3.0/../../../../../H-x86_64-mingw32/nios2-elf/lib\libsmallc.a(lib_a-signalr.o)
                0x0000000000049bb4                _kill_r
 .text._getpid_r
                0x0000000000049c08        0x4 c:/intelfpga_lite/18.1/nios2eds/bin/gnu/h-x86_64-mingw32/bin/../lib/gcc/nios2-elf/5.3.0/../../../../../H-x86_64-mingw32/nios2-elf/lib\libsmallc.a(lib_a-signalr.o)
                0x0000000000049c08                _getpid_r
 .text          0x0000000000049c0c        0x0 c:/intelfpga_lite/18.1/nios2eds/bin/gnu/h-x86_64-mingw32/bin/../lib/gcc/nios2-elf/5.3.0/../../../../../H-x86_64-mingw32/nios2-elf/lib\libsmallc.a(lib_a-sprintf.o)
 .text._sprintf_r
                0x0000000000049c0c       0x64 c:/intelfpga_lite/18.1/nios2eds/bin/gnu/h-x86_64-mingw32/bin/../lib/gcc/nios2-elf/5.3.0/../../../../../H-x86_64-mingw32/nios2-elf/lib\libsmallc.a(lib_a-sprintf.o)
                0x0000000000049c0c                _sprintf_r
 .text.sprintf  0x0000000000049c70       0x78 c:/intelfpga_lite/18.1/nios2eds/bin/gnu/h-x86_64-mingw32/bin/../lib/gcc/nios2-elf/5.3.0/../../../../../H-x86_64-mingw32/nios2-elf/lib\libsmallc.a(lib_a-sprintf.o)
                0x0000000000049c70                sprintf
 .text          0x0000000000049ce8        0x0 c:/intelfpga_lite/18.1/nios2eds/bin/gnu/h-x86_64-mingw32/bin/../lib/gcc/nios2-elf/5.3.0/../../../../../H-x86_64-mingw32/nios2-elf/lib\libsmallc.a(lib_a-strchr.o)
 .text.strchr   0x0000000000049ce8       0x30 c:/intelfpga_lite/18.1/nios2eds/bin/gnu/h-x86_64-mingw32/bin/../lib/gcc/nios2-elf/5.3.0/../../../../../H-x86_64-mingw32/nios2-elf/lib\libsmallc.a(lib_a-strchr.o)
                0x0000000000049ce8                strchr
 .text          0x0000000000049d18        0x0 c:/intelfpga_lite/18.1/nios2eds/bin/gnu/h-x86_64-mingw32/bin/../lib/gcc/nios2-elf/5.3.0/../../../../../H-x86_64-mingw32/nios2-elf/lib\libsmallc.a(lib_a-strcmp.o)
 .text.strcmp   0x0000000000049d18       0x38 c:/intelfpga_lite/18.1/nios2eds/bin/gnu/h-x86_64-mingw32/bin/../lib/gcc/nios2-elf/5.3.0/../../../../../H-x86_64-mingw32/nios2-elf/lib\libsmallc.a(lib_a-strcmp.o)
                0x0000000000049d18                strcmp
 .text          0x0000000000049d50        0x0 c:/intelfpga_lite/18.1/nios2eds/bin/gnu/h-x86_64-mingw32/bin/../lib/gcc/nios2-elf/5.3.0/../../../../../H-x86_64-mingw32/nios2-elf/lib\libsmallc.a(lib_a-strcpy.o)
 .text.strcpy   0x0000000000049d50       0x2c c:/intelfpga_lite/18.1/nios2eds/bin/gnu/h-x86_64-mingw32/bin/../lib/gcc/nios2-elf/5.3.0/../../../../../H-x86_64-mingw32/nios2-elf/lib\libsmallc.a(lib_a-strcpy.o)
                0x0000000000049d50                strcpy
 .text          0x0000000000049d7c        0x0 c:/intelfpga_lite/18.1/nios2eds/bin/gnu/h-x86_64-mingw32/bin/../lib/gcc/nios2-elf/5.3.0/../../../../../H-x86_64-mingw32/nios2-elf/lib\libsmallc.a(lib_a-strlen.o)
 .text.strlen   0x0000000000049d7c       0x1c c:/intelfpga_lite/18.1/nios2eds/bin/gnu/h-x86_64-mingw32/bin/../lib/gcc/nios2-elf/5.3.0/../../../../../H-x86_64-mingw32/nios2-elf/lib\libsmallc.a(lib_a-strlen.o)
                0x0000000000049d7c                strlen
 .text          0x0000000000049d98        0x0 c:/intelfpga_lite/18.1/nios2eds/bin/gnu/h-x86_64-mingw32/bin/../lib/gcc/nios2-elf/5.3.0/../../../../../H-x86_64-mingw32/nios2-elf/lib\libsmallc.a(lib_a-strncmp.o)
 .text.strncmp  0x0000000000049d98       0x60 c:/intelfpga_lite/18.1/nios2eds/bin/gnu/h-x86_64-mingw32/bin/../lib/gcc/nios2-elf/5.3.0/../../../../../H-x86_64-mingw32/nios2-elf/lib\libsmallc.a(lib_a-strncmp.o)
                0x0000000000049d98                strncmp
 .text          0x0000000000049df8        0x0 c:/intelfpga_lite/18.1/nios2eds/bin/gnu/h-x86_64-mingw32/bin/../lib/gcc/nios2-elf/5.3.0/../../../../../H-x86_64-mingw32/nios2-elf/lib\libsmallc.a(lib_a-strncpy.o)
 .text.strncpy  0x0000000000049df8       0x54 c:/intelfpga_lite/18.1/nios2eds/bin/gnu/h-x86_64-mingw32/bin/../lib/gcc/nios2-elf/5.3.0/../../../../../H-x86_64-mingw32/nios2-elf/lib\libsmallc.a(lib_a-strncpy.o)
                0x0000000000049df8                strncpy
 .text          0x0000000000049e4c        0x0 c:/intelfpga_lite/18.1/nios2eds/bin/gnu/h-x86_64-mingw32/bin/../lib/gcc/nios2-elf/5.3.0/../../../../../H-x86_64-mingw32/nios2-elf/lib\libsmallc.a(lib_a-strnlen.o)
 .text.strnlen  0x0000000000049e4c       0x24 c:/intelfpga_lite/18.1/nios2eds/bin/gnu/h-x86_64-mingw32/bin/../lib/gcc/nios2-elf/5.3.0/../../../../../H-x86_64-mingw32/nios2-elf/lib\libsmallc.a(lib_a-strnlen.o)
                0x0000000000049e4c                strnlen
 .text          0x0000000000049e70        0x0 c:/intelfpga_lite/18.1/nios2eds/bin/gnu/h-x86_64-mingw32/bin/../lib/gcc/nios2-elf/5.3.0/../../../../../H-x86_64-mingw32/nios2-elf/lib\libsmallc.a(lib_a-strtok.o)
 .text.strtok   0x0000000000049e70       0xcc c:/intelfpga_lite/18.1/nios2eds/bin/gnu/h-x86_64-mingw32/bin/../lib/gcc/nios2-elf/5.3.0/../../../../../H-x86_64-mingw32/nios2-elf/lib\libsmallc.a(lib_a-strtok.o)
                0x0000000000049e70                strtok
 .text          0x0000000000049f3c        0x0 c:/intelfpga_lite/18.1/nios2eds/bin/gnu/h-x86_64-mingw32/bin/../lib/gcc/nios2-elf/5.3.0/../../../../../H-x86_64-mingw32/nios2-elf/lib\libsmallc.a(lib_a-strtok_r.o)
 .text.__strtok_r
                0x0000000000049f3c       0x90 c:/intelfpga_lite/18.1/nios2eds/bin/gnu/h-x86_64-mingw32/bin/../lib/gcc/nios2-elf/5.3.0/../../../../../H-x86_64-mingw32/nios2-elf/lib\libsmallc.a(lib_a-strtok_r.o)
                0x0000000000049f3c                __strtok_r
 .text.strtok_r
                0x0000000000049fcc        0x8 c:/intelfpga_lite/18.1/nios2eds/bin/gnu/h-x86_64-mingw32/bin/../lib/gcc/nios2-elf/5.3.0/../../../../../H-x86_64-mingw32/nios2-elf/lib\libsmallc.a(lib_a-strtok_r.o)
                0x0000000000049fcc                strtok_r
 .text          0x0000000000049fd4        0x0 c:/intelfpga_lite/18.1/nios2eds/bin/gnu/h-x86_64-mingw32/bin/../lib/gcc/nios2-elf/5.3.0/../../../../../H-x86_64-mingw32/nios2-elf/lib\libsmallc.a(lib_a-strtoull.o)
 .text.strtoull
                0x0000000000049fd4       0x1c c:/intelfpga_lite/18.1/nios2eds/bin/gnu/h-x86_64-mingw32/bin/../lib/gcc/nios2-elf/5.3.0/../../../../../H-x86_64-mingw32/nios2-elf/lib\libsmallc.a(lib_a-strtoull.o)
                0x0000000000049fd4                strtoull
 .text          0x0000000000049ff0        0x0 c:/intelfpga_lite/18.1/nios2eds/bin/gnu/h-x86_64-mingw32/bin/../lib/gcc/nios2-elf/5.3.0/../../../../../H-x86_64-mingw32/nios2-elf/lib\libsmallc.a(lib_a-strtoull_r.o)
 .text._strtoull_r
                0x0000000000049ff0      0x258 c:/intelfpga_lite/18.1/nios2eds/bin/gnu/h-x86_64-mingw32/bin/../lib/gcc/nios2-elf/5.3.0/../../../../../H-x86_64-mingw32/nios2-elf/lib\libsmallc.a(lib_a-strtoull_r.o)
                0x0000000000049ff0                _strtoull_r
 .text          0x000000000004a248        0x0 c:/intelfpga_lite/18.1/nios2eds/bin/gnu/h-x86_64-mingw32/bin/../lib/gcc/nios2-elf/5.3.0/../../../../../H-x86_64-mingw32/nios2-elf/lib\libsmallc.a(lib_a-svfprintf.o)
 .text.print_repeat
                0x000000000004a248       0x6c c:/intelfpga_lite/18.1/nios2eds/bin/gnu/h-x86_64-mingw32/bin/../lib/gcc/nios2-elf/5.3.0/../../../../../H-x86_64-mingw32/nios2-elf/lib\libsmallc.a(lib_a-svfprintf.o)
 .text.___svfprintf_internal_r
                0x000000000004a2b4      0x524 c:/intelfpga_lite/18.1/nios2eds/bin/gnu/h-x86_64-mingw32/bin/../lib/gcc/nios2-elf/5.3.0/../../../../../H-x86_64-mingw32/nios2-elf/lib\libsmallc.a(lib_a-svfprintf.o)
                0x000000000004a2b4                ___svfprintf_internal_r
 .text.__vfprintf_internal_unused
                0x000000000004a7d8       0x1c c:/intelfpga_lite/18.1/nios2eds/bin/gnu/h-x86_64-mingw32/bin/../lib/gcc/nios2-elf/5.3.0/../../../../../H-x86_64-mingw32/nios2-elf/lib\libsmallc.a(lib_a-svfprintf.o)
                0x000000000004a7d8                __vfprintf_internal_unused
 .text          0x000000000004a7f4        0x0 c:/intelfpga_lite/18.1/nios2eds/bin/gnu/h-x86_64-mingw32/bin/../lib/gcc/nios2-elf/5.3.0/../../../../../H-x86_64-mingw32/nios2-elf/lib\libsmallc.a(lib_a-time.o)
 .text.time     0x000000000004a7f4       0x50 c:/intelfpga_lite/18.1/nios2eds/bin/gnu/h-x86_64-mingw32/bin/../lib/gcc/nios2-elf/5.3.0/../../../../../H-x86_64-mingw32/nios2-elf/lib\libsmallc.a(lib_a-time.o)
                0x000000000004a7f4                time
 .text          0x000000000004a844        0x0 c:/intelfpga_lite/18.1/nios2eds/bin/gnu/h-x86_64-mingw32/bin/../lib/gcc/nios2-elf/5.3.0/../../../../../H-x86_64-mingw32/nios2-elf/lib\libsmallc.a(lib_a-vfprintf.o)
 .text.print_repeat
                0x000000000004a844       0x6c c:/intelfpga_lite/18.1/nios2eds/bin/gnu/h-x86_64-mingw32/bin/../lib/gcc/nios2-elf/5.3.0/../../../../../H-x86_64-mingw32/nios2-elf/lib\libsmallc.a(lib_a-vfprintf.o)
 .text.___vfprintf_internal_r
                0x000000000004a8b0      0x524 c:/intelfpga_lite/18.1/nios2eds/bin/gnu/h-x86_64-mingw32/bin/../lib/gcc/nios2-elf/5.3.0/../../../../../H-x86_64-mingw32/nios2-elf/lib\libsmallc.a(lib_a-vfprintf.o)
                0x000000000004a8b0                ___vfprintf_internal_r
 .text.__vfprintf_internal
                0x000000000004add4       0x1c c:/intelfpga_lite/18.1/nios2eds/bin/gnu/h-x86_64-mingw32/bin/../lib/gcc/nios2-elf/5.3.0/../../../../../H-x86_64-mingw32/nios2-elf/lib\libsmallc.a(lib_a-vfprintf.o)
                0x000000000004add4                __vfprintf_internal
 .text          0x000000000004adf0        0x0 c:/intelfpga_lite/18.1/nios2eds/bin/gnu/h-x86_64-mingw32/bin/../lib/gcc/nios2-elf/5.3.0/../../../../../H-x86_64-mingw32/nios2-elf/lib\libsmallc.a(lib_a-writer.o)
 .text._write_r
                0x000000000004adf0       0x58 c:/intelfpga_lite/18.1/nios2eds/bin/gnu/h-x86_64-mingw32/bin/../lib/gcc/nios2-elf/5.3.0/../../../../../H-x86_64-mingw32/nios2-elf/lib\libsmallc.a(lib_a-writer.o)
                0x000000000004adf0                _write_r
 .text          0x000000000004ae48        0x0 c:/intelfpga_lite/18.1/nios2eds/bin/gnu/h-x86_64-mingw32/bin/../lib/gcc/nios2-elf/5.3.0/../../../../../H-x86_64-mingw32/nios2-elf/lib\libsmallc.a(lib_a-__call_atexit.o)
 .text.__call_exitprocs
                0x000000000004ae48      0x190 c:/intelfpga_lite/18.1/nios2eds/bin/gnu/h-x86_64-mingw32/bin/../lib/gcc/nios2-elf/5.3.0/../../../../../H-x86_64-mingw32/nios2-elf/lib\libsmallc.a(lib_a-__call_atexit.o)
                0x000000000004ae48                __call_exitprocs
 .text          0x000000000004afd8        0x0 c:/intelfpga_lite/18.1/nios2eds/bin/gnu/h-x86_64-mingw32/bin/../lib/gcc/nios2-elf/5.3.0/../../../../../H-x86_64-mingw32/nios2-elf/lib\libsmallc.a(lib_a-environ.o)
 .text          0x000000000004afd8        0x0 c:/intelfpga_lite/18.1/nios2eds/bin/gnu/h-x86_64-mingw32/bin/../lib/gcc/nios2-elf/5.3.0/../../../../../H-x86_64-mingw32/nios2-elf/lib\libsmallc.a(lib_a-fvwrite_small_str.o)
 .text.__sfvwrite_small_str
                0x000000000004afd8       0xa8 c:/intelfpga_lite/18.1/nios2eds/bin/gnu/h-x86_64-mingw32/bin/../lib/gcc/nios2-elf/5.3.0/../../../../../H-x86_64-mingw32/nios2-elf/lib\libsmallc.a(lib_a-fvwrite_small_str.o)
                0x000000000004afd8                __sfvwrite_small_str
 .text          0x000000000004b080        0x0 c:/intelfpga_lite/18.1/nios2eds/bin/gnu/h-x86_64-mingw32/bin/../lib/gcc/nios2-elf/5.3.0/../../../../../H-x86_64-mingw32/nios2-elf/lib\libsmallc.a(lib_a-gettimeofdayr.o)
 .text._gettimeofday_r
                0x000000000004b080       0x54 c:/intelfpga_lite/18.1/nios2eds/bin/gnu/h-x86_64-mingw32/bin/../lib/gcc/nios2-elf/5.3.0/../../../../../H-x86_64-mingw32/nios2-elf/lib\libsmallc.a(lib_a-gettimeofdayr.o)
                0x000000000004b080                _gettimeofday_r
 .text          0x000000000004b0d4        0x0 c:/intelfpga_lite/18.1/nios2eds/bin/gnu/h-x86_64-mingw32/bin/../lib/gcc/nios2-elf/5.3.0/../../../../../H-x86_64-mingw32/nios2-elf/lib\libsmallc.a(lib_a-int_errno.o)
 .text          0x000000000004b0d4        0x0 c:/intelfpga_lite/18.1/nios2eds/bin/gnu/h-x86_64-mingw32/bin/../lib/gcc/nios2-elf/5.3.0/../../../../../H-x86_64-mingw32/nios2-elf/lib\libsmallc.a(lib_a-nano-reallocr.o)
 .text._realloc_r
                0x000000000004b0d4       0xa4 c:/intelfpga_lite/18.1/nios2eds/bin/gnu/h-x86_64-mingw32/bin/../lib/gcc/nios2-elf/5.3.0/../../../../../H-x86_64-mingw32/nios2-elf/lib\libsmallc.a(lib_a-nano-reallocr.o)
                0x000000000004b0d4                _realloc_r
 .text          0x000000000004b178        0x0 c:/intelfpga_lite/18.1/nios2eds/bin/gnu/h-x86_64-mingw32/bin/../lib/gcc/nios2-elf/5.3.0/../../../../../H-x86_64-mingw32/nios2-elf/lib\libsmallc.a(lib_a-nano-msizer.o)
 .text._malloc_usable_size_r
                0x000000000004b178       0x1c c:/intelfpga_lite/18.1/nios2eds/bin/gnu/h-x86_64-mingw32/bin/../lib/gcc/nios2-elf/5.3.0/../../../../../H-x86_64-mingw32/nios2-elf/lib\libsmallc.a(lib_a-nano-msizer.o)
                0x000000000004b178                _malloc_usable_size_r
 .text          0x000000000004b194      0x578 c:/intelfpga_lite/18.1/nios2eds/bin/gnu/h-x86_64-mingw32/bin/../lib/gcc/nios2-elf/5.3.0\libgcc.a(_udivdi3.o)
                0x000000000004b194                __udivdi3
 .text          0x000000000004b70c      0x538 c:/intelfpga_lite/18.1/nios2eds/bin/gnu/h-x86_64-mingw32/bin/../lib/gcc/nios2-elf/5.3.0\libgcc.a(_umoddi3.o)
                0x000000000004b70c                __umoddi3
 .text          0x000000000004bc44       0x48 C:/Users/Class2018/Documents/Projects/Crypto_wallet/impl/nios_proj_bsp/\libhal_bsp.a(alt_env_lock.o)
                0x000000000004bc44                __env_lock
                0x000000000004bc68                __env_unlock
 .text          0x000000000004bc8c       0x34 C:/Users/Class2018/Documents/Projects/Crypto_wallet/impl/nios_proj_bsp/\libhal_bsp.a(alt_exit.o)
                0x000000000004bc8c                _exit
 .text          0x000000000004bcc0       0x20 C:/Users/Class2018/Documents/Projects/Crypto_wallet/impl/nios_proj_bsp/\libhal_bsp.a(alt_getpid.o)
                0x000000000004bcc0                getpid
 .text          0x000000000004bce0      0x1f4 C:/Users/Class2018/Documents/Projects/Crypto_wallet/impl/nios_proj_bsp/\libhal_bsp.a(alt_gettod.o)
                0x000000000004bce0                gettimeofday
 .text          0x000000000004bed4      0x16c C:/Users/Class2018/Documents/Projects/Crypto_wallet/impl/nios_proj_bsp/\libhal_bsp.a(alt_kill.o)
                0x000000000004bf10                kill
 .text          0x000000000004c040       0xec C:/Users/Class2018/Documents/Projects/Crypto_wallet/impl/nios_proj_bsp/\libhal_bsp.a(alt_load.o)
                0x000000000004c0a8                alt_load
 .text          0x000000000004c12c       0x7c C:/Users/Class2018/Documents/Projects/Crypto_wallet/impl/nios_proj_bsp/\libhal_bsp.a(alt_main.o)
                0x000000000004c12c                alt_main
 .text          0x000000000004c1a8       0xb0 C:/Users/Class2018/Documents/Projects/Crypto_wallet/impl/nios_proj_bsp/\libhal_bsp.a(alt_sbrk.o)
                0x000000000004c1a8                sbrk
 .text          0x000000000004c258      0x1a4 C:/Users/Class2018/Documents/Projects/Crypto_wallet/impl/nios_proj_bsp/\libhal_bsp.a(alt_tick.o)
                0x000000000004c258                alt_alarm_stop
                0x000000000004c2f4                alt_tick
 .text          0x000000000004c3fc      0x134 C:/Users/Class2018/Documents/Projects/Crypto_wallet/impl/nios_proj_bsp/\libhal_bsp.a(alt_write.o)
                0x000000000004c438                write
 .text          0x000000000004c530       0xc4 C:/Users/Class2018/Documents/Projects/Crypto_wallet/impl/nios_proj_bsp/\libhal_bsp.a(alt_sys_init.o)
                0x000000000004c564                alt_irq_init
                0x000000000004c59c                alt_sys_init
 .text          0x000000000004c5f4      0xafc C:/Users/Class2018/Documents/Projects/Crypto_wallet/impl/nios_proj_bsp/\libhal_bsp.a(altera_avalon_epcs_flash_controller.o)
                0x000000000004c628                alt_epcs_flash_init
                0x000000000004cb60                alt_epcs_flash_write
                0x000000000004cdc0                alt_epcs_flash_get_info
                0x000000000004cee0                alt_epcs_flash_erase_block
                0x000000000004cf58                alt_epcs_flash_write_block
                0x000000000004d058                alt_epcs_flash_read
 .text          0x000000000004d0f0      0x164 C:/Users/Class2018/Documents/Projects/Crypto_wallet/impl/nios_proj_bsp/\libhal_bsp.a(altera_avalon_jtag_uart_fd.o)
                0x000000000004d0f0                altera_avalon_jtag_uart_read_fd
                0x000000000004d150                altera_avalon_jtag_uart_write_fd
                0x000000000004d1b0                altera_avalon_jtag_uart_close_fd
                0x000000000004d200                altera_avalon_jtag_uart_ioctl_fd
 .text          0x000000000004d254      0x3d4 C:/Users/Class2018/Documents/Projects/Crypto_wallet/impl/nios_proj_bsp/\libhal_bsp.a(altera_avalon_jtag_uart_init.o)
                0x000000000004d254                altera_avalon_jtag_uart_init
                0x000000000004d5c0                altera_avalon_jtag_uart_close
 .text          0x000000000004d628       0xf0 C:/Users/Class2018/Documents/Projects/Crypto_wallet/impl/nios_proj_bsp/\libhal_bsp.a(altera_avalon_jtag_uart_ioctl.o)
                0x000000000004d628                altera_avalon_jtag_uart_ioctl
 .text          0x000000000004d718      0x21c C:/Users/Class2018/Documents/Projects/Crypto_wallet/impl/nios_proj_bsp/\libhal_bsp.a(altera_avalon_jtag_uart_read.o)
                0x000000000004d718                altera_avalon_jtag_uart_read
 .text          0x000000000004d934      0x224 C:/Users/Class2018/Documents/Projects/Crypto_wallet/impl/nios_proj_bsp/\libhal_bsp.a(altera_avalon_jtag_uart_write.o)
                0x000000000004d934                altera_avalon_jtag_uart_write
 .text          0x000000000004db58      0x63c C:/Users/Class2018/Documents/Projects/Crypto_wallet/impl/nios_proj_bsp/\libhal_bsp.a(epcs_commands.o)
                0x000000000004db58                epcs_read_status_register
                0x000000000004dc28                epcs_sector_erase
                0x000000000004dd24                epcs_read_buffer
                0x000000000004de18                epcs_write_enable
                0x000000000004de6c                epcs_write_status_register
                0x000000000004ded8                epcs_write_buffer
                0x000000000004dff4                epcs_read_electronic_signature
                0x000000000004e05c                epcs_read_device_id
                0x000000000004e0dc                epcs_enter_4_bytes_mode
                0x000000000004e138                epcs_exit_4_bytes_mode
 .text          0x000000000004e194      0x12c C:/Users/Class2018/Documents/Projects/Crypto_wallet/impl/nios_proj_bsp/\libhal_bsp.a(alt_alarm_start.o)
                0x000000000004e194                alt_alarm_start
 .text          0x000000000004e2c0      0x10c C:/Users/Class2018/Documents/Projects/Crypto_wallet/impl/nios_proj_bsp/\libhal_bsp.a(alt_close.o)
                0x000000000004e2fc                close
 .text          0x000000000004e3cc       0x48 C:/Users/Class2018/Documents/Projects/Crypto_wallet/impl/nios_proj_bsp/\libhal_bsp.a(alt_dcache_flush_all.o)
                0x000000000004e3cc                alt_dcache_flush_all
 .text          0x000000000004e414       0x2c C:/Users/Class2018/Documents/Projects/Crypto_wallet/impl/nios_proj_bsp/\libhal_bsp.a(alt_dev.o)
 .text          0x000000000004e440       0xe0 C:/Users/Class2018/Documents/Projects/Crypto_wallet/impl/nios_proj_bsp/\libhal_bsp.a(alt_dev_llist_insert.o)
                0x000000000004e47c                alt_dev_llist_insert
 .text          0x000000000004e520       0x60 C:/Users/Class2018/Documents/Projects/Crypto_wallet/impl/nios_proj_bsp/\libhal_bsp.a(alt_do_ctors.o)
                0x000000000004e520                _do_ctors
 .text          0x000000000004e580       0x60 C:/Users/Class2018/Documents/Projects/Crypto_wallet/impl/nios_proj_bsp/\libhal_bsp.a(alt_do_dtors.o)
                0x000000000004e580                _do_dtors
 .text          0x000000000004e5e0        0x0 C:/Users/Class2018/Documents/Projects/Crypto_wallet/impl/nios_proj_bsp/\libhal_bsp.a(alt_errno.o)
 .text          0x000000000004e5e0       0xbc C:/Users/Class2018/Documents/Projects/Crypto_wallet/impl/nios_proj_bsp/\libhal_bsp.a(alt_flash_dev.o)
                0x000000000004e5e0                alt_flash_open_dev
                0x000000000004e648                alt_flash_close_dev
 .text          0x000000000004e69c       0x34 C:/Users/Class2018/Documents/Projects/Crypto_wallet/impl/nios_proj_bsp/\libhal_bsp.a(alt_icache_flush_all.o)
                0x000000000004e69c                alt_icache_flush_all
 .text          0x000000000004e6d0      0x1b0 C:/Users/Class2018/Documents/Projects/Crypto_wallet/impl/nios_proj_bsp/\libhal_bsp.a(alt_iic.o)
                0x000000000004e6d0                alt_ic_isr_register
                0x000000000004e720                alt_ic_irq_enable
                0x000000000004e7a8                alt_ic_irq_disable
                0x000000000004e834                alt_ic_irq_enabled
 .text          0x000000000004e880       0xf0 C:/Users/Class2018/Documents/Projects/Crypto_wallet/impl/nios_proj_bsp/\libhal_bsp.a(alt_iic_isr_register.o)
                0x000000000004e880                alt_iic_isr_register
 .text          0x000000000004e970      0x140 C:/Users/Class2018/Documents/Projects/Crypto_wallet/impl/nios_proj_bsp/\libhal_bsp.a(alt_io_redirect.o)
                0x000000000004ea34                alt_io_redirect
 .text          0x000000000004eab0        0x0 C:/Users/Class2018/Documents/Projects/Crypto_wallet/impl/nios_proj_bsp/\libhal_bsp.a(alt_irq_entry.o)
 .text          0x000000000004eab0        0x0 C:/Users/Class2018/Documents/Projects/Crypto_wallet/impl/nios_proj_bsp/\libhal_bsp.a(alt_irq_handler.o)
 .text          0x000000000004eab0        0x0 C:/Users/Class2018/Documents/Projects/Crypto_wallet/impl/nios_proj_bsp/\libhal_bsp.a(alt_irq_vars.o)
 .text          0x000000000004eab0      0x254 C:/Users/Class2018/Documents/Projects/Crypto_wallet/impl/nios_proj_bsp/\libhal_bsp.a(alt_open.o)
                0x000000000004ebb0                open
 .text          0x000000000004ed04       0x64 C:/Users/Class2018/Documents/Projects/Crypto_wallet/impl/nios_proj_bsp/\libhal_bsp.a(alt_release_fd.o)
                0x000000000004ed04                alt_release_fd
 .text          0x000000000004ed68       0x24 C:/Users/Class2018/Documents/Projects/Crypto_wallet/impl/nios_proj_bsp/\libhal_bsp.a(altera_nios2_gen2_irq.o)
                0x000000000004ed68                altera_nios2_gen2_irq_init
 .text          0x000000000004ed8c      0x1fc C:/Users/Class2018/Documents/Projects/Crypto_wallet/impl/nios_proj_bsp/\libhal_bsp.a(altera_avalon_spi.o)
                0x000000000004ed8c                alt_avalon_spi_command
 .text          0x000000000004ef88        0x0 C:/Users/Class2018/Documents/Projects/Crypto_wallet/impl/nios_proj_bsp/\libhal_bsp.a(alt_exception_entry.o)
 .text          0x000000000004ef88       0x90 C:/Users/Class2018/Documents/Projects/Crypto_wallet/impl/nios_proj_bsp/\libhal_bsp.a(alt_find_dev.o)
                0x000000000004ef88                alt_find_dev
 .text          0x000000000004f018      0x108 C:/Users/Class2018/Documents/Projects/Crypto_wallet/impl/nios_proj_bsp/\libhal_bsp.a(alt_find_file.o)
                0x000000000004f018                alt_find_file
 .text          0x000000000004f120       0xa4 C:/Users/Class2018/Documents/Projects/Crypto_wallet/impl/nios_proj_bsp/\libhal_bsp.a(alt_get_fd.o)
                0x000000000004f120                alt_get_fd
 .text          0x000000000004f1c4       0x90 C:/Users/Class2018/Documents/Projects/Crypto_wallet/impl/nios_proj_bsp/\libhal_bsp.a(alt_icache_flush.o)
                0x000000000004f1c4                alt_icache_flush
 .text          0x000000000004f254       0x9c C:/Users/Class2018/Documents/Projects/Crypto_wallet/impl/nios_proj_bsp/\libhal_bsp.a(alt_instruction_exception_entry.o)
                0x000000000004f254                alt_exception_cause_generated_bad_addr
 .text          0x000000000004f2f0        0x0 c:/intelfpga_lite/18.1/nios2eds/bin/gnu/h-x86_64-mingw32/bin/../lib/gcc/nios2-elf/5.3.0/../../../../../H-x86_64-mingw32/nios2-elf/lib\libsmallc.a(lib_a-atexit.o)
 .text.atexit   0x000000000004f2f0       0x14 c:/intelfpga_lite/18.1/nios2eds/bin/gnu/h-x86_64-mingw32/bin/../lib/gcc/nios2-elf/5.3.0/../../../../../H-x86_64-mingw32/nios2-elf/lib\libsmallc.a(lib_a-atexit.o)
                0x000000000004f2f0                atexit
 .text          0x000000000004f304        0x0 c:/intelfpga_lite/18.1/nios2eds/bin/gnu/h-x86_64-mingw32/bin/../lib/gcc/nios2-elf/5.3.0/../../../../../H-x86_64-mingw32/nios2-elf/lib\libsmallc.a(lib_a-__atexit.o)
 .text.__register_exitproc
                0x000000000004f304      0x158 c:/intelfpga_lite/18.1/nios2eds/bin/gnu/h-x86_64-mingw32/bin/../lib/gcc/nios2-elf/5.3.0/../../../../../H-x86_64-mingw32/nios2-elf/lib\libsmallc.a(lib_a-__atexit.o)
                0x000000000004f304                __register_exitproc
 *(.gnu.warning.*)
 *(.fini)
                [!provide]                        PROVIDE (__etext, ABSOLUTE (.))
                [!provide]                        PROVIDE (_etext, ABSOLUTE (.))
                [!provide]                        PROVIDE (etext, ABSOLUTE (.))
 *(.eh_frame_hdr)
                0x000000000004f45c                . = ALIGN (0x4)
                [!provide]                        PROVIDE (__preinit_array_start, ABSOLUTE (.))
 *(.preinit_array)
                [!provide]                        PROVIDE (__preinit_array_end, ABSOLUTE (.))
                [!provide]                        PROVIDE (__init_array_start, ABSOLUTE (.))
 *(.init_array)
                [!provide]                        PROVIDE (__init_array_end, ABSOLUTE (.))
                [!provide]                        PROVIDE (__fini_array_start, ABSOLUTE (.))
 *(.fini_array)
                [!provide]                        PROVIDE (__fini_array_end, ABSOLUTE (.))
 *(.eh_frame)
 *(.gcc_except_table .gcc_except_table.*)
 *(.dynamic)
                0x000000000004f45c                PROVIDE (__CTOR_LIST__, ABSOLUTE (.))
 *(.ctors)
 *(SORT(.ctors.*))
                0x000000000004f45c                PROVIDE (__CTOR_END__, ABSOLUTE (.))
                0x000000000004f45c                PROVIDE (__DTOR_LIST__, ABSOLUTE (.))
 *(.dtors)
 *(SORT(.dtors.*))
                0x000000000004f45c                PROVIDE (__DTOR_END__, ABSOLUTE (.))
 *(.jcr)
                0x000000000004f45c                . = ALIGN (0x4)

.rodata         0x000000000004f45c     0xb508
                0x000000000004f45c                PROVIDE (__ram_rodata_start, ABSOLUTE (.))
                0x000000000004f45c                . = ALIGN (0x4)
 *(.rodata .rodata.* .gnu.linkonce.r.*)
 .rodata        0x000000000004f45c     0x5fd1 obj/default/bip39.o
 *fill*         0x000000000005542d        0x3 
 .rodata        0x0000000000055430      0x405 obj/default/sha2.o
                0x0000000000055430                sha1_initial_hash_value
                0x0000000000055544                sha256_initial_hash_value
                0x00000000000557e4                sha512_initial_hash_value
 *fill*         0x0000000000055835        0x3 
 .rodata        0x0000000000055838      0x389 obj/default/wallet_main.o
 *fill*         0x0000000000055bc1        0x3 
 .rodata        0x0000000000055bc4     0x1fec ../../software/libbtc\libbtclib.a(chainparams.o)
                0x0000000000055bc4                btc_chainparams_main
                0x000000000005641c                btc_chainparams_test
                0x0000000000056c74                btc_chainparams_regtest
                0x0000000000057a60                btc_mainnet_checkpoint_array
 .rodata        0x0000000000057bb0      0x1c6 ../../software/libbtc\libbtclib.a(commontools.o)
 *fill*         0x0000000000057d76        0x2 
 .rodata        0x0000000000057d78      0x113 ../../software/libbtc\libbtclib.a(ecc_key.o)
 *fill*         0x0000000000057e8b        0x1 
 .rodata        0x0000000000057e8c      0x1df ../../software/libbtc\libbtclib.a(ecc_libsecp256k1.o)
 *fill*         0x000000000005806b        0x1 
 .rodata        0x000000000005806c       0x82 ../../software/libbtc\libbtclib.a(memory.o)
 *fill*         0x00000000000580ee        0x2 
 .rodata        0x00000000000580f0      0x121 ../../software/libbtc\libbtclib.a(script.o)
 *fill*         0x0000000000058211        0x3 
 .rodata        0x0000000000058214     0x1f59 ../../software/libbtc\libbtclib.a(bench_internal.o)
 *fill*         0x000000000005a16d        0x3 
 .rodata        0x000000000005a170       0xa1 ../../software/libbtc\libbtclib.a(segwit_addr.o)
 *fill*         0x000000000005a211        0x3 
 .rodata        0x000000000005a214       0xe2 ../../software/libbtc\libbtclib.a(tx.o)
 *fill*         0x000000000005a2f6        0x2 
 .rodata        0x000000000005a2f8      0x156 ../../software/libbtc\libbtclib.a(utils.o)
                0x000000000005a2f8                p_util_hexdigit
 *fill*         0x000000000005a44e        0x2 
 .rodata        0x000000000005a450       0xbb ../../software/libbtc\libbtclib.a(base58.o)
 *fill*         0x000000000005a50b        0x1 
 .rodata        0x000000000005a50c       0x4c ../../software/libbtc\libbtclib.a(bip32.o)
 .rodata        0x000000000005a558      0x100 c:/intelfpga_lite/18.1/nios2eds/bin/gnu/h-x86_64-mingw32/bin/../lib/gcc/nios2-elf/5.3.0\libgcc.a(_clz.o)
                0x000000000005a558                __clz_tab
 .rodata.str1.4
                0x000000000005a658       0x3f c:/intelfpga_lite/18.1/nios2eds/bin/gnu/h-x86_64-mingw32/bin/../lib/gcc/nios2-elf/5.3.0/../../../../../H-x86_64-mingw32/nios2-elf/lib\libsmallc.a(lib_a-assert.o)
                                         0x43 (size before relaxing)
 .rodata._ctype_
                0x000000000005a697      0x101 c:/intelfpga_lite/18.1/nios2eds/bin/gnu/h-x86_64-mingw32/bin/../lib/gcc/nios2-elf/5.3.0/../../../../../H-x86_64-mingw32/nios2-elf/lib\libsmallc.a(lib_a-ctype_.o)
                0x000000000005a697                _ctype_
 .rodata._ctype_b
                0x000000000005a798      0x180 c:/intelfpga_lite/18.1/nios2eds/bin/gnu/h-x86_64-mingw32/bin/../lib/gcc/nios2-elf/5.3.0/../../../../../H-x86_64-mingw32/nios2-elf/lib\libsmallc.a(lib_a-ctype_.o)
 .rodata.str1.4
                0x000000000005a918        0x4 c:/intelfpga_lite/18.1/nios2eds/bin/gnu/h-x86_64-mingw32/bin/../lib/gcc/nios2-elf/5.3.0/../../../../../H-x86_64-mingw32/nios2-elf/lib\libsmallc.a(lib_a-puts.o)
                                          0x2 (size before relaxing)
 .rodata        0x000000000005a91c        0xf C:/Users/Class2018/Documents/Projects/Crypto_wallet/impl/nios_proj_bsp/\libhal_bsp.a(alt_main.o)
 *fill*         0x000000000005a92b        0x1 
 .rodata        0x000000000005a92c       0x2b C:/Users/Class2018/Documents/Projects/Crypto_wallet/impl/nios_proj_bsp/\libhal_bsp.a(alt_sys_init.o)
 *fill*         0x000000000005a957        0x1 
 .rodata        0x000000000005a958        0xa C:/Users/Class2018/Documents/Projects/Crypto_wallet/impl/nios_proj_bsp/\libhal_bsp.a(alt_dev.o)
 *(.rodata1)
                0x000000000005a964                . = ALIGN (0x4)
 *fill*         0x000000000005a962        0x2 
                0x000000000005a964                PROVIDE (__ram_rodata_end, ABSOLUTE (.))
                0x000000000004f45c                PROVIDE (__flash_rodata_start, LOADADDR (.rodata))

.rwdata         0x000000000005a964     0x1498 load address 0x000000000005bdfc
                0x000000000005a964                PROVIDE (__ram_rwdata_start, ABSOLUTE (.))
                0x000000000005a964                . = ALIGN (0x4)
 *(.got.plt)
 *(.got)
 *(.data1)
 *(.data .data.* .gnu.linkonce.d.*)
 .data          0x000000000005a964        0x0 C:/Users/Class2018/Documents/Projects/Crypto_wallet/impl/nios_proj_bsp//obj/HAL/src/crt0.o
 .data          0x000000000005a964        0x0 obj/default/bip39.o
 .data          0x000000000005a964        0x0 obj/default/hmac.o
 .data          0x000000000005a964        0x0 obj/default/memzero.o
 .data          0x000000000005a964        0x0 obj/default/pbkdf2.o
 .data          0x000000000005a964        0x0 obj/default/rand.o
 .data          0x000000000005a964        0x0 obj/default/sha2.o
 .data          0x000000000005a964        0xb obj/default/wallet_main.o
 .data          0x000000000005a96f        0x0 obj/default/wallet_system.o
 .data          0x000000000005a96f        0x0 ../../software/libbtc\libbtclib.a(chainparams.o)
 .data          0x000000000005a96f        0x0 ../../software/libbtc\libbtclib.a(commontools.o)
 .data          0x000000000005a96f        0x0 ../../software/libbtc\libbtclib.a(cstr.o)
 .data          0x000000000005a96f        0x0 ../../software/libbtc\libbtclib.a(ecc_key.o)
 .data          0x000000000005a96f        0x0 ../../software/libbtc\libbtclib.a(ecc_libsecp256k1.o)
 *fill*         0x000000000005a96f        0x1 
 .data          0x000000000005a970       0x10 ../../software/libbtc\libbtclib.a(memory.o)
 .data          0x000000000005a980        0x0 ../../software/libbtc\libbtclib.a(random.o)
 .data          0x000000000005a980        0x0 ../../software/libbtc\libbtclib.a(ripemd160.o)
 .data          0x000000000005a980        0x0 ../../software/libbtc\libbtclib.a(script.o)
 .data          0x000000000005a980        0x0 ../../software/libbtc\libbtclib.a(bench_internal.o)
 .data          0x000000000005a980        0x0 ../../software/libbtc\libbtclib.a(segwit_addr.o)
 .data          0x000000000005a980        0x0 ../../software/libbtc\libbtclib.a(serialize.o)
 .data          0x000000000005a980        0x0 ../../software/libbtc\libbtclib.a(tx.o)
 .data          0x000000000005a980       0x25 ../../software/libbtc\libbtclib.a(utils.o)
 .data          0x000000000005a9a5        0x0 ../../software/libbtc\libbtclib.a(vector.o)
 .data          0x000000000005a9a5        0x0 ../../software/libbtc\libbtclib.a(base58.o)
 *fill*         0x000000000005a9a5        0x3 
 .data          0x000000000005a9a8        0xb ../../software/libbtc\libbtclib.a(bip32.o)
 .data          0x000000000005a9b3        0x0 c:/intelfpga_lite/18.1/nios2eds/bin/gnu/h-x86_64-mingw32/bin/../lib/gcc/nios2-elf/5.3.0\libgcc.a(_muldi3.o)
 .data          0x000000000005a9b3        0x0 c:/intelfpga_lite/18.1/nios2eds/bin/gnu/h-x86_64-mingw32/bin/../lib/gcc/nios2-elf/5.3.0\libgcc.a(lib2-divmod.o)
 .data          0x000000000005a9b3        0x0 c:/intelfpga_lite/18.1/nios2eds/bin/gnu/h-x86_64-mingw32/bin/../lib/gcc/nios2-elf/5.3.0\libgcc.a(lib2-mul.o)
 .data          0x000000000005a9b3        0x0 c:/intelfpga_lite/18.1/nios2eds/bin/gnu/h-x86_64-mingw32/bin/../lib/gcc/nios2-elf/5.3.0\libgcc.a(adddf3.o)
 .data          0x000000000005a9b3        0x0 c:/intelfpga_lite/18.1/nios2eds/bin/gnu/h-x86_64-mingw32/bin/../lib/gcc/nios2-elf/5.3.0\libgcc.a(divdf3.o)
 .data          0x000000000005a9b3        0x0 c:/intelfpga_lite/18.1/nios2eds/bin/gnu/h-x86_64-mingw32/bin/../lib/gcc/nios2-elf/5.3.0\libgcc.a(gedf2.o)
 .data          0x000000000005a9b3        0x0 c:/intelfpga_lite/18.1/nios2eds/bin/gnu/h-x86_64-mingw32/bin/../lib/gcc/nios2-elf/5.3.0\libgcc.a(ledf2.o)
 .data          0x000000000005a9b3        0x0 c:/intelfpga_lite/18.1/nios2eds/bin/gnu/h-x86_64-mingw32/bin/../lib/gcc/nios2-elf/5.3.0\libgcc.a(muldf3.o)
 .data          0x000000000005a9b3        0x0 c:/intelfpga_lite/18.1/nios2eds/bin/gnu/h-x86_64-mingw32/bin/../lib/gcc/nios2-elf/5.3.0\libgcc.a(subdf3.o)
 .data          0x000000000005a9b3        0x0 c:/intelfpga_lite/18.1/nios2eds/bin/gnu/h-x86_64-mingw32/bin/../lib/gcc/nios2-elf/5.3.0\libgcc.a(floatsidf.o)
 .data          0x000000000005a9b3        0x0 c:/intelfpga_lite/18.1/nios2eds/bin/gnu/h-x86_64-mingw32/bin/../lib/gcc/nios2-elf/5.3.0\libgcc.a(_clzsi2.o)
 .data          0x000000000005a9b3        0x0 c:/intelfpga_lite/18.1/nios2eds/bin/gnu/h-x86_64-mingw32/bin/../lib/gcc/nios2-elf/5.3.0\libgcc.a(_clz.o)
 .data          0x000000000005a9b3        0x0 c:/intelfpga_lite/18.1/nios2eds/bin/gnu/h-x86_64-mingw32/bin/../lib/gcc/nios2-elf/5.3.0/../../../../../H-x86_64-mingw32/nios2-elf/lib\libsmallc.a(lib_a-abort.o)
 .data          0x000000000005a9b3        0x0 c:/intelfpga_lite/18.1/nios2eds/bin/gnu/h-x86_64-mingw32/bin/../lib/gcc/nios2-elf/5.3.0/../../../../../H-x86_64-mingw32/nios2-elf/lib\libsmallc.a(lib_a-assert.o)
 .data          0x000000000005a9b3        0x0 c:/intelfpga_lite/18.1/nios2eds/bin/gnu/h-x86_64-mingw32/bin/../lib/gcc/nios2-elf/5.3.0/../../../../../H-x86_64-mingw32/nios2-elf/lib\libsmallc.a(lib_a-calloc.o)
 .data          0x000000000005a9b3        0x0 c:/intelfpga_lite/18.1/nios2eds/bin/gnu/h-x86_64-mingw32/bin/../lib/gcc/nios2-elf/5.3.0/../../../../../H-x86_64-mingw32/nios2-elf/lib\libsmallc.a(lib_a-ctype_.o)
 .data          0x000000000005a9b3        0x0 c:/intelfpga_lite/18.1/nios2eds/bin/gnu/h-x86_64-mingw32/bin/../lib/gcc/nios2-elf/5.3.0/../../../../../H-x86_64-mingw32/nios2-elf/lib\libsmallc.a(lib_a-exit.o)
 .data          0x000000000005a9b3        0x0 c:/intelfpga_lite/18.1/nios2eds/bin/gnu/h-x86_64-mingw32/bin/../lib/gcc/nios2-elf/5.3.0/../../../../../H-x86_64-mingw32/nios2-elf/lib\libsmallc.a(lib_a-fiprintf.o)
 .data          0x000000000005a9b3        0x0 c:/intelfpga_lite/18.1/nios2eds/bin/gnu/h-x86_64-mingw32/bin/../lib/gcc/nios2-elf/5.3.0/../../../../../H-x86_64-mingw32/nios2-elf/lib\libsmallc.a(lib_a-fprintf.o)
 .data          0x000000000005a9b3        0x0 c:/intelfpga_lite/18.1/nios2eds/bin/gnu/h-x86_64-mingw32/bin/../lib/gcc/nios2-elf/5.3.0/../../../../../H-x86_64-mingw32/nios2-elf/lib\libsmallc.a(lib_a-fvwrite_small_dev.o)
 .data          0x000000000005a9b3        0x0 c:/intelfpga_lite/18.1/nios2eds/bin/gnu/h-x86_64-mingw32/bin/../lib/gcc/nios2-elf/5.3.0/../../../../../H-x86_64-mingw32/nios2-elf/lib\libsmallc.a(lib_a-getenv.o)
 .data          0x000000000005a9b3        0x0 c:/intelfpga_lite/18.1/nios2eds/bin/gnu/h-x86_64-mingw32/bin/../lib/gcc/nios2-elf/5.3.0/../../../../../H-x86_64-mingw32/nios2-elf/lib\libsmallc.a(lib_a-getenv_r.o)
 .data          0x000000000005a9b3        0x0 c:/intelfpga_lite/18.1/nios2eds/bin/gnu/h-x86_64-mingw32/bin/../lib/gcc/nios2-elf/5.3.0/../../../../../H-x86_64-mingw32/nios2-elf/lib\libsmallc.a(lib_a-impure.o)
 *fill*         0x000000000005a9b3        0x1 
 .data.impure_data
                0x000000000005a9b4       0xe0 c:/intelfpga_lite/18.1/nios2eds/bin/gnu/h-x86_64-mingw32/bin/../lib/gcc/nios2-elf/5.3.0/../../../../../H-x86_64-mingw32/nios2-elf/lib\libsmallc.a(lib_a-impure.o)
 .data          0x000000000005aa94        0x0 c:/intelfpga_lite/18.1/nios2eds/bin/gnu/h-x86_64-mingw32/bin/../lib/gcc/nios2-elf/5.3.0/../../../../../H-x86_64-mingw32/nios2-elf/lib\libsmallc.a(lib_a-malloc.o)
 .data          0x000000000005aa94        0x0 c:/intelfpga_lite/18.1/nios2eds/bin/gnu/h-x86_64-mingw32/bin/../lib/gcc/nios2-elf/5.3.0/../../../../../H-x86_64-mingw32/nios2-elf/lib\libsmallc.a(lib_a-memcmp.o)
 .data          0x000000000005aa94        0x0 c:/intelfpga_lite/18.1/nios2eds/bin/gnu/h-x86_64-mingw32/bin/../lib/gcc/nios2-elf/5.3.0/../../../../../H-x86_64-mingw32/nios2-elf/lib\libsmallc.a(lib_a-memcpy.o)
 .data          0x000000000005aa94        0x0 c:/intelfpga_lite/18.1/nios2eds/bin/gnu/h-x86_64-mingw32/bin/../lib/gcc/nios2-elf/5.3.0/../../../../../H-x86_64-mingw32/nios2-elf/lib\libsmallc.a(lib_a-memmove.o)
 .data          0x000000000005aa94        0x0 c:/intelfpga_lite/18.1/nios2eds/bin/gnu/h-x86_64-mingw32/bin/../lib/gcc/nios2-elf/5.3.0/../../../../../H-x86_64-mingw32/nios2-elf/lib\libsmallc.a(lib_a-memset.o)
 .data          0x000000000005aa94        0x0 c:/intelfpga_lite/18.1/nios2eds/bin/gnu/h-x86_64-mingw32/bin/../lib/gcc/nios2-elf/5.3.0/../../../../../H-x86_64-mingw32/nios2-elf/lib\libsmallc.a(lib_a-nano-callocr.o)
 .data          0x000000000005aa94        0x0 c:/intelfpga_lite/18.1/nios2eds/bin/gnu/h-x86_64-mingw32/bin/../lib/gcc/nios2-elf/5.3.0/../../../../../H-x86_64-mingw32/nios2-elf/lib\libsmallc.a(lib_a-nano-freer.o)
 .data          0x000000000005aa94        0x0 c:/intelfpga_lite/18.1/nios2eds/bin/gnu/h-x86_64-mingw32/bin/../lib/gcc/nios2-elf/5.3.0/../../../../../H-x86_64-mingw32/nios2-elf/lib\libsmallc.a(lib_a-nano-mallocr.o)
 .data          0x000000000005aa94        0x0 c:/intelfpga_lite/18.1/nios2eds/bin/gnu/h-x86_64-mingw32/bin/../lib/gcc/nios2-elf/5.3.0/../../../../../H-x86_64-mingw32/nios2-elf/lib\libsmallc.a(lib_a-printf.o)
 .data          0x000000000005aa94        0x0 c:/intelfpga_lite/18.1/nios2eds/bin/gnu/h-x86_64-mingw32/bin/../lib/gcc/nios2-elf/5.3.0/../../../../../H-x86_64-mingw32/nios2-elf/lib\libsmallc.a(lib_a-puts.o)
 .data          0x000000000005aa94        0x0 c:/intelfpga_lite/18.1/nios2eds/bin/gnu/h-x86_64-mingw32/bin/../lib/gcc/nios2-elf/5.3.0/../../../../../H-x86_64-mingw32/nios2-elf/lib\libsmallc.a(lib_a-rand.o)
 .data          0x000000000005aa94        0x0 c:/intelfpga_lite/18.1/nios2eds/bin/gnu/h-x86_64-mingw32/bin/../lib/gcc/nios2-elf/5.3.0/../../../../../H-x86_64-mingw32/nios2-elf/lib\libsmallc.a(lib_a-realloc.o)
 .data          0x000000000005aa94        0x0 c:/intelfpga_lite/18.1/nios2eds/bin/gnu/h-x86_64-mingw32/bin/../lib/gcc/nios2-elf/5.3.0/../../../../../H-x86_64-mingw32/nios2-elf/lib\libsmallc.a(lib_a-sbrkr.o)
 .data          0x000000000005aa94        0x0 c:/intelfpga_lite/18.1/nios2eds/bin/gnu/h-x86_64-mingw32/bin/../lib/gcc/nios2-elf/5.3.0/../../../../../H-x86_64-mingw32/nios2-elf/lib\libsmallc.a(lib_a-signal.o)
 .data          0x000000000005aa94        0x0 c:/intelfpga_lite/18.1/nios2eds/bin/gnu/h-x86_64-mingw32/bin/../lib/gcc/nios2-elf/5.3.0/../../../../../H-x86_64-mingw32/nios2-elf/lib\libsmallc.a(lib_a-signalr.o)
 .data          0x000000000005aa94        0x0 c:/intelfpga_lite/18.1/nios2eds/bin/gnu/h-x86_64-mingw32/bin/../lib/gcc/nios2-elf/5.3.0/../../../../../H-x86_64-mingw32/nios2-elf/lib\libsmallc.a(lib_a-sprintf.o)
 .data          0x000000000005aa94        0x0 c:/intelfpga_lite/18.1/nios2eds/bin/gnu/h-x86_64-mingw32/bin/../lib/gcc/nios2-elf/5.3.0/../../../../../H-x86_64-mingw32/nios2-elf/lib\libsmallc.a(lib_a-strchr.o)
 .data          0x000000000005aa94        0x0 c:/intelfpga_lite/18.1/nios2eds/bin/gnu/h-x86_64-mingw32/bin/../lib/gcc/nios2-elf/5.3.0/../../../../../H-x86_64-mingw32/nios2-elf/lib\libsmallc.a(lib_a-strcmp.o)
 .data          0x000000000005aa94        0x0 c:/intelfpga_lite/18.1/nios2eds/bin/gnu/h-x86_64-mingw32/bin/../lib/gcc/nios2-elf/5.3.0/../../../../../H-x86_64-mingw32/nios2-elf/lib\libsmallc.a(lib_a-strcpy.o)
 .data          0x000000000005aa94        0x0 c:/intelfpga_lite/18.1/nios2eds/bin/gnu/h-x86_64-mingw32/bin/../lib/gcc/nios2-elf/5.3.0/../../../../../H-x86_64-mingw32/nios2-elf/lib\libsmallc.a(lib_a-strlen.o)
 .data          0x000000000005aa94        0x0 c:/intelfpga_lite/18.1/nios2eds/bin/gnu/h-x86_64-mingw32/bin/../lib/gcc/nios2-elf/5.3.0/../../../../../H-x86_64-mingw32/nios2-elf/lib\libsmallc.a(lib_a-strncmp.o)
 .data          0x000000000005aa94        0x0 c:/intelfpga_lite/18.1/nios2eds/bin/gnu/h-x86_64-mingw32/bin/../lib/gcc/nios2-elf/5.3.0/../../../../../H-x86_64-mingw32/nios2-elf/lib\libsmallc.a(lib_a-strncpy.o)
 .data          0x000000000005aa94        0x0 c:/intelfpga_lite/18.1/nios2eds/bin/gnu/h-x86_64-mingw32/bin/../lib/gcc/nios2-elf/5.3.0/../../../../../H-x86_64-mingw32/nios2-elf/lib\libsmallc.a(lib_a-strnlen.o)
 .data          0x000000000005aa94        0x0 c:/intelfpga_lite/18.1/nios2eds/bin/gnu/h-x86_64-mingw32/bin/../lib/gcc/nios2-elf/5.3.0/../../../../../H-x86_64-mingw32/nios2-elf/lib\libsmallc.a(lib_a-strtok.o)
 .data          0x000000000005aa94        0x0 c:/intelfpga_lite/18.1/nios2eds/bin/gnu/h-x86_64-mingw32/bin/../lib/gcc/nios2-elf/5.3.0/../../../../../H-x86_64-mingw32/nios2-elf/lib\libsmallc.a(lib_a-strtok_r.o)
 .data          0x000000000005aa94        0x0 c:/intelfpga_lite/18.1/nios2eds/bin/gnu/h-x86_64-mingw32/bin/../lib/gcc/nios2-elf/5.3.0/../../../../../H-x86_64-mingw32/nios2-elf/lib\libsmallc.a(lib_a-strtoull.o)
 .data          0x000000000005aa94        0x0 c:/intelfpga_lite/18.1/nios2eds/bin/gnu/h-x86_64-mingw32/bin/../lib/gcc/nios2-elf/5.3.0/../../../../../H-x86_64-mingw32/nios2-elf/lib\libsmallc.a(lib_a-strtoull_r.o)
 .data          0x000000000005aa94        0x0 c:/intelfpga_lite/18.1/nios2eds/bin/gnu/h-x86_64-mingw32/bin/../lib/gcc/nios2-elf/5.3.0/../../../../../H-x86_64-mingw32/nios2-elf/lib\libsmallc.a(lib_a-svfprintf.o)