Archive member included to satisfy reference by file (symbol)

c:/intelfpga_lite/18.1/nios2eds/bin/gnu/h-x86_64-mingw32/bin/../lib/gcc/nios2-elf/5.3.0/mno-hw-mul\libgcc.a(lib2-mul.o)
                              obj/default/bip39.o (__mulsi3)
c:/intelfpga_lite/18.1/nios2eds/bin/gnu/h-x86_64-mingw32/bin/../lib/gcc/nios2-elf/5.3.0/../../../../../H-x86_64-mingw32/nios2-elf/lib/mno-hw-mul\libsmallc.a(lib_a-malloc.o)
                              obj/default/wallet_main.o (malloc)
c:/intelfpga_lite/18.1/nios2eds/bin/gnu/h-x86_64-mingw32/bin/../lib/gcc/nios2-elf/5.3.0/../../../../../H-x86_64-mingw32/nios2-elf/lib/mno-hw-mul\libsmallc.a(lib_a-memcpy.o)
                              obj/default/bip32.o (memcpy)
c:/intelfpga_lite/18.1/nios2eds/bin/gnu/h-x86_64-mingw32/bin/../lib/gcc/nios2-elf/5.3.0/../../../../../H-x86_64-mingw32/nios2-elf/lib/mno-hw-mul\libsmallc.a(lib_a-memset.o)
                              obj/default/bip32.o (memset)
c:/intelfpga_lite/18.1/nios2eds/bin/gnu/h-x86_64-mingw32/bin/../lib/gcc/nios2-elf/5.3.0/../../../../../H-x86_64-mingw32/nios2-elf/lib/mno-hw-mul\libsmallc.a(lib_a-nano-freer.o)
                              c:/intelfpga_lite/18.1/nios2eds/bin/gnu/h-x86_64-mingw32/bin/../lib/gcc/nios2-elf/5.3.0/../../../../../H-x86_64-mingw32/nios2-elf/lib/mno-hw-mul\libsmallc.a(lib_a-malloc.o) (_free_r)
c:/intelfpga_lite/18.1/nios2eds/bin/gnu/h-x86_64-mingw32/bin/../lib/gcc/nios2-elf/5.3.0/../../../../../H-x86_64-mingw32/nios2-elf/lib/mno-hw-mul\libsmallc.a(lib_a-nano-mallocr.o)
                              c:/intelfpga_lite/18.1/nios2eds/bin/gnu/h-x86_64-mingw32/bin/../lib/gcc/nios2-elf/5.3.0/../../../../../H-x86_64-mingw32/nios2-elf/lib/mno-hw-mul\libsmallc.a(lib_a-malloc.o) (_malloc_r)
c:/intelfpga_lite/18.1/nios2eds/bin/gnu/h-x86_64-mingw32/bin/../lib/gcc/nios2-elf/5.3.0/../../../../../H-x86_64-mingw32/nios2-elf/lib/mno-hw-mul\libsmallc.a(lib_a-printf.o)
                              obj/default/bip32.o (printf)
c:/intelfpga_lite/18.1/nios2eds/bin/gnu/h-x86_64-mingw32/bin/../lib/gcc/nios2-elf/5.3.0/../../../../../H-x86_64-mingw32/nios2-elf/lib/mno-hw-mul\libsmallc.a(lib_a-puts.o)
                              obj/default/wallet_main.o (puts)
c:/intelfpga_lite/18.1/nios2eds/bin/gnu/h-x86_64-mingw32/bin/../lib/gcc/nios2-elf/5.3.0/../../../../../H-x86_64-mingw32/nios2-elf/lib/mno-hw-mul\libsmallc.a(lib_a-rand.o)
                              obj/default/rand.o (srand)
c:/intelfpga_lite/18.1/nios2eds/bin/gnu/h-x86_64-mingw32/bin/../lib/gcc/nios2-elf/5.3.0/../../../../../H-x86_64-mingw32/nios2-elf/lib/mno-hw-mul\libsmallc.a(lib_a-sbrkr.o)
                              c:/intelfpga_lite/18.1/nios2eds/bin/gnu/h-x86_64-mingw32/bin/../lib/gcc/nios2-elf/5.3.0/../../../../../H-x86_64-mingw32/nios2-elf/lib/mno-hw-mul\libsmallc.a(lib_a-nano-mallocr.o) (_sbrk_r)
c:/intelfpga_lite/18.1/nios2eds/bin/gnu/h-x86_64-mingw32/bin/../lib/gcc/nios2-elf/5.3.0/../../../../../H-x86_64-mingw32/nios2-elf/lib/mno-hw-mul\libsmallc.a(lib_a-strcmp.o)
                              obj/default/bip39.o (strcmp)
c:/intelfpga_lite/18.1/nios2eds/bin/gnu/h-x86_64-mingw32/bin/../lib/gcc/nios2-elf/5.3.0/../../../../../H-x86_64-mingw32/nios2-elf/lib/mno-hw-mul\libsmallc.a(lib_a-strcpy.o)
                              obj/default/bip39.o (strcpy)
c:/intelfpga_lite/18.1/nios2eds/bin/gnu/h-x86_64-mingw32/bin/../lib/gcc/nios2-elf/5.3.0/../../../../../H-x86_64-mingw32/nios2-elf/lib/mno-hw-mul\libsmallc.a(lib_a-strlen.o)
                              obj/default/bip39.o (strlen)
c:/intelfpga_lite/18.1/nios2eds/bin/gnu/h-x86_64-mingw32/bin/../lib/gcc/nios2-elf/5.3.0/../../../../../H-x86_64-mingw32/nios2-elf/lib/mno-hw-mul\libsmallc.a(lib_a-time.o)
                              obj/default/rand.o (time)
c:/intelfpga_lite/18.1/nios2eds/bin/gnu/h-x86_64-mingw32/bin/../lib/gcc/nios2-elf/5.3.0/../../../../../H-x86_64-mingw32/nios2-elf/lib/mno-hw-mul\libsmallc.a(lib_a-vfprintf.o)
                              c:/intelfpga_lite/18.1/nios2eds/bin/gnu/h-x86_64-mingw32/bin/../lib/gcc/nios2-elf/5.3.0/../../../../../H-x86_64-mingw32/nios2-elf/lib/mno-hw-mul\libsmallc.a(lib_a-printf.o) (___vfprintf_internal_r)
c:/intelfpga_lite/18.1/nios2eds/bin/gnu/h-x86_64-mingw32/bin/../lib/gcc/nios2-elf/5.3.0/../../../../../H-x86_64-mingw32/nios2-elf/lib/mno-hw-mul\libsmallc.a(lib_a-fvwrite_small_dev.o)
                              c:/intelfpga_lite/18.1/nios2eds/bin/gnu/h-x86_64-mingw32/bin/../lib/gcc/nios2-elf/5.3.0/../../../../../H-x86_64-mingw32/nios2-elf/lib/mno-hw-mul\libsmallc.a(lib_a-printf.o) (__sfvwrite_small_dev)
c:/intelfpga_lite/18.1/nios2eds/bin/gnu/h-x86_64-mingw32/bin/../lib/gcc/nios2-elf/5.3.0/../../../../../H-x86_64-mingw32/nios2-elf/lib/mno-hw-mul\libsmallc.a(lib_a-gettimeofdayr.o)
                              c:/intelfpga_lite/18.1/nios2eds/bin/gnu/h-x86_64-mingw32/bin/../lib/gcc/nios2-elf/5.3.0/../../../../../H-x86_64-mingw32/nios2-elf/lib/mno-hw-mul\libsmallc.a(lib_a-time.o) (_gettimeofday_r)
[...]
Memory Configuration

Name             Origin             Length             Attributes
reset            0x0000000000000000 0x0000000000000020
sdram            0x0000000000000020 0x0000000001ffffe0
onchip_memory2   0x0000000002000000 0x0000000000006590
epcs_flash_controller 0x0000000002009000 0x0000000000000800
*default*        0x0000000000000000 0xffffffffffffffff

Linker script and memory map

LOAD C:/Users/Class2018/Documents/Projects/Crypto_wallet/impl/nios_proj_bsp//obj/HAL/src/crt0.o
LOAD obj/default/bip32.o
LOAD obj/default/bip39.o
LOAD obj/default/chainparams.o
LOAD obj/default/commontools.o
LOAD obj/default/hmac.o
LOAD obj/default/memzero.o
LOAD obj/default/pbkdf2.o
LOAD obj/default/rand.o
LOAD obj/default/sha2.o
LOAD obj/default/sha2mnemonic.o
LOAD obj/default/wallet_main.o
LOAD obj/default/wallet_system.o
LOAD c:/intelfpga_lite/18.1/nios2eds/bin/gnu/h-x86_64-mingw32/bin/../lib/gcc/nios2-elf/5.3.0/../../../../../H-x86_64-mingw32/nios2-elf/lib/mno-hw-mul\libstdc++.a
LOAD c:/intelfpga_lite/18.1/nios2eds/bin/gnu/h-x86_64-mingw32/bin/../lib/gcc/nios2-elf/5.3.0/../../../../../H-x86_64-mingw32/nios2-elf/lib/mno-hw-mul\libm.a
LOAD c:/intelfpga_lite/18.1/nios2eds/bin/gnu/h-x86_64-mingw32/bin/../lib/gcc/nios2-elf/5.3.0/mno-hw-mul\libgcc.a
START GROUP
LOAD c:/intelfpga_lite/18.1/nios2eds/bin/gnu/h-x86_64-mingw32/bin/../lib/gcc/nios2-elf/5.3.0/../../../../../H-x86_64-mingw32/nios2-elf/lib/mno-hw-mul\libsmallc.a
LOAD c:/intelfpga_lite/18.1/nios2eds/bin/gnu/h-x86_64-mingw32/bin/../lib/gcc/nios2-elf/5.3.0/mno-hw-mul\libgcc.a
LOAD C:/Users/Class2018/Documents/Projects/Crypto_wallet/impl/nios_proj_bsp/\libhal_bsp.a
LOAD c:/intelfpga_lite/18.1/nios2eds/bin/gnu/h-x86_64-mingw32/bin/../lib/gcc/nios2-elf/5.3.0/../../../../../H-x86_64-mingw32/nios2-elf/lib/mno-hw-mul\libm.a
END GROUP
LOAD c:/intelfpga_lite/18.1/nios2eds/bin/gnu/h-x86_64-mingw32/bin/../lib/gcc/nios2-elf/5.3.0/mno-hw-mul\libgcc.a
                0x0000000000000000                __alt_mem_sdram = 0x0
                0x0000000002000000                __alt_mem_onchip_memory2 = 0x2000000
                0x0000000002009000                __alt_mem_epcs_flash_controller = 0x2009000

.entry          0x0000000000000000       0x20
 *(.entry)
 .entry         0x0000000000000000       0x20 C:/Users/Class2018/Documents/Projects/Crypto_wallet/impl/nios_proj_bsp//obj/HAL/src/crt0.o
                0x0000000000000000                __reset

.exceptions     0x0000000000000020      0x210
                0x0000000000000020                PROVIDE (__ram_exceptions_start, ABSOLUTE (.))
                0x0000000000000020                . = ALIGN (0x20)
 *(.irq)
 *(.exceptions.entry.label)
 .exceptions.entry.label
                0x0000000000000020        0x0 C:/Users/Class2018/Documents/Projects/Crypto_wallet/impl/nios_proj_bsp/\libhal_bsp.a(alt_irq_entry.o)
                0x0000000000000020                alt_irq_entry
 .exceptions.entry.label
                0x0000000000000020        0x0 C:/Users/Class2018/Documents/Projects/Crypto_wallet/impl/nios_proj_bsp/\libhal_bsp.a(alt_exception_entry.o)
                0x0000000000000020                alt_exception
 *(.exceptions.entry.user)
 *(.exceptions.entry.ecc_fatal)
 *(.exceptions.entry)
 .exceptions.entry
                0x0000000000000020       0x54 C:/Users/Class2018/Documents/Projects/Crypto_wallet/impl/nios_proj_bsp/\libhal_bsp.a(alt_exception_entry.o)
 *(.exceptions.irqtest.user)
 *(.exceptions.irqtest)
 .exceptions.irqtest
                0x0000000000000074       0x10 C:/Users/Class2018/Documents/Projects/Crypto_wallet/impl/nios_proj_bsp/\libhal_bsp.a(alt_irq_entry.o)
 *(.exceptions.irqhandler.user)
 *(.exceptions.irqhandler)
 .exceptions.irqhandler
                0x0000000000000084        0x4 C:/Users/Class2018/Documents/Projects/Crypto_wallet/impl/nios_proj_bsp/\libhal_bsp.a(alt_irq_entry.o)
 *(.exceptions.irqreturn.user)
 *(.exceptions.irqreturn)
 .exceptions.irqreturn
                0x0000000000000088        0x4 C:/Users/Class2018/Documents/Projects/Crypto_wallet/impl/nios_proj_bsp/\libhal_bsp.a(alt_irq_entry.o)
 *(.exceptions.notirq.label)
 .exceptions.notirq.label
                0x000000000000008c        0x0 C:/Users/Class2018/Documents/Projects/Crypto_wallet/impl/nios_proj_bsp/\libhal_bsp.a(alt_irq_entry.o)
 *(.exceptions.notirq.user)
 *(.exceptions.notirq)
 .exceptions.notirq
                0x000000000000008c        0x8 C:/Users/Class2018/Documents/Projects/Crypto_wallet/impl/nios_proj_bsp/\libhal_bsp.a(alt_exception_entry.o)
 *(.exceptions.soft.user)
 *(.exceptions.soft)
 *(.exceptions.unknown.user)
 *(.exceptions.unknown)
 .exceptions.unknown
                0x0000000000000094       0x14 C:/Users/Class2018/Documents/Projects/Crypto_wallet/impl/nios_proj_bsp/\libhal_bsp.a(alt_exception_entry.o)
 *(.exceptions.exit.label)
 .exceptions.exit.label
                0x00000000000000a8        0x0 C:/Users/Class2018/Documents/Projects/Crypto_wallet/impl/nios_proj_bsp/\libhal_bsp.a(alt_irq_entry.o)
 .exceptions.exit.label
                0x00000000000000a8        0x0 C:/Users/Class2018/Documents/Projects/Crypto_wallet/impl/nios_proj_bsp/\libhal_bsp.a(alt_exception_entry.o)
 *(.exceptions.exit.user)
 *(.exceptions.exit)
 .exceptions.exit
                0x00000000000000a8       0x54 C:/Users/Class2018/Documents/Projects/Crypto_wallet/impl/nios_proj_bsp/\libhal_bsp.a(alt_exception_entry.o)
 *(.exceptions)
 .exceptions    0x00000000000000fc       0xd4 C:/Users/Class2018/Documents/Projects/Crypto_wallet/impl/nios_proj_bsp/\libhal_bsp.a(alt_irq_handler.o)
                0x00000000000000fc                alt_irq_handler
 .exceptions    0x00000000000001d0       0x60 C:/Users/Class2018/Documents/Projects/Crypto_wallet/impl/nios_proj_bsp/\libhal_bsp.a(alt_instruction_exception_entry.o)
                0x00000000000001d0                alt_instruction_exception_entry
                0x0000000000000230                PROVIDE (__ram_exceptions_end, ABSOLUTE (.))
                0x0000000000000020                PROVIDE (__flash_exceptions_start, LOADADDR (.exceptions))

.text           0x0000000000000230     0xe074
                [!provide]                        PROVIDE (stext, ABSOLUTE (.))
 *(.interp)
 *(.hash)
 *(.dynsym)
 *(.dynstr)
 *(.gnu.version)
 *(.gnu.version_d)
 *(.gnu.version_r)
 *(.rel.init)
 *(.rela.init)
 *(.rel.text .rel.text.* .rel.gnu.linkonce.t.*)
 *(.rela.text .rela.text.* .rela.gnu.linkonce.t.*)
 *(.rel.fini)
 *(.rela.fini)
 *(.rel.rodata .rel.rodata.* .rel.gnu.linkonce.r.*)
 *(.rela.rodata .rela.rodata.* .rela.gnu.linkonce.r.*)
 *(.rel.data .rel.data.* .rel.gnu.linkonce.d.*)
 *(.rela.data .rela.data.* .rela.gnu.linkonce.d.*)
 *(.rel.tdata .rel.tdata.* .rel.gnu.linkonce.td.*)
 *(.rela.tdata .rela.tdata.* .rela.gnu.linkonce.td.*)
 *(.rel.tbss .rel.tbss.* .rel.gnu.linkonce.tb.*)
 *(.rela.tbss .rela.tbss.* .rela.gnu.linkonce.tb.*)
 *(.rel.ctors)
 *(.rela.ctors)
 *(.rel.dtors)
 *(.rela.dtors)
 *(.rel.got)
 *(.rela.got)
 *(.rel.sdata .rel.sdata.* .rel.gnu.linkonce.s.*)
 *(.rela.sdata .rela.sdata.* .rela.gnu.linkonce.s.*)
 *(.rel.sbss .rel.sbss.* .rel.gnu.linkonce.sb.*)
 *(.rela.sbss .rela.sbss.* .rela.gnu.linkonce.sb.*)
 *(.rel.sdata2 .rel.sdata2.* .rel.gnu.linkonce.s2.*)
 *(.rela.sdata2 .rela.sdata2.* .rela.gnu.linkonce.s2.*)
 *(.rel.sbss2 .rel.sbss2.* .rel.gnu.linkonce.sb2.*)
 *(.rela.sbss2 .rela.sbss2.* .rela.gnu.linkonce.sb2.*)
 *(.rel.bss .rel.bss.* .rel.gnu.linkonce.b.*)
 *(.rela.bss .rela.bss.* .rela.gnu.linkonce.b.*)
 *(.rel.plt)
 *(.rela.plt)
 *(.rel.dyn)
 *(.init)
 *(.plt)
 *(.text .stub .text.* .gnu.linkonce.t.*)
 .text          0x0000000000000230       0x3c C:/Users/Class2018/Documents/Projects/Crypto_wallet/impl/nios_proj_bsp//obj/HAL/src/crt0.o
                0x0000000000000230                _start
 .text          0x000000000000026c       0xf0 obj/default/bip32.o
                0x000000000000026c                btc_hdnode_from_seed
 .text          0x000000000000035c      0x998 obj/default/bip39.o
                0x000000000000035c                mnemonic_generate
                0x00000000000003fc                mnemonic_from_data
                0x0000000000000658                mnemonic_to_seed
                0x00000000000009c0                mnemonic_to_entropy
 .text          0x0000000000000cf4        0x0 obj/default/chainparams.o
 .text          0x0000000000000cf4       0x58 obj/default/commontools.o
                0x0000000000000cf4                hd_gen_master
 .text          0x0000000000000d4c      0xa78 obj/default/hmac.o
                0x0000000000000d4c                trezor_hmac_sha256_Init
                0x0000000000000e84                trezor_hmac_sha256_Update
                0x0000000000000ed0                trezor_hmac_sha256_Final
                0x0000000000000f78                trezor_hmac_sha256
                0x0000000000000fe8                trezor_hmac_sha256_prepare
                0x00000000000011d4                trezor_hmac_sha512_Init
                0x000000000000130c                trezor_hmac_sha512_Update
                0x0000000000001358                trezor_hmac_sha512_Final
                0x0000000000001400                trezor_hmac_sha512
                0x0000000000001464                trezor_hmac_sha512_prepare
 .text          0x00000000000017c4       0x40 obj/default/memzero.o
                0x00000000000017c4                memzero
 .text          0x0000000000001804      0xd8c obj/default/pbkdf2.o
                0x0000000000001804                pbkdf2_hmac_sha256_Init
                0x0000000000001a24                pbkdf2_hmac_sha256_Update
                0x0000000000001b54                pbkdf2_hmac_sha256_Final
                0x0000000000001c3c                pbkdf2_hmac_sha256
                0x0000000000001dac                pbkdf2_hmac_sha512_Init
                0x0000000000002120                pbkdf2_hmac_sha512_Update
                0x0000000000002264                pbkdf2_hmac_sha512_Final
                0x0000000000002420                pbkdf2_hmac_sha512
 .text          0x0000000000002590      0x110 obj/default/rand.o
                0x0000000000002590                random32
                0x0000000000002614                random_buffer
 .text          0x00000000000026a0     0x2c58 obj/default/sha2.o
                0x00000000000026a0                sha256_Init
                0x0000000000002714                sha256_Transform
                0x0000000000002cd4                sha256_Update
                0x0000000000002f7c                sha256_Final
                0x0000000000003314                sha256_Raw
                0x000000000000336c                sha512_Init
                0x00000000000033f8                sha512_Transform
                0x0000000000004458                sha512_Update
                0x00000000000048a4                sha512_Last
                0x0000000000004d34                sha512_Final
                0x0000000000004f88                sha512_Raw
                0x0000000000004fe0                hmac_sha256
                0x000000000000516c                hmac_sha512
 .text          0x00000000000052f8     0x4120 obj/default/sha2mnemonic.o
                0x00000000000052f8                trezor_sha1_Init
                0x000000000000535c                trezor_sha1_Transform
                0x0000000000005b08                trezor_sha1_Update
                0x0000000000005f10                trezor_sha1_Final
                0x0000000000006248                trezor_sha1_End
                0x0000000000006348                trezor_sha1_Raw
                0x00000000000063a0                trezor_sha1_Data
                0x00000000000063f4                trezor_sha256_Init
                0x0000000000006464                trezor_sha256_Transform
                0x0000000000006a2c                trezor_sha256_Update
                0x0000000000006e34                trezor_sha256_Final
                0x000000000000716c                trezor_sha256_End
                0x000000000000726c                trezor_sha256_Raw
                0x00000000000072c4                sha256_Data
                0x0000000000007318                trezor_sha512_Init
                0x00000000000073a0                trezor_sha512_Transform
                0x00000000000082c0                trezor_sha512_Update
                0x000000000000903c                trezor_sha512_Final
                0x000000000000926c                trezor_sha512_End
                0x000000000000936c                trezor_sha512_Raw
                0x00000000000093c4                trezor_sha512_Data
 .text          0x0000000000009418      0x174 obj/default/wallet_main.o
                0x0000000000009418                main
 .text          0x000000000000958c        0x0 obj/default/wallet_system.o
 .text          0x000000000000958c       0x28 c:/intelfpga_lite/18.1/nios2eds/bin/gnu/h-x86_64-mingw32/bin/../lib/gcc/nios2-elf/5.3.0/mno-hw-mul\libgcc.a(lib2-mul.o)
                0x000000000000958c                __mulsi3
 .text          0x00000000000095b4        0x0 c:/intelfpga_lite/18.1/nios2eds/bin/gnu/h-x86_64-mingw32/bin/../lib/gcc/nios2-elf/5.3.0/../../../../../H-x86_64-mingw32/nios2-elf/lib/mno-hw-mul\libsmallc.a(lib_a-malloc.o)
 .text.malloc   0x00000000000095b4       0x14 c:/intelfpga_lite/18.1/nios2eds/bin/gnu/h-x86_64-mingw32/bin/../lib/gcc/nios2-elf/5.3.0/../../../../../H-x86_64-mingw32/nios2-elf/lib/mno-hw-mul\libsmallc.a(lib_a-malloc.o)
                0x00000000000095b4                malloc
 .text.free     0x00000000000095c8       0x14 c:/intelfpga_lite/18.1/nios2eds/bin/gnu/h-x86_64-mingw32/bin/../lib/gcc/nios2-elf/5.3.0/../../../../../H-x86_64-mingw32/nios2-elf/lib/mno-hw-mul\libsmallc.a(lib_a-malloc.o)
                0x00000000000095c8                free
 .text          0x00000000000095dc        0x0 c:/intelfpga_lite/18.1/nios2eds/bin/gnu/h-x86_64-mingw32/bin/../lib/gcc/nios2-elf/5.3.0/../../../../../H-x86_64-mingw32/nios2-elf/lib/mno-hw-mul\libsmallc.a(lib_a-memcpy.o)
 .text.memcpy   0x00000000000095dc       0x28 c:/intelfpga_lite/18.1/nios2eds/bin/gnu/h-x86_64-mingw32/bin/../lib/gcc/nios2-elf/5.3.0/../../../../../H-x86_64-mingw32/nios2-elf/lib/mno-hw-mul\libsmallc.a(lib_a-memcpy.o)
                0x00000000000095dc                memcpy
 .text          0x0000000000009604        0x0 c:/intelfpga_lite/18.1/nios2eds/bin/gnu/h-x86_64-mingw32/bin/../lib/gcc/nios2-elf/5.3.0/../../../../../H-x86_64-mingw32/nios2-elf/lib/mno-hw-mul\libsmallc.a(lib_a-memset.o)
 .text.memset   0x0000000000009604       0x20 c:/intelfpga_lite/18.1/nios2eds/bin/gnu/h-x86_64-mingw32/bin/../lib/gcc/nios2-elf/5.3.0/../../../../../H-x86_64-mingw32/nios2-elf/lib/mno-hw-mul\libsmallc.a(lib_a-memset.o)
                0x0000000000009604                memset
 .text          0x0000000000009624        0x0 c:/intelfpga_lite/18.1/nios2eds/bin/gnu/h-x86_64-mingw32/bin/../lib/gcc/nios2-elf/5.3.0/../../../../../H-x86_64-mingw32/nios2-elf/lib/mno-hw-mul\libsmallc.a(lib_a-nano-freer.o)
 .text._free_r  0x0000000000009624       0xe4 c:/intelfpga_lite/18.1/nios2eds/bin/gnu/h-x86_64-mingw32/bin/../lib/gcc/nios2-elf/5.3.0/../../../../../H-x86_64-mingw32/nios2-elf/lib/mno-hw-mul\libsmallc.a(lib_a-nano-freer.o)
                0x0000000000009624                _free_r
 .text          0x0000000000009708        0x0 c:/intelfpga_lite/18.1/nios2eds/bin/gnu/h-x86_64-mingw32/bin/../lib/gcc/nios2-elf/5.3.0/../../../../../H-x86_64-mingw32/nios2-elf/lib/mno-hw-mul\libsmallc.a(lib_a-nano-mallocr.o)
 .text._malloc_r
                0x0000000000009708      0x158 c:/intelfpga_lite/18.1/nios2eds/bin/gnu/h-x86_64-mingw32/bin/../lib/gcc/nios2-elf/5.3.0/../../../../../H-x86_64-mingw32/nios2-elf/lib/mno-hw-mul\libsmallc.a(lib_a-nano-mallocr.o)
                0x0000000000009708                _malloc_r
 .text          0x0000000000009860        0x0 c:/intelfpga_lite/18.1/nios2eds/bin/gnu/h-x86_64-mingw32/bin/../lib/gcc/nios2-elf/5.3.0/../../../../../H-x86_64-mingw32/nios2-elf/lib/mno-hw-mul\libsmallc.a(lib_a-printf.o)
 .text._printf_r
                0x0000000000009860       0x3c c:/intelfpga_lite/18.1/nios2eds/bin/gnu/h-x86_64-mingw32/bin/../lib/gcc/nios2-elf/5.3.0/../../../../../H-x86_64-mingw32/nios2-elf/lib/mno-hw-mul\libsmallc.a(lib_a-printf.o)
                0x0000000000009860                _printf_r
 .text.printf   0x000000000000989c       0x4c c:/intelfpga_lite/18.1/nios2eds/bin/gnu/h-x86_64-mingw32/bin/../lib/gcc/nios2-elf/5.3.0/../../../../../H-x86_64-mingw32/nios2-elf/lib/mno-hw-mul\libsmallc.a(lib_a-printf.o)
                0x000000000000989c                printf
 .text          0x00000000000098e8        0x0 c:/intelfpga_lite/18.1/nios2eds/bin/gnu/h-x86_64-mingw32/bin/../lib/gcc/nios2-elf/5.3.0/../../../../../H-x86_64-mingw32/nios2-elf/lib/mno-hw-mul\libsmallc.a(lib_a-puts.o)
 .text._puts_r  0x00000000000098e8       0x80 c:/intelfpga_lite/18.1/nios2eds/bin/gnu/h-x86_64-mingw32/bin/../lib/gcc/nios2-elf/5.3.0/../../../../../H-x86_64-mingw32/nios2-elf/lib/mno-hw-mul\libsmallc.a(lib_a-puts.o)
                0x00000000000098e8                _puts_r
 .text.puts     0x0000000000009968       0x14 c:/intelfpga_lite/18.1/nios2eds/bin/gnu/h-x86_64-mingw32/bin/../lib/gcc/nios2-elf/5.3.0/../../../../../H-x86_64-mingw32/nios2-elf/lib/mno-hw-mul\libsmallc.a(lib_a-puts.o)
                0x0000000000009968                puts
 .text          0x000000000000997c        0x0 c:/intelfpga_lite/18.1/nios2eds/bin/gnu/h-x86_64-mingw32/bin/../lib/gcc/nios2-elf/5.3.0/../../../../../H-x86_64-mingw32/nios2-elf/lib/mno-hw-mul\libsmallc.a(lib_a-rand.o)
 .text.srand    0x000000000000997c       0x14 c:/intelfpga_lite/18.1/nios2eds/bin/gnu/h-x86_64-mingw32/bin/../lib/gcc/nios2-elf/5.3.0/../../../../../H-x86_64-mingw32/nios2-elf/lib/mno-hw-mul\libsmallc.a(lib_a-rand.o)
                0x000000000000997c                srand
 .text.rand     0x0000000000009990       0x60 c:/intelfpga_lite/18.1/nios2eds/bin/gnu/h-x86_64-mingw32/bin/../lib/gcc/nios2-elf/5.3.0/../../../../../H-x86_64-mingw32/nios2-elf/lib/mno-hw-mul\libsmallc.a(lib_a-rand.o)
                0x0000000000009990                rand
 .text          0x00000000000099f0        0x0 c:/intelfpga_lite/18.1/nios2eds/bin/gnu/h-x86_64-mingw32/bin/../lib/gcc/nios2-elf/5.3.0/../../../../../H-x86_64-mingw32/nios2-elf/lib/mno-hw-mul\libsmallc.a(lib_a-sbrkr.o)
 .text._sbrk_r  0x00000000000099f0       0x50 c:/intelfpga_lite/18.1/nios2eds/bin/gnu/h-x86_64-mingw32/bin/../lib/gcc/nios2-elf/5.3.0/../../../../../H-x86_64-mingw32/nios2-elf/lib/mno-hw-mul\libsmallc.a(lib_a-sbrkr.o)
                0x00000000000099f0                _sbrk_r
 .text          0x0000000000009a40        0x0 c:/intelfpga_lite/18.1/nios2eds/bin/gnu/h-x86_64-mingw32/bin/../lib/gcc/nios2-elf/5.3.0/../../../../../H-x86_64-mingw32/nios2-elf/lib/mno-hw-mul\libsmallc.a(lib_a-strcmp.o)
 .text.strcmp   0x0000000000009a40       0x38 c:/intelfpga_lite/18.1/nios2eds/bin/gnu/h-x86_64-mingw32/bin/../lib/gcc/nios2-elf/5.3.0/../../../../../H-x86_64-mingw32/nios2-elf/lib/mno-hw-mul\libsmallc.a(lib_a-strcmp.o)
                0x0000000000009a40                strcmp
 .text          0x0000000000009a78        0x0 c:/intelfpga_lite/18.1/nios2eds/bin/gnu/h-x86_64-mingw32/bin/../lib/gcc/nios2-elf/5.3.0/../../../../../H-x86_64-mingw32/nios2-elf/lib/mno-hw-mul\libsmallc.a(lib_a-strcpy.o)
 .text.strcpy   0x0000000000009a78       0x2c c:/intelfpga_lite/18.1/nios2eds/bin/gnu/h-x86_64-mingw32/bin/../lib/gcc/nios2-elf/5.3.0/../../../../../H-x86_64-mingw32/nios2-elf/lib/mno-hw-mul\libsmallc.a(lib_a-strcpy.o)
                0x0000000000009a78                strcpy
 .text          0x0000000000009aa4        0x0 c:/intelfpga_lite/18.1/nios2eds/bin/gnu/h-x86_64-mingw32/bin/../lib/gcc/nios2-elf/5.3.0/../../../../../H-x86_64-mingw32/nios2-elf/lib/mno-hw-mul\libsmallc.a(lib_a-strlen.o)
 .text.strlen   0x0000000000009aa4       0x1c c:/intelfpga_lite/18.1/nios2eds/bin/gnu/h-x86_64-mingw32/bin/../lib/gcc/nios2-elf/5.3.0/../../../../../H-x86_64-mingw32/nios2-elf/lib/mno-hw-mul\libsmallc.a(lib_a-strlen.o)
                0x0000000000009aa4                strlen
 .text          0x0000000000009ac0        0x0 c:/intelfpga_lite/18.1/nios2eds/bin/gnu/h-x86_64-mingw32/bin/../lib/gcc/nios2-elf/5.3.0/../../../../../H-x86_64-mingw32/nios2-elf/lib/mno-hw-mul\libsmallc.a(lib_a-time.o)
 .text.time     0x0000000000009ac0       0x50 c:/intelfpga_lite/18.1/nios2eds/bin/gnu/h-x86_64-mingw32/bin/../lib/gcc/nios2-elf/5.3.0/../../../../../H-x86_64-mingw32/nios2-elf/lib/mno-hw-mul\libsmallc.a(lib_a-time.o)
                0x0000000000009ac0                time
 .text          0x0000000000009b10        0x0 c:/intelfpga_lite/18.1/nios2eds/bin/gnu/h-x86_64-mingw32/bin/../lib/gcc/nios2-elf/5.3.0/../../../../../H-x86_64-mingw32/nios2-elf/lib/mno-hw-mul\libsmallc.a(lib_a-vfprintf.o)
 .text.print_repeat
                0x0000000000009b10       0x6c c:/intelfpga_lite/18.1/nios2eds/bin/gnu/h-x86_64-mingw32/bin/../lib/gcc/nios2-elf/5.3.0/../../../../../H-x86_64-mingw32/nios2-elf/lib/mno-hw-mul\libsmallc.a(lib_a-vfprintf.o)
 .text.___vfprintf_internal_r
                0x0000000000009b7c      0x52c c:/intelfpga_lite/18.1/nios2eds/bin/gnu/h-x86_64-mingw32/bin/../lib/gcc/nios2-elf/5.3.0/../../../../../H-x86_64-mingw32/nios2-elf/lib/mno-hw-mul\libsmallc.a(lib_a-vfprintf.o)
                0x0000000000009b7c                ___vfprintf_internal_r
 .text.__vfprintf_internal
                0x000000000000a0a8       0x1c c:/intelfpga_lite/18.1/nios2eds/bin/gnu/h-x86_64-mingw32/bin/../lib/gcc/nios2-elf/5.3.0/../../../../../H-x86_64-mingw32/nios2-elf/lib/mno-hw-mul\libsmallc.a(lib_a-vfprintf.o)
                0x000000000000a0a8                __vfprintf_internal
 .text          0x000000000000a0c4        0x0 c:/intelfpga_lite/18.1/nios2eds/bin/gnu/h-x86_64-mingw32/bin/../lib/gcc/nios2-elf/5.3.0/../../../../../H-x86_64-mingw32/nios2-elf/lib/mno-hw-mul\libsmallc.a(lib_a-fvwrite_small_dev.o)
 .text.__sfvwrite_small_dev
                0x000000000000a0c4       0xb8 c:/intelfpga_lite/18.1/nios2eds/bin/gnu/h-x86_64-mingw32/bin/../lib/gcc/nios2-elf/5.3.0/../../../../../H-x86_64-mingw32/nios2-elf/lib/mno-hw-mul\libsmallc.a(lib_a-fvwrite_small_dev.o)
                0x000000000000a0c4                __sfvwrite_small_dev
 .text          0x000000000000a17c        0x0 c:/intelfpga_lite/18.1/nios2eds/bin/gnu/h-x86_64-mingw32/bin/../lib/gcc/nios2-elf/5.3.0/../../../../../H-x86_64-mingw32/nios2-elf/lib/mno-hw-mul\libsmallc.a(lib_a-gettimeofdayr.o)
 .text._gettimeofday_r
                0x000000000000a17c       0x54 c:/intelfpga_lite/18.1/nios2eds/bin/gnu/h-x86_64-mingw32/bin/../lib/gcc/nios2-elf/5.3.0/../../../../../H-x86_64-mingw32/nios2-elf/lib/mno-hw-mul\libsmallc.a(lib_a-gettimeofdayr.o)
                0x000000000000a17c                _gettimeofday_r
 .text          0x000000000000a1d0        0x0 c:/intelfpga_lite/18.1/nios2eds/bin/gnu/h-x86_64-mingw32/bin/../lib/gcc/nios2-elf/5.3.0/../../../../../H-x86_64-mingw32/nios2-elf/lib/mno-hw-mul\libsmallc.a(lib_a-impure.o)
 .text          0x000000000000a1d0        0x0 c:/intelfpga_lite/18.1/nios2eds/bin/gnu/h-x86_64-mingw32/bin/../lib/gcc/nios2-elf/5.3.0/../../../../../H-x86_64-mingw32/nios2-elf/lib/mno-hw-mul\libsmallc.a(lib_a-int_errno.o)
 .text          0x000000000000a1d0        0x0 c:/intelfpga_lite/18.1/nios2eds/bin/gnu/h-x86_64-mingw32/bin/../lib/gcc/nios2-elf/5.3.0/../../../../../H-x86_64-mingw32/nios2-elf/lib/mno-hw-mul\libsmallc.a(lib_a-writer.o)
 .text._write_r
                0x000000000000a1d0       0x58 c:/intelfpga_lite/18.1/nios2eds/bin/gnu/h-x86_64-mingw32/bin/../lib/gcc/nios2-elf/5.3.0/../../../../../H-x86_64-mingw32/nios2-elf/lib/mno-hw-mul\libsmallc.a(lib_a-writer.o)
                0x000000000000a1d0                _write_r
 .text          0x000000000000a228      0x10c c:/intelfpga_lite/18.1/nios2eds/bin/gnu/h-x86_64-mingw32/bin/../lib/gcc/nios2-elf/5.3.0/mno-hw-mul\libgcc.a(_muldi3.o)
                0x000000000000a228                __muldi3
 .text          0x000000000000a334      0x1b4 c:/intelfpga_lite/18.1/nios2eds/bin/gnu/h-x86_64-mingw32/bin/../lib/gcc/nios2-elf/5.3.0/mno-hw-mul\libgcc.a(lib2-divmod.o)
                0x000000000000a334                __divsi3
                0x000000000000a3b8                __modsi3
                0x000000000000a42c                __udivsi3
                0x000000000000a490                __umodsi3
 .text          0x000000000000a4e8      0x1f4 C:/Users/Class2018/Documents/Projects/Crypto_wallet/impl/nios_proj_bsp/\libhal_bsp.a(alt_gettod.o)
                0x000000000000a4e8                gettimeofday
 .text          0x000000000000a6dc       0xec C:/Users/Class2018/Documents/Projects/Crypto_wallet/impl/nios_proj_bsp/\libhal_bsp.a(alt_load.o)
                0x000000000000a744                alt_load
 .text          0x000000000000a7c8       0x7c C:/Users/Class2018/Documents/Projects/Crypto_wallet/impl/nios_proj_bsp/\libhal_bsp.a(alt_main.o)
                0x000000000000a7c8                alt_main
 .text          0x000000000000a844       0xb0 C:/Users/Class2018/Documents/Projects/Crypto_wallet/impl/nios_proj_bsp/\libhal_bsp.a(alt_sbrk.o)
                0x000000000000a844                sbrk
 .text          0x000000000000a8f4      0x1a4 C:/Users/Class2018/Documents/Projects/Crypto_wallet/impl/nios_proj_bsp/\libhal_bsp.a(alt_tick.o)
                0x000000000000a8f4                alt_alarm_stop
                0x000000000000a990                alt_tick
 .text          0x000000000000aa98      0x13c C:/Users/Class2018/Documents/Projects/Crypto_wallet/impl/nios_proj_bsp/\libhal_bsp.a(alt_write.o)
                0x000000000000aad4                write
 .text          0x000000000000abd4       0xc4 C:/Users/Class2018/Documents/Projects/Crypto_wallet/impl/nios_proj_bsp/\libhal_bsp.a(alt_sys_init.o)
                0x000000000000ac08                alt_irq_init
                0x000000000000ac40                alt_sys_init
 .text          0x000000000000ac98      0xafc C:/Users/Class2018/Documents/Projects/Crypto_wallet/impl/nios_proj_bsp/\libhal_bsp.a(altera_avalon_epcs_flash_controller.o)
                0x000000000000accc                alt_epcs_flash_init
                0x000000000000b204                alt_epcs_flash_write
                0x000000000000b464                alt_epcs_flash_get_info
                0x000000000000b584                alt_epcs_flash_erase_block
                0x000000000000b5fc                alt_epcs_flash_write_block
                0x000000000000b6fc                alt_epcs_flash_read
 .text          0x000000000000b794      0x164 C:/Users/Class2018/Documents/Projects/Crypto_wallet/impl/nios_proj_bsp/\libhal_bsp.a(altera_avalon_jtag_uart_fd.o)
                0x000000000000b794                altera_avalon_jtag_uart_read_fd
                0x000000000000b7f4                altera_avalon_jtag_uart_write_fd
                0x000000000000b854                altera_avalon_jtag_uart_close_fd
                0x000000000000b8a4                altera_avalon_jtag_uart_ioctl_fd
 .text          0x000000000000b8f8      0x3d4 C:/Users/Class2018/Documents/Projects/Crypto_wallet/impl/nios_proj_bsp/\libhal_bsp.a(altera_avalon_jtag_uart_init.o)
                0x000000000000b8f8                altera_avalon_jtag_uart_init
                0x000000000000bc64                altera_avalon_jtag_uart_close
 .text          0x000000000000bccc       0xf0 C:/Users/Class2018/Documents/Projects/Crypto_wallet/impl/nios_proj_bsp/\libhal_bsp.a(altera_avalon_jtag_uart_ioctl.o)
                0x000000000000bccc                altera_avalon_jtag_uart_ioctl
 .text          0x000000000000bdbc      0x21c C:/Users/Class2018/Documents/Projects/Crypto_wallet/impl/nios_proj_bsp/\libhal_bsp.a(altera_avalon_jtag_uart_read.o)
                0x000000000000bdbc                altera_avalon_jtag_uart_read
 .text          0x000000000000bfd8      0x224 C:/Users/Class2018/Documents/Projects/Crypto_wallet/impl/nios_proj_bsp/\libhal_bsp.a(altera_avalon_jtag_uart_write.o)
                0x000000000000bfd8                altera_avalon_jtag_uart_write
 .text          0x000000000000c1fc      0x63c C:/Users/Class2018/Documents/Projects/Crypto_wallet/impl/nios_proj_bsp/\libhal_bsp.a(epcs_commands.o)
                0x000000000000c1fc                epcs_read_status_register
                0x000000000000c2cc                epcs_sector_erase
                0x000000000000c3c8                epcs_read_buffer
                0x000000000000c4bc                epcs_write_enable
                0x000000000000c510                epcs_write_status_register
                0x000000000000c57c                epcs_write_buffer
                0x000000000000c698                epcs_read_electronic_signature
                0x000000000000c700                epcs_read_device_id
                0x000000000000c780                epcs_enter_4_bytes_mode
                0x000000000000c7dc                epcs_exit_4_bytes_mode
 .text          0x000000000000c838      0x12c C:/Users/Class2018/Documents/Projects/Crypto_wallet/impl/nios_proj_bsp/\libhal_bsp.a(alt_alarm_start.o)
                0x000000000000c838                alt_alarm_start
 .text          0x000000000000c964      0x114 C:/Users/Class2018/Documents/Projects/Crypto_wallet/impl/nios_proj_bsp/\libhal_bsp.a(alt_close.o)
                0x000000000000c9a0                close
 .text          0x000000000000ca78       0x20 C:/Users/Class2018/Documents/Projects/Crypto_wallet/impl/nios_proj_bsp/\libhal_bsp.a(alt_dcache_flush_all.o)
                0x000000000000ca78                alt_dcache_flush_all
 .text          0x000000000000ca98       0x2c C:/Users/Class2018/Documents/Projects/Crypto_wallet/impl/nios_proj_bsp/\libhal_bsp.a(alt_dev.o)
 .text          0x000000000000cac4       0xe0 C:/Users/Class2018/Documents/Projects/Crypto_wallet/impl/nios_proj_bsp/\libhal_bsp.a(alt_dev_llist_insert.o)
                0x000000000000cb00                alt_dev_llist_insert
 .text          0x000000000000cba4       0x60 C:/Users/Class2018/Documents/Projects/Crypto_wallet/impl/nios_proj_bsp/\libhal_bsp.a(alt_do_ctors.o)
                0x000000000000cba4                _do_ctors
 .text          0x000000000000cc04       0x60 C:/Users/Class2018/Documents/Projects/Crypto_wallet/impl/nios_proj_bsp/\libhal_bsp.a(alt_do_dtors.o)
                0x000000000000cc04                _do_dtors
 .text          0x000000000000cc64        0x0 C:/Users/Class2018/Documents/Projects/Crypto_wallet/impl/nios_proj_bsp/\libhal_bsp.a(alt_errno.o)
 .text          0x000000000000cc64       0xbc C:/Users/Class2018/Documents/Projects/Crypto_wallet/impl/nios_proj_bsp/\libhal_bsp.a(alt_flash_dev.o)
                0x000000000000cc64                alt_flash_open_dev
                0x000000000000cccc                alt_flash_close_dev
 .text          0x000000000000cd20       0x20 C:/Users/Class2018/Documents/Projects/Crypto_wallet/impl/nios_proj_bsp/\libhal_bsp.a(alt_icache_flush_all.o)
                0x000000000000cd20                alt_icache_flush_all
 .text          0x000000000000cd40      0x1b0 C:/Users/Class2018/Documents/Projects/Crypto_wallet/impl/nios_proj_bsp/\libhal_bsp.a(alt_iic.o)
                0x000000000000cd40                alt_ic_isr_register
                0x000000000000cd90                alt_ic_irq_enable
                0x000000000000ce18                alt_ic_irq_disable
                0x000000000000cea4                alt_ic_irq_enabled
 .text          0x000000000000cef0       0xf0 C:/Users/Class2018/Documents/Projects/Crypto_wallet/impl/nios_proj_bsp/\libhal_bsp.a(alt_iic_isr_register.o)
                0x000000000000cef0                alt_iic_isr_register
 .text          0x000000000000cfe0      0x160 C:/Users/Class2018/Documents/Projects/Crypto_wallet/impl/nios_proj_bsp/\libhal_bsp.a(alt_io_redirect.o)
                0x000000000000d0c4                alt_io_redirect
 .text          0x000000000000d140        0x0 C:/Users/Class2018/Documents/Projects/Crypto_wallet/impl/nios_proj_bsp/\libhal_bsp.a(alt_irq_entry.o)
 .text          0x000000000000d140        0x0 C:/Users/Class2018/Documents/Projects/Crypto_wallet/impl/nios_proj_bsp/\libhal_bsp.a(alt_irq_handler.o)
 .text          0x000000000000d140        0x0 C:/Users/Class2018/Documents/Projects/Crypto_wallet/impl/nios_proj_bsp/\libhal_bsp.a(alt_irq_vars.o)
 .text          0x000000000000d140      0x284 C:/Users/Class2018/Documents/Projects/Crypto_wallet/impl/nios_proj_bsp/\libhal_bsp.a(alt_open.o)
                0x000000000000d268                open
 .text          0x000000000000d3c4       0x84 C:/Users/Class2018/Documents/Projects/Crypto_wallet/impl/nios_proj_bsp/\libhal_bsp.a(alt_release_fd.o)
                0x000000000000d3c4                alt_release_fd
 .text          0x000000000000d448       0x24 C:/Users/Class2018/Documents/Projects/Crypto_wallet/impl/nios_proj_bsp/\libhal_bsp.a(altera_nios2_gen2_irq.o)
                0x000000000000d448                altera_nios2_gen2_irq_init
 .text          0x000000000000d46c      0x1fc C:/Users/Class2018/Documents/Projects/Crypto_wallet/impl/nios_proj_bsp/\libhal_bsp.a(altera_avalon_spi.o)
                0x000000000000d46c                alt_avalon_spi_command
 .text          0x000000000000d668        0x0 C:/Users/Class2018/Documents/Projects/Crypto_wallet/impl/nios_proj_bsp/\libhal_bsp.a(alt_exception_entry.o)
 .text          0x000000000000d668       0x90 C:/Users/Class2018/Documents/Projects/Crypto_wallet/impl/nios_proj_bsp/\libhal_bsp.a(alt_find_dev.o)
                0x000000000000d668                alt_find_dev
 .text          0x000000000000d6f8      0x108 C:/Users/Class2018/Documents/Projects/Crypto_wallet/impl/nios_proj_bsp/\libhal_bsp.a(alt_find_file.o)
                0x000000000000d6f8                alt_find_file
 .text          0x000000000000d800       0xc4 C:/Users/Class2018/Documents/Projects/Crypto_wallet/impl/nios_proj_bsp/\libhal_bsp.a(alt_get_fd.o)
                0x000000000000d800                alt_get_fd
 .text          0x000000000000d8c4       0x9c C:/Users/Class2018/Documents/Projects/Crypto_wallet/impl/nios_proj_bsp/\libhal_bsp.a(alt_instruction_exception_entry.o)
                0x000000000000d8c4                alt_exception_cause_generated_bad_addr
 .text          0x000000000000d960        0x0 c:/intelfpga_lite/18.1/nios2eds/bin/gnu/h-x86_64-mingw32/bin/../lib/gcc/nios2-elf/5.3.0/../../../../../H-x86_64-mingw32/nios2-elf/lib/mno-hw-mul\libsmallc.a(lib_a-atexit.o)
 .text.atexit   0x000000000000d960       0x14 c:/intelfpga_lite/18.1/nios2eds/bin/gnu/h-x86_64-mingw32/bin/../lib/gcc/nios2-elf/5.3.0/../../../../../H-x86_64-mingw32/nios2-elf/lib/mno-hw-mul\libsmallc.a(lib_a-atexit.o)
                0x000000000000d960                atexit
 .text          0x000000000000d974        0x0 c:/intelfpga_lite/18.1/nios2eds/bin/gnu/h-x86_64-mingw32/bin/../lib/gcc/nios2-elf/5.3.0/../../../../../H-x86_64-mingw32/nios2-elf/lib/mno-hw-mul\libsmallc.a(lib_a-exit.o)
 .text.exit     0x000000000000d974       0x20 c:/intelfpga_lite/18.1/nios2eds/bin/gnu/h-x86_64-mingw32/bin/../lib/gcc/nios2-elf/5.3.0/../../../../../H-x86_64-mingw32/nios2-elf/lib/mno-hw-mul\libsmallc.a(lib_a-exit.o)
                0x000000000000d974                exit
 .text          0x000000000000d994        0x0 c:/intelfpga_lite/18.1/nios2eds/bin/gnu/h-x86_64-mingw32/bin/../lib/gcc/nios2-elf/5.3.0/../../../../../H-x86_64-mingw32/nios2-elf/lib/mno-hw-mul\libsmallc.a(lib_a-memcmp.o)
 .text.memcmp   0x000000000000d994       0x30 c:/intelfpga_lite/18.1/nios2eds/bin/gnu/h-x86_64-mingw32/bin/../lib/gcc/nios2-elf/5.3.0/../../../../../H-x86_64-mingw32/nios2-elf/lib/mno-hw-mul\libsmallc.a(lib_a-memcmp.o)
                0x000000000000d994                memcmp
 .text          0x000000000000d9c4        0x0 c:/intelfpga_lite/18.1/nios2eds/bin/gnu/h-x86_64-mingw32/bin/../lib/gcc/nios2-elf/5.3.0/../../../../../H-x86_64-mingw32/nios2-elf/lib/mno-hw-mul\libsmallc.a(lib_a-__atexit.o)
 .text.__register_exitproc
                0x000000000000d9c4      0x158 c:/intelfpga_lite/18.1/nios2eds/bin/gnu/h-x86_64-mingw32/bin/../lib/gcc/nios2-elf/5.3.0/../../../../../H-x86_64-mingw32/nios2-elf/lib/mno-hw-mul\libsmallc.a(lib_a-__atexit.o)
                0x000000000000d9c4                __register_exitproc
 .text          0x000000000000db1c        0x0 c:/intelfpga_lite/18.1/nios2eds/bin/gnu/h-x86_64-mingw32/bin/../lib/gcc/nios2-elf/5.3.0/../../../../../H-x86_64-mingw32/nios2-elf/lib/mno-hw-mul\libsmallc.a(lib_a-__call_atexit.o)
 .text.__call_exitprocs
                0x000000000000db1c      0x190 c:/intelfpga_lite/18.1/nios2eds/bin/gnu/h-x86_64-mingw32/bin/../lib/gcc/nios2-elf/5.3.0/../../../../../H-x86_64-mingw32/nios2-elf/lib/mno-hw-mul\libsmallc.a(lib_a-__call_atexit.o)
                0x000000000000db1c                __call_exitprocs
 .text          0x000000000000dcac      0x5c4 c:/intelfpga_lite/18.1/nios2eds/bin/gnu/h-x86_64-mingw32/bin/../lib/gcc/nios2-elf/5.3.0/mno-hw-mul\libgcc.a(_umoddi3.o)
                0x000000000000dcac                __umoddi3
 .text          0x000000000000e270        0x0 c:/intelfpga_lite/18.1/nios2eds/bin/gnu/h-x86_64-mingw32/bin/../lib/gcc/nios2-elf/5.3.0/mno-hw-mul\libgcc.a(_clz.o)
 .text          0x000000000000e270       0x34 C:/Users/Class2018/Documents/Projects/Crypto_wallet/impl/nios_proj_bsp/\libhal_bsp.a(alt_exit.o)
                0x000000000000e270                _exit
 *(.gnu.warning.*)
 *(.fini)
                [!provide]                        PROVIDE (__etext, ABSOLUTE (.))
                [!provide]                        PROVIDE (_etext, ABSOLUTE (.))
                [!provide]                        PROVIDE (etext, ABSOLUTE (.))
 *(.eh_frame_hdr)
                0x000000000000e2a4                . = ALIGN (0x4)
                [!provide]                        PROVIDE (__preinit_array_start, ABSOLUTE (.))
 *(.preinit_array)
                [!provide]                        PROVIDE (__preinit_array_end, ABSOLUTE (.))
                [!provide]                        PROVIDE (__init_array_start, ABSOLUTE (.))
 *(.init_array)
                [!provide]                        PROVIDE (__init_array_end, ABSOLUTE (.))
                [!provide]                        PROVIDE (__fini_array_start, ABSOLUTE (.))
 *(.fini_array)
                [!provide]                        PROVIDE (__fini_array_end, ABSOLUTE (.))
 *(.eh_frame)
 *(.gcc_except_table .gcc_except_table.*)
 *(.dynamic)
                0x000000000000e2a4                PROVIDE (__CTOR_LIST__, ABSOLUTE (.))
 *(.ctors)
 *(SORT(.ctors.*))
                0x000000000000e2a4                PROVIDE (__CTOR_END__, ABSOLUTE (.))
                0x000000000000e2a4                PROVIDE (__DTOR_LIST__, ABSOLUTE (.))
 *(.dtors)
 *(SORT(.dtors.*))
                0x000000000000e2a4                PROVIDE (__DTOR_END__, ABSOLUTE (.))
 *(.jcr)
                0x000000000000e2a4                . = ALIGN (0x4)

.rodata         0x000000000000e2a4     0x8958
                0x000000000000e2a4                PROVIDE (__ram_rodata_start, ABSOLUTE (.))
                0x000000000000e2a4                . = ALIGN (0x4)
 *(.rodata .rodata.* .gnu.linkonce.r.*)
 .rodata        0x000000000000e2a4       0x1b obj/default/bip32.o
 *fill*         0x000000000000e2bf        0x1 
 .rodata        0x000000000000e2c0     0x5fd1 obj/default/bip39.o
 *fill*         0x0000000000014291        0x3 
 .rodata        0x0000000000014294     0x1fb4 obj/default/chainparams.o
                0x000000000001429c                btc_chainparams_main
                0x0000000000014ae4                btc_chainparams_test
                0x0000000000015328                btc_chainparams_regtest
                0x00000000000160f8                btc_mainnet_checkpoint_array
 .rodata        0x0000000000016248      0x3e0 obj/default/sha2.o
 .rodata        0x0000000000016628      0x405 obj/default/sha2mnemonic.o
                0x0000000000016628                sha1_initial_hash_value
                0x000000000001673c                sha256_initial_hash_value
                0x00000000000169dc                sha512_initial_hash_value
 *fill*         0x0000000000016a2d        0x3 
 .rodata        0x0000000000016a30       0x80 obj/default/wallet_main.o
 .rodata.str1.4
                0x0000000000016ab0        0x4 c:/intelfpga_lite/18.1/nios2eds/bin/gnu/h-x86_64-mingw32/bin/../lib/gcc/nios2-elf/5.3.0/../../../../../H-x86_64-mingw32/nios2-elf/lib/mno-hw-mul\libsmallc.a(lib_a-puts.o)
                                          0x2 (size before relaxing)
 .rodata        0x0000000000016ab4        0xf C:/Users/Class2018/Documents/Projects/Crypto_wallet/impl/nios_proj_bsp/\libhal_bsp.a(alt_main.o)
 *fill*         0x0000000000016ac3        0x1 
 .rodata        0x0000000000016ac4       0x2b C:/Users/Class2018/Documents/Projects/Crypto_wallet/impl/nios_proj_bsp/\libhal_bsp.a(alt_sys_init.o)
 *fill*         0x0000000000016aef        0x1 
 .rodata        0x0000000000016af0        0xa C:/Users/Class2018/Documents/Projects/Crypto_wallet/impl/nios_proj_bsp/\libhal_bsp.a(alt_dev.o)
 .rodata        0x0000000000016afa      0x100 c:/intelfpga_lite/18.1/nios2eds/bin/gnu/h-x86_64-mingw32/bin/../lib/gcc/nios2-elf/5.3.0/mno-hw-mul\libgcc.a(_clz.o)
                0x0000000000016afa                __clz_tab
 *(.rodata1)
                0x0000000000016bfc                . = ALIGN (0x4)
 *fill*         0x0000000000016bfa        0x2 
                0x0000000000016bfc                PROVIDE (__ram_rodata_end, ABSOLUTE (.))
                0x000000000000e2a4                PROVIDE (__flash_rodata_start, LOADADDR (.rodata))

.rwdata         0x0000000000016bfc     0x13f0 load address 0x0000000000017fec
                0x0000000000016bfc                PROVIDE (__ram_rwdata_start, ABSOLUTE (.))
                0x0000000000016bfc                . = ALIGN (0x4)
 *(.got.plt)
 *(.got)
 *(.data1)
 *(.data .data.* .gnu.linkonce.d.*)
 .data          0x0000000000016bfc        0x0 C:/Users/Class2018/Documents/Projects/Crypto_wallet/impl/nios_proj_bsp//obj/HAL/src/crt0.o
 .data          0x0000000000016bfc        0x0 obj/default/bip32.o
 .data          0x0000000000016bfc        0x0 obj/default/bip39.o
 .data          0x0000000000016bfc        0x0 obj/default/chainparams.o
 .data          0x0000000000016bfc        0x0 obj/default/commontools.o
 .data          0x0000000000016bfc        0x0 obj/default/hmac.o
 .data          0x0000000000016bfc        0x0 obj/default/memzero.o
 .data          0x0000000000016bfc        0x0 obj/default/pbkdf2.o
 .data          0x0000000000016bfc        0x0 obj/default/rand.o
 .data          0x0000000000016bfc        0x0 obj/default/sha2.o
 .data          0x0000000000016bfc        0x0 obj/default/sha2mnemonic.o
 .data          0x0000000000016bfc        0x0 obj/default/wallet_main.o
 .data          0x0000000000016bfc        0x0 obj/default/wallet_system.o
 .data          0x0000000000016bfc        0x0 c:/intelfpga_lite/18.1/nios2eds/bin/gnu/h-x86_64-mingw32/bin/../lib/gcc/nios2-elf/5.3.0/mno-hw-mul\libgcc.a(lib2-mul.o)
 .data          0x0000000000016bfc        0x0 c:/intelfpga_lite/18.1/nios2eds/bin/gnu/h-x86_64-mingw32/bin/../lib/gcc/nios2-elf/5.3.0/../../../../../H-x86_64-mingw32/nios2-elf/lib/mno-hw-mul\libsmallc.a(lib_a-malloc.o)
 .data          0x0000000000016bfc        0x0 c:/intelfpga_lite/18.1/nios2eds/bin/gnu/h-x86_64-mingw32/bin/../lib/gcc/nios2-elf/5.3.0/../../../../../H-x86_64-mingw32/nios2-elf/lib/mno-hw-mul\libsmallc.a(lib_a-memcpy.o)
 .data          0x0000000000016bfc        0x0 c:/intelfpga_lite/18.1/nios2eds/bin/gnu/h-x86_64-mingw32/bin/../lib/gcc/nios2-elf/5.3.0/../../../../../H-x86_64-mingw32/nios2-elf/lib/mno-hw-mul\libsmallc.a(lib_a-memset.o)
 .data          0x0000000000016bfc        0x0 c:/intelfpga_lite/18.1/nios2eds/bin/gnu/h-x86_64-mingw32/bin/../lib/gcc/nios2-elf/5.3.0/../../../../../H-x86_64-mingw32/nios2-elf/lib/mno-hw-mul\libsmallc.a(lib_a-nano-freer.o)
 .data          0x0000000000016bfc        0x0 c:/intelfpga_lite/18.1/nios2eds/bin/gnu/h-x86_64-mingw32/bin/../lib/gcc/nios2-elf/5.3.0/../../../../../H-x86_64-mingw32/nios2-elf/lib/mno-hw-mul\libsmallc.a(lib_a-nano-mallocr.o)
 .data          0x0000000000016bfc        0x0 c:/intelfpga_lite/18.1/nios2eds/bin/gnu/h-x86_64-mingw32/bin/../lib/gcc/nios2-elf/5.3.0/../../../../../H-x86_64-mingw32/nios2-elf/lib/mno-hw-mul\libsmallc.a(lib_a-printf.o)
 .data          0x0000000000016bfc        0x0 c:/intelfpga_lite/18.1/nios2eds/bin/gnu/h-x86_64-mingw32/bin/../lib/gcc/nios2-elf/5.3.0/../../../../../H-x86_64-mingw32/nios2-elf/lib/mno-hw-mul\libsmallc.a(lib_a-puts.o)
 .data          0x0000000000016bfc        0x0 c:/intelfpga_lite/18.1/nios2eds/bin/gnu/h-x86_64-mingw32/bin/../lib/gcc/nios2-elf/5.3.0/../../../../../H-x86_64-mingw32/nios2-elf/lib/mno-hw-mul\libsmallc.a(lib_a-rand.o)
 .data          0x0000000000016bfc        0x0 c:/intelfpga_lite/18.1/nios2eds/bin/gnu/h-x86_64-mingw32/bin/../lib/gcc/nios2-elf/5.3.0/../../../../../H-x86_64-mingw32/nios2-elf/lib/mno-hw-mul\libsmallc.a(lib_a-sbrkr.o)
 .data          0x0000000000016bfc        0x0 c:/intelfpga_lite/18.1/nios2eds/bin/gnu/h-x86_64-mingw32/bin/../lib/gcc/nios2-elf/5.3.0/../../../../../H-x86_64-mingw32/nios2-elf/lib/mno-hw-mul\libsmallc.a(lib_a-strcmp.o)
 .data          0x0000000000016bfc        0x0 c:/intelfpga_lite/18.1/nios2eds/bin/gnu/h-x86_64-mingw32/bin/../lib/gcc/nios2-elf/5.3.0/../../../../../H-x86_64-mingw32/nios2-elf/lib/mno-hw-mul\libsmallc.a(lib_a-strcpy.o)
 .data          0x0000000000016bfc        0x0 c:/intelfpga_lite/18.1/nios2eds/bin/gnu/h-x86_64-mingw32/bin/../lib/gcc/nios2-elf/5.3.0/../../../../../H-x86_64-mingw32/nios2-elf/lib/mno-hw-mul\libsmallc.a(lib_a-strlen.o)
 .data          0x0000000000016bfc        0x0 c:/intelfpga_lite/18.1/nios2eds/bin/gnu/h-x86_64-mingw32/bin/../lib/gcc/nios2-elf/5.3.0/../../../../../H-x86_64-mingw32/nios2-elf/lib/mno-hw-mul\libsmallc.a(lib_a-time.o)
 .data          0x0000000000016bfc        0x0 c:/intelfpga_lite/18.1/nios2eds/bin/gnu/h-x86_64-mingw32/bin/../lib/gcc/nios2-elf/5.3.0/../../../../../H-x86_64-mingw32/nios2-elf/lib/mno-hw-mul\libsmallc.a(lib_a-vfprintf.o)
 .data          0x0000000000016bfc        0x0 c:/intelfpga_lite/18.1/nios2eds/bin/gnu/h-x86_64-mingw32/bin/../lib/gcc/nios2-elf/5.3.0/../../../../../H-x86_64-mingw32/nios2-elf/lib/mno-hw-mul\libsmallc.a(lib_a-fvwrite_small_dev.o)
 .data          0x0000000000016bfc        0x0 c:/intelfpga_lite/18.1/nios2eds/bin/gnu/h-x86_64-mingw32/bin/../lib/gcc/nios2-elf/5.3.0/../../../../../H-x86_64-mingw32/nios2-elf/lib/mno-hw-mul\libsmallc.a(lib_a-gettimeofdayr.o)
 .data          0x0000000000016bfc        0x0 c:/intelfpga_lite/18.1/nios2eds/bin/gnu/h-x86_64-mingw32/bin/../lib/gcc/nios2-elf/5.3.0/../../../../../H-x86_64-mingw32/nios2-elf/lib/mno-hw-mul\libsmallc.a(lib_a-impure.o)
 .data.impure_data
                0x0000000000016bfc       0xe0 c:/intelfpga_lite/18.1/nios2eds/bin/gnu/h-x86_64-mingw32/bin/../lib/gcc/nios2-elf/5.3.0/../../../../../H-x86_64-mingw32/nios2-elf/lib/mno-hw-mul\libsmallc.a(lib_a-impure.o)
 .data          0x0000000000016cdc        0x0 c:/intelfpga_lite/18.1/nios2eds/bin/gnu/h-x86_64-mingw32/bin/../lib/gcc/nios2-elf/5.3.0/../../../../../H-x86_64-mingw32/nios2-elf/lib/mno-hw-mul\libsmallc.a(lib_a-int_errno.o)
 .data          0x0000000000016cdc        0x0 c:/intelfpga_lite/18.1/nios2eds/bin/gnu/h-x86_64-mingw32/bin/../lib/gcc/nios2-elf/5.3.0/../../../../../H-x86_64-mingw32/nios2-elf/lib/mno-hw-mul\libsmallc.a(lib_a-writer.o)
 .data          0x0000000000016cdc        0x0 c:/intelfpga_lite/18.1/nios2eds/bin/gnu/h-x86_64-mingw32/bin/../lib/gcc/nios2-elf/5.3.0/mno-hw-mul\libgcc.a(_muldi3.o)
 .data          0x0000000000016cdc        0x0 c:/intelfpga_lite/18.1/nios2eds/bin/gnu/h-x86_64-mingw32/bin/../lib/gcc/nios2-elf/5.3.0/mno-hw-mul\libgcc.a(lib2-divmod.o)
 .data          0x0000000000016cdc        0x0 C:/Users/Class2018/Documents/Projects/Crypto_wallet/impl/nios_proj_bsp/\libhal_bsp.a(alt_gettod.o)
 .data          0x0000000000016cdc        0x0 C:/Users/Class2018/Documents/Projects/Crypto_wallet/impl/nios_proj_bsp/\libhal_bsp.a(alt_load.o)
 .data          0x0000000000016cdc        0x0 C:/Users/Class2018/Documents/Projects/Crypto_wallet/impl/nios_proj_bsp/\libhal_bsp.a(alt_main.o)
 .data          0x0000000000016cdc        0x0 C:/Users/Class2018/Documents/Projects/Crypto_wallet/impl/nios_proj_bsp/\libhal_bsp.a(alt_sbrk.o)
 .data          0x0000000000016cdc        0x0 C:/Users/Class2018/Documents/Projects/Crypto_wallet/impl/nios_proj_bsp/\libhal_bsp.a(alt_tick.o)
 .data          0x0000000000016cdc        0x0 C:/Users/Class2018/Documents/Projects/Crypto_wallet/impl/nios_proj_bsp/\libhal_bsp.a(alt_write.o)
 .data          0x0000000000016cdc     0x112c C:/Users/Class2018/Documents/Projects/Crypto_wallet/impl/nios_proj_bsp/\libhal_bsp.a(alt_sys_init.o)
 .data          0x0000000000017e08        0x0 C:/Users/Class2018/Documents/Projects/Crypto_wallet/impl/nios_proj_bsp/\libhal_bsp.a(altera_avalon_epcs_flash_controller.o)
 .data          0x0000000000017e08        0x0 C:/Users/Class2018/Documents/Projects/Crypto_wallet/impl/nios_proj_bsp/\libhal_bsp.a(altera_avalon_jtag_uart_fd.o)
 .data          0x0000000000017e08        0x0 C:/Users/Class2018/Documents/Projects/Crypto_wallet/impl/nios_proj_bsp/\libhal_bsp.a(altera_avalon_jtag_uart_init.o)
 .data          0x0000000000017e08        0x0 C:/Users/Class2018/Documents/Projects/Crypto_wallet/impl/nios_proj_bsp/\libhal_bsp.a(altera_avalon_jtag_uart_ioctl.o)
 .data          0x0000000000017e08        0x0 C:/Users/Class2018/Documents/Projects/Crypto_wallet/impl/nios_proj_bsp/\libhal_bsp.a(altera_avalon_jtag_uart_read.o)
 .data          0x0000000000017e08        0x0 C:/Users/Class2018/Documents/Projects/Crypto_wallet/impl/nios_proj_bsp/\libhal_bsp.a(altera_avalon_jtag_uart_write.o)
 .data          0x0000000000017e08        0x0 C:/Users/Class2018/Documents/Projects/Crypto_wallet/impl/nios_proj_bsp/\libhal_bsp.a(epcs_commands.o)
 .data          0x0000000000017e08        0x0 C:/Users/Class2018/Documents/Projects/Crypto_wallet/impl/nios_proj_bsp/\libhal_bsp.a(alt_alarm_start.o)
 .data          0x0000000000017e08        0x0 C:/Users/Class2018/Documents/Projects/Crypto_wallet/impl/nios_proj_bsp/\libhal_bsp.a(alt_close.o)
 .data          0x0000000000017e08        0x0 C:/Users/Class2018/Documents/Projects/Crypto_wallet/impl/nios_proj_bsp/\libhal_bsp.a(alt_dcache_flush_all.o)
 .data          0x0000000000017e08      0x1a8 C:/Users/Class2018/Documents/Projects/Crypto_wallet/impl/nios_proj_bsp/\libhal_bsp.a(alt_dev.o)
                0x0000000000017e08                alt_dev_null
                0x0000000000017e30                alt_fd_list
 .data          0x0000000000017fb0        0x0 C:/Users/Class2018/Documents/Projects/Crypto_wallet/impl/nios_proj_bsp/\libhal_bsp.a(alt_dev_llist_insert.o)
 .data          0x0000000000017fb0        0x0 C:/Users/Class2018/Documents/Projects/Crypto_wallet/impl/nios_proj_bsp/\libhal_bsp.a(alt_do_ctors.o)
 .data          0x0000000000017fb0        0x0 C:/Users/Class2018/Documents/Projects/Crypto_wallet/impl/nios_proj_bsp/\libhal_bsp.a(alt_do_dtors.o)
 .data          0x0000000000017fb0        0x0 C:/Users/Class2018/Documents/Projects/Crypto_wallet/impl/nios_proj_bsp/\libhal_bsp.a(alt_errno.o)
 .data          0x0000000000017fb0        0x0 C:/Users/Class2018/Documents/Projects/Crypto_wallet/impl/nios_proj_bsp/\libhal_bsp.a(alt_flash_dev.o)
 .data          0x0000000000017fb0        0x0 C:/Users/Class2018/Documents/Projects/Crypto_wallet/impl/nios_proj_bsp/\libhal_bsp.a(alt_icache_flush_all.o)
 .data          0x0000000000017fb0        0x0 C:/Users/Class2018/Documents/Projects/Crypto_wallet/impl/nios_proj_bsp/\libhal_bsp.a(alt_iic.o)
 .data          0x0000000000017fb0        0x0 C:/Users/Class2018/Documents/Projects/Crypto_wallet/impl/nios_proj_bsp/\libhal_bsp.a(alt_iic_isr_register.o)
 .data          0x0000000000017fb0        0x0 C:/Users/Class2018/Documents/Projects/Crypto_wallet/impl/nios_proj_bsp/\libhal_bsp.a(alt_io_redirect.o)
 .data          0x0000000000017fb0        0x0 C:/Users/Class2018/Documents/Projects/Crypto_wallet/impl/nios_proj_bsp/\libhal_bsp.a(alt_irq_entry.o)
 .data          0x0000000000017fb0        0x0 C:/Users/Class2018/Documents/Projects/Crypto_wallet/impl/nios_proj_bsp/\libhal_bsp.a(alt_irq_handler.o)
 .data          0x0000000000017fb0        0x0 C:/Users/Class2018/Documents/Projects/Crypto_wallet/impl/nios_proj_bsp/\libhal_bsp.a(alt_irq_vars.o)
 .data          0x0000000000017fb0        0x0 C:/Users/Class2018/Documents/Projects/Crypto_wallet/impl/nios_proj_bsp/\libhal_bsp.a(alt_open.o)
 .data          0x0000000000017fb0        0x0 C:/Users/Class2018/Documents/Projects/Crypto_wallet/impl/nios_proj_bsp/\libhal_bsp.a(alt_release_fd.o)
 .data          0x0000000000017fb0        0x0 C:/Users/Class2018/Documents/Projects/Crypto_wallet/impl/nios_proj_bsp/\libhal_bsp.a(altera_nios2_gen2_irq.o)
 .data          0x0000000000017fb0        0x0 C:/Users/Class2018/Documents/Projects/Crypto_wallet/impl/nios_proj_bsp/\libhal_bsp.a(altera_avalon_spi.o)
 .data          0x0000000000017fb0        0x0 C:/Users/Class2018/Documents/Projects/Crypto_wallet/impl/nios_proj_bsp/\libhal_bsp.a(alt_exception_entry.o)
 .data          0x0000000000017fb0        0x0 C:/Users/Class2018/Documents/Projects/Crypto_wallet/impl/nios_proj_bsp/\libhal_bsp.a(alt_find_dev.o)
 .data          0x0000000000017fb0        0x0 C:/Users/Class2018/Documents/Projects/Crypto_wallet/impl/nios_proj_bsp/\libhal_bsp.a(alt_find_file.o)
 .data          0x0000000000017fb0        0x0 C:/Users/Class2018/Documents/Projects/Crypto_wallet/impl/nios_proj_bsp/\libhal_bsp.a(alt_get_fd.o)
 .data          0x0000000000017fb0        0x0 C:/Users/Class2018/Documents/Projects/Crypto_wallet/impl/nios_proj_bsp/\libhal_bsp.a(alt_instruction_exception_entry.o)
 .data          0x0000000000017fb0        0x0 c:/intelfpga_lite/18.1/nios2eds/bin/gnu/h-x86_64-mingw32/bin/../lib/gcc/nios2-elf/5.3.0/../../../../../H-x86_64-mingw32/nios2-elf/lib/mno-hw-mul\libsmallc.a(lib_a-atexit.o)
 .data          0x0000000000017fb0        0x0 c:/intelfpga_lite/18.1/nios2eds/bin/gnu/h-x86_64-mingw32/bin/../lib/gcc/nios2-elf/5.3.0/../../../../../H-x86_64-mingw32/nios2-elf/lib/mno-hw-mul\libsmallc.a(lib_a-exit.o)
 .data          0x0000000000017fb0        0x0 c:/intelfpga_lite/18.1/nios2eds/bin/gnu/h-x86_64-mingw32/bin/../lib/gcc/nios2-elf/5.3.0/../../../../../H-x86_64-mingw32/nios2-elf/lib/mno-hw-mul\libsmallc.a(lib_a-memcmp.o)
 .data          0x0000000000017fb0        0x0 c:/intelfpga_lite/18.1/nios2eds/bin/gnu/h-x86_64-mingw32/bin/../lib/gcc/nios2-elf/5.3.0/../../../../../H-x86_64-mingw32/nios2-elf/lib/mno-hw-mul\libsmallc.a(lib_a-__atexit.o)
 .data          0x0000000000017fb0        0x0 c:/intelfpga_lite/18.1/nios2eds/bin/gnu/h-x86_64-mingw32/bin/../lib/gcc/nios2-elf/5.3.0/../../../../../H-x86_64-mingw32/nios2-elf/lib/mno-hw-mul\libsmallc.a(lib_a-__call_atexit.o)
 .data          0x0000000000017fb0        0x0 c:/intelfpga_lite/18.1/nios2eds/bin/gnu/h-x86_64-mingw32/bin/../lib/gcc/nios2-elf/5.3.0/mno-hw-mul\libgcc.a(_umoddi3.o)
 .data          0x0000000000017fb0        0x0 c:/intelfpga_lite/18.1/nios2eds/bin/gnu/h-x86_64-mingw32/bin/../lib/gcc/nios2-elf/5.3.0/mno-hw-mul\libgcc.a(_clz.o)
 .data          0x0000000000017fb0        0x0 C:/Users/Class2018/Documents/Projects/Crypto_wallet/impl/nios_proj_bsp/\libhal_bsp.a(alt_exit.o)
                0x000000000001ffb0                _gp = ABSOLUTE ((. + 0x8000))
                [!provide]                        PROVIDE (gp, _gp)
 *(.rwdata .rwdata.*)
 *(.sdata .sdata.* .gnu.linkonce.s.*)
 .sdata         0x0000000000017fb0        0x4 obj/default/sha2mnemonic.o
 .sdata._global_impure_ptr
                0x0000000000017fb4        0x4 c:/intelfpga_lite/18.1/nios2eds/bin/gnu/h-x86_64-mingw32/bin/../lib/gcc/nios2-elf/5.3.0/../../../../../H-x86_64-mingw32/nios2-elf/lib/mno-hw-mul\libsmallc.a(lib_a-impure.o)
                0x0000000000017fb4                _global_impure_ptr
 .sdata._impure_ptr
                0x0000000000017fb8        0x4 c:/intelfpga_lite/18.1/nios2eds/bin/gnu/h-x86_64-mingw32/bin/../lib/gcc/nios2-elf/5.3.0/../../../../../H-x86_64-mingw32/nios2-elf/lib/mno-hw-mul\libsmallc.a(lib_a-impure.o)
                0x0000000000017fb8                _impure_ptr
 .sdata         0x0000000000017fbc        0x4 C:/Users/Class2018/Documents/Projects/Crypto_wallet/impl/nios_proj_bsp/\libhal_bsp.a(alt_sbrk.o)
 .sdata         0x0000000000017fc0        0x8 C:/Users/Class2018/Documents/Projects/Crypto_wallet/impl/nios_proj_bsp/\libhal_bsp.a(alt_tick.o)
                0x0000000000017fc0                alt_alarm_list
 .sdata         0x0000000000017fc8       0x14 C:/Users/Class2018/Documents/Projects/Crypto_wallet/impl/nios_proj_bsp/\libhal_bsp.a(alt_dev.o)
                0x0000000000017fc8                alt_fs_list
                0x0000000000017fd0                alt_dev_list
                0x0000000000017fd8                alt_max_fd
 .sdata         0x0000000000017fdc        0x4 C:/Users/Class2018/Documents/Projects/Crypto_wallet/impl/nios_proj_bsp/\libhal_bsp.a(alt_errno.o)
                0x0000000000017fdc                alt_errno
 .sdata         0x0000000000017fe0        0x8 C:/Users/Class2018/Documents/Projects/Crypto_wallet/impl/nios_proj_bsp/\libhal_bsp.a(alt_flash_dev.o)
                0x0000000000017fe0                alt_flash_dev_list
 .sdata         0x0000000000017fe8        0x4 C:/Users/Class2018/Documents/Projects/Crypto_wallet/impl/nios_proj_bsp/\libhal_bsp.a(alt_irq_vars.o)
                0x0000000000017fe8                alt_priority_mask
 *(.sdata2 .sdata2.* .gnu.linkonce.s2.*)
                0x0000000000017fec                . = ALIGN (0x4)
                0x0000000000017fec                _edata = ABSOLUTE (.)
                [!provide]                        PROVIDE (edata, ABSOLUTE (.))
                0x0000000000017fec                PROVIDE (__ram_rwdata_end, ABSOLUTE (.))
                0x0000000000017fec                PROVIDE (__flash_rwdata_start, LOADADDR (.rwdata))

.bss            0x00000000000193dc      0xce0
                0x00000000000193dc                __bss_start = ABSOLUTE (.)
                [!provide]                        PROVIDE (__sbss_start, ABSOLUTE (.))
                [!provide]                        PROVIDE (___sbss_start, ABSOLUTE (.))
 *(.dynsbss)
 *(.sbss .sbss.* .gnu.linkonce.sb.*)
 .sbss          0x00000000000193dc        0x4 obj/default/bip39.o
 .sbss          0x00000000000193e0        0x4 obj/default/rand.o
 .sbss.__malloc_sbrk_start
                0x00000000000193e4        0x4 c:/intelfpga_lite/18.1/nios2eds/bin/gnu/h-x86_64-mingw32/bin/../lib/gcc/nios2-elf/5.3.0/../../../../../H-x86_64-mingw32/nios2-elf/lib/mno-hw-mul\libsmallc.a(lib_a-nano-mallocr.o)
                0x00000000000193e4                __malloc_sbrk_start
 .sbss.__malloc_free_list
                0x00000000000193e8        0x4 c:/intelfpga_lite/18.1/nios2eds/bin/gnu/h-x86_64-mingw32/bin/../lib/gcc/nios2-elf/5.3.0/../../../../../H-x86_64-mingw32/nios2-elf/lib/mno-hw-mul\libsmallc.a(lib_a-nano-mallocr.o)
                0x00000000000193e8                __malloc_free_list
 .sbss._randbits
                0x00000000000193ec        0x8 c:/intelfpga_lite/18.1/nios2eds/bin/gnu/h-x86_64-mingw32/bin/../lib/gcc/nios2-elf/5.3.0/../../../../../H-x86_64-mingw32/nios2-elf/lib/mno-hw-mul\libsmallc.a(lib_a-rand.o)
 .sbss          0x00000000000193f4        0x4 c:/intelfpga_lite/18.1/nios2eds/bin/gnu/h-x86_64-mingw32/bin/../lib/gcc/nios2-elf/5.3.0/../../../../../H-x86_64-mingw32/nios2-elf/lib/mno-hw-mul\libsmallc.a(lib_a-int_errno.o)
                0x00000000000193f4                errno
 .sbss          0x00000000000193f8       0x10 C:/Users/Class2018/Documents/Projects/Crypto_wallet/impl/nios_proj_bsp/\libhal_bsp.a(alt_gettod.o)
                0x00000000000193f8                alt_timezone
                0x0000000000019400                alt_resettime
 .sbss          0x0000000000019408        0xc C:/Users/Class2018/Documents/Projects/Crypto_wallet/impl/nios_proj_bsp/\libhal_bsp.a(alt_main.o)
                0x0000000000019408                alt_argc
                0x000000000001940c                alt_argv
                0x0000000000019410                alt_envp
 .sbss          0x0000000000019414        0x8 C:/Users/Class2018/Documents/Projects/Crypto_wallet/impl/nios_proj_bsp/\libhal_bsp.a(alt_tick.o)
                0x0000000000019414                _alt_tick_rate
                0x0000000000019418                _alt_nticks
 .sbss          0x000000000001941c        0x4 C:/Users/Class2018/Documents/Projects/Crypto_wallet/impl/nios_proj_bsp/\libhal_bsp.a(alt_irq_vars.o)
                0x000000000001941c                alt_irq_active
 .sbss          0x0000000000019420        0x4 C:/Users/Class2018/Documents/Projects/Crypto_wallet/impl/nios_proj_bsp/\libhal_bsp.a(alt_instruction_exception_entry.o)
                0x0000000000019420                alt_instruction_exception_handler
 *(.sbss2 .sbss2.* .gnu.linkonce.sb2.*)
 *(.scommon)
                [!provide]                        PROVIDE (__sbss_end, ABSOLUTE (.))
                [!provide]                        PROVIDE (___sbss_end, ABSOLUTE (.))
 *(.dynbss)
 *(.bss .bss.* .gnu.linkonce.b.*)
 .bss           0x0000000000019424        0x0 C:/Users/Class2018/Documents/Projects/Crypto_wallet/impl/nios_proj_bsp//obj/HAL/src/crt0.o
 .bss           0x0000000000019424        0x0 obj/default/bip32.o
 .bss           0x0000000000019424      0x838 obj/default/bip39.o
 .bss           0x0000000000019c5c        0x0 obj/default/chainparams.o
 .bss           0x0000000000019c5c        0x0 obj/default/commontools.o
 .bss           0x0000000000019c5c      0x360 obj/default/hmac.o
 .bss           0x0000000000019fbc        0x0 obj/default/memzero.o
 .bss           0x0000000000019fbc        0x0 obj/default/pbkdf2.o
 .bss           0x0000000000019fbc        0x0 obj/default/rand.o
 .bss           0x0000000000019fbc        0x0 obj/default/sha2.o
 .bss           0x0000000000019fbc        0x0 obj/default/sha2mnemonic.o
 .bss           0x0000000000019fbc        0x0 obj/default/wallet_main.o
 .bss           0x0000000000019fbc        0x0 obj/default/wallet_system.o
 .bss           0x0000000000019fbc        0x0 c:/intelfpga_lite/18.1/nios2eds/bin/gnu/h-x86_64-mingw32/bin/../lib/gcc/nios2-elf/5.3.0/mno-hw-mul\libgcc.a(lib2-mul.o)
 .bss           0x0000000000019fbc        0x0 c:/intelfpga_lite/18.1/nios2eds/bin/gnu/h-x86_64-mingw32/bin/../lib/gcc/nios2-elf/5.3.0/../../../../../H-x86_64-mingw32/nios2-elf/lib/mno-hw-mul\libsmallc.a(lib_a-malloc.o)
 .bss           0x0000000000019fbc        0x0 c:/intelfpga_lite/18.1/nios2eds/bin/gnu/h-x86_64-mingw32/bin/../lib/gcc/nios2-elf/5.3.0/../../../../../H-x86_64-mingw32/nios2-elf/lib/mno-hw-mul\libsmallc.a(lib_a-memcpy.o)
 .bss           0x0000000000019fbc        0x0 c:/intelfpga_lite/18.1/nios2eds/bin/gnu/h-x86_64-mingw32/bin/../lib/gcc/nios2-elf/5.3.0/../../../../../H-x86_64-mingw32/nios2-elf/lib/mno-hw-mul\libsmallc.a(lib_a-memset.o)
 .bss           0x0000000000019fbc        0x0 c:/intelfpga_lite/18.1/nios2eds/bin/gnu/h-x86_64-mingw32/bin/../lib/gcc/nios2-elf/5.3.0/../../../../../H-x86_64-mingw32/nios2-elf/lib/mno-hw-mul\libsmallc.a(lib_a-nano-freer.o)
 .bss           0x0000000000019fbc        0x0 c:/intelfpga_lite/18.1/nios2eds/bin/gnu/h-x86_64-mingw32/bin/../lib/gcc/nios2-elf/5.3.0/../../../../../H-x86_64-mingw32/nios2-elf/lib/mno-hw-mul\libsmallc.a(lib_a-nano-mallocr.o)
 .bss           0x0000000000019fbc        0x0 c:/intelfpga_lite/18.1/nios2eds/bin/gnu/h-x86_64-mingw32/bin/../lib/gcc/nios2-elf/5.3.0/../../../../../H-x86_64-mingw32/nios2-elf/lib/mno-hw-mul\libsmallc.a(lib_a-printf.o)
 .bss           0x0000000000019fbc        0x0 c:/intelfpga_lite/18.1/nios2eds/bin/gnu/h-x86_64-mingw32/bin/../lib/gcc/nios2-elf/5.3.0/../../../../../H-x86_64-mingw32/nios2-elf/lib/mno-hw-mul\libsmallc.a(lib_a-puts.o)
 .bss           0x0000000000019fbc        0x0 c:/intelfpga_lite/18.1/nios2eds/bin/gnu/h-x86_64-mingw32/bin/../lib/gcc/nios2-elf/5.3.0/../../../../../H-x86_64-mingw32/nios2-elf/lib/mno-hw-mul\libsmallc.a(lib_a-rand.o)
 .bss           0x0000000000019fbc        0x0 c:/intelfpga_lite/18.1/nios2eds/bin/gnu/h-x86_64-mingw32/bin/../lib/gcc/nios2-elf/5.3.0/../../../../../H-x86_64-mingw32/nios2-elf/lib/mno-hw-mul\libsmallc.a(lib_a-sbrkr.o)
 .bss           0x0000000000019fbc        0x0 c:/intelfpga_lite/18.1/nios2eds/bin/gnu/h-x86_64-mingw32/bin/../lib/gcc/nios2-elf/5.3.0/../../../../../H-x86_64-mingw32/nios2-elf/lib/mno-hw-mul\libsmallc.a(lib_a-strcmp.o)
 .bss           0x0000000000019fbc        0x0 c:/intelfpga_lite/18.1/nios2eds/bin/gnu/h-x86_64-mingw32/bin/../lib/gcc/nios2-elf/5.3.0/../../../../../H-x86_64-mingw32/nios2-elf/lib/mno-hw-mul\libsmallc.a(lib_a-strcpy.o)
 .bss           0x0000000000019fbc        0x0 c:/intelfpga_lite/18.1/nios2eds/bin/gnu/h-x86_64-mingw32/bin/../lib/gcc/nios2-elf/5.3.0/../../../../../H-x86_64-mingw32/nios2-elf/lib/mno-hw-mul\libsmallc.a(lib_a-strlen.o)
 .bss           0x0000000000019fbc        0x0 c:/intelfpga_lite/18.1/nios2eds/bin/gnu/h-x86_64-mingw32/bin/../lib/gcc/nios2-elf/5.3.0/../../../../../H-x86_64-mingw32/nios2-elf/lib/mno-hw-mul\libsmallc.a(lib_a-time.o)
 .bss           0x0000000000019fbc        0x0 c:/intelfpga_lite/18.1/nios2eds/bin/gnu/h-x86_64-mingw32/bin/../lib/gcc/nios2-elf/5.3.0/../../../../../H-x86_64-mingw32/nios2-elf/lib/mno-hw-mul\libsmallc.a(lib_a-vfprintf.o)
 .bss           0x0000000000019fbc        0x0 c:/intelfpga_lite/18.1/nios2eds/bin/gnu/h-x86_64-mingw32/bin/../lib/gcc/nios2-elf/5.3.0/../../../../../H-x86_64-mingw32/nios2-elf/lib/mno-hw-mul\libsmallc.a(lib_a-fvwrite_small_dev.o)
 .bss           0x0000000000019fbc        0x0 c:/intelfpga_lite/18.1/nios2eds/bin/gnu/h-x86_64-mingw32/bin/../lib/gcc/nios2-elf/5.3.0/../../../../../H-x86_64-mingw32/nios2-elf/lib/mno-hw-mul\libsmallc.a(lib_a-gettimeofdayr.o)
 .bss           0x0000000000019fbc        0x0 c:/intelfpga_lite/18.1/nios2eds/bin/gnu/h-x86_64-mingw32/bin/../lib/gcc/nios2-elf/5.3.0/../../../../../H-x86_64-mingw32/nios2-elf/lib/mno-hw-mul\libsmallc.a(lib_a-impure.o)
 .bss           0x0000000000019fbc        0x0 c:/intelfpga_lite/18.1/nios2eds/bin/gnu/h-x86_64-mingw32/bin/../lib/gcc/nios2-elf/5.3.0/../../../../../H-x86_64-mingw32/nios2-elf/lib/mno-hw-mul\libsmallc.a(lib_a-int_errno.o)
 .bss           0x0000000000019fbc        0x0 c:/intelfpga_lite/18.1/nios2eds/bin/gnu/h-x86_64-mingw32/bin/../lib/gcc/nios2-elf/5.3.0/../../../../../H-x86_64-mingw32/nios2-elf/lib/mno-hw-mul\libsmallc.a(lib_a-writer.o)
 .bss           0x0000000000019fbc        0x0 c:/intelfpga_lite/18.1/nios2eds/bin/gnu/h-x86_64-mingw32/bin/../lib/gcc/nios2-elf/5.3.0/mno-hw-mul\libgcc.a(_muldi3.o)
 .bss           0x0000000000019fbc        0x0 c:/intelfpga_lite/18.1/nios2eds/bin/gnu/h-x86_64-mingw32/bin/../lib/gcc/nios2-elf/5.3.0/mno-hw-mul\libgcc.a(lib2-divmod.o)
 .bss           0x0000000000019fbc        0x0 C:/Users/Class2018/Documents/Projects/Crypto_wallet/impl/nios_proj_bsp/\libhal_bsp.a(alt_gettod.o)
 .bss           0x0000000000019fbc        0x0 C:/Users/Class2018/Documents/Projects/Crypto_wallet/impl/nios_proj_bsp/\libhal_bsp.a(alt_load.o)
 .bss           0x0000000000019fbc        0x0 C:/Users/Class2018/Documents/Projects/Crypto_wallet/impl/nios_proj_bsp/\libhal_bsp.a(alt_main.o)
 .bss           0x0000000000019fbc        0x0 C:/Users/Class2018/Documents/Projects/Crypto_wallet/impl/nios_proj_bsp/\libhal_bsp.a(alt_sbrk.o)
 .bss           0x0000000000019fbc        0x0 C:/Users/Class2018/Documents/Projects/Crypto_wallet/impl/nios_proj_bsp/\libhal_bsp.a(alt_tick.o)
 .bss           0x0000000000019fbc        0x0 C:/Users/Class2018/Documents/Projects/Crypto_wallet/impl/nios_proj_bsp/\libhal_bsp.a(alt_write.o)
 .bss           0x0000000000019fbc        0x0 C:/Users/Class2018/Documents/Projects/Crypto_wallet/impl/nios_proj_bsp/\libhal_bsp.a(alt_sys_init.o)
 .bss           0x0000000000019fbc        0x0 C:/Users/Class2018/Documents/Projects/Crypto_wallet/impl/nios_proj_bsp/\libhal_bsp.a(altera_avalon_epcs_flash_controller.o)
 .bss           0x0000000000019fbc        0x0 C:/Users/Class2018/Documents/Projects/Crypto_wallet/impl/nios_proj_bsp/\libhal_bsp.a(altera_avalon_jtag_uart_fd.o)
 .bss           0x0000000000019fbc        0x0 C:/Users/Class2018/Documents/Projects/Crypto_wallet/impl/nios_proj_bsp/\libhal_bsp.a(altera_avalon_jtag_uart_init.o)
 .bss           0x0000000000019fbc        0x0 C:/Users/Class2018/Documents/Projects/Crypto_wallet/impl/nios_proj_bsp/\libhal_bsp.a(altera_avalon_jtag_uart_ioctl.o)
 .bss           0x0000000000019fbc        0x0 C:/Users/Class2018/Documents/Projects/Crypto_wallet/impl/nios_proj_bsp/\libhal_bsp.a(altera_avalon_jtag_uart_read.o)
 .bss           0x0000000000019fbc        0x0 C:/Users/Class2018/Documents/Projects/Crypto_wallet/impl/nios_proj_bsp/\libhal_bsp.a(altera_avalon_jtag_uart_write.o)
 .bss           0x0000000000019fbc        0x0 C:/Users/Class2018/Documents/Projects/Crypto_wallet/impl/nios_proj_bsp/\libhal_bsp.a(epcs_commands.o)
 .bss           0x0000000000019fbc        0x0 C:/Users/Class2018/Documents/Projects/Crypto_wallet/impl/nios_proj_bsp/\libhal_bsp.a(alt_alarm_start.o)
 .bss           0x0000000000019fbc        0x0 C:/Users/Class2018/Documents/Projects/Crypto_wallet/impl/nios_proj_bsp/\libhal_bsp.a(alt_close.o)
 .bss           0x0000000000019fbc        0x0 C:/Users/Class2018/Documents/Projects/Crypto_wallet/impl/nios_proj_bsp/\libhal_bsp.a(alt_dcache_flush_all.o)
 .bss           0x0000000000019fbc        0x0 C:/Users/Class2018/Documents/Projects/Crypto_wallet/impl/nios_proj_bsp/\libhal_bsp.a(alt_dev.o)
 .bss           0x0000000000019fbc        0x0 C:/Users/Class2018/Documents/Projects/Crypto_wallet/impl/nios_proj_bsp/\libhal_bsp.a(alt_dev_llist_insert.o)
 .bss           0x0000000000019fbc        0x0 C:/Users/Class2018/Documents/Projects/Crypto_wallet/impl/nios_proj_bsp/\libhal_bsp.a(alt_do_ctors.o)
 .bss           0x0000000000019fbc        0x0 C:/Users/Class2018/Documents/Projects/Crypto_wallet/impl/nios_proj_bsp/\libhal_bsp.a(alt_do_dtors.o)
 .bss           0x0000000000019fbc        0x0 C:/Users/Class2018/Documents/Projects/Crypto_wallet/impl/nios_proj_bsp/\libhal_bsp.a(alt_errno.o)
 .bss           0x0000000000019fbc        0x0 C:/Users/Class2018/Documents/Projects/Crypto_wallet/impl/nios_proj_bsp/\libhal_bsp.a(alt_flash_dev.o)
 .bss           0x0000000000019fbc        0x0 C:/Users/Class2018/Documents/Projects/Crypto_wallet/impl/nios_proj_bsp/\libhal_bsp.a(alt_icache_flush_all.o)
 .bss           0x0000000000019fbc        0x0 C:/Users/Class2018/Documents/Projects/Crypto_wallet/impl/nios_proj_bsp/\libhal_bsp.a(alt_iic.o)
 .bss           0x0000000000019fbc        0x0 C:/Users/Class2018/Documents/Projects/Crypto_wallet/impl/nios_proj_bsp/\libhal_bsp.a(alt_iic_isr_register.o)
 .bss           0x0000000000019fbc        0x0 C:/Users/Class2018/Documents/Projects/Crypto_wallet/impl/nios_proj_bsp/\libhal_bsp.a(alt_io_redirect.o)
 .bss           0x0000000000019fbc        0x0 C:/Users/Class2018/Documents/Projects/Crypto_wallet/impl/nios_proj_bsp/\libhal_bsp.a(alt_irq_entry.o)
 .bss           0x0000000000019fbc        0x0 C:/Users/Class2018/Documents/Projects/Crypto_wallet/impl/nios_proj_bsp/\libhal_bsp.a(alt_irq_handler.o)
 .bss           0x0000000000019fbc        0x0 C:/Users/Class2018/Documents/Projects/Crypto_wallet/impl/nios_proj_bsp/\libhal_bsp.a(alt_irq_vars.o)
 .bss           0x0000000000019fbc        0x0 C:/Users/Class2018/Documents/Projects/Crypto_wallet/impl/nios_proj_bsp/\libhal_bsp.a(alt_open.o)
 .bss           0x0000000000019fbc        0x0 C:/Users/Class2018/Documents/Projects/Crypto_wallet/impl/nios_proj_bsp/\libhal_bsp.a(alt_release_fd.o)
 .bss           0x0000000000019fbc        0x0 C:/Users/Class2018/Documents/Projects/Crypto_wallet/impl/nios_proj_bsp/\libhal_bsp.a(altera_nios2_gen2_irq.o)
 .bss           0x0000000000019fbc        0x0 C:/Users/Class2018/Documents/Projects/Crypto_wallet/impl/nios_proj_bsp/\libhal_bsp.a(altera_avalon_spi.o)
 .bss           0x0000000000019fbc        0x0 C:/Users/Class2018/Documents/Projects/Crypto_wallet/impl/nios_proj_bsp/\libhal_bsp.a(alt_exception_entry.o)
 .bss           0x0000000000019fbc        0x0 C:/Users/Class2018/Documents/Projects/Crypto_wallet/impl/nios_proj_bsp/\libhal_bsp.a(alt_find_dev.o)
 .bss           0x0000000000019fbc        0x0 C:/Users/Class2018/Documents/Projects/Crypto_wallet/impl/nios_proj_bsp/\libhal_bsp.a(alt_find_file.o)
 .bss           0x0000000000019fbc        0x0 C:/Users/Class2018/Documents/Projects/Crypto_wallet/impl/nios_proj_bsp/\libhal_bsp.a(alt_get_fd.o)
 .bss           0x0000000000019fbc        0x0 C:/Users/Class2018/Documents/Projects/Crypto_wallet/impl/nios_proj_bsp/\libhal_bsp.a(alt_instruction_exception_entry.o)
 .bss           0x0000000000019fbc        0x0 c:/intelfpga_lite/18.1/nios2eds/bin/gnu/h-x86_64-mingw32/bin/../lib/gcc/nios2-elf/5.3.0/../../../../../H-x86_64-mingw32/nios2-elf/lib/mno-hw-mul\libsmallc.a(lib_a-atexit.o)
 .bss           0x0000000000019fbc        0x0 c:/intelfpga_lite/18.1/nios2eds/bin/gnu/h-x86_64-mingw32/bin/../lib/gcc/nios2-elf/5.3.0/../../../../../H-x86_64-mingw32/nios2-elf/lib/mno-hw-mul\libsmallc.a(lib_a-exit.o)
 .bss           0x0000000000019fbc        0x0 c:/intelfpga_lite/18.1/nios2eds/bin/gnu/h-x86_64-mingw32/bin/../lib/gcc/nios2-elf/5.3.0/../../../../../H-x86_64-mingw32/nios2-elf/lib/mno-hw-mul\libsmallc.a(lib_a-memcmp.o)
 .bss           0x0000000000019fbc        0x0 c:/intelfpga_lite/18.1/nios2eds/bin/gnu/h-x86_64-mingw32/bin/../lib/gcc/nios2-elf/5.3.0/../../../../../H-x86_64-mingw32/nios2-elf/lib/mno-hw-mul\libsmallc.a(lib_a-__atexit.o)
 .bss           0x0000000000019fbc        0x0 c:/intelfpga_lite/18.1/nios2eds/bin/gnu/h-x86_64-mingw32/bin/../lib/gcc/nios2-elf/5.3.0/../../../../../H-x86_64-mingw32/nios2-elf/lib/mno-hw-mul\libsmallc.a(lib_a-__call_atexit.o)
 .bss           0x0000000000019fbc        0x0 c:/intelfpga_lite/18.1/nios2eds/bin/gnu/h-x86_64-mingw32/bin/../lib/gcc/nios2-elf/5.3.0/mno-hw-mul\libgcc.a(_umoddi3.o)
 .bss           0x0000000000019fbc        0x0 c:/intelfpga_lite/18.1/nios2eds/bin/gnu/h-x86_64-mingw32/bin/../lib/gcc/nios2-elf/5.3.0/mno-hw-mul\libgcc.a(_clz.o)
 .bss           0x0000000000019fbc        0x0 C:/Users/Class2018/Documents/Projects/Crypto_wallet/impl/nios_proj_bsp/\libhal_bsp.a(alt_exit.o)
 *(COMMON)
 COMMON         0x0000000000019fbc      0x100 C:/Users/Class2018/Documents/Projects/Crypto_wallet/impl/nios_proj_bsp/\libhal_bsp.a(alt_irq_handler.o)
                0x0000000000019fbc                alt_irq
                0x000000000001a0bc                . = ALIGN (0x4)
                0x000000000001a0bc                __bss_end = ABSOLUTE (.)

.sdram          0x000000000001a0bc        0x0
                [!provide]                        PROVIDE (_alt_partition_sdram_start, ABSOLUTE (.))
 *(.sdram .sdram. sdram.*)
                0x000000000001a0bc                . = ALIGN (0x4)
                [!provide]                        PROVIDE (_alt_partition_sdram_end, ABSOLUTE (.))
                0x000000000001a0bc                _end = ABSOLUTE (.)
                0x000000000001a0bc                end = ABSOLUTE (.)
                0x000000000001a0bc                __alt_stack_base = ABSOLUTE (.)
                [!provide]                        PROVIDE (_alt_partition_sdram_load_addr, LOADADDR (.sdram))

.onchip_memory2
                0x0000000002000000        0x0 load address 0x000000000001a0bc
                [!provide]                        PROVIDE (_alt_partition_onchip_memory2_start, ABSOLUTE (.))
 *(.onchip_memory2 .onchip_memory2. onchip_memory2.*)
                0x0000000002000000                . = ALIGN (0x4)
                [!provide]                        PROVIDE (_alt_partition_onchip_memory2_end, ABSOLUTE (.))
                [!provide]                        PROVIDE (_alt_partition_onchip_memory2_load_addr, LOADADDR (.onchip_memory2))

.epcs_flash_controller
                0x0000000002009000        0x0 load address 0x000000000001a0bc
                [!provide]                        PROVIDE (_alt_partition_epcs_flash_controller_start, ABSOLUTE (.))
 *(.epcs_flash_controller .epcs_flash_controller. epcs_flash_controller.*)
                0x0000000002009000                . = ALIGN (0x4)
                [!provide]                        PROVIDE (_alt_partition_epcs_flash_controller_end, ABSOLUTE (.))
                [!provide]                        PROVIDE (_alt_partition_epcs_flash_controller_load_addr, LOADADDR (.epcs_flash_controller))

.stab
 *(.stab)

.stabstr
 *(.stabstr)

.stab.excl
 *(.stab.excl)

.stab.exclstr
 *(.stab.exclstr)

.stab.index
 *(.stab.index)

.stab.indexstr
 *(.stab.indexstr)

.comment        0x0000000000000000       0x23
 *(.comment)
 .comment       0x0000000000000000       0x23 obj/default/bip32.o
                                         0x24 (size before relaxing)
 .comment       0x0000000000000023       0x24 obj/default/bip39.o
 .comment       0x0000000000000023       0x24 obj/default/chainparams.o
 .comment       0x0000000000000023       0x24 obj/default/commontools.o
 .comment       0x0000000000000023       0x24 obj/default/hmac.o
 .comment       0x0000000000000023       0x24 obj/default/memzero.o
 .comment       0x0000000000000023       0x24 obj/default/pbkdf2.o
 .comment       0x0000000000000023       0x24 obj/default/rand.o
 .comment       0x0000000000000023       0x24 obj/default/sha2.o
 .comment       0x0000000000000023       0x24 obj/default/sha2mnemonic.o
 .comment       0x0000000000000023       0x24 obj/default/wallet_main.o
 .comment       0x0000000000000023       0x24 obj/default/wallet_system.o
 .comment       0x0000000000000023       0x24 c:/intelfpga_lite/18.1/nios2eds/bin/gnu/h-x86_64-mingw32/bin/../lib/gcc/nios2-elf/5.3.0/mno-hw-mul\libgcc.a(lib2-mul.o)
 .comment       0x0000000000000023       0x24 c:/intelfpga_lite/18.1/nios2eds/bin/gnu/h-x86_64-mingw32/bin/../lib/gcc/nios2-elf/5.3.0/../../../../../H-x86_64-mingw32/nios2-elf/lib/mno-hw-mul\libsmallc.a(lib_a-malloc.o)
 .comment       0x0000000000000023       0x24 c:/intelfpga_lite/18.1/nios2eds/bin/gnu/h-x86_64-mingw32/bin/../lib/gcc/nios2-elf/5.3.0/../../../../../H-x86_64-mingw32/nios2-elf/lib/mno-hw-mul\libsmallc.a(lib_a-memcpy.o)
 .comment       0x0000000000000023       0x24 c:/intelfpga_lite/18.1/nios2eds/bin/gnu/h-x86_64-mingw32/bin/../lib/gcc/nios2-elf/5.3.0/../../../../../H-x86_64-mingw32/nios2-elf/lib/mno-hw-mul\libsmallc.a(lib_a-memset.o)
 .comment       0x0000000000000023       0x24 c:/intelfpga_lite/18.1/nios2eds/bin/gnu/h-x86_64-mingw32/bin/../lib/gcc/nios2-elf/5.3.0/../../../../../H-x86_64-mingw32/nios2-elf/lib/mno-hw-mul\libsmallc.a(lib_a-nano-freer.o)
 .comment       0x0000000000000023       0x24 c:/intelfpga_lite/18.1/nios2eds/bin/gnu/h-x86_64-mingw32/bin/../lib/gcc/nios2-elf/5.3.0/../../../../../H-x86_64-mingw32/nios2-elf/lib/mno-hw-mul\libsmallc.a(lib_a-nano-mallocr.o)
 .comment       0x0000000000000023       0x24 c:/intelfpga_lite/18.1/nios2eds/bin/gnu/h-x86_64-mingw32/bin/../lib/gcc/nios2-elf/5.3.0/../../../../../H-x86_64-mingw32/nios2-elf/lib/mno-hw-mul\libsmallc.a(lib_a-printf.o)
 .comment       0x0000000000000023       0x24 c:/intelfpga_lite/18.1/nios2eds/bin/gnu/h-x86_64-mingw32/bin/../lib/gcc/nios2-elf/5.3.0/../../../../../H-x86_64-mingw32/nios2-elf/lib/mno-hw-mul\libsmallc.a(lib_a-puts.o)
 .comment       0x0000000000000023       0x24 c:/intelfpga_lite/18.1/nios2eds/bin/gnu/h-x86_64-mingw32/bin/../lib/gcc/nios2-elf/5.3.0/../../../../../H-x86_64-mingw32/nios2-elf/lib/mno-hw-mul\libsmallc.a(lib_a-rand.o)
 .comment       0x0000000000000023       0x24 c:/intelfpga_lite/18.1/nios2eds/bin/gnu/h-x86_64-mingw32/bin/../lib/gcc/nios2-elf/5.3.0/../../../../../H-x86_64-mingw32/nios2-elf/lib/mno-hw-mul\libsmallc.a(lib_a-sbrkr.o)
 .comment       0x0000000000000023       0x24 c:/intelfpga_lite/18.1/nios2eds/bin/gnu/h-x86_64-mingw32/bin/../lib/gcc/nios2-elf/5.3.0/../../../../../H-x86_64-mingw32/nios2-elf/lib/mno-hw-mul\libsmallc.a(lib_a-strcmp.o)
 .comment       0x0000000000000023       0x24 c:/intelfpga_lite/18.1/nios2eds/bin/gnu/h-x86_64-mingw32/bin/../lib/gcc/nios2-elf/5.3.0/../../../../../H-x86_64-mingw32/nios2-elf/lib/mno-hw-mul\libsmallc.a(lib_a-strcpy.o)
 .comment       0x0000000000000023       0x24 c:/intelfpga_lite/18.1/nios2eds/bin/gnu/h-x86_64-mingw32/bin/../lib/gcc/nios2-elf/5.3.0/../../../../../H-x86_64-mingw32/nios2-elf/lib/mno-hw-mul\libsmallc.a(lib_a-strlen.o)
 .comment       0x0000000000000023       0x24 c:/intelfpga_lite/18.1/nios2eds/bin/gnu/h-x86_64-mingw32/bin/../lib/gcc/nios2-elf/5.3.0/../../../../../H-x86_64-mingw32/nios2-elf/lib/mno-hw-mul\libsmallc.a(lib_a-time.o)
 .comment       0x0000000000000023       0x24 c:/intelfpga_lite/18.1/nios2eds/bin/gnu/h-x86_64-mingw32/bin/../lib/gcc/nios2-elf/5.3.0/../../../../../H-x86_64-mingw32/nios2-elf/lib/mno-hw-mul\libsmallc.a(lib_a-vfprintf.o)
 .comment       0x0000000000000023       0x24 c:/intelfpga_lite/18.1/nios2eds/bin/gnu/h-x86_64-mingw32/bin/../lib/gcc/nios2-elf/5.3.0/../../../../../H-x86_64-mingw32/nios2-elf/lib/mno-hw-mul\libsmallc.a(lib_a-fvwrite_small_dev.o)
 .comment       0x0000000000000023       0x24 c:/intelfpga_lite/18.1/nios2eds/bin/gnu/h-x86_64-mingw32/bin/../lib/gcc/nios2-elf/5.3.0/../../../../../H-x86_64-mingw32/nios2-elf/lib/mno-hw-mul\libsmallc.a(lib_a-gettimeofdayr.o)
 .comment       0x0000000000000023       0x24 c:/intelfpga_lite/18.1/nios2eds/bin/gnu/h-x86_64-mingw32/bin/../lib/gcc/nios2-elf/5.3.0/../../../../../H-x86_64-mingw32/nios2-elf/lib/mno-hw-mul\libsmallc.a(lib_a-impure.o)
 .comment       0x0000000000000023       0x24 c:/intelfpga_lite/18.1/nios2eds/bin/gnu/h-x86_64-mingw32/bin/../lib/gcc/nios2-elf/5.3.0/../../../../../H-x86_64-mingw32/nios2-elf/lib/mno-hw-mul\libsmallc.a(lib_a-int_errno.o)
 .comment       0x0000000000000023       0x24 c:/intelfpga_lite/18.1/nios2eds/bin/gnu/h-x86_64-mingw32/bin/../lib/gcc/nios2-elf/5.3.0/../../../../../H-x86_64-mingw32/nios2-elf/lib/mno-hw-mul\libsmallc.a(lib_a-writer.o)
 .comment       0x0000000000000023       0x24 c:/intelfpga_lite/18.1/nios2eds/bin/gnu/h-x86_64-mingw32/bin/../lib/gcc/nios2-elf/5.3.0/mno-hw-mul\libgcc.a(_muldi3.o)
 .comment       0x0000000000000023       0x24 c:/intelfpga_lite/18.1/nios2eds/bin/gnu/h-x86_64-mingw32/bin/../lib/gcc/nios2-elf/5.3.0/mno-hw-mul\libgcc.a(lib2-divmod.o)
 .comment       0x0000000000000023       0x24 C:/Users/Class2018/Documents/Projects/Crypto_wallet/impl/nios_proj_bsp/\libhal_bsp.a(alt_gettod.o)
 .comment       0x0000000000000023       0x24 C:/Users/Class2018/Documents/Projects/Crypto_wallet/impl/nios_proj_bsp/\libhal_bsp.a(alt_load.o)
 .comment       0x0000000000000023       0x24 C:/Users/Class2018/Documents/Projects/Crypto_wallet/impl/nios_proj_bsp/\libhal_bsp.a(alt_main.o)
 .comment       0x0000000000000023       0x24 C:/Users/Class2018/Documents/Projects/Crypto_wallet/impl/nios_proj_bsp/\libhal_bsp.a(alt_sbrk.o)
 .comment       0x0000000000000023       0x24 C:/Users/Class2018/Documents/Projects/Crypto_wallet/impl/nios_proj_bsp/\libhal_bsp.a(alt_tick.o)
 .comment       0x0000000000000023       0x24 C:/Users/Class2018/Documents/Projects/Crypto_wallet/impl/nios_proj_bsp/\libhal_bsp.a(alt_write.o)
 .comment       0x0000000000000023       0x24 C:/Users/Class2018/Documents/Projects/Crypto_wallet/impl/nios_proj_bsp/\libhal_bsp.a(alt_sys_init.o)
 .comment       0x0000000000000023       0x24 C:/Users/Class2018/Documents/Projects/Crypto_wallet/impl/nios_proj_bsp/\libhal_bsp.a(altera_avalon_epcs_flash_controller.o)
 .comment       0x0000000000000023       0x24 C:/Users/Class2018/Documents/Projects/Crypto_wallet/impl/nios_proj_bsp/\libhal_bsp.a(altera_avalon_jtag_uart_fd.o)
 .comment       0x0000000000000023       0x24 C:/Users/Class2018/Documents/Projects/Crypto_wallet/impl/nios_proj_bsp/\libhal_bsp.a(altera_avalon_jtag_uart_init.o)
 .comment       0x0000000000000023       0x24 C:/Users/Class2018/Documents/Projects/Crypto_wallet/impl/nios_proj_bsp/\libhal_bsp.a(altera_avalon_jtag_uart_ioctl.o)
 .comment       0x0000000000000023       0x24 C:/Users/Class2018/Documents/Projects/Crypto_wallet/impl/nios_proj_bsp/\libhal_bsp.a(altera_avalon_jtag_uart_read.o)
 .comment       0x0000000000000023       0x24 C:/Users/Class2018/Documents/Projects/Crypto_wallet/impl/nios_proj_bsp/\libhal_bsp.a(altera_avalon_jtag_uart_write.o)
 .comment       0x0000000000000023       0x24 C:/Users/Class2018/Documents/Projects/Crypto_wallet/impl/nios_proj_bsp/\libhal_bsp.a(epcs_commands.o)
 .comment       0x0000000000000023       0x24 C:/Users/Class2018/Documents/Projects/Crypto_wallet/impl/nios_proj_bsp/\libhal_bsp.a(alt_alarm_start.o)
 .comment       0x0000000000000023       0x24 C:/Users/Class2018/Documents/Projects/Crypto_wallet/impl/nios_proj_bsp/\libhal_bsp.a(alt_close.o)
 .comment       0x0000000000000023       0x24 C:/Users/Class2018/Documents/Projects/Crypto_wallet/impl/nios_proj_bsp/\libhal_bsp.a(alt_dcache_flush_all.o)
 .comment       0x0000000000000023       0x24 C:/Users/Class2018/Documents/Projects/Crypto_wallet/impl/nios_proj_bsp/\libhal_bsp.a(alt_dev.o)
 .comment       0x0000000000000023       0x24 C:/Users/Class2018/Documents/Projects/Crypto_wallet/impl/nios_proj_bsp/\libhal_bsp.a(alt_dev_llist_insert.o)
 .comment       0x0000000000000023       0x24 C:/Users/Class2018/Documents/Projects/Crypto_wallet/impl/nios_proj_bsp/\libhal_bsp.a(alt_do_ctors.o)
 .comment       0x0000000000000023       0x24 C:/Users/Class2018/Documents/Projects/Crypto_wallet/impl/nios_proj_bsp/\libhal_bsp.a(alt_do_dtors.o)
 .comment       0x0000000000000023       0x24 C:/Users/Class2018/Documents/Projects/Crypto_wallet/impl/nios_proj_bsp/\libhal_bsp.a(alt_errno.o)
 .comment       0x0000000000000023       0x24 C:/Users/Class2018/Documents/Projects/Crypto_wallet/impl/nios_proj_bsp/\libhal_bsp.a(alt_flash_dev.o)
 .comment       0x0000000000000023       0x24 C:/Users/Class2018/Documents/Projects/Crypto_wallet/impl/nios_proj_bsp/\libhal_bsp.a(alt_icache_flush_all.o)
 .comment       0x0000000000000023       0x24 C:/Users/Class2018/Documents/Projects/Crypto_wallet/impl/nios_proj_bsp/\libhal_bsp.a(alt_iic.o)
 .comment       0x0000000000000023       0x24 C:/Users/Class2018/Documents/Projects/Crypto_wallet/impl/nios_proj_bsp/\libhal_bsp.a(alt_iic_isr_register.o)
 .comment       0x0000000000000023       0x24 C:/Users/Class2018/Documents/Projects/Crypto_wallet/impl/nios_proj_bsp/\libhal_bsp.a(alt_io_redirect.o)
 .comment       0x0000000000000023       0x24 C:/Users/Class2018/Documents/Projects/Crypto_wallet/impl/nios_proj_bsp/\libhal_bsp.a(alt_irq_handler.o)
 .comment       0x0000000000000023       0x24 C:/Users/Class2018/Documents/Projects/Crypto_wallet/impl/nios_proj_bsp/\libhal_bsp.a(alt_irq_vars.o)
 .comment       0x0000000000000023       0x24 C:/Users/Class2018/Documents/Projects/Crypto_wallet/impl/nios_proj_bsp/\libhal_bsp.a(alt_open.o)
 .comment       0x0000000000000023       0x24 C:/Users/Class2018/Documents/Projects/Crypto_wallet/impl/nios_proj_bsp/\libhal_bsp.a(alt_release_fd.o)
 .comment       0x0000000000000023       0x24 C:/Users/Class2018/Documents/Projects/Crypto_wallet/impl/nios_proj_bsp/\libhal_bsp.a(altera_nios2_gen2_irq.o)
 .comment       0x0000000000000023       0x24 C:/Users/Class2018/Documents/Projects/Crypto_wallet/impl/nios_proj_bsp/\libhal_bsp.a(altera_avalon_spi.o)
 .comment       0x0000000000000023       0x24 C:/Users/Class2018/Documents/Projects/Crypto_wallet/impl/nios_proj_bsp/\libhal_bsp.a(alt_find_dev.o)
 .comment       0x0000000000000023       0x24 C:/Users/Class2018/Documents/Projects/Crypto_wallet/impl/nios_proj_bsp/\libhal_bsp.a(alt_find_file.o)
 .comment       0x0000000000000023       0x24 C:/Users/Class2018/Documents/Projects/Crypto_wallet/impl/nios_proj_bsp/\libhal_bsp.a(alt_get_fd.o)
 .comment       0x0000000000000023       0x24 C:/Users/Class2018/Documents/Projects/Crypto_wallet/impl/nios_proj_bsp/\libhal_bsp.a(alt_instruction_exception_entry.o)
 .comment       0x0000000000000023       0x24 c:/intelfpga_lite/18.1/nios2eds/bin/gnu/h-x86_64-mingw32/bin/../lib/gcc/nios2-elf/5.3.0/../../../../../H-x86_64-mingw32/nios2-elf/lib/mno-hw-mul\libsmallc.a(lib_a-atexit.o)
 .comment       0x0000000000000023       0x24 c:/intelfpga_lite/18.1/nios2eds/bin/gnu/h-x86_64-mingw32/bin/../lib/gcc/nios2-elf/5.3.0/../../../../../H-x86_64-mingw32/nios2-elf/lib/mno-hw-mul\libsmallc.a(lib_a-exit.o)
 .comment       0x0000000000000023       0x24 c:/intelfpga_lite/18.1/nios2eds/bin/gnu/h-x86_64-mingw32/bin/../lib/gcc/nios2-elf/5.3.0/../../../../../H-x86_64-mingw32/nios2-elf/lib/mno-hw-mul\libsmallc.a(lib_a-memcmp.o)
 .comment       0x0000000000000023       0x24 c:/intelfpga_lite/18.1/nios2eds/bin/gnu/h-x86_64-mingw32/bin/../lib/gcc/nios2-elf/5.3.0/../../../../../H-x86_64-mingw32/nios2-elf/lib/mno-hw-mul\libsmallc.a(lib_a-__atexit.o)
 .comment       0x0000000000000023       0x24 c:/intelfpga_lite/18.1/nios2eds/bin/gnu/h-x86_64-mingw32/bin/../lib/gcc/nios2-elf/5.3.0/../../../../../H-x86_64-mingw32/nios2-elf/lib/mno-hw-mul\libsmallc.a(lib_a-__call_atexit.o)
 .comment       0x0000000000000023       0x24 c:/intelfpga_lite/18.1/nios2eds/bin/gnu/h-x86_64-mingw32/bin/../lib/gcc/nios2-elf/5.3.0/mno-hw-mul\libgcc.a(_umoddi3.o)
 .comment       0x0000000000000023       0x24 c:/intelfpga_lite/18.1/nios2eds/bin/gnu/h-x86_64-mingw32/bin/../lib/gcc/nios2-elf/5.3.0/mno-hw-mul\libgcc.a(_clz.o)
 .comment       0x0000000000000023       0x24 C:/Users/Class2018/Documents/Projects/Crypto_wallet/impl/nios_proj_bsp/\libhal_bsp.a(alt_exit.o)

.debug
 *(.debug)

.line
 *(.line)

.debug_srcinfo
 *(.debug_srcinfo)

.debug_sfnames
 *(.debug_sfnames)

.debug_aranges  0x0000000000000000      0xa58
 *(.debug_aranges)
 .debug_aranges
                0x0000000000000000       0x28 C:/Users/Class2018/Documents/Projects/Crypto_wallet/impl/nios_proj_bsp//obj/HAL/src/crt0.o
 .debug_aranges
                0x0000000000000028       0x20 obj/default/bip32.o
 .debug_aranges
                0x0000000000000048       0x20 obj/default/bip39.o
 .debug_aranges
                0x0000000000000068       0x18 obj/default/chainparams.o
 .debug_aranges
                0x0000000000000080       0x20 obj/default/commontools.o
 .debug_aranges
                0x00000000000000a0       0x20 obj/default/hmac.o
 .debug_aranges
                0x00000000000000c0       0x20 obj/default/memzero.o
 .debug_aranges
                0x00000000000000e0       0x20 obj/default/pbkdf2.o
 .debug_aranges
                0x0000000000000100       0x20 obj/default/rand.o
 .debug_aranges
                0x0000000000000120       0x20 obj/default/sha2.o
 .debug_aranges
                0x0000000000000140       0x20 obj/default/sha2mnemonic.o
 .debug_aranges
                0x0000000000000160       0x20 obj/default/wallet_main.o
 .debug_aranges
                0x0000000000000180       0x20 c:/intelfpga_lite/18.1/nios2eds/bin/gnu/h-x86_64-mingw32/bin/../lib/gcc/nios2-elf/5.3.0/mno-hw-mul\libgcc.a(lib2-mul.o)
 .debug_aranges
                0x00000000000001a0       0x28 c:/intelfpga_lite/18.1/nios2eds/bin/gnu/h-x86_64-mingw32/bin/../lib/gcc/nios2-elf/5.3.0/../../../../../H-x86_64-mingw32/nios2-elf/lib/mno-hw-mul\libsmallc.a(lib_a-malloc.o)
 .debug_aranges
                0x00000000000001c8       0x20 c:/intelfpga_lite/18.1/nios2eds/bin/gnu/h-x86_64-mingw32/bin/../lib/gcc/nios2-elf/5.3.0/../../../../../H-x86_64-mingw32/nios2-elf/lib/mno-hw-mul\libsmallc.a(lib_a-memcpy.o)
 .debug_aranges
                0x00000000000001e8       0x20 c:/intelfpga_lite/18.1/nios2eds/bin/gnu/h-x86_64-mingw32/bin/../lib/gcc/nios2-elf/5.3.0/../../../../../H-x86_64-mingw32/nios2-elf/lib/mno-hw-mul\libsmallc.a(lib_a-memset.o)
 .debug_aranges
                0x0000000000000208       0x20 c:/intelfpga_lite/18.1/nios2eds/bin/gnu/h-x86_64-mingw32/bin/../lib/gcc/nios2-elf/5.3.0/../../../../../H-x86_64-mingw32/nios2-elf/lib/mno-hw-mul\libsmallc.a(lib_a-nano-freer.o)
 .debug_aranges
                0x0000000000000228       0x20 c:/intelfpga_lite/18.1/nios2eds/bin/gnu/h-x86_64-mingw32/bin/../lib/gcc/nios2-elf/5.3.0/../../../../../H-x86_64-mingw32/nios2-elf/lib/mno-hw-mul\libsmallc.a(lib_a-nano-mallocr.o)
 .debug_aranges
                0x0000000000000248       0x28 c:/intelfpga_lite/18.1/nios2eds/bin/gnu/h-x86_64-mingw32/bin/../lib/gcc/nios2-elf/5.3.0/../../../../../H-x86_64-mingw32/nios2-elf/lib/mno-hw-mul\libsmallc.a(lib_a-printf.o)
 .debug_aranges
                0x0000000000000270       0x28 c:/intelfpga_lite/18.1/nios2eds/bin/gnu/h-x86_64-mingw32/bin/../lib/gcc/nios2-elf/5.3.0/../../../../../H-x86_64-mingw32/nios2-elf/lib/mno-hw-mul\libsmallc.a(lib_a-puts.o)
 .debug_aranges
                0x0000000000000298       0x28 c:/intelfpga_lite/18.1/nios2eds/bin/gnu/h-x86_64-mingw32/bin/../lib/gcc/nios2-elf/5.3.0/../../../../../H-x86_64-mingw32/nios2-elf/lib/mno-hw-mul\libsmallc.a(lib_a-rand.o)
 .debug_aranges
                0x00000000000002c0       0x20 c:/intelfpga_lite/18.1/nios2eds/bin/gnu/h-x86_64-mingw32/bin/../lib/gcc/nios2-elf/5.3.0/../../../../../H-x86_64-mingw32/nios2-elf/lib/mno-hw-mul\libsmallc.a(lib_a-sbrkr.o)
 .debug_aranges
                0x00000000000002e0       0x20 c:/intelfpga_lite/18.1/nios2eds/bin/gnu/h-x86_64-mingw32/bin/../lib/gcc/nios2-elf/5.3.0/../../../../../H-x86_64-mingw32/nios2-elf/lib/mno-hw-mul\libsmallc.a(lib_a-strcmp.o)
 .debug_aranges
                0x0000000000000300       0x20 c:/intelfpga_lite/18.1/nios2eds/bin/gnu/h-x86_64-mingw32/bin/../lib/gcc/nios2-elf/5.3.0/../../../../../H-x86_64-mingw32/nios2-elf/lib/mno-hw-mul\libsmallc.a(lib_a-strcpy.o)
 .debug_aranges
                0x0000000000000320       0x20 c:/intelfpga_lite/18.1/nios2eds/bin/gnu/h-x86_64-mingw32/bin/../lib/gcc/nios2-elf/5.3.0/../../../../../H-x86_64-mingw32/nios2-elf/lib/mno-hw-mul\libsmallc.a(lib_a-strlen.o)
 .debug_aranges
                0x0000000000000340       0x20 c:/intelfpga_lite/18.1/nios2eds/bin/gnu/h-x86_64-mingw32/bin/../lib/gcc/nios2-elf/5.3.0/../../../../../H-x86_64-mingw32/nios2-elf/lib/mno-hw-mul\libsmallc.a(lib_a-time.o)