Archive member included to satisfy reference by file (symbol)

c:/intelfpga_lite/18.1/nios2eds/bin/gnu/h-x86_64-mingw32/bin/../lib/gcc/nios2-elf/5.3.0/mno-hw-mul\libgcc.a(lib2-mul.o)
                              obj/default/wallet_bip39.o (__mulsi3)
c:/intelfpga_lite/18.1/nios2eds/bin/gnu/h-x86_64-mingw32/bin/../lib/gcc/nios2-elf/5.3.0/../../../../../H-x86_64-mingw32/nios2-elf/lib/mno-hw-mul\libsmallc.a(lib_a-malloc.o)
                              obj/default/wallet_main.o (malloc)
c:/intelfpga_lite/18.1/nios2eds/bin/gnu/h-x86_64-mingw32/bin/../lib/gcc/nios2-elf/5.3.0/../../../../../H-x86_64-mingw32/nios2-elf/lib/mno-hw-mul\libsmallc.a(lib_a-memcpy.o)
                              obj/default/wallet_bip39.o (memcpy)
c:/intelfpga_lite/18.1/nios2eds/bin/gnu/h-x86_64-mingw32/bin/../lib/gcc/nios2-elf/5.3.0/../../../../../H-x86_64-mingw32/nios2-elf/lib/mno-hw-mul\libsmallc.a(lib_a-nano-freer.o)
                              c:/intelfpga_lite/18.1/nios2eds/bin/gnu/h-x86_64-mingw32/bin/../lib/gcc/nios2-elf/5.3.0/../../../../../H-x86_64-mingw32/nios2-elf/lib/mno-hw-mul\libsmallc.a(lib_a-malloc.o) (_free_r)
c:/intelfpga_lite/18.1/nios2eds/bin/gnu/h-x86_64-mingw32/bin/../lib/gcc/nios2-elf/5.3.0/../../../../../H-x86_64-mingw32/nios2-elf/lib/mno-hw-mul\libsmallc.a(lib_a-nano-mallocr.o)
                              c:/intelfpga_lite/18.1/nios2eds/bin/gnu/h-x86_64-mingw32/bin/../lib/gcc/nios2-elf/5.3.0/../../../../../H-x86_64-mingw32/nios2-elf/lib/mno-hw-mul\libsmallc.a(lib_a-malloc.o) (_malloc_r)
c:/intelfpga_lite/18.1/nios2eds/bin/gnu/h-x86_64-mingw32/bin/../lib/gcc/nios2-elf/5.3.0/../../../../../H-x86_64-mingw32/nios2-elf/lib/mno-hw-mul\libsmallc.a(lib_a-printf.o)
                              obj/default/wallet_main.o (printf)
c:/intelfpga_lite/18.1/nios2eds/bin/gnu/h-x86_64-mingw32/bin/../lib/gcc/nios2-elf/5.3.0/../../../../../H-x86_64-mingw32/nios2-elf/lib/mno-hw-mul\libsmallc.a(lib_a-puts.o)
                              obj/default/wallet_main.o (puts)
c:/intelfpga_lite/18.1/nios2eds/bin/gnu/h-x86_64-mingw32/bin/../lib/gcc/nios2-elf/5.3.0/../../../../../H-x86_64-mingw32/nios2-elf/lib/mno-hw-mul\libsmallc.a(lib_a-sbrkr.o)
                              c:/intelfpga_lite/18.1/nios2eds/bin/gnu/h-x86_64-mingw32/bin/../lib/gcc/nios2-elf/5.3.0/../../../../../H-x86_64-mingw32/nios2-elf/lib/mno-hw-mul\libsmallc.a(lib_a-nano-mallocr.o) (_sbrk_r)
c:/intelfpga_lite/18.1/nios2eds/bin/gnu/h-x86_64-mingw32/bin/../lib/gcc/nios2-elf/5.3.0/../../../../../H-x86_64-mingw32/nios2-elf/lib/mno-hw-mul\libsmallc.a(lib_a-strcpy.o)
                              obj/default/wallet_bip39.o (strcpy)
c:/intelfpga_lite/18.1/nios2eds/bin/gnu/h-x86_64-mingw32/bin/../lib/gcc/nios2-elf/5.3.0/../../../../../H-x86_64-mingw32/nios2-elf/lib/mno-hw-mul\libsmallc.a(lib_a-strlen.o)
                              obj/default/wallet_bip39.o (strlen)
c:/intelfpga_lite/18.1/nios2eds/bin/gnu/h-x86_64-mingw32/bin/../lib/gcc/nios2-elf/5.3.0/../../../../../H-x86_64-mingw32/nios2-elf/lib/mno-hw-mul\libsmallc.a(lib_a-vfprintf.o)
                              c:/intelfpga_lite/18.1/nios2eds/bin/gnu/h-x86_64-mingw32/bin/../lib/gcc/nios2-elf/5.3.0/../../../../../H-x86_64-mingw32/nios2-elf/lib/mno-hw-mul\libsmallc.a(lib_a-printf.o) (___vfprintf_internal_r)
c:/intelfpga_lite/18.1/nios2eds/bin/gnu/h-x86_64-mingw32/bin/../lib/gcc/nios2-elf/5.3.0/../../../../../H-x86_64-mingw32/nios2-elf/lib/mno-hw-mul\libsmallc.a(lib_a-fvwrite_small_dev.o)
                              c:/intelfpga_lite/18.1/nios2eds/bin/gnu/h-x86_64-mingw32/bin/../lib/gcc/nios2-elf/5.3.0/../../../../../H-x86_64-mingw32/nios2-elf/lib/mno-hw-mul\libsmallc.a(lib_a-printf.o) (__sfvwrite_small_dev)
c:/intelfpga_lite/18.1/nios2eds/bin/gnu/h-x86_64-mingw32/bin/../lib/gcc/nios2-elf/5.3.0/../../../../../H-x86_64-mingw32/nios2-elf/lib/mno-hw-mul\libsmallc.a(lib_a-impure.o)
                              c:/intelfpga_lite/18.1/nios2eds/bin/gnu/h-x86_64-mingw32/bin/../lib/gcc/nios2-elf/5.3.0/../../../../../H-x86_64-mingw32/nios2-elf/lib/mno-hw-mul\libsmallc.a(lib_a-malloc.o) (_impure_ptr)
c:/intelfpga_lite/18.1/nios2eds/bin/gnu/h-x86_64-mingw32/bin/../lib/gcc/nios2-elf/5.3.0/../../../../../H-x86_64-mingw32/nios2-elf/lib/mno-hw-mul\libsmallc.a(lib_a-int_errno.o)
                              c:/intelfpga_lite/18.1/nios2eds/bin/gnu/h-x86_64-mingw32/bin/../lib/gcc/nios2-elf/5.3.0/../../../../../H-x86_64-mingw32/nios2-elf/lib/mno-hw-mul\libsmallc.a(lib_a-sbrkr.o) (errno)
c:/intelfpga_lite/18.1/nios2eds/bin/gnu/h-x86_64-mingw32/bin/../lib/gcc/nios2-elf/5.3.0/../../../../../H-x86_64-mingw32/nios2-elf/lib/mno-hw-mul\libsmallc.a(lib_a-writer.o)
                              c:/intelfpga_lite/18.1/nios2eds/bin/gnu/h-x86_64-mingw32/bin/../lib/gcc/nios2-elf/5.3.0/../../../../../H-x86_64-mingw32/nios2-elf/lib/mno-hw-mul\libsmallc.a(lib_a-fvwrite_small_dev.o) (_write_r)
c:/intelfpga_lite/18.1/nios2eds/bin/gnu/h-x86_64-mingw32/bin/../lib/gcc/nios2-elf/5.3.0/mno-hw-mul\libgcc.a(lib2-divmod.o)
[...]
Memory Configuration

Name             Origin             Length             Attributes
sdram            0x0000000000000000 0x0000000002000000
reset            0x0000000002008000 0x0000000000000020
onchip_memory2   0x0000000002008020 0x0000000000007ce0
epcs_flash_controller 0x0000000002011000 0x0000000000000800
*default*        0x0000000000000000 0xffffffffffffffff

Linker script and memory map

LOAD C:/Users/Class2018/Documents/Projects/Crypto_wallet/impl/nios_proj_bsp//obj/HAL/src/crt0.o
LOAD obj/default/wallet_bip39.o
LOAD obj/default/wallet_main.o
LOAD c:/intelfpga_lite/18.1/nios2eds/bin/gnu/h-x86_64-mingw32/bin/../lib/gcc/nios2-elf/5.3.0/../../../../../H-x86_64-mingw32/nios2-elf/lib/mno-hw-mul\libstdc++.a
LOAD c:/intelfpga_lite/18.1/nios2eds/bin/gnu/h-x86_64-mingw32/bin/../lib/gcc/nios2-elf/5.3.0/../../../../../H-x86_64-mingw32/nios2-elf/lib/mno-hw-mul\libm.a
LOAD c:/intelfpga_lite/18.1/nios2eds/bin/gnu/h-x86_64-mingw32/bin/../lib/gcc/nios2-elf/5.3.0/mno-hw-mul\libgcc.a
START GROUP
LOAD c:/intelfpga_lite/18.1/nios2eds/bin/gnu/h-x86_64-mingw32/bin/../lib/gcc/nios2-elf/5.3.0/../../../../../H-x86_64-mingw32/nios2-elf/lib/mno-hw-mul\libsmallc.a
LOAD c:/intelfpga_lite/18.1/nios2eds/bin/gnu/h-x86_64-mingw32/bin/../lib/gcc/nios2-elf/5.3.0/mno-hw-mul\libgcc.a
LOAD C:/Users/Class2018/Documents/Projects/Crypto_wallet/impl/nios_proj_bsp/\libhal_bsp.a
LOAD c:/intelfpga_lite/18.1/nios2eds/bin/gnu/h-x86_64-mingw32/bin/../lib/gcc/nios2-elf/5.3.0/../../../../../H-x86_64-mingw32/nios2-elf/lib/mno-hw-mul\libm.a
END GROUP
LOAD c:/intelfpga_lite/18.1/nios2eds/bin/gnu/h-x86_64-mingw32/bin/../lib/gcc/nios2-elf/5.3.0/mno-hw-mul\libgcc.a
                0x0000000000000000                __alt_mem_sdram = 0x0
                0x0000000002008000                __alt_mem_onchip_memory2 = 0x2008000
                0x0000000002011000                __alt_mem_epcs_flash_controller = 0x2011000

.entry          0x0000000002008000       0x20
 *(.entry)
 .entry         0x0000000002008000       0x20 C:/Users/Class2018/Documents/Projects/Crypto_wallet/impl/nios_proj_bsp//obj/HAL/src/crt0.o
                0x0000000002008000                __reset

.exceptions     0x0000000002008020      0x210
                0x0000000002008020                PROVIDE (__ram_exceptions_start, ABSOLUTE (.))
                0x0000000002008020                . = ALIGN (0x20)
 *(.irq)
 *(.exceptions.entry.label)
 .exceptions.entry.label
                0x0000000002008020        0x0 C:/Users/Class2018/Documents/Projects/Crypto_wallet/impl/nios_proj_bsp/\libhal_bsp.a(alt_irq_entry.o)
                0x0000000002008020                alt_irq_entry
 .exceptions.entry.label
                0x0000000002008020        0x0 C:/Users/Class2018/Documents/Projects/Crypto_wallet/impl/nios_proj_bsp/\libhal_bsp.a(alt_exception_entry.o)
                0x0000000002008020                alt_exception
 *(.exceptions.entry.user)
 *(.exceptions.entry.ecc_fatal)
 *(.exceptions.entry)
 .exceptions.entry
                0x0000000002008020       0x54 C:/Users/Class2018/Documents/Projects/Crypto_wallet/impl/nios_proj_bsp/\libhal_bsp.a(alt_exception_entry.o)
 *(.exceptions.irqtest.user)
 *(.exceptions.irqtest)
 .exceptions.irqtest
                0x0000000002008074       0x10 C:/Users/Class2018/Documents/Projects/Crypto_wallet/impl/nios_proj_bsp/\libhal_bsp.a(alt_irq_entry.o)
 *(.exceptions.irqhandler.user)
 *(.exceptions.irqhandler)
 .exceptions.irqhandler
                0x0000000002008084        0x4 C:/Users/Class2018/Documents/Projects/Crypto_wallet/impl/nios_proj_bsp/\libhal_bsp.a(alt_irq_entry.o)
 *(.exceptions.irqreturn.user)
 *(.exceptions.irqreturn)
 .exceptions.irqreturn
                0x0000000002008088        0x4 C:/Users/Class2018/Documents/Projects/Crypto_wallet/impl/nios_proj_bsp/\libhal_bsp.a(alt_irq_entry.o)
 *(.exceptions.notirq.label)
 .exceptions.notirq.label
                0x000000000200808c        0x0 C:/Users/Class2018/Documents/Projects/Crypto_wallet/impl/nios_proj_bsp/\libhal_bsp.a(alt_irq_entry.o)
 *(.exceptions.notirq.user)
 *(.exceptions.notirq)
 .exceptions.notirq
                0x000000000200808c        0x8 C:/Users/Class2018/Documents/Projects/Crypto_wallet/impl/nios_proj_bsp/\libhal_bsp.a(alt_exception_entry.o)
 *(.exceptions.soft.user)
 *(.exceptions.soft)
 *(.exceptions.unknown.user)
 *(.exceptions.unknown)
 .exceptions.unknown
                0x0000000002008094       0x14 C:/Users/Class2018/Documents/Projects/Crypto_wallet/impl/nios_proj_bsp/\libhal_bsp.a(alt_exception_entry.o)
 *(.exceptions.exit.label)
 .exceptions.exit.label
                0x00000000020080a8        0x0 C:/Users/Class2018/Documents/Projects/Crypto_wallet/impl/nios_proj_bsp/\libhal_bsp.a(alt_irq_entry.o)
 .exceptions.exit.label
                0x00000000020080a8        0x0 C:/Users/Class2018/Documents/Projects/Crypto_wallet/impl/nios_proj_bsp/\libhal_bsp.a(alt_exception_entry.o)
 *(.exceptions.exit.user)
 *(.exceptions.exit)
 .exceptions.exit
                0x00000000020080a8       0x54 C:/Users/Class2018/Documents/Projects/Crypto_wallet/impl/nios_proj_bsp/\libhal_bsp.a(alt_exception_entry.o)
 *(.exceptions)
 .exceptions    0x00000000020080fc       0xd4 C:/Users/Class2018/Documents/Projects/Crypto_wallet/impl/nios_proj_bsp/\libhal_bsp.a(alt_irq_handler.o)
                0x00000000020080fc                alt_irq_handler
 .exceptions    0x00000000020081d0       0x60 C:/Users/Class2018/Documents/Projects/Crypto_wallet/impl/nios_proj_bsp/\libhal_bsp.a(alt_instruction_exception_entry.o)
                0x00000000020081d0                alt_instruction_exception_entry
                0x0000000002008230                PROVIDE (__ram_exceptions_end, ABSOLUTE (.))
                0x0000000002008020                PROVIDE (__flash_exceptions_start, LOADADDR (.exceptions))

.text           0x0000000002008230     0x4660
                [!provide]                        PROVIDE (stext, ABSOLUTE (.))
 *(.interp)
 *(.hash)
 *(.dynsym)
 *(.dynstr)
 *(.gnu.version)
 *(.gnu.version_d)
 *(.gnu.version_r)
 *(.rel.init)
 *(.rela.init)
 *(.rel.text .rel.text.* .rel.gnu.linkonce.t.*)
 *(.rela.text .rela.text.* .rela.gnu.linkonce.t.*)
 *(.rel.fini)
 *(.rela.fini)
 *(.rel.rodata .rel.rodata.* .rel.gnu.linkonce.r.*)
 *(.rela.rodata .rela.rodata.* .rela.gnu.linkonce.r.*)
 *(.rel.data .rel.data.* .rel.gnu.linkonce.d.*)
 *(.rela.data .rela.data.* .rela.gnu.linkonce.d.*)
 *(.rel.tdata .rel.tdata.* .rel.gnu.linkonce.td.*)
 *(.rela.tdata .rela.tdata.* .rela.gnu.linkonce.td.*)
 *(.rel.tbss .rel.tbss.* .rel.gnu.linkonce.tb.*)
 *(.rela.tbss .rela.tbss.* .rela.gnu.linkonce.tb.*)
 *(.rel.ctors)
 *(.rela.ctors)
 *(.rel.dtors)
 *(.rela.dtors)
 *(.rel.got)
 *(.rela.got)
 *(.rel.sdata .rel.sdata.* .rel.gnu.linkonce.s.*)
 *(.rela.sdata .rela.sdata.* .rela.gnu.linkonce.s.*)
 *(.rel.sbss .rel.sbss.* .rel.gnu.linkonce.sb.*)
 *(.rela.sbss .rela.sbss.* .rela.gnu.linkonce.sb.*)
 *(.rel.sdata2 .rel.sdata2.* .rel.gnu.linkonce.s2.*)
 *(.rela.sdata2 .rela.sdata2.* .rela.gnu.linkonce.s2.*)
 *(.rel.sbss2 .rel.sbss2.* .rel.gnu.linkonce.sb2.*)
 *(.rela.sbss2 .rela.sbss2.* .rela.gnu.linkonce.sb2.*)
 *(.rel.bss .rel.bss.* .rel.gnu.linkonce.b.*)
 *(.rela.bss .rela.bss.* .rela.gnu.linkonce.b.*)
 *(.rel.plt)
 *(.rela.plt)
 *(.rel.dyn)
 *(.init)
 *(.plt)
 *(.text .stub .text.* .gnu.linkonce.t.*)
 .text          0x0000000002008230       0x3c C:/Users/Class2018/Documents/Projects/Crypto_wallet/impl/nios_proj_bsp//obj/HAL/src/crt0.o
                0x0000000002008230                _start
 .text          0x000000000200826c      0x240 obj/default/wallet_bip39.o
                0x000000000200826c                FchrMnemonicGenerate
                0x00000000020082b8                FchrMnemonicFromData
 .text          0x00000000020084ac      0x100 obj/default/wallet_main.o
                0x00000000020084ac                niosTest
                0x000000000200852c                main
 .text          0x00000000020085ac       0x28 c:/intelfpga_lite/18.1/nios2eds/bin/gnu/h-x86_64-mingw32/bin/../lib/gcc/nios2-elf/5.3.0/mno-hw-mul\libgcc.a(lib2-mul.o)
                0x00000000020085ac                __mulsi3
 .text          0x00000000020085d4        0x0 c:/intelfpga_lite/18.1/nios2eds/bin/gnu/h-x86_64-mingw32/bin/../lib/gcc/nios2-elf/5.3.0/../../../../../H-x86_64-mingw32/nios2-elf/lib/mno-hw-mul\libsmallc.a(lib_a-malloc.o)
 .text.malloc   0x00000000020085d4       0x14 c:/intelfpga_lite/18.1/nios2eds/bin/gnu/h-x86_64-mingw32/bin/../lib/gcc/nios2-elf/5.3.0/../../../../../H-x86_64-mingw32/nios2-elf/lib/mno-hw-mul\libsmallc.a(lib_a-malloc.o)
                0x00000000020085d4                malloc
 .text.free     0x00000000020085e8       0x14 c:/intelfpga_lite/18.1/nios2eds/bin/gnu/h-x86_64-mingw32/bin/../lib/gcc/nios2-elf/5.3.0/../../../../../H-x86_64-mingw32/nios2-elf/lib/mno-hw-mul\libsmallc.a(lib_a-malloc.o)
                0x00000000020085e8                free
 .text          0x00000000020085fc        0x0 c:/intelfpga_lite/18.1/nios2eds/bin/gnu/h-x86_64-mingw32/bin/../lib/gcc/nios2-elf/5.3.0/../../../../../H-x86_64-mingw32/nios2-elf/lib/mno-hw-mul\libsmallc.a(lib_a-memcpy.o)
 .text.memcpy   0x00000000020085fc       0x28 c:/intelfpga_lite/18.1/nios2eds/bin/gnu/h-x86_64-mingw32/bin/../lib/gcc/nios2-elf/5.3.0/../../../../../H-x86_64-mingw32/nios2-elf/lib/mno-hw-mul\libsmallc.a(lib_a-memcpy.o)
                0x00000000020085fc                memcpy
 .text          0x0000000002008624        0x0 c:/intelfpga_lite/18.1/nios2eds/bin/gnu/h-x86_64-mingw32/bin/../lib/gcc/nios2-elf/5.3.0/../../../../../H-x86_64-mingw32/nios2-elf/lib/mno-hw-mul\libsmallc.a(lib_a-nano-freer.o)
 .text._free_r  0x0000000002008624       0xe4 c:/intelfpga_lite/18.1/nios2eds/bin/gnu/h-x86_64-mingw32/bin/../lib/gcc/nios2-elf/5.3.0/../../../../../H-x86_64-mingw32/nios2-elf/lib/mno-hw-mul\libsmallc.a(lib_a-nano-freer.o)
                0x0000000002008624                _free_r
 .text          0x0000000002008708        0x0 c:/intelfpga_lite/18.1/nios2eds/bin/gnu/h-x86_64-mingw32/bin/../lib/gcc/nios2-elf/5.3.0/../../../../../H-x86_64-mingw32/nios2-elf/lib/mno-hw-mul\libsmallc.a(lib_a-nano-mallocr.o)
 .text._malloc_r
                0x0000000002008708      0x158 c:/intelfpga_lite/18.1/nios2eds/bin/gnu/h-x86_64-mingw32/bin/../lib/gcc/nios2-elf/5.3.0/../../../../../H-x86_64-mingw32/nios2-elf/lib/mno-hw-mul\libsmallc.a(lib_a-nano-mallocr.o)
                0x0000000002008708                _malloc_r
 .text          0x0000000002008860        0x0 c:/intelfpga_lite/18.1/nios2eds/bin/gnu/h-x86_64-mingw32/bin/../lib/gcc/nios2-elf/5.3.0/../../../../../H-x86_64-mingw32/nios2-elf/lib/mno-hw-mul\libsmallc.a(lib_a-printf.o)
 .text._printf_r
                0x0000000002008860       0x3c c:/intelfpga_lite/18.1/nios2eds/bin/gnu/h-x86_64-mingw32/bin/../lib/gcc/nios2-elf/5.3.0/../../../../../H-x86_64-mingw32/nios2-elf/lib/mno-hw-mul\libsmallc.a(lib_a-printf.o)
                0x0000000002008860                _printf_r
 .text.printf   0x000000000200889c       0x4c c:/intelfpga_lite/18.1/nios2eds/bin/gnu/h-x86_64-mingw32/bin/../lib/gcc/nios2-elf/5.3.0/../../../../../H-x86_64-mingw32/nios2-elf/lib/mno-hw-mul\libsmallc.a(lib_a-printf.o)
                0x000000000200889c                printf
 .text          0x00000000020088e8        0x0 c:/intelfpga_lite/18.1/nios2eds/bin/gnu/h-x86_64-mingw32/bin/../lib/gcc/nios2-elf/5.3.0/../../../../../H-x86_64-mingw32/nios2-elf/lib/mno-hw-mul\libsmallc.a(lib_a-puts.o)
 .text._puts_r  0x00000000020088e8       0x80 c:/intelfpga_lite/18.1/nios2eds/bin/gnu/h-x86_64-mingw32/bin/../lib/gcc/nios2-elf/5.3.0/../../../../../H-x86_64-mingw32/nios2-elf/lib/mno-hw-mul\libsmallc.a(lib_a-puts.o)
                0x00000000020088e8                _puts_r
 .text.puts     0x0000000002008968       0x14 c:/intelfpga_lite/18.1/nios2eds/bin/gnu/h-x86_64-mingw32/bin/../lib/gcc/nios2-elf/5.3.0/../../../../../H-x86_64-mingw32/nios2-elf/lib/mno-hw-mul\libsmallc.a(lib_a-puts.o)
                0x0000000002008968                puts
 .text          0x000000000200897c        0x0 c:/intelfpga_lite/18.1/nios2eds/bin/gnu/h-x86_64-mingw32/bin/../lib/gcc/nios2-elf/5.3.0/../../../../../H-x86_64-mingw32/nios2-elf/lib/mno-hw-mul\libsmallc.a(lib_a-sbrkr.o)
 .text._sbrk_r  0x000000000200897c       0x50 c:/intelfpga_lite/18.1/nios2eds/bin/gnu/h-x86_64-mingw32/bin/../lib/gcc/nios2-elf/5.3.0/../../../../../H-x86_64-mingw32/nios2-elf/lib/mno-hw-mul\libsmallc.a(lib_a-sbrkr.o)
                0x000000000200897c                _sbrk_r
 .text          0x00000000020089cc        0x0 c:/intelfpga_lite/18.1/nios2eds/bin/gnu/h-x86_64-mingw32/bin/../lib/gcc/nios2-elf/5.3.0/../../../../../H-x86_64-mingw32/nios2-elf/lib/mno-hw-mul\libsmallc.a(lib_a-strcpy.o)
 .text.strcpy   0x00000000020089cc       0x2c c:/intelfpga_lite/18.1/nios2eds/bin/gnu/h-x86_64-mingw32/bin/../lib/gcc/nios2-elf/5.3.0/../../../../../H-x86_64-mingw32/nios2-elf/lib/mno-hw-mul\libsmallc.a(lib_a-strcpy.o)
                0x00000000020089cc                strcpy
 .text          0x00000000020089f8        0x0 c:/intelfpga_lite/18.1/nios2eds/bin/gnu/h-x86_64-mingw32/bin/../lib/gcc/nios2-elf/5.3.0/../../../../../H-x86_64-mingw32/nios2-elf/lib/mno-hw-mul\libsmallc.a(lib_a-strlen.o)
 .text.strlen   0x00000000020089f8       0x1c c:/intelfpga_lite/18.1/nios2eds/bin/gnu/h-x86_64-mingw32/bin/../lib/gcc/nios2-elf/5.3.0/../../../../../H-x86_64-mingw32/nios2-elf/lib/mno-hw-mul\libsmallc.a(lib_a-strlen.o)
                0x00000000020089f8                strlen
 .text          0x0000000002008a14        0x0 c:/intelfpga_lite/18.1/nios2eds/bin/gnu/h-x86_64-mingw32/bin/../lib/gcc/nios2-elf/5.3.0/../../../../../H-x86_64-mingw32/nios2-elf/lib/mno-hw-mul\libsmallc.a(lib_a-vfprintf.o)
 .text.print_repeat
                0x0000000002008a14       0x6c c:/intelfpga_lite/18.1/nios2eds/bin/gnu/h-x86_64-mingw32/bin/../lib/gcc/nios2-elf/5.3.0/../../../../../H-x86_64-mingw32/nios2-elf/lib/mno-hw-mul\libsmallc.a(lib_a-vfprintf.o)
 .text.___vfprintf_internal_r
                0x0000000002008a80      0x52c c:/intelfpga_lite/18.1/nios2eds/bin/gnu/h-x86_64-mingw32/bin/../lib/gcc/nios2-elf/5.3.0/../../../../../H-x86_64-mingw32/nios2-elf/lib/mno-hw-mul\libsmallc.a(lib_a-vfprintf.o)
                0x0000000002008a80                ___vfprintf_internal_r
 .text.__vfprintf_internal
                0x0000000002008fac       0x1c c:/intelfpga_lite/18.1/nios2eds/bin/gnu/h-x86_64-mingw32/bin/../lib/gcc/nios2-elf/5.3.0/../../../../../H-x86_64-mingw32/nios2-elf/lib/mno-hw-mul\libsmallc.a(lib_a-vfprintf.o)
                0x0000000002008fac                __vfprintf_internal
 .text          0x0000000002008fc8        0x0 c:/intelfpga_lite/18.1/nios2eds/bin/gnu/h-x86_64-mingw32/bin/../lib/gcc/nios2-elf/5.3.0/../../../../../H-x86_64-mingw32/nios2-elf/lib/mno-hw-mul\libsmallc.a(lib_a-fvwrite_small_dev.o)
 .text.__sfvwrite_small_dev
                0x0000000002008fc8       0xb8 c:/intelfpga_lite/18.1/nios2eds/bin/gnu/h-x86_64-mingw32/bin/../lib/gcc/nios2-elf/5.3.0/../../../../../H-x86_64-mingw32/nios2-elf/lib/mno-hw-mul\libsmallc.a(lib_a-fvwrite_small_dev.o)
                0x0000000002008fc8                __sfvwrite_small_dev
 .text          0x0000000002009080        0x0 c:/intelfpga_lite/18.1/nios2eds/bin/gnu/h-x86_64-mingw32/bin/../lib/gcc/nios2-elf/5.3.0/../../../../../H-x86_64-mingw32/nios2-elf/lib/mno-hw-mul\libsmallc.a(lib_a-impure.o)
 .text          0x0000000002009080        0x0 c:/intelfpga_lite/18.1/nios2eds/bin/gnu/h-x86_64-mingw32/bin/../lib/gcc/nios2-elf/5.3.0/../../../../../H-x86_64-mingw32/nios2-elf/lib/mno-hw-mul\libsmallc.a(lib_a-int_errno.o)
 .text          0x0000000002009080        0x0 c:/intelfpga_lite/18.1/nios2eds/bin/gnu/h-x86_64-mingw32/bin/../lib/gcc/nios2-elf/5.3.0/../../../../../H-x86_64-mingw32/nios2-elf/lib/mno-hw-mul\libsmallc.a(lib_a-writer.o)
 .text._write_r
                0x0000000002009080       0x58 c:/intelfpga_lite/18.1/nios2eds/bin/gnu/h-x86_64-mingw32/bin/../lib/gcc/nios2-elf/5.3.0/../../../../../H-x86_64-mingw32/nios2-elf/lib/mno-hw-mul\libsmallc.a(lib_a-writer.o)
                0x0000000002009080                _write_r
 .text          0x00000000020090d8      0x1b4 c:/intelfpga_lite/18.1/nios2eds/bin/gnu/h-x86_64-mingw32/bin/../lib/gcc/nios2-elf/5.3.0/mno-hw-mul\libgcc.a(lib2-divmod.o)
                0x00000000020090d8                __divsi3
                0x000000000200915c                __modsi3
                0x00000000020091d0                __udivsi3
                0x0000000002009234                __umodsi3
 .text          0x000000000200928c       0xec C:/Users/Class2018/Documents/Projects/Crypto_wallet/impl/nios_proj_bsp/\libhal_bsp.a(alt_load.o)
                0x00000000020092f4                alt_load
 .text          0x0000000002009378       0x7c C:/Users/Class2018/Documents/Projects/Crypto_wallet/impl/nios_proj_bsp/\libhal_bsp.a(alt_main.o)
                0x0000000002009378                alt_main
 .text          0x00000000020093f4       0xb0 C:/Users/Class2018/Documents/Projects/Crypto_wallet/impl/nios_proj_bsp/\libhal_bsp.a(alt_sbrk.o)
                0x00000000020093f4                sbrk
 .text          0x00000000020094a4      0x13c C:/Users/Class2018/Documents/Projects/Crypto_wallet/impl/nios_proj_bsp/\libhal_bsp.a(alt_write.o)
                0x00000000020094e0                write
 .text          0x00000000020095e0       0xc4 C:/Users/Class2018/Documents/Projects/Crypto_wallet/impl/nios_proj_bsp/\libhal_bsp.a(alt_sys_init.o)
                0x0000000002009614                alt_irq_init
                0x000000000200964c                alt_sys_init
 .text          0x00000000020096a4      0xafc C:/Users/Class2018/Documents/Projects/Crypto_wallet/impl/nios_proj_bsp/\libhal_bsp.a(altera_avalon_epcs_flash_controller.o)
                0x00000000020096d8                alt_epcs_flash_init
                0x0000000002009c10                alt_epcs_flash_write
                0x0000000002009e70                alt_epcs_flash_get_info
                0x0000000002009f90                alt_epcs_flash_erase_block
                0x000000000200a008                alt_epcs_flash_write_block
                0x000000000200a108                alt_epcs_flash_read
 .text          0x000000000200a1a0      0x164 C:/Users/Class2018/Documents/Projects/Crypto_wallet/impl/nios_proj_bsp/\libhal_bsp.a(altera_avalon_jtag_uart_fd.o)
                0x000000000200a1a0                altera_avalon_jtag_uart_read_fd
                0x000000000200a200                altera_avalon_jtag_uart_write_fd
                0x000000000200a260                altera_avalon_jtag_uart_close_fd
                0x000000000200a2b0                altera_avalon_jtag_uart_ioctl_fd
 .text          0x000000000200a304      0x3d4 C:/Users/Class2018/Documents/Projects/Crypto_wallet/impl/nios_proj_bsp/\libhal_bsp.a(altera_avalon_jtag_uart_init.o)
                0x000000000200a304                altera_avalon_jtag_uart_init
                0x000000000200a670                altera_avalon_jtag_uart_close
 .text          0x000000000200a6d8       0xf0 C:/Users/Class2018/Documents/Projects/Crypto_wallet/impl/nios_proj_bsp/\libhal_bsp.a(altera_avalon_jtag_uart_ioctl.o)
                0x000000000200a6d8                altera_avalon_jtag_uart_ioctl
 .text          0x000000000200a7c8      0x21c C:/Users/Class2018/Documents/Projects/Crypto_wallet/impl/nios_proj_bsp/\libhal_bsp.a(altera_avalon_jtag_uart_read.o)
                0x000000000200a7c8                altera_avalon_jtag_uart_read
 .text          0x000000000200a9e4      0x224 C:/Users/Class2018/Documents/Projects/Crypto_wallet/impl/nios_proj_bsp/\libhal_bsp.a(altera_avalon_jtag_uart_write.o)
                0x000000000200a9e4                altera_avalon_jtag_uart_write
 .text          0x000000000200ac08      0x63c C:/Users/Class2018/Documents/Projects/Crypto_wallet/impl/nios_proj_bsp/\libhal_bsp.a(epcs_commands.o)
                0x000000000200ac08                epcs_read_status_register
                0x000000000200acd8                epcs_sector_erase
                0x000000000200add4                epcs_read_buffer
                0x000000000200aec8                epcs_write_enable
                0x000000000200af1c                epcs_write_status_register
                0x000000000200af88                epcs_write_buffer
                0x000000000200b0a4                epcs_read_electronic_signature
                0x000000000200b10c                epcs_read_device_id
                0x000000000200b18c                epcs_enter_4_bytes_mode
                0x000000000200b1e8                epcs_exit_4_bytes_mode
 .text          0x000000000200b244      0x12c C:/Users/Class2018/Documents/Projects/Crypto_wallet/impl/nios_proj_bsp/\libhal_bsp.a(alt_alarm_start.o)
                0x000000000200b244                alt_alarm_start
 .text          0x000000000200b370      0x114 C:/Users/Class2018/Documents/Projects/Crypto_wallet/impl/nios_proj_bsp/\libhal_bsp.a(alt_close.o)
                0x000000000200b3ac                close
 .text          0x000000000200b484       0x20 C:/Users/Class2018/Documents/Projects/Crypto_wallet/impl/nios_proj_bsp/\libhal_bsp.a(alt_dcache_flush_all.o)
                0x000000000200b484                alt_dcache_flush_all
 .text          0x000000000200b4a4       0x2c C:/Users/Class2018/Documents/Projects/Crypto_wallet/impl/nios_proj_bsp/\libhal_bsp.a(alt_dev.o)
 .text          0x000000000200b4d0       0xe0 C:/Users/Class2018/Documents/Projects/Crypto_wallet/impl/nios_proj_bsp/\libhal_bsp.a(alt_dev_llist_insert.o)
                0x000000000200b50c                alt_dev_llist_insert
 .text          0x000000000200b5b0       0x60 C:/Users/Class2018/Documents/Projects/Crypto_wallet/impl/nios_proj_bsp/\libhal_bsp.a(alt_do_ctors.o)
                0x000000000200b5b0                _do_ctors
 .text          0x000000000200b610       0x60 C:/Users/Class2018/Documents/Projects/Crypto_wallet/impl/nios_proj_bsp/\libhal_bsp.a(alt_do_dtors.o)
                0x000000000200b610                _do_dtors
 .text          0x000000000200b670        0x0 C:/Users/Class2018/Documents/Projects/Crypto_wallet/impl/nios_proj_bsp/\libhal_bsp.a(alt_errno.o)
 .text          0x000000000200b670       0xbc C:/Users/Class2018/Documents/Projects/Crypto_wallet/impl/nios_proj_bsp/\libhal_bsp.a(alt_flash_dev.o)
                0x000000000200b670                alt_flash_open_dev
                0x000000000200b6d8                alt_flash_close_dev
 .text          0x000000000200b72c       0x20 C:/Users/Class2018/Documents/Projects/Crypto_wallet/impl/nios_proj_bsp/\libhal_bsp.a(alt_icache_flush_all.o)
                0x000000000200b72c                alt_icache_flush_all
 .text          0x000000000200b74c      0x1b0 C:/Users/Class2018/Documents/Projects/Crypto_wallet/impl/nios_proj_bsp/\libhal_bsp.a(alt_iic.o)
                0x000000000200b74c                alt_ic_isr_register
                0x000000000200b79c                alt_ic_irq_enable
                0x000000000200b824                alt_ic_irq_disable
                0x000000000200b8b0                alt_ic_irq_enabled
 .text          0x000000000200b8fc       0xf0 C:/Users/Class2018/Documents/Projects/Crypto_wallet/impl/nios_proj_bsp/\libhal_bsp.a(alt_iic_isr_register.o)
                0x000000000200b8fc                alt_iic_isr_register
 .text          0x000000000200b9ec      0x160 C:/Users/Class2018/Documents/Projects/Crypto_wallet/impl/nios_proj_bsp/\libhal_bsp.a(alt_io_redirect.o)
                0x000000000200bad0                alt_io_redirect
 .text          0x000000000200bb4c        0x0 C:/Users/Class2018/Documents/Projects/Crypto_wallet/impl/nios_proj_bsp/\libhal_bsp.a(alt_irq_entry.o)
 .text          0x000000000200bb4c        0x0 C:/Users/Class2018/Documents/Projects/Crypto_wallet/impl/nios_proj_bsp/\libhal_bsp.a(alt_irq_handler.o)
 .text          0x000000000200bb4c        0x0 C:/Users/Class2018/Documents/Projects/Crypto_wallet/impl/nios_proj_bsp/\libhal_bsp.a(alt_irq_vars.o)
 .text          0x000000000200bb4c      0x284 C:/Users/Class2018/Documents/Projects/Crypto_wallet/impl/nios_proj_bsp/\libhal_bsp.a(alt_open.o)
                0x000000000200bc74                open
 .text          0x000000000200bdd0       0x84 C:/Users/Class2018/Documents/Projects/Crypto_wallet/impl/nios_proj_bsp/\libhal_bsp.a(alt_release_fd.o)
                0x000000000200bdd0                alt_release_fd
 .text          0x000000000200be54      0x1a4 C:/Users/Class2018/Documents/Projects/Crypto_wallet/impl/nios_proj_bsp/\libhal_bsp.a(alt_tick.o)
                0x000000000200be54                alt_alarm_stop
                0x000000000200bef0                alt_tick
 .text          0x000000000200bff8       0x24 C:/Users/Class2018/Documents/Projects/Crypto_wallet/impl/nios_proj_bsp/\libhal_bsp.a(altera_nios2_gen2_irq.o)
                0x000000000200bff8                altera_nios2_gen2_irq_init
 .text          0x000000000200c01c      0x1fc C:/Users/Class2018/Documents/Projects/Crypto_wallet/impl/nios_proj_bsp/\libhal_bsp.a(altera_avalon_spi.o)
                0x000000000200c01c                alt_avalon_spi_command
 .text          0x000000000200c218        0x0 C:/Users/Class2018/Documents/Projects/Crypto_wallet/impl/nios_proj_bsp/\libhal_bsp.a(alt_exception_entry.o)
 .text          0x000000000200c218       0x90 C:/Users/Class2018/Documents/Projects/Crypto_wallet/impl/nios_proj_bsp/\libhal_bsp.a(alt_find_dev.o)
                0x000000000200c218                alt_find_dev
 .text          0x000000000200c2a8      0x108 C:/Users/Class2018/Documents/Projects/Crypto_wallet/impl/nios_proj_bsp/\libhal_bsp.a(alt_find_file.o)
                0x000000000200c2a8                alt_find_file
 .text          0x000000000200c3b0       0xc4 C:/Users/Class2018/Documents/Projects/Crypto_wallet/impl/nios_proj_bsp/\libhal_bsp.a(alt_get_fd.o)
                0x000000000200c3b0                alt_get_fd
 .text          0x000000000200c474       0x9c C:/Users/Class2018/Documents/Projects/Crypto_wallet/impl/nios_proj_bsp/\libhal_bsp.a(alt_instruction_exception_entry.o)
                0x000000000200c474                alt_exception_cause_generated_bad_addr
 .text          0x000000000200c510        0x0 c:/intelfpga_lite/18.1/nios2eds/bin/gnu/h-x86_64-mingw32/bin/../lib/gcc/nios2-elf/5.3.0/../../../../../H-x86_64-mingw32/nios2-elf/lib/mno-hw-mul\libsmallc.a(lib_a-atexit.o)
 .text.atexit   0x000000000200c510       0x14 c:/intelfpga_lite/18.1/nios2eds/bin/gnu/h-x86_64-mingw32/bin/../lib/gcc/nios2-elf/5.3.0/../../../../../H-x86_64-mingw32/nios2-elf/lib/mno-hw-mul\libsmallc.a(lib_a-atexit.o)
                0x000000000200c510                atexit
 .text          0x000000000200c524        0x0 c:/intelfpga_lite/18.1/nios2eds/bin/gnu/h-x86_64-mingw32/bin/../lib/gcc/nios2-elf/5.3.0/../../../../../H-x86_64-mingw32/nios2-elf/lib/mno-hw-mul\libsmallc.a(lib_a-exit.o)
 .text.exit     0x000000000200c524       0x20 c:/intelfpga_lite/18.1/nios2eds/bin/gnu/h-x86_64-mingw32/bin/../lib/gcc/nios2-elf/5.3.0/../../../../../H-x86_64-mingw32/nios2-elf/lib/mno-hw-mul\libsmallc.a(lib_a-exit.o)
                0x000000000200c524                exit
 .text          0x000000000200c544        0x0 c:/intelfpga_lite/18.1/nios2eds/bin/gnu/h-x86_64-mingw32/bin/../lib/gcc/nios2-elf/5.3.0/../../../../../H-x86_64-mingw32/nios2-elf/lib/mno-hw-mul\libsmallc.a(lib_a-memcmp.o)
 .text.memcmp   0x000000000200c544       0x30 c:/intelfpga_lite/18.1/nios2eds/bin/gnu/h-x86_64-mingw32/bin/../lib/gcc/nios2-elf/5.3.0/../../../../../H-x86_64-mingw32/nios2-elf/lib/mno-hw-mul\libsmallc.a(lib_a-memcmp.o)
                0x000000000200c544                memcmp
 .text          0x000000000200c574        0x0 c:/intelfpga_lite/18.1/nios2eds/bin/gnu/h-x86_64-mingw32/bin/../lib/gcc/nios2-elf/5.3.0/../../../../../H-x86_64-mingw32/nios2-elf/lib/mno-hw-mul\libsmallc.a(lib_a-__atexit.o)
 .text.__register_exitproc
                0x000000000200c574      0x158 c:/intelfpga_lite/18.1/nios2eds/bin/gnu/h-x86_64-mingw32/bin/../lib/gcc/nios2-elf/5.3.0/../../../../../H-x86_64-mingw32/nios2-elf/lib/mno-hw-mul\libsmallc.a(lib_a-__atexit.o)
                0x000000000200c574                __register_exitproc
 .text          0x000000000200c6cc        0x0 c:/intelfpga_lite/18.1/nios2eds/bin/gnu/h-x86_64-mingw32/bin/../lib/gcc/nios2-elf/5.3.0/../../../../../H-x86_64-mingw32/nios2-elf/lib/mno-hw-mul\libsmallc.a(lib_a-__call_atexit.o)
 .text.__call_exitprocs
                0x000000000200c6cc      0x190 c:/intelfpga_lite/18.1/nios2eds/bin/gnu/h-x86_64-mingw32/bin/../lib/gcc/nios2-elf/5.3.0/../../../../../H-x86_64-mingw32/nios2-elf/lib/mno-hw-mul\libsmallc.a(lib_a-__call_atexit.o)
                0x000000000200c6cc                __call_exitprocs
 .text          0x000000000200c85c       0x34 C:/Users/Class2018/Documents/Projects/Crypto_wallet/impl/nios_proj_bsp/\libhal_bsp.a(alt_exit.o)
                0x000000000200c85c                _exit
 *(.gnu.warning.*)
 *(.fini)
                [!provide]                        PROVIDE (__etext, ABSOLUTE (.))
                [!provide]                        PROVIDE (_etext, ABSOLUTE (.))
                [!provide]                        PROVIDE (etext, ABSOLUTE (.))
 *(.eh_frame_hdr)
                0x000000000200c890                . = ALIGN (0x4)
                [!provide]                        PROVIDE (__preinit_array_start, ABSOLUTE (.))
 *(.preinit_array)
                [!provide]                        PROVIDE (__preinit_array_end, ABSOLUTE (.))
                [!provide]                        PROVIDE (__init_array_start, ABSOLUTE (.))
 *(.init_array)
                [!provide]                        PROVIDE (__init_array_end, ABSOLUTE (.))
                [!provide]                        PROVIDE (__fini_array_start, ABSOLUTE (.))
 *(.fini_array)
                [!provide]                        PROVIDE (__fini_array_end, ABSOLUTE (.))
 *(.eh_frame)
 *(.gcc_except_table .gcc_except_table.*)
 *(.dynamic)
                0x000000000200c890                PROVIDE (__CTOR_LIST__, ABSOLUTE (.))
 *(.ctors)
 *(SORT(.ctors.*))
                0x000000000200c890                PROVIDE (__CTOR_END__, ABSOLUTE (.))
                0x000000000200c890                PROVIDE (__DTOR_LIST__, ABSOLUTE (.))
 *(.dtors)
 *(SORT(.dtors.*))
                0x000000000200c890                PROVIDE (__DTOR_END__, ABSOLUTE (.))
 *(.jcr)
                0x000000000200c890                . = ALIGN (0x4)

.rodata         0x0000000000000000     0x40dc load address 0x000000000200c890
                0x0000000000000000                PROVIDE (__ram_rodata_start, ABSOLUTE (.))
                0x0000000000000000                . = ALIGN (0x4)
 *(.rodata .rodata.* .gnu.linkonce.r.*)
 .rodata        0x0000000000000000     0x3fc4 obj/default/wallet_bip39.o
 .rodata        0x0000000000003fc4       0xcb obj/default/wallet_main.o
 *fill*         0x000000000000408f        0x1 
 .rodata.str1.4
                0x0000000000004090        0x4 c:/intelfpga_lite/18.1/nios2eds/bin/gnu/h-x86_64-mingw32/bin/../lib/gcc/nios2-elf/5.3.0/../../../../../H-x86_64-mingw32/nios2-elf/lib/mno-hw-mul\libsmallc.a(lib_a-puts.o)
                                          0x2 (size before relaxing)
 .rodata        0x0000000000004094        0xf C:/Users/Class2018/Documents/Projects/Crypto_wallet/impl/nios_proj_bsp/\libhal_bsp.a(alt_main.o)
 *fill*         0x00000000000040a3        0x1 
 .rodata        0x00000000000040a4       0x2b C:/Users/Class2018/Documents/Projects/Crypto_wallet/impl/nios_proj_bsp/\libhal_bsp.a(alt_sys_init.o)
 *fill*         0x00000000000040cf        0x1 
 .rodata        0x00000000000040d0        0xa C:/Users/Class2018/Documents/Projects/Crypto_wallet/impl/nios_proj_bsp/\libhal_bsp.a(alt_dev.o)
 *(.rodata1)
                0x00000000000040dc                . = ALIGN (0x4)
 *fill*         0x00000000000040da        0x2 
                0x00000000000040dc                PROVIDE (__ram_rodata_end, ABSOLUTE (.))
                0x000000000200c890                PROVIDE (__flash_rodata_start, LOADADDR (.rodata))

.rwdata         0x00000000000040dc     0x33f0 load address 0x000000000201096c
                0x00000000000040dc                PROVIDE (__ram_rwdata_start, ABSOLUTE (.))
                0x00000000000040dc                . = ALIGN (0x4)
 *(.got.plt)
 *(.got)
 *(.data1)
 *(.data .data.* .gnu.linkonce.d.*)
 .data          0x00000000000040dc        0x0 C:/Users/Class2018/Documents/Projects/Crypto_wallet/impl/nios_proj_bsp//obj/HAL/src/crt0.o
 .data          0x00000000000040dc     0x2004 obj/default/wallet_bip39.o
 .data          0x00000000000060e0        0x0 obj/default/wallet_main.o
 .data          0x00000000000060e0        0x0 c:/intelfpga_lite/18.1/nios2eds/bin/gnu/h-x86_64-mingw32/bin/../lib/gcc/nios2-elf/5.3.0/mno-hw-mul\libgcc.a(lib2-mul.o)
 .data          0x00000000000060e0        0x0 c:/intelfpga_lite/18.1/nios2eds/bin/gnu/h-x86_64-mingw32/bin/../lib/gcc/nios2-elf/5.3.0/../../../../../H-x86_64-mingw32/nios2-elf/lib/mno-hw-mul\libsmallc.a(lib_a-malloc.o)
 .data          0x00000000000060e0        0x0 c:/intelfpga_lite/18.1/nios2eds/bin/gnu/h-x86_64-mingw32/bin/../lib/gcc/nios2-elf/5.3.0/../../../../../H-x86_64-mingw32/nios2-elf/lib/mno-hw-mul\libsmallc.a(lib_a-memcpy.o)
 .data          0x00000000000060e0        0x0 c:/intelfpga_lite/18.1/nios2eds/bin/gnu/h-x86_64-mingw32/bin/../lib/gcc/nios2-elf/5.3.0/../../../../../H-x86_64-mingw32/nios2-elf/lib/mno-hw-mul\libsmallc.a(lib_a-nano-freer.o)
 .data          0x00000000000060e0        0x0 c:/intelfpga_lite/18.1/nios2eds/bin/gnu/h-x86_64-mingw32/bin/../lib/gcc/nios2-elf/5.3.0/../../../../../H-x86_64-mingw32/nios2-elf/lib/mno-hw-mul\libsmallc.a(lib_a-nano-mallocr.o)
 .data          0x00000000000060e0        0x0 c:/intelfpga_lite/18.1/nios2eds/bin/gnu/h-x86_64-mingw32/bin/../lib/gcc/nios2-elf/5.3.0/../../../../../H-x86_64-mingw32/nios2-elf/lib/mno-hw-mul\libsmallc.a(lib_a-printf.o)
 .data          0x00000000000060e0        0x0 c:/intelfpga_lite/18.1/nios2eds/bin/gnu/h-x86_64-mingw32/bin/../lib/gcc/nios2-elf/5.3.0/../../../../../H-x86_64-mingw32/nios2-elf/lib/mno-hw-mul\libsmallc.a(lib_a-puts.o)
 .data          0x00000000000060e0        0x0 c:/intelfpga_lite/18.1/nios2eds/bin/gnu/h-x86_64-mingw32/bin/../lib/gcc/nios2-elf/5.3.0/../../../../../H-x86_64-mingw32/nios2-elf/lib/mno-hw-mul\libsmallc.a(lib_a-sbrkr.o)
 .data          0x00000000000060e0        0x0 c:/intelfpga_lite/18.1/nios2eds/bin/gnu/h-x86_64-mingw32/bin/../lib/gcc/nios2-elf/5.3.0/../../../../../H-x86_64-mingw32/nios2-elf/lib/mno-hw-mul\libsmallc.a(lib_a-strcpy.o)
 .data          0x00000000000060e0        0x0 c:/intelfpga_lite/18.1/nios2eds/bin/gnu/h-x86_64-mingw32/bin/../lib/gcc/nios2-elf/5.3.0/../../../../../H-x86_64-mingw32/nios2-elf/lib/mno-hw-mul\libsmallc.a(lib_a-strlen.o)
 .data          0x00000000000060e0        0x0 c:/intelfpga_lite/18.1/nios2eds/bin/gnu/h-x86_64-mingw32/bin/../lib/gcc/nios2-elf/5.3.0/../../../../../H-x86_64-mingw32/nios2-elf/lib/mno-hw-mul\libsmallc.a(lib_a-vfprintf.o)
 .data          0x00000000000060e0        0x0 c:/intelfpga_lite/18.1/nios2eds/bin/gnu/h-x86_64-mingw32/bin/../lib/gcc/nios2-elf/5.3.0/../../../../../H-x86_64-mingw32/nios2-elf/lib/mno-hw-mul\libsmallc.a(lib_a-fvwrite_small_dev.o)
 .data          0x00000000000060e0        0x0 c:/intelfpga_lite/18.1/nios2eds/bin/gnu/h-x86_64-mingw32/bin/../lib/gcc/nios2-elf/5.3.0/../../../../../H-x86_64-mingw32/nios2-elf/lib/mno-hw-mul\libsmallc.a(lib_a-impure.o)
 .data.impure_data
                0x00000000000060e0       0xe0 c:/intelfpga_lite/18.1/nios2eds/bin/gnu/h-x86_64-mingw32/bin/../lib/gcc/nios2-elf/5.3.0/../../../../../H-x86_64-mingw32/nios2-elf/lib/mno-hw-mul\libsmallc.a(lib_a-impure.o)
 .data          0x00000000000061c0        0x0 c:/intelfpga_lite/18.1/nios2eds/bin/gnu/h-x86_64-mingw32/bin/../lib/gcc/nios2-elf/5.3.0/../../../../../H-x86_64-mingw32/nios2-elf/lib/mno-hw-mul\libsmallc.a(lib_a-int_errno.o)
 .data          0x00000000000061c0        0x0 c:/intelfpga_lite/18.1/nios2eds/bin/gnu/h-x86_64-mingw32/bin/../lib/gcc/nios2-elf/5.3.0/../../../../../H-x86_64-mingw32/nios2-elf/lib/mno-hw-mul\libsmallc.a(lib_a-writer.o)
 .data          0x00000000000061c0        0x0 c:/intelfpga_lite/18.1/nios2eds/bin/gnu/h-x86_64-mingw32/bin/../lib/gcc/nios2-elf/5.3.0/mno-hw-mul\libgcc.a(lib2-divmod.o)
 .data          0x00000000000061c0        0x0 C:/Users/Class2018/Documents/Projects/Crypto_wallet/impl/nios_proj_bsp/\libhal_bsp.a(alt_load.o)
 .data          0x00000000000061c0        0x0 C:/Users/Class2018/Documents/Projects/Crypto_wallet/impl/nios_proj_bsp/\libhal_bsp.a(alt_main.o)
 .data          0x00000000000061c0        0x0 C:/Users/Class2018/Documents/Projects/Crypto_wallet/impl/nios_proj_bsp/\libhal_bsp.a(alt_sbrk.o)
 .data          0x00000000000061c0        0x0 C:/Users/Class2018/Documents/Projects/Crypto_wallet/impl/nios_proj_bsp/\libhal_bsp.a(alt_write.o)
 .data          0x00000000000061c0     0x112c C:/Users/Class2018/Documents/Projects/Crypto_wallet/impl/nios_proj_bsp/\libhal_bsp.a(alt_sys_init.o)
 .data          0x00000000000072ec        0x0 C:/Users/Class2018/Documents/Projects/Crypto_wallet/impl/nios_proj_bsp/\libhal_bsp.a(altera_avalon_epcs_flash_controller.o)
 .data          0x00000000000072ec        0x0 C:/Users/Class2018/Documents/Projects/Crypto_wallet/impl/nios_proj_bsp/\libhal_bsp.a(altera_avalon_jtag_uart_fd.o)
 .data          0x00000000000072ec        0x0 C:/Users/Class2018/Documents/Projects/Crypto_wallet/impl/nios_proj_bsp/\libhal_bsp.a(altera_avalon_jtag_uart_init.o)
 .data          0x00000000000072ec        0x0 C:/Users/Class2018/Documents/Projects/Crypto_wallet/impl/nios_proj_bsp/\libhal_bsp.a(altera_avalon_jtag_uart_ioctl.o)
 .data          0x00000000000072ec        0x0 C:/Users/Class2018/Documents/Projects/Crypto_wallet/impl/nios_proj_bsp/\libhal_bsp.a(altera_avalon_jtag_uart_read.o)
 .data          0x00000000000072ec        0x0 C:/Users/Class2018/Documents/Projects/Crypto_wallet/impl/nios_proj_bsp/\libhal_bsp.a(altera_avalon_jtag_uart_write.o)
 .data          0x00000000000072ec        0x0 C:/Users/Class2018/Documents/Projects/Crypto_wallet/impl/nios_proj_bsp/\libhal_bsp.a(epcs_commands.o)
 .data          0x00000000000072ec        0x0 C:/Users/Class2018/Documents/Projects/Crypto_wallet/impl/nios_proj_bsp/\libhal_bsp.a(alt_alarm_start.o)
 .data          0x00000000000072ec        0x0 C:/Users/Class2018/Documents/Projects/Crypto_wallet/impl/nios_proj_bsp/\libhal_bsp.a(alt_close.o)
 .data          0x00000000000072ec        0x0 C:/Users/Class2018/Documents/Projects/Crypto_wallet/impl/nios_proj_bsp/\libhal_bsp.a(alt_dcache_flush_all.o)
 .data          0x00000000000072ec      0x1a8 C:/Users/Class2018/Documents/Projects/Crypto_wallet/impl/nios_proj_bsp/\libhal_bsp.a(alt_dev.o)
                0x00000000000072ec                alt_dev_null
                0x0000000000007314                alt_fd_list
 .data          0x0000000000007494        0x0 C:/Users/Class2018/Documents/Projects/Crypto_wallet/impl/nios_proj_bsp/\libhal_bsp.a(alt_dev_llist_insert.o)
 .data          0x0000000000007494        0x0 C:/Users/Class2018/Documents/Projects/Crypto_wallet/impl/nios_proj_bsp/\libhal_bsp.a(alt_do_ctors.o)
 .data          0x0000000000007494        0x0 C:/Users/Class2018/Documents/Projects/Crypto_wallet/impl/nios_proj_bsp/\libhal_bsp.a(alt_do_dtors.o)
 .data          0x0000000000007494        0x0 C:/Users/Class2018/Documents/Projects/Crypto_wallet/impl/nios_proj_bsp/\libhal_bsp.a(alt_errno.o)
 .data          0x0000000000007494        0x0 C:/Users/Class2018/Documents/Projects/Crypto_wallet/impl/nios_proj_bsp/\libhal_bsp.a(alt_flash_dev.o)
 .data          0x0000000000007494        0x0 C:/Users/Class2018/Documents/Projects/Crypto_wallet/impl/nios_proj_bsp/\libhal_bsp.a(alt_icache_flush_all.o)
 .data          0x0000000000007494        0x0 C:/Users/Class2018/Documents/Projects/Crypto_wallet/impl/nios_proj_bsp/\libhal_bsp.a(alt_iic.o)
 .data          0x0000000000007494        0x0 C:/Users/Class2018/Documents/Projects/Crypto_wallet/impl/nios_proj_bsp/\libhal_bsp.a(alt_iic_isr_register.o)
 .data          0x0000000000007494        0x0 C:/Users/Class2018/Documents/Projects/Crypto_wallet/impl/nios_proj_bsp/\libhal_bsp.a(alt_io_redirect.o)
 .data          0x0000000000007494        0x0 C:/Users/Class2018/Documents/Projects/Crypto_wallet/impl/nios_proj_bsp/\libhal_bsp.a(alt_irq_entry.o)
 .data          0x0000000000007494        0x0 C:/Users/Class2018/Documents/Projects/Crypto_wallet/impl/nios_proj_bsp/\libhal_bsp.a(alt_irq_handler.o)
 .data          0x0000000000007494        0x0 C:/Users/Class2018/Documents/Projects/Crypto_wallet/impl/nios_proj_bsp/\libhal_bsp.a(alt_irq_vars.o)
 .data          0x0000000000007494        0x0 C:/Users/Class2018/Documents/Projects/Crypto_wallet/impl/nios_proj_bsp/\libhal_bsp.a(alt_open.o)
 .data          0x0000000000007494        0x0 C:/Users/Class2018/Documents/Projects/Crypto_wallet/impl/nios_proj_bsp/\libhal_bsp.a(alt_release_fd.o)
 .data          0x0000000000007494        0x0 C:/Users/Class2018/Documents/Projects/Crypto_wallet/impl/nios_proj_bsp/\libhal_bsp.a(alt_tick.o)
 .data          0x0000000000007494        0x0 C:/Users/Class2018/Documents/Projects/Crypto_wallet/impl/nios_proj_bsp/\libhal_bsp.a(altera_nios2_gen2_irq.o)
 .data          0x0000000000007494        0x0 C:/Users/Class2018/Documents/Projects/Crypto_wallet/impl/nios_proj_bsp/\libhal_bsp.a(altera_avalon_spi.o)
 .data          0x0000000000007494        0x0 C:/Users/Class2018/Documents/Projects/Crypto_wallet/impl/nios_proj_bsp/\libhal_bsp.a(alt_exception_entry.o)
 .data          0x0000000000007494        0x0 C:/Users/Class2018/Documents/Projects/Crypto_wallet/impl/nios_proj_bsp/\libhal_bsp.a(alt_find_dev.o)
 .data          0x0000000000007494        0x0 C:/Users/Class2018/Documents/Projects/Crypto_wallet/impl/nios_proj_bsp/\libhal_bsp.a(alt_find_file.o)
 .data          0x0000000000007494        0x0 C:/Users/Class2018/Documents/Projects/Crypto_wallet/impl/nios_proj_bsp/\libhal_bsp.a(alt_get_fd.o)
 .data          0x0000000000007494        0x0 C:/Users/Class2018/Documents/Projects/Crypto_wallet/impl/nios_proj_bsp/\libhal_bsp.a(alt_instruction_exception_entry.o)
 .data          0x0000000000007494        0x0 c:/intelfpga_lite/18.1/nios2eds/bin/gnu/h-x86_64-mingw32/bin/../lib/gcc/nios2-elf/5.3.0/../../../../../H-x86_64-mingw32/nios2-elf/lib/mno-hw-mul\libsmallc.a(lib_a-atexit.o)
 .data          0x0000000000007494        0x0 c:/intelfpga_lite/18.1/nios2eds/bin/gnu/h-x86_64-mingw32/bin/../lib/gcc/nios2-elf/5.3.0/../../../../../H-x86_64-mingw32/nios2-elf/lib/mno-hw-mul\libsmallc.a(lib_a-exit.o)
 .data          0x0000000000007494        0x0 c:/intelfpga_lite/18.1/nios2eds/bin/gnu/h-x86_64-mingw32/bin/../lib/gcc/nios2-elf/5.3.0/../../../../../H-x86_64-mingw32/nios2-elf/lib/mno-hw-mul\libsmallc.a(lib_a-memcmp.o)
 .data          0x0000000000007494        0x0 c:/intelfpga_lite/18.1/nios2eds/bin/gnu/h-x86_64-mingw32/bin/../lib/gcc/nios2-elf/5.3.0/../../../../../H-x86_64-mingw32/nios2-elf/lib/mno-hw-mul\libsmallc.a(lib_a-__atexit.o)
 .data          0x0000000000007494        0x0 c:/intelfpga_lite/18.1/nios2eds/bin/gnu/h-x86_64-mingw32/bin/../lib/gcc/nios2-elf/5.3.0/../../../../../H-x86_64-mingw32/nios2-elf/lib/mno-hw-mul\libsmallc.a(lib_a-__call_atexit.o)
 .data          0x0000000000007494        0x0 C:/Users/Class2018/Documents/Projects/Crypto_wallet/impl/nios_proj_bsp/\libhal_bsp.a(alt_exit.o)
                0x000000000000f494                _gp = ABSOLUTE ((. + 0x8000))
                [!provide]                        PROVIDE (gp, _gp)
 *(.rwdata .rwdata.*)
 *(.sdata .sdata.* .gnu.linkonce.s.*)
 .sdata._global_impure_ptr
                0x0000000000007494        0x4 c:/intelfpga_lite/18.1/nios2eds/bin/gnu/h-x86_64-mingw32/bin/../lib/gcc/nios2-elf/5.3.0/../../../../../H-x86_64-mingw32/nios2-elf/lib/mno-hw-mul\libsmallc.a(lib_a-impure.o)
                0x0000000000007494                _global_impure_ptr
 .sdata._impure_ptr
                0x0000000000007498        0x4 c:/intelfpga_lite/18.1/nios2eds/bin/gnu/h-x86_64-mingw32/bin/../lib/gcc/nios2-elf/5.3.0/../../../../../H-x86_64-mingw32/nios2-elf/lib/mno-hw-mul\libsmallc.a(lib_a-impure.o)
                0x0000000000007498                _impure_ptr
 .sdata         0x000000000000749c        0x4 C:/Users/Class2018/Documents/Projects/Crypto_wallet/impl/nios_proj_bsp/\libhal_bsp.a(alt_sbrk.o)
 .sdata         0x00000000000074a0       0x14 C:/Users/Class2018/Documents/Projects/Crypto_wallet/impl/nios_proj_bsp/\libhal_bsp.a(alt_dev.o)
                0x00000000000074a0                alt_fs_list
                0x00000000000074a8                alt_dev_list
                0x00000000000074b0                alt_max_fd
 .sdata         0x00000000000074b4        0x4 C:/Users/Class2018/Documents/Projects/Crypto_wallet/impl/nios_proj_bsp/\libhal_bsp.a(alt_errno.o)
                0x00000000000074b4                alt_errno
 .sdata         0x00000000000074b8        0x8 C:/Users/Class2018/Documents/Projects/Crypto_wallet/impl/nios_proj_bsp/\libhal_bsp.a(alt_flash_dev.o)
                0x00000000000074b8                alt_flash_dev_list
 .sdata         0x00000000000074c0        0x4 C:/Users/Class2018/Documents/Projects/Crypto_wallet/impl/nios_proj_bsp/\libhal_bsp.a(alt_irq_vars.o)
                0x00000000000074c0                alt_priority_mask
 .sdata         0x00000000000074c4        0x8 C:/Users/Class2018/Documents/Projects/Crypto_wallet/impl/nios_proj_bsp/\libhal_bsp.a(alt_tick.o)
                0x00000000000074c4                alt_alarm_list
 *(.sdata2 .sdata2.* .gnu.linkonce.s2.*)
                0x00000000000074cc                . = ALIGN (0x4)
                0x00000000000074cc                _edata = ABSOLUTE (.)
                [!provide]                        PROVIDE (edata, ABSOLUTE (.))
                0x00000000000074cc                PROVIDE (__ram_rwdata_end, ABSOLUTE (.))
                0x000000000201096c                PROVIDE (__flash_rwdata_start, LOADADDR (.rwdata))

.bss            0x00000000000074cc      0x218 load address 0x0000000002013d5c
                0x00000000000074cc                __bss_start = ABSOLUTE (.)
                [!provide]                        PROVIDE (__sbss_start, ABSOLUTE (.))
                [!provide]                        PROVIDE (___sbss_start, ABSOLUTE (.))
 *(.dynsbss)
 *(.sbss .sbss.* .gnu.linkonce.sb.*)
 .sbss.__malloc_sbrk_start
                0x00000000000074cc        0x4 c:/intelfpga_lite/18.1/nios2eds/bin/gnu/h-x86_64-mingw32/bin/../lib/gcc/nios2-elf/5.3.0/../../../../../H-x86_64-mingw32/nios2-elf/lib/mno-hw-mul\libsmallc.a(lib_a-nano-mallocr.o)
                0x00000000000074cc                __malloc_sbrk_start
 .sbss.__malloc_free_list
                0x00000000000074d0        0x4 c:/intelfpga_lite/18.1/nios2eds/bin/gnu/h-x86_64-mingw32/bin/../lib/gcc/nios2-elf/5.3.0/../../../../../H-x86_64-mingw32/nios2-elf/lib/mno-hw-mul\libsmallc.a(lib_a-nano-mallocr.o)
                0x00000000000074d0                __malloc_free_list
 .sbss          0x00000000000074d4        0x4 c:/intelfpga_lite/18.1/nios2eds/bin/gnu/h-x86_64-mingw32/bin/../lib/gcc/nios2-elf/5.3.0/../../../../../H-x86_64-mingw32/nios2-elf/lib/mno-hw-mul\libsmallc.a(lib_a-int_errno.o)
                0x00000000000074d4                errno
 .sbss          0x00000000000074d8        0xc C:/Users/Class2018/Documents/Projects/Crypto_wallet/impl/nios_proj_bsp/\libhal_bsp.a(alt_main.o)
                0x00000000000074d8                alt_argc
                0x00000000000074dc                alt_argv
                0x00000000000074e0                alt_envp
 .sbss          0x00000000000074e4        0x4 C:/Users/Class2018/Documents/Projects/Crypto_wallet/impl/nios_proj_bsp/\libhal_bsp.a(alt_irq_vars.o)
                0x00000000000074e4                alt_irq_active
 .sbss          0x00000000000074e8        0x8 C:/Users/Class2018/Documents/Projects/Crypto_wallet/impl/nios_proj_bsp/\libhal_bsp.a(alt_tick.o)
                0x00000000000074e8                _alt_tick_rate
                0x00000000000074ec                _alt_nticks
 .sbss          0x00000000000074f0        0x4 C:/Users/Class2018/Documents/Projects/Crypto_wallet/impl/nios_proj_bsp/\libhal_bsp.a(alt_instruction_exception_entry.o)
                0x00000000000074f0                alt_instruction_exception_handler
 *(.sbss2 .sbss2.* .gnu.linkonce.sb2.*)
 *(.scommon)
                [!provide]                        PROVIDE (__sbss_end, ABSOLUTE (.))
                [!provide]                        PROVIDE (___sbss_end, ABSOLUTE (.))
 *(.dynbss)
 *(.bss .bss.* .gnu.linkonce.b.*)
 .bss           0x00000000000074f4        0x0 C:/Users/Class2018/Documents/Projects/Crypto_wallet/impl/nios_proj_bsp//obj/HAL/src/crt0.o
 .bss           0x00000000000074f4       0xf0 obj/default/wallet_bip39.o
 .bss           0x00000000000075e4        0x0 obj/default/wallet_main.o
 .bss           0x00000000000075e4        0x0 c:/intelfpga_lite/18.1/nios2eds/bin/gnu/h-x86_64-mingw32/bin/../lib/gcc/nios2-elf/5.3.0/mno-hw-mul\libgcc.a(lib2-mul.o)
 .bss           0x00000000000075e4        0x0 c:/intelfpga_lite/18.1/nios2eds/bin/gnu/h-x86_64-mingw32/bin/../lib/gcc/nios2-elf/5.3.0/../../../../../H-x86_64-mingw32/nios2-elf/lib/mno-hw-mul\libsmallc.a(lib_a-malloc.o)
 .bss           0x00000000000075e4        0x0 c:/intelfpga_lite/18.1/nios2eds/bin/gnu/h-x86_64-mingw32/bin/../lib/gcc/nios2-elf/5.3.0/../../../../../H-x86_64-mingw32/nios2-elf/lib/mno-hw-mul\libsmallc.a(lib_a-memcpy.o)
 .bss           0x00000000000075e4        0x0 c:/intelfpga_lite/18.1/nios2eds/bin/gnu/h-x86_64-mingw32/bin/../lib/gcc/nios2-elf/5.3.0/../../../../../H-x86_64-mingw32/nios2-elf/lib/mno-hw-mul\libsmallc.a(lib_a-nano-freer.o)
 .bss           0x00000000000075e4        0x0 c:/intelfpga_lite/18.1/nios2eds/bin/gnu/h-x86_64-mingw32/bin/../lib/gcc/nios2-elf/5.3.0/../../../../../H-x86_64-mingw32/nios2-elf/lib/mno-hw-mul\libsmallc.a(lib_a-nano-mallocr.o)
 .bss           0x00000000000075e4        0x0 c:/intelfpga_lite/18.1/nios2eds/bin/gnu/h-x86_64-mingw32/bin/../lib/gcc/nios2-elf/5.3.0/../../../../../H-x86_64-mingw32/nios2-elf/lib/mno-hw-mul\libsmallc.a(lib_a-printf.o)
 .bss           0x00000000000075e4        0x0 c:/intelfpga_lite/18.1/nios2eds/bin/gnu/h-x86_64-mingw32/bin/../lib/gcc/nios2-elf/5.3.0/../../../../../H-x86_64-mingw32/nios2-elf/lib/mno-hw-mul\libsmallc.a(lib_a-puts.o)
 .bss           0x00000000000075e4        0x0 c:/intelfpga_lite/18.1/nios2eds/bin/gnu/h-x86_64-mingw32/bin/../lib/gcc/nios2-elf/5.3.0/../../../../../H-x86_64-mingw32/nios2-elf/lib/mno-hw-mul\libsmallc.a(lib_a-sbrkr.o)
 .bss           0x00000000000075e4        0x0 c:/intelfpga_lite/18.1/nios2eds/bin/gnu/h-x86_64-mingw32/bin/../lib/gcc/nios2-elf/5.3.0/../../../../../H-x86_64-mingw32/nios2-elf/lib/mno-hw-mul\libsmallc.a(lib_a-strcpy.o)
 .bss           0x00000000000075e4        0x0 c:/intelfpga_lite/18.1/nios2eds/bin/gnu/h-x86_64-mingw32/bin/../lib/gcc/nios2-elf/5.3.0/../../../../../H-x86_64-mingw32/nios2-elf/lib/mno-hw-mul\libsmallc.a(lib_a-strlen.o)
 .bss           0x00000000000075e4        0x0 c:/intelfpga_lite/18.1/nios2eds/bin/gnu/h-x86_64-mingw32/bin/../lib/gcc/nios2-elf/5.3.0/../../../../../H-x86_64-mingw32/nios2-elf/lib/mno-hw-mul\libsmallc.a(lib_a-vfprintf.o)
 .bss           0x00000000000075e4        0x0 c:/intelfpga_lite/18.1/nios2eds/bin/gnu/h-x86_64-mingw32/bin/../lib/gcc/nios2-elf/5.3.0/../../../../../H-x86_64-mingw32/nios2-elf/lib/mno-hw-mul\libsmallc.a(lib_a-fvwrite_small_dev.o)
 .bss           0x00000000000075e4        0x0 c:/intelfpga_lite/18.1/nios2eds/bin/gnu/h-x86_64-mingw32/bin/../lib/gcc/nios2-elf/5.3.0/../../../../../H-x86_64-mingw32/nios2-elf/lib/mno-hw-mul\libsmallc.a(lib_a-impure.o)
 .bss           0x00000000000075e4        0x0 c:/intelfpga_lite/18.1/nios2eds/bin/gnu/h-x86_64-mingw32/bin/../lib/gcc/nios2-elf/5.3.0/../../../../../H-x86_64-mingw32/nios2-elf/lib/mno-hw-mul\libsmallc.a(lib_a-int_errno.o)
 .bss           0x00000000000075e4        0x0 c:/intelfpga_lite/18.1/nios2eds/bin/gnu/h-x86_64-mingw32/bin/../lib/gcc/nios2-elf/5.3.0/../../../../../H-x86_64-mingw32/nios2-elf/lib/mno-hw-mul\libsmallc.a(lib_a-writer.o)
 .bss           0x00000000000075e4        0x0 c:/intelfpga_lite/18.1/nios2eds/bin/gnu/h-x86_64-mingw32/bin/../lib/gcc/nios2-elf/5.3.0/mno-hw-mul\libgcc.a(lib2-divmod.o)
 .bss           0x00000000000075e4        0x0 C:/Users/Class2018/Documents/Projects/Crypto_wallet/impl/nios_proj_bsp/\libhal_bsp.a(alt_load.o)
 .bss           0x00000000000075e4        0x0 C:/Users/Class2018/Documents/Projects/Crypto_wallet/impl/nios_proj_bsp/\libhal_bsp.a(alt_main.o)
 .bss           0x00000000000075e4        0x0 C:/Users/Class2018/Documents/Projects/Crypto_wallet/impl/nios_proj_bsp/\libhal_bsp.a(alt_sbrk.o)
 .bss           0x00000000000075e4        0x0 C:/Users/Class2018/Documents/Projects/Crypto_wallet/impl/nios_proj_bsp/\libhal_bsp.a(alt_write.o)
 .bss           0x00000000000075e4        0x0 C:/Users/Class2018/Documents/Projects/Crypto_wallet/impl/nios_proj_bsp/\libhal_bsp.a(alt_sys_init.o)
 .bss           0x00000000000075e4        0x0 C:/Users/Class2018/Documents/Projects/Crypto_wallet/impl/nios_proj_bsp/\libhal_bsp.a(altera_avalon_epcs_flash_controller.o)
 .bss           0x00000000000075e4        0x0 C:/Users/Class2018/Documents/Projects/Crypto_wallet/impl/nios_proj_bsp/\libhal_bsp.a(altera_avalon_jtag_uart_fd.o)
 .bss           0x00000000000075e4        0x0 C:/Users/Class2018/Documents/Projects/Crypto_wallet/impl/nios_proj_bsp/\libhal_bsp.a(altera_avalon_jtag_uart_init.o)
 .bss           0x00000000000075e4        0x0 C:/Users/Class2018/Documents/Projects/Crypto_wallet/impl/nios_proj_bsp/\libhal_bsp.a(altera_avalon_jtag_uart_ioctl.o)
 .bss           0x00000000000075e4        0x0 C:/Users/Class2018/Documents/Projects/Crypto_wallet/impl/nios_proj_bsp/\libhal_bsp.a(altera_avalon_jtag_uart_read.o)
 .bss           0x00000000000075e4        0x0 C:/Users/Class2018/Documents/Projects/Crypto_wallet/impl/nios_proj_bsp/\libhal_bsp.a(altera_avalon_jtag_uart_write.o)
 .bss           0x00000000000075e4        0x0 C:/Users/Class2018/Documents/Projects/Crypto_wallet/impl/nios_proj_bsp/\libhal_bsp.a(epcs_commands.o)
 .bss           0x00000000000075e4        0x0 C:/Users/Class2018/Documents/Projects/Crypto_wallet/impl/nios_proj_bsp/\libhal_bsp.a(alt_alarm_start.o)
 .bss           0x00000000000075e4        0x0 C:/Users/Class2018/Documents/Projects/Crypto_wallet/impl/nios_proj_bsp/\libhal_bsp.a(alt_close.o)
 .bss           0x00000000000075e4        0x0 C:/Users/Class2018/Documents/Projects/Crypto_wallet/impl/nios_proj_bsp/\libhal_bsp.a(alt_dcache_flush_all.o)
 .bss           0x00000000000075e4        0x0 C:/Users/Class2018/Documents/Projects/Crypto_wallet/impl/nios_proj_bsp/\libhal_bsp.a(alt_dev.o)
 .bss           0x00000000000075e4        0x0 C:/Users/Class2018/Documents/Projects/Crypto_wallet/impl/nios_proj_bsp/\libhal_bsp.a(alt_dev_llist_insert.o)
 .bss           0x00000000000075e4        0x0 C:/Users/Class2018/Documents/Projects/Crypto_wallet/impl/nios_proj_bsp/\libhal_bsp.a(alt_do_ctors.o)
 .bss           0x00000000000075e4        0x0 C:/Users/Class2018/Documents/Projects/Crypto_wallet/impl/nios_proj_bsp/\libhal_bsp.a(alt_do_dtors.o)
 .bss           0x00000000000075e4        0x0 C:/Users/Class2018/Documents/Projects/Crypto_wallet/impl/nios_proj_bsp/\libhal_bsp.a(alt_errno.o)
 .bss           0x00000000000075e4        0x0 C:/Users/Class2018/Documents/Projects/Crypto_wallet/impl/nios_proj_bsp/\libhal_bsp.a(alt_flash_dev.o)
 .bss           0x00000000000075e4        0x0 C:/Users/Class2018/Documents/Projects/Crypto_wallet/impl/nios_proj_bsp/\libhal_bsp.a(alt_icache_flush_all.o)
 .bss           0x00000000000075e4        0x0 C:/Users/Class2018/Documents/Projects/Crypto_wallet/impl/nios_proj_bsp/\libhal_bsp.a(alt_iic.o)
 .bss           0x00000000000075e4        0x0 C:/Users/Class2018/Documents/Projects/Crypto_wallet/impl/nios_proj_bsp/\libhal_bsp.a(alt_iic_isr_register.o)
 .bss           0x00000000000075e4        0x0 C:/Users/Class2018/Documents/Projects/Crypto_wallet/impl/nios_proj_bsp/\libhal_bsp.a(alt_io_redirect.o)
 .bss           0x00000000000075e4        0x0 C:/Users/Class2018/Documents/Projects/Crypto_wallet/impl/nios_proj_bsp/\libhal_bsp.a(alt_irq_entry.o)
 .bss           0x00000000000075e4        0x0 C:/Users/Class2018/Documents/Projects/Crypto_wallet/impl/nios_proj_bsp/\libhal_bsp.a(alt_irq_handler.o)
 .bss           0x00000000000075e4        0x0 C:/Users/Class2018/Documents/Projects/Crypto_wallet/impl/nios_proj_bsp/\libhal_bsp.a(alt_irq_vars.o)
 .bss           0x00000000000075e4        0x0 C:/Users/Class2018/Documents/Projects/Crypto_wallet/impl/nios_proj_bsp/\libhal_bsp.a(alt_open.o)
 .bss           0x00000000000075e4        0x0 C:/Users/Class2018/Documents/Projects/Crypto_wallet/impl/nios_proj_bsp/\libhal_bsp.a(alt_release_fd.o)
 .bss           0x00000000000075e4        0x0 C:/Users/Class2018/Documents/Projects/Crypto_wallet/impl/nios_proj_bsp/\libhal_bsp.a(alt_tick.o)
 .bss           0x00000000000075e4        0x0 C:/Users/Class2018/Documents/Projects/Crypto_wallet/impl/nios_proj_bsp/\libhal_bsp.a(altera_nios2_gen2_irq.o)
 .bss           0x00000000000075e4        0x0 C:/Users/Class2018/Documents/Projects/Crypto_wallet/impl/nios_proj_bsp/\libhal_bsp.a(altera_avalon_spi.o)
 .bss           0x00000000000075e4        0x0 C:/Users/Class2018/Documents/Projects/Crypto_wallet/impl/nios_proj_bsp/\libhal_bsp.a(alt_exception_entry.o)
 .bss           0x00000000000075e4        0x0 C:/Users/Class2018/Documents/Projects/Crypto_wallet/impl/nios_proj_bsp/\libhal_bsp.a(alt_find_dev.o)
 .bss           0x00000000000075e4        0x0 C:/Users/Class2018/Documents/Projects/Crypto_wallet/impl/nios_proj_bsp/\libhal_bsp.a(alt_find_file.o)
 .bss           0x00000000000075e4        0x0 C:/Users/Class2018/Documents/Projects/Crypto_wallet/impl/nios_proj_bsp/\libhal_bsp.a(alt_get_fd.o)
 .bss           0x00000000000075e4        0x0 C:/Users/Class2018/Documents/Projects/Crypto_wallet/impl/nios_proj_bsp/\libhal_bsp.a(alt_instruction_exception_entry.o)
 .bss           0x00000000000075e4        0x0 c:/intelfpga_lite/18.1/nios2eds/bin/gnu/h-x86_64-mingw32/bin/../lib/gcc/nios2-elf/5.3.0/../../../../../H-x86_64-mingw32/nios2-elf/lib/mno-hw-mul\libsmallc.a(lib_a-atexit.o)
 .bss           0x00000000000075e4        0x0 c:/intelfpga_lite/18.1/nios2eds/bin/gnu/h-x86_64-mingw32/bin/../lib/gcc/nios2-elf/5.3.0/../../../../../H-x86_64-mingw32/nios2-elf/lib/mno-hw-mul\libsmallc.a(lib_a-exit.o)
 .bss           0x00000000000075e4        0x0 c:/intelfpga_lite/18.1/nios2eds/bin/gnu/h-x86_64-mingw32/bin/../lib/gcc/nios2-elf/5.3.0/../../../../../H-x86_64-mingw32/nios2-elf/lib/mno-hw-mul\libsmallc.a(lib_a-memcmp.o)
 .bss           0x00000000000075e4        0x0 c:/intelfpga_lite/18.1/nios2eds/bin/gnu/h-x86_64-mingw32/bin/../lib/gcc/nios2-elf/5.3.0/../../../../../H-x86_64-mingw32/nios2-elf/lib/mno-hw-mul\libsmallc.a(lib_a-__atexit.o)
 .bss           0x00000000000075e4        0x0 c:/intelfpga_lite/18.1/nios2eds/bin/gnu/h-x86_64-mingw32/bin/../lib/gcc/nios2-elf/5.3.0/../../../../../H-x86_64-mingw32/nios2-elf/lib/mno-hw-mul\libsmallc.a(lib_a-__call_atexit.o)
 .bss           0x00000000000075e4        0x0 C:/Users/Class2018/Documents/Projects/Crypto_wallet/impl/nios_proj_bsp/\libhal_bsp.a(alt_exit.o)
 *(COMMON)
 COMMON         0x00000000000075e4      0x100 C:/Users/Class2018/Documents/Projects/Crypto_wallet/impl/nios_proj_bsp/\libhal_bsp.a(alt_irq_handler.o)
                0x00000000000075e4                alt_irq
                0x00000000000076e4                . = ALIGN (0x4)
                0x00000000000076e4                __bss_end = ABSOLUTE (.)

.sdram          0x00000000000076e4        0x0 load address 0x0000000002013d5c
                [!provide]                        PROVIDE (_alt_partition_sdram_start, ABSOLUTE (.))
 *(.sdram .sdram. sdram.*)
                0x00000000000076e4                . = ALIGN (0x4)
                [!provide]                        PROVIDE (_alt_partition_sdram_end, ABSOLUTE (.))
                0x00000000000076e4                _end = ABSOLUTE (.)
                0x00000000000076e4                end = ABSOLUTE (.)
                0x00000000000076e4                __alt_stack_base = ABSOLUTE (.)
                [!provide]                        PROVIDE (_alt_partition_sdram_load_addr, LOADADDR (.sdram))

.onchip_memory2
                0x0000000002013d5c        0x0
                [!provide]                        PROVIDE (_alt_partition_onchip_memory2_start, ABSOLUTE (.))
 *(.onchip_memory2 .onchip_memory2. onchip_memory2.*)
                0x0000000002013d5c                . = ALIGN (0x4)
                [!provide]                        PROVIDE (_alt_partition_onchip_memory2_end, ABSOLUTE (.))
                [!provide]                        PROVIDE (_alt_partition_onchip_memory2_load_addr, LOADADDR (.onchip_memory2))

.epcs_flash_controller
                0x0000000002011000        0x0 load address 0x0000000002013d5c
                [!provide]                        PROVIDE (_alt_partition_epcs_flash_controller_start, ABSOLUTE (.))
 *(.epcs_flash_controller .epcs_flash_controller. epcs_flash_controller.*)
                0x0000000002011000                . = ALIGN (0x4)
                [!provide]                        PROVIDE (_alt_partition_epcs_flash_controller_end, ABSOLUTE (.))
                [!provide]                        PROVIDE (_alt_partition_epcs_flash_controller_load_addr, LOADADDR (.epcs_flash_controller))

.stab
 *(.stab)

.stabstr
 *(.stabstr)

.stab.excl
 *(.stab.excl)

.stab.exclstr
 *(.stab.exclstr)

.stab.index
 *(.stab.index)

.stab.indexstr
 *(.stab.indexstr)

.comment        0x0000000000000000       0x23
 *(.comment)
 .comment       0x0000000000000000       0x23 obj/default/wallet_bip39.o
                                         0x24 (size before relaxing)
 .comment       0x0000000000000023       0x24 obj/default/wallet_main.o
 .comment       0x0000000000000023       0x24 c:/intelfpga_lite/18.1/nios2eds/bin/gnu/h-x86_64-mingw32/bin/../lib/gcc/nios2-elf/5.3.0/mno-hw-mul\libgcc.a(lib2-mul.o)
 .comment       0x0000000000000023       0x24 c:/intelfpga_lite/18.1/nios2eds/bin/gnu/h-x86_64-mingw32/bin/../lib/gcc/nios2-elf/5.3.0/../../../../../H-x86_64-mingw32/nios2-elf/lib/mno-hw-mul\libsmallc.a(lib_a-malloc.o)
 .comment       0x0000000000000023       0x24 c:/intelfpga_lite/18.1/nios2eds/bin/gnu/h-x86_64-mingw32/bin/../lib/gcc/nios2-elf/5.3.0/../../../../../H-x86_64-mingw32/nios2-elf/lib/mno-hw-mul\libsmallc.a(lib_a-memcpy.o)
 .comment       0x0000000000000023       0x24 c:/intelfpga_lite/18.1/nios2eds/bin/gnu/h-x86_64-mingw32/bin/../lib/gcc/nios2-elf/5.3.0/../../../../../H-x86_64-mingw32/nios2-elf/lib/mno-hw-mul\libsmallc.a(lib_a-nano-freer.o)
 .comment       0x0000000000000023       0x24 c:/intelfpga_lite/18.1/nios2eds/bin/gnu/h-x86_64-mingw32/bin/../lib/gcc/nios2-elf/5.3.0/../../../../../H-x86_64-mingw32/nios2-elf/lib/mno-hw-mul\libsmallc.a(lib_a-nano-mallocr.o)
 .comment       0x0000000000000023       0x24 c:/intelfpga_lite/18.1/nios2eds/bin/gnu/h-x86_64-mingw32/bin/../lib/gcc/nios2-elf/5.3.0/../../../../../H-x86_64-mingw32/nios2-elf/lib/mno-hw-mul\libsmallc.a(lib_a-printf.o)
 .comment       0x0000000000000023       0x24 c:/intelfpga_lite/18.1/nios2eds/bin/gnu/h-x86_64-mingw32/bin/../lib/gcc/nios2-elf/5.3.0/../../../../../H-x86_64-mingw32/nios2-elf/lib/mno-hw-mul\libsmallc.a(lib_a-puts.o)
 .comment       0x0000000000000023       0x24 c:/intelfpga_lite/18.1/nios2eds/bin/gnu/h-x86_64-mingw32/bin/../lib/gcc/nios2-elf/5.3.0/../../../../../H-x86_64-mingw32/nios2-elf/lib/mno-hw-mul\libsmallc.a(lib_a-sbrkr.o)
 .comment       0x0000000000000023       0x24 c:/intelfpga_lite/18.1/nios2eds/bin/gnu/h-x86_64-mingw32/bin/../lib/gcc/nios2-elf/5.3.0/../../../../../H-x86_64-mingw32/nios2-elf/lib/mno-hw-mul\libsmallc.a(lib_a-strcpy.o)
 .comment       0x0000000000000023       0x24 c:/intelfpga_lite/18.1/nios2eds/bin/gnu/h-x86_64-mingw32/bin/../lib/gcc/nios2-elf/5.3.0/../../../../../H-x86_64-mingw32/nios2-elf/lib/mno-hw-mul\libsmallc.a(lib_a-strlen.o)
 .comment       0x0000000000000023       0x24 c:/intelfpga_lite/18.1/nios2eds/bin/gnu/h-x86_64-mingw32/bin/../lib/gcc/nios2-elf/5.3.0/../../../../../H-x86_64-mingw32/nios2-elf/lib/mno-hw-mul\libsmallc.a(lib_a-vfprintf.o)
 .comment       0x0000000000000023       0x24 c:/intelfpga_lite/18.1/nios2eds/bin/gnu/h-x86_64-mingw32/bin/../lib/gcc/nios2-elf/5.3.0/../../../../../H-x86_64-mingw32/nios2-elf/lib/mno-hw-mul\libsmallc.a(lib_a-fvwrite_small_dev.o)
 .comment       0x0000000000000023       0x24 c:/intelfpga_lite/18.1/nios2eds/bin/gnu/h-x86_64-mingw32/bin/../lib/gcc/nios2-elf/5.3.0/../../../../../H-x86_64-mingw32/nios2-elf/lib/mno-hw-mul\libsmallc.a(lib_a-impure.o)
 .comment       0x0000000000000023       0x24 c:/intelfpga_lite/18.1/nios2eds/bin/gnu/h-x86_64-mingw32/bin/../lib/gcc/nios2-elf/5.3.0/../../../../../H-x86_64-mingw32/nios2-elf/lib/mno-hw-mul\libsmallc.a(lib_a-int_errno.o)
 .comment       0x0000000000000023       0x24 c:/intelfpga_lite/18.1/nios2eds/bin/gnu/h-x86_64-mingw32/bin/../lib/gcc/nios2-elf/5.3.0/../../../../../H-x86_64-mingw32/nios2-elf/lib/mno-hw-mul\libsmallc.a(lib_a-writer.o)
 .comment       0x0000000000000023       0x24 c:/intelfpga_lite/18.1/nios2eds/bin/gnu/h-x86_64-mingw32/bin/../lib/gcc/nios2-elf/5.3.0/mno-hw-mul\libgcc.a(lib2-divmod.o)
 .comment       0x0000000000000023       0x24 C:/Users/Class2018/Documents/Projects/Crypto_wallet/impl/nios_proj_bsp/\libhal_bsp.a(alt_load.o)
 .comment       0x0000000000000023       0x24 C:/Users/Class2018/Documents/Projects/Crypto_wallet/impl/nios_proj_bsp/\libhal_bsp.a(alt_main.o)
 .comment       0x0000000000000023       0x24 C:/Users/Class2018/Documents/Projects/Crypto_wallet/impl/nios_proj_bsp/\libhal_bsp.a(alt_sbrk.o)
 .comment       0x0000000000000023       0x24 C:/Users/Class2018/Documents/Projects/Crypto_wallet/impl/nios_proj_bsp/\libhal_bsp.a(alt_write.o)
 .comment       0x0000000000000023       0x24 C:/Users/Class2018/Documents/Projects/Crypto_wallet/impl/nios_proj_bsp/\libhal_bsp.a(alt_sys_init.o)
 .comment       0x0000000000000023       0x24 C:/Users/Class2018/Documents/Projects/Crypto_wallet/impl/nios_proj_bsp/\libhal_bsp.a(altera_avalon_epcs_flash_controller.o)
 .comment       0x0000000000000023       0x24 C:/Users/Class2018/Documents/Projects/Crypto_wallet/impl/nios_proj_bsp/\libhal_bsp.a(altera_avalon_jtag_uart_fd.o)
 .comment       0x0000000000000023       0x24 C:/Users/Class2018/Documents/Projects/Crypto_wallet/impl/nios_proj_bsp/\libhal_bsp.a(altera_avalon_jtag_uart_init.o)
 .comment       0x0000000000000023       0x24 C:/Users/Class2018/Documents/Projects/Crypto_wallet/impl/nios_proj_bsp/\libhal_bsp.a(altera_avalon_jtag_uart_ioctl.o)
 .comment       0x0000000000000023       0x24 C:/Users/Class2018/Documents/Projects/Crypto_wallet/impl/nios_proj_bsp/\libhal_bsp.a(altera_avalon_jtag_uart_read.o)
 .comment       0x0000000000000023       0x24 C:/Users/Class2018/Documents/Projects/Crypto_wallet/impl/nios_proj_bsp/\libhal_bsp.a(altera_avalon_jtag_uart_write.o)
 .comment       0x0000000000000023       0x24 C:/Users/Class2018/Documents/Projects/Crypto_wallet/impl/nios_proj_bsp/\libhal_bsp.a(epcs_commands.o)
 .comment       0x0000000000000023       0x24 C:/Users/Class2018/Documents/Projects/Crypto_wallet/impl/nios_proj_bsp/\libhal_bsp.a(alt_alarm_start.o)
 .comment       0x0000000000000023       0x24 C:/Users/Class2018/Documents/Projects/Crypto_wallet/impl/nios_proj_bsp/\libhal_bsp.a(alt_close.o)
 .comment       0x0000000000000023       0x24 C:/Users/Class2018/Documents/Projects/Crypto_wallet/impl/nios_proj_bsp/\libhal_bsp.a(alt_dcache_flush_all.o)
 .comment       0x0000000000000023       0x24 C:/Users/Class2018/Documents/Projects/Crypto_wallet/impl/nios_proj_bsp/\libhal_bsp.a(alt_dev.o)
 .comment       0x0000000000000023       0x24 C:/Users/Class2018/Documents/Projects/Crypto_wallet/impl/nios_proj_bsp/\libhal_bsp.a(alt_dev_llist_insert.o)
 .comment       0x0000000000000023       0x24 C:/Users/Class2018/Documents/Projects/Crypto_wallet/impl/nios_proj_bsp/\libhal_bsp.a(alt_do_ctors.o)
 .comment       0x0000000000000023       0x24 C:/Users/Class2018/Documents/Projects/Crypto_wallet/impl/nios_proj_bsp/\libhal_bsp.a(alt_do_dtors.o)
 .comment       0x0000000000000023       0x24 C:/Users/Class2018/Documents/Projects/Crypto_wallet/impl/nios_proj_bsp/\libhal_bsp.a(alt_errno.o)
 .comment       0x0000000000000023       0x24 C:/Users/Class2018/Documents/Projects/Crypto_wallet/impl/nios_proj_bsp/\libhal_bsp.a(alt_flash_dev.o)
 .comment       0x0000000000000023       0x24 C:/Users/Class2018/Documents/Projects/Crypto_wallet/impl/nios_proj_bsp/\libhal_bsp.a(alt_icache_flush_all.o)
 .comment       0x0000000000000023       0x24 C:/Users/Class2018/Documents/Projects/Crypto_wallet/impl/nios_proj_bsp/\libhal_bsp.a(alt_iic.o)
 .comment       0x0000000000000023       0x24 C:/Users/Class2018/Documents/Projects/Crypto_wallet/impl/nios_proj_bsp/\libhal_bsp.a(alt_iic_isr_register.o)
 .comment       0x0000000000000023       0x24 C:/Users/Class2018/Documents/Projects/Crypto_wallet/impl/nios_proj_bsp/\libhal_bsp.a(alt_io_redirect.o)
 .comment       0x0000000000000023       0x24 C:/Users/Class2018/Documents/Projects/Crypto_wallet/impl/nios_proj_bsp/\libhal_bsp.a(alt_irq_handler.o)
 .comment       0x0000000000000023       0x24 C:/Users/Class2018/Documents/Projects/Crypto_wallet/impl/nios_proj_bsp/\libhal_bsp.a(alt_irq_vars.o)
 .comment       0x0000000000000023       0x24 C:/Users/Class2018/Documents/Projects/Crypto_wallet/impl/nios_proj_bsp/\libhal_bsp.a(alt_open.o)
 .comment       0x0000000000000023       0x24 C:/Users/Class2018/Documents/Projects/Crypto_wallet/impl/nios_proj_bsp/\libhal_bsp.a(alt_release_fd.o)
 .comment       0x0000000000000023       0x24 C:/Users/Class2018/Documents/Projects/Crypto_wallet/impl/nios_proj_bsp/\libhal_bsp.a(alt_tick.o)
 .comment       0x0000000000000023       0x24 C:/Users/Class2018/Documents/Projects/Crypto_wallet/impl/nios_proj_bsp/\libhal_bsp.a(altera_nios2_gen2_irq.o)
 .comment       0x0000000000000023       0x24 C:/Users/Class2018/Documents/Projects/Crypto_wallet/impl/nios_proj_bsp/\libhal_bsp.a(altera_avalon_spi.o)
 .comment       0x0000000000000023       0x24 C:/Users/Class2018/Documents/Projects/Crypto_wallet/impl/nios_proj_bsp/\libhal_bsp.a(alt_find_dev.o)
 .comment       0x0000000000000023       0x24 C:/Users/Class2018/Documents/Projects/Crypto_wallet/impl/nios_proj_bsp/\libhal_bsp.a(alt_find_file.o)
 .comment       0x0000000000000023       0x24 C:/Users/Class2018/Documents/Projects/Crypto_wallet/impl/nios_proj_bsp/\libhal_bsp.a(alt_get_fd.o)
 .comment       0x0000000000000023       0x24 C:/Users/Class2018/Documents/Projects/Crypto_wallet/impl/nios_proj_bsp/\libhal_bsp.a(alt_instruction_exception_entry.o)
 .comment       0x0000000000000023       0x24 c:/intelfpga_lite/18.1/nios2eds/bin/gnu/h-x86_64-mingw32/bin/../lib/gcc/nios2-elf/5.3.0/../../../../../H-x86_64-mingw32/nios2-elf/lib/mno-hw-mul\libsmallc.a(lib_a-atexit.o)
 .comment       0x0000000000000023       0x24 c:/intelfpga_lite/18.1/nios2eds/bin/gnu/h-x86_64-mingw32/bin/../lib/gcc/nios2-elf/5.3.0/../../../../../H-x86_64-mingw32/nios2-elf/lib/mno-hw-mul\libsmallc.a(lib_a-exit.o)
 .comment       0x0000000000000023       0x24 c:/intelfpga_lite/18.1/nios2eds/bin/gnu/h-x86_64-mingw32/bin/../lib/gcc/nios2-elf/5.3.0/../../../../../H-x86_64-mingw32/nios2-elf/lib/mno-hw-mul\libsmallc.a(lib_a-memcmp.o)
 .comment       0x0000000000000023       0x24 c:/intelfpga_lite/18.1/nios2eds/bin/gnu/h-x86_64-mingw32/bin/../lib/gcc/nios2-elf/5.3.0/../../../../../H-x86_64-mingw32/nios2-elf/lib/mno-hw-mul\libsmallc.a(lib_a-__atexit.o)
 .comment       0x0000000000000023       0x24 c:/intelfpga_lite/18.1/nios2eds/bin/gnu/h-x86_64-mingw32/bin/../lib/gcc/nios2-elf/5.3.0/../../../../../H-x86_64-mingw32/nios2-elf/lib/mno-hw-mul\libsmallc.a(lib_a-__call_atexit.o)
 .comment       0x0000000000000023       0x24 C:/Users/Class2018/Documents/Projects/Crypto_wallet/impl/nios_proj_bsp/\libhal_bsp.a(alt_exit.o)

.debug
 *(.debug)

.line
 *(.line)

.debug_srcinfo
 *(.debug_srcinfo)

.debug_sfnames
 *(.debug_sfnames)

.debug_aranges  0x0000000000000000      0x820
 *(.debug_aranges)
 .debug_aranges
                0x0000000000000000       0x28 C:/Users/Class2018/Documents/Projects/Crypto_wallet/impl/nios_proj_bsp//obj/HAL/src/crt0.o
 .debug_aranges
                0x0000000000000028       0x20 obj/default/wallet_bip39.o
 .debug_aranges
                0x0000000000000048       0x20 obj/default/wallet_main.o
 .debug_aranges
                0x0000000000000068       0x20 c:/intelfpga_lite/18.1/nios2eds/bin/gnu/h-x86_64-mingw32/bin/../lib/gcc/nios2-elf/5.3.0/mno-hw-mul\libgcc.a(lib2-mul.o)
 .debug_aranges
                0x0000000000000088       0x28 c:/intelfpga_lite/18.1/nios2eds/bin/gnu/h-x86_64-mingw32/bin/../lib/gcc/nios2-elf/5.3.0/../../../../../H-x86_64-mingw32/nios2-elf/lib/mno-hw-mul\libsmallc.a(lib_a-malloc.o)
 .debug_aranges
                0x00000000000000b0       0x20 c:/intelfpga_lite/18.1/nios2eds/bin/gnu/h-x86_64-mingw32/bin/../lib/gcc/nios2-elf/5.3.0/../../../../../H-x86_64-mingw32/nios2-elf/lib/mno-hw-mul\libsmallc.a(lib_a-memcpy.o)
 .debug_aranges
                0x00000000000000d0       0x20 c:/intelfpga_lite/18.1/nios2eds/bin/gnu/h-x86_64-mingw32/bin/../lib/gcc/nios2-elf/5.3.0/../../../../../H-x86_64-mingw32/nios2-elf/lib/mno-hw-mul\libsmallc.a(lib_a-nano-freer.o)
 .debug_aranges
                0x00000000000000f0       0x20 c:/intelfpga_lite/18.1/nios2eds/bin/gnu/h-x86_64-mingw32/bin/../lib/gcc/nios2-elf/5.3.0/../../../../../H-x86_64-mingw32/nios2-elf/lib/mno-hw-mul\libsmallc.a(lib_a-nano-mallocr.o)
 .debug_aranges
                0x0000000000000110       0x28 c:/intelfpga_lite/18.1/nios2eds/bin/gnu/h-x86_64-mingw32/bin/../lib/gcc/nios2-elf/5.3.0/../../../../../H-x86_64-mingw32/nios2-elf/lib/mno-hw-mul\libsmallc.a(lib_a-printf.o)
 .debug_aranges
                0x0000000000000138       0x28 c:/intelfpga_lite/18.1/nios2eds/bin/gnu/h-x86_64-mingw32/bin/../lib/gcc/nios2-elf/5.3.0/../../../../../H-x86_64-mingw32/nios2-elf/lib/mno-hw-mul\libsmallc.a(lib_a-puts.o)
 .debug_aranges
                0x0000000000000160       0x20 c:/intelfpga_lite/18.1/nios2eds/bin/gnu/h-x86_64-mingw32/bin/../lib/gcc/nios2-elf/5.3.0/../../../../../H-x86_64-mingw32/nios2-elf/lib/mno-hw-mul\libsmallc.a(lib_a-sbrkr.o)
 .debug_aranges
                0x0000000000000180       0x20 c:/intelfpga_lite/18.1/nios2eds/bin/gnu/h-x86_64-mingw32/bin/../lib/gcc/nios2-elf/5.3.0/../../../../../H-x86_64-mingw32/nios2-elf/lib/mno-hw-mul\libsmallc.a(lib_a-strcpy.o)
 .debug_aranges
                0x00000000000001a0       0x20 c:/intelfpga_lite/18.1/nios2eds/bin/gnu/h-x86_64-mingw32/bin/../lib/gcc/nios2-elf/5.3.0/../../../../../H-x86_64-mingw32/nios2-elf/lib/mno-hw-mul\libsmallc.a(lib_a-strlen.o)
 .debug_aranges
                0x00000000000001c0       0x30 c:/intelfpga_lite/18.1/nios2eds/bin/gnu/h-x86_64-mingw32/bin/../lib/gcc/nios2-elf/5.3.0/../../../../../H-x86_64-mingw32/nios2-elf/lib/mno-hw-mul\libsmallc.a(lib_a-vfprintf.o)
 .debug_aranges
                0x00000000000001f0       0x20 c:/intelfpga_lite/18.1/nios2eds/bin/gnu/h-x86_64-mingw32/bin/../lib/gcc/nios2-elf/5.3.0/../../../../../H-x86_64-mingw32/nios2-elf/lib/mno-hw-mul\libsmallc.a(lib_a-fvwrite_small_dev.o)
 .debug_aranges
                0x0000000000000210       0x18 c:/intelfpga_lite/18.1/nios2eds/bin/gnu/h-x86_64-mingw32/bin/../lib/gcc/nios2-elf/5.3.0/../../../../../H-x86_64-mingw32/nios2-elf/lib/mno-hw-mul\libsmallc.a(lib_a-impure.o)
 .debug_aranges
                0x0000000000000228       0x18 c:/intelfpga_lite/18.1/nios2eds/bin/gnu/h-x86_64-mingw32/bin/../lib/gcc/nios2-elf/5.3.0/../../../../../H-x86_64-mingw32/nios2-elf/lib/mno-hw-mul\libsmallc.a(lib_a-int_errno.o)
 .debug_aranges
                0x0000000000000240       0x20 c:/intelfpga_lite/18.1/nios2eds/bin/gnu/h-x86_64-mingw32/bin/../lib/gcc/nios2-elf/5.3.0/../../../../../H-x86_64-mingw32/nios2-elf/lib/mno-hw-mul\libsmallc.a(lib_a-writer.o)
 .debug_aranges
                0x0000000000000260       0x20 c:/intelfpga_lite/18.1/nios2eds/bin/gnu/h-x86_64-mingw32/bin/../lib/gcc/nios2-elf/5.3.0/mno-hw-mul\libgcc.a(lib2-divmod.o)
 .debug_aranges
                0x0000000000000280       0x20 C:/Users/Class2018/Documents/Projects/Crypto_wallet/impl/nios_proj_bsp/\libhal_bsp.a(alt_load.o)
 .debug_aranges
                0x00000000000002a0       0x20 C:/Users/Class2018/Documents/Projects/Crypto_wallet/impl/nios_proj_bsp/\libhal_bsp.a(alt_main.o)
 .debug_aranges
                0x00000000000002c0       0x20 C:/Users/Class2018/Documents/Projects/Crypto_wallet/impl/nios_proj_bsp/\libhal_bsp.a(alt_sbrk.o)
 .debug_aranges
                0x00000000000002e0       0x20 C:/Users/Class2018/Documents/Projects/Crypto_wallet/impl/nios_proj_bsp/\libhal_bsp.a(alt_write.o)
 .debug_aranges
                0x0000000000000300       0x20 C:/Users/Class2018/Documents/Projects/Crypto_wallet/impl/nios_proj_bsp/\libhal_bsp.a(alt_sys_init.o)
 .debug_aranges
                0x0000000000000320       0x20 C:/Users/Class2018/Documents/Projects/Crypto_wallet/impl/nios_proj_bsp/\libhal_bsp.a(altera_avalon_epcs_flash_controller.o)
 .debug_aranges
                0x0000000000000340       0x20 C:/Users/Class2018/Documents/Projects/Crypto_wallet/impl/nios_proj_bsp/\libhal_bsp.a(altera_avalon_jtag_uart_fd.o)
 .debug_aranges
                0x0000000000000360       0x20 C:/Users/Class2018/Documents/Projects/Crypto_wallet/impl/nios_proj_bsp/\libhal_bsp.a(altera_avalon_jtag_uart_init.o)
 .debug_aranges
                0x0000000000000380       0x20 C:/Users/Class2018/Documents/Projects/Crypto_wallet/impl/nios_proj_bsp/\libhal_bsp.a(altera_avalon_jtag_uart_ioctl.o)
 .debug_aranges
                0x00000000000003a0       0x20 C:/Users/Class2018/Documents/Projects/Crypto_wallet/impl/nios_proj_bsp/\libhal_bsp.a(altera_avalon_jtag_uart_read.o)
 .debug_aranges
                0x00000000000003c0       0x20 C:/Users/Class2018/Documents/Projects/Crypto_wallet/impl/nios_proj_bsp/\libhal_bsp.a(altera_avalon_jtag_uart_write.o)
 .debug_aranges
                0x00000000000003e0       0x20 C:/Users/Class2018/Documents/Projects/Crypto_wallet/impl/nios_proj_bsp/\libhal_bsp.a(epcs_commands.o)
 .debug_aranges
                0x0000000000000400       0x20 C:/Users/Class2018/Documents/Projects/Crypto_wallet/impl/nios_proj_bsp/\libhal_bsp.a(alt_alarm_start.o)
 .debug_aranges
                0x0000000000000420       0x20 C:/Users/Class2018/Documents/Projects/Crypto_wallet/impl/nios_proj_bsp/\libhal_bsp.a(alt_close.o)
 .debug_aranges
                0x0000000000000440       0x20 C:/Users/Class2018/Documents/Projects/Crypto_wallet/impl/nios_proj_bsp/\libhal_bsp.a(alt_dcache_flush_all.o)
 .debug_aranges
                0x0000000000000460       0x20 C:/Users/Class2018/Documents/Projects/Crypto_wallet/impl/nios_proj_bsp/\libhal_bsp.a(alt_dev.o)
 .debug_aranges
                0x0000000000000480       0x20 C:/Users/Class2018/Documents/Projects/Crypto_wallet/impl/nios_proj_bsp/\libhal_bsp.a(alt_dev_llist_insert.o)
 .debug_aranges
                0x00000000000004a0       0x20 C:/Users/Class2018/Documents/Projects/Crypto_wallet/impl/nios_proj_bsp/\libhal_bsp.a(alt_do_ctors.o)
 .debug_aranges
                0x00000000000004c0       0x20 C:/Users/Class2018/Documents/Projects/Crypto_wallet/impl/nios_proj_bsp/\libhal_bsp.a(alt_do_dtors.o)
 .debug_aranges
                0x00000000000004e0       0x18 C:/Users/Class2018/Documents/Projects/Crypto_wallet/impl/nios_proj_bsp/\libhal_bsp.a(alt_errno.o)
 .debug_aranges
                0x00000000000004f8       0x20 C:/Users/Class2018/Documents/Projects/Crypto_wallet/impl/nios_proj_bsp/\libhal_bsp.a(alt_flash_dev.o)
 .debug_aranges
                0x0000000000000518       0x20 C:/Users/Class2018/Documents/Projects/Crypto_wallet/impl/nios_proj_bsp/\libhal_bsp.a(alt_icache_flush_all.o)
 .debug_aranges
                0x0000000000000538       0x20 C:/Users/Class2018/Documents/Projects/Crypto_wallet/impl/nios_proj_bsp/\libhal_bsp.a(alt_iic.o)
 .debug_aranges
                0x0000000000000558       0x20 C:/Users/Class2018/Documents/Projects/Crypto_wallet/impl/nios_proj_bsp/\libhal_bsp.a(alt_iic_isr_register.o)
 .debug_aranges
                0x0000000000000578       0x20 C:/Users/Class2018/Documents/Projects/Crypto_wallet/impl/nios_proj_bsp/\libhal_bsp.a(alt_io_redirect.o)
 .debug_aranges
                0x0000000000000598       0x30 C:/Users/Class2018/Documents/Projects/Crypto_wallet/impl/nios_proj_bsp/\libhal_bsp.a(alt_irq_entry.o)
 .debug_aranges
                0x00000000000005c8       0x20 C:/Users/Class2018/Documents/Projects/Crypto_wallet/impl/nios_proj_bsp/\libhal_bsp.a(alt_irq_handler.o)
 .debug_aranges
                0x00000000000005e8       0x18 C:/Users/Class2018/Documents/Projects/Crypto_wallet/impl/nios_proj_bsp/\libhal_bsp.a(alt_irq_vars.o)
 .debug_aranges
                0x0000000000000600       0x20 C:/Users/Class2018/Documents/Projects/Crypto_wallet/impl/nios_proj_bsp/\libhal_bsp.a(alt_open.o)
 .debug_aranges
                0x0000000000000620       0x20 C:/Users/Class2018/Documents/Projects/Crypto_wallet/impl/nios_proj_bsp/\libhal_bsp.a(alt_release_fd.o)
 .debug_aranges
                0x0000000000000640       0x20 C:/Users/Class2018/Documents/Projects/Crypto_wallet/impl/nios_proj_bsp/\libhal_bsp.a(alt_tick.o)
 .debug_aranges
                0x0000000000000660       0x20 C:/Users/Class2018/Documents/Projects/Crypto_wallet/impl/nios_proj_bsp/\libhal_bsp.a(altera_nios2_gen2_irq.o)
 .debug_aranges
                0x0000000000000680       0x20 C:/Users/Class2018/Documents/Projects/Crypto_wallet/impl/nios_proj_bsp/\libhal_bsp.a(altera_avalon_spi.o)
 .debug_aranges
                0x00000000000006a0       0x38 C:/Users/Class2018/Documents/Projects/Crypto_wallet/impl/nios_proj_bsp/\libhal_bsp.a(alt_exception_entry.o)
 .debug_aranges
                0x00000000000006d8       0x20 C:/Users/Class2018/Documents/Projects/Crypto_wallet/impl/nios_proj_bsp/\libhal_bsp.a(alt_find_dev.o)
 .debug_aranges
                0x00000000000006f8       0x20 C:/Users/Class2018/Documents/Projects/Crypto_wallet/impl/nios_proj_bsp/\libhal_bsp.a(alt_find_file.o)
 .debug_aranges
                0x0000000000000718       0x20 C:/Users/Class2018/Documents/Projects/Crypto_wallet/impl/nios_proj_bsp/\libhal_bsp.a(alt_get_fd.o)
 .debug_aranges
                0x0000000000000738       0x28 C:/Users/Class2018/Documents/Projects/Crypto_wallet/impl/nios_proj_bsp/\libhal_bsp.a(alt_instruction_exception_entry.o)
 .debug_aranges
                0x0000000000000760       0x20 c:/intelfpga_lite/18.1/nios2eds/bin/gnu/h-x86_64-mingw32/bin/../lib/gcc/nios2-elf/5.3.0/../../../../../H-x86_64-mingw32/nios2-elf/lib/mno-hw-mul\libsmallc.a(lib_a-atexit.o)
 .debug_aranges
                0x0000000000000780       0x20 c:/intelfpga_lite/18.1/nios2eds/bin/gnu/h-x86_64-mingw32/bin/../lib/gcc/nios2-elf/5.3.0/../../../../../H-x86_64-mingw32/nios2-elf/lib/mno-hw-mul\libsmallc.a(lib_a-exit.o)
 .debug_aranges
                0x00000000000007a0       0x20 c:/intelfpga_lite/18.1/nios2eds/bin/gnu/h-x86_64-mingw32/bin/../lib/gcc/nios2-elf/5.3.0/../../../../../H-x86_64-mingw32/nios2-elf/lib/mno-hw-mul\libsmallc.a(lib_a-memcmp.o)
 .debug_aranges
                0x00000000000007c0       0x20 c:/intelfpga_lite/18.1/nios2eds/bin/gnu/h-x86_64-mingw32/bin/../lib/gcc/nios2-elf/5.3.0/../../../../../H-x86_64-mingw32/nios2-elf/lib/mno-hw-mul\libsmallc.a(lib_a-__atexit.o)
 .debug_aranges
                0x00000000000007e0       0x20 c:/intelfpga_lite/18.1/nios2eds/bin/gnu/h-x86_64-mingw32/bin/../lib/gcc/nios2-elf/5.3.0/../../../../../H-x86_64-mingw32/nios2-elf/lib/mno-hw-mul\libsmallc.a(lib_a-__call_atexit.o)
 .debug_aranges
                0x0000000000000800       0x20 C:/Users/Class2018/Documents/Projects/Crypto_wallet/impl/nios_proj_bsp/\libhal_bsp.a(alt_exit.o)

.debug_pubnames
 *(.debug_pubnames)

.debug_info     0x0000000000000000     0xc3e4
 *(.debug_info .gnu.linkonce.wi.*)
 .debug_info    0x0000000000000000       0x7b C:/Users/Class2018/Documents/Projects/Crypto_wallet/impl/nios_proj_bsp//obj/HAL/src/crt0.o
 .debug_info    0x000000000000007b      0x1c0 obj/default/wallet_bip39.o
 .debug_info    0x000000000000023b      0x14a obj/default/wallet_main.o
 .debug_info    0x0000000000000385       0xb4 c:/intelfpga_lite/18.1/nios2eds/bin/gnu/h-x86_64-mingw32/bin/../lib/gcc/nios2-elf/5.3.0/mno-hw-mul\libgcc.a(lib2-mul.o)
 .debug_info    0x0000000000000439      0x619 c:/intelfpga_lite/18.1/nios2eds/bin/gnu/h-x86_64-mingw32/bin/../lib/gcc/nios2-elf/5.3.0/../../../../../H-x86_64-mingw32/nios2-elf/lib/mno-hw-mul\libsmallc.a(lib_a-malloc.o)
 .debug_info    0x0000000000000a52      0x119 c:/intelfpga_lite/18.1/nios2eds/bin/gnu/h-x86_64-mingw32/bin/../lib/gcc/nios2-elf/5.3.0/../../../../../H-x86_64-mingw32/nios2-elf/lib/mno-hw-mul\libsmallc.a(lib_a-memcpy.o)
 .debug_info    0x0000000000000b6b      0x68c c:/intelfpga_lite/18.1/nios2eds/bin/gnu/h-x86_64-mingw32/bin/../lib/gcc/nios2-elf/5.3.0/../../../../../H-x86_64-mingw32/nios2-elf/lib/mno-hw-mul\libsmallc.a(lib_a-nano-freer.o)
 .debug_info    0x00000000000011f7      0x752 c:/intelfpga_lite/18.1/nios2eds/bin/gnu/h-x86_64-mingw32/bin/../lib/gcc/nios2-elf/5.3.0/../../../../../H-x86_64-mingw32/nios2-elf/lib/mno-hw-mul\libsmallc.a(lib_a-nano-mallocr.o)
 .debug_info    0x0000000000001949      0x699 c:/intelfpga_lite/18.1/nios2eds/bin/gnu/h-x86_64-mingw32/bin/../lib/gcc/nios2-elf/5.3.0/../../../../../H-x86_64-mingw32/nios2-elf/lib/mno-hw-mul\libsmallc.a(lib_a-printf.o)
 .debug_info    0x0000000000001fe2      0x66d c:/intelfpga_lite/18.1/nios2eds/bin/gnu/h-x86_64-mingw32/bin/../lib/gcc/nios2-elf/5.3.0/../../../../../H-x86_64-mingw32/nios2-elf/lib/mno-hw-mul\libsmallc.a(lib_a-puts.o)
 .debug_info    0x000000000000264f      0x608 c:/intelfpga_lite/18.1/nios2eds/bin/gnu/h-x86_64-mingw32/bin/../lib/gcc/nios2-elf/5.3.0/../../../../../H-x86_64-mingw32/nios2-elf/lib/mno-hw-mul\libsmallc.a(lib_a-sbrkr.o)
 .debug_info    0x0000000000002c57       0xd3 c:/intelfpga_lite/18.1/nios2eds/bin/gnu/h-x86_64-mingw32/bin/../lib/gcc/nios2-elf/5.3.0/../../../../../H-x86_64-mingw32/nios2-elf/lib/mno-hw-mul\libsmallc.a(lib_a-strcpy.o)
 .debug_info    0x0000000000002d2a       0xc9 c:/intelfpga_lite/18.1/nios2eds/bin/gnu/h-x86_64-mingw32/bin/../lib/gcc/nios2-elf/5.3.0/../../../../../H-x86_64-mingw32/nios2-elf/lib/mno-hw-mul\libsmallc.a(lib_a-strlen.o)
 .debug_info    0x0000000000002df3      0xb2b c:/intelfpga_lite/18.1/nios2eds/bin/gnu/h-x86_64-mingw32/bin/../lib/gcc/nios2-elf/5.3.0/../../../../../H-x86_64-mingw32/nios2-elf/lib/mno-hw-mul\libsmallc.a(lib_a-vfprintf.o)
 .debug_info    0x000000000000391e      0x62b c:/intelfpga_lite/18.1/nios2eds/bin/gnu/h-x86_64-mingw32/bin/../lib/gcc/nios2-elf/5.3.0/../../../../../H-x86_64-mingw32/nios2-elf/lib/mno-hw-mul\libsmallc.a(lib_a-fvwrite_small_dev.o)
 .debug_info    0x0000000000003f49      0x5a9 c:/intelfpga_lite/18.1/nios2eds/bin/gnu/h-x86_64-mingw32/bin/../lib/gcc/nios2-elf/5.3.0/../../../../../H-x86_64-mingw32/nios2-elf/lib/mno-hw-mul\libsmallc.a(lib_a-impure.o)
 .debug_info    0x00000000000044f2       0x8a c:/intelfpga_lite/18.1/nios2eds/bin/gnu/h-x86_64-mingw32/bin/../lib/gcc/nios2-elf/5.3.0/../../../../../H-x86_64-mingw32/nios2-elf/lib/mno-hw-mul\libsmallc.a(lib_a-int_errno.o)
 .debug_info    0x000000000000457c      0x630 c:/intelfpga_lite/18.1/nios2eds/bin/gnu/h-x86_64-mingw32/bin/../lib/gcc/nios2-elf/5.3.0/../../../../../H-x86_64-mingw32/nios2-elf/lib/mno-hw-mul\libsmallc.a(lib_a-writer.o)
 .debug_info    0x0000000000004bac      0x2c6 c:/intelfpga_lite/18.1/nios2eds/bin/gnu/h-x86_64-mingw32/bin/../lib/gcc/nios2-elf/5.3.0/mno-hw-mul\libgcc.a(lib2-divmod.o)
 .debug_info    0x0000000000004e72      0x145 C:/Users/Class2018/Documents/Projects/Crypto_wallet/impl/nios_proj_bsp/\libhal_bsp.a(alt_load.o)
 .debug_info    0x0000000000004fb7      0x131 C:/Users/Class2018/Documents/Projects/Crypto_wallet/impl/nios_proj_bsp/\libhal_bsp.a(alt_main.o)
 .debug_info    0x00000000000050e8      0x1ac C:/Users/Class2018/Documents/Projects/Crypto_wallet/impl/nios_proj_bsp/\libhal_bsp.a(alt_sbrk.o)
 .debug_info    0x0000000000005294      0x4b7 C:/Users/Class2018/Documents/Projects/Crypto_wallet/impl/nios_proj_bsp/\libhal_bsp.a(alt_write.o)
 .debug_info    0x000000000000574b      0x7ba C:/Users/Class2018/Documents/Projects/Crypto_wallet/impl/nios_proj_bsp/\libhal_bsp.a(alt_sys_init.o)
 .debug_info    0x0000000000005f05      0x872 C:/Users/Class2018/Documents/Projects/Crypto_wallet/impl/nios_proj_bsp/\libhal_bsp.a(altera_avalon_epcs_flash_controller.o)
 .debug_info    0x0000000000006777      0x52e C:/Users/Class2018/Documents/Projects/Crypto_wallet/impl/nios_proj_bsp/\libhal_bsp.a(altera_avalon_jtag_uart_fd.o)
 .debug_info    0x0000000000006ca5      0x3a0 C:/Users/Class2018/Documents/Projects/Crypto_wallet/impl/nios_proj_bsp/\libhal_bsp.a(altera_avalon_jtag_uart_init.o)
 .debug_info    0x0000000000007045      0x280 C:/Users/Class2018/Documents/Projects/Crypto_wallet/impl/nios_proj_bsp/\libhal_bsp.a(altera_avalon_jtag_uart_ioctl.o)
 .debug_info    0x00000000000072c5      0x345 C:/Users/Class2018/Documents/Projects/Crypto_wallet/impl/nios_proj_bsp/\libhal_bsp.a(altera_avalon_jtag_uart_read.o)
 .debug_info    0x000000000000760a      0x340 C:/Users/Class2018/Documents/Projects/Crypto_wallet/impl/nios_proj_bsp/\libhal_bsp.a(altera_avalon_jtag_uart_write.o)
 .debug_info    0x000000000000794a      0x44f C:/Users/Class2018/Documents/Projects/Crypto_wallet/impl/nios_proj_bsp/\libhal_bsp.a(epcs_commands.o)
 .debug_info    0x0000000000007d99      0x2cc C:/Users/Class2018/Documents/Projects/Crypto_wallet/impl/nios_proj_bsp/\libhal_bsp.a(alt_alarm_start.o)
 .debug_info    0x0000000000008065      0x321 C:/Users/Class2018/Documents/Projects/Crypto_wallet/impl/nios_proj_bsp/\libhal_bsp.a(alt_close.o)
 .debug_info    0x0000000000008386       0x92 C:/Users/Class2018/Documents/Projects/Crypto_wallet/impl/nios_proj_bsp/\libhal_bsp.a(alt_dcache_flush_all.o)
 .debug_info    0x0000000000008418      0x49c C:/Users/Class2018/Documents/Projects/Crypto_wallet/impl/nios_proj_bsp/\libhal_bsp.a(alt_dev.o)
 .debug_info    0x00000000000088b4      0x1a9 C:/Users/Class2018/Documents/Projects/Crypto_wallet/impl/nios_proj_bsp/\libhal_bsp.a(alt_dev_llist_insert.o)
 .debug_info    0x0000000000008a5d       0x83 C:/Users/Class2018/Documents/Projects/Crypto_wallet/impl/nios_proj_bsp/\libhal_bsp.a(alt_do_ctors.o)
 .debug_info    0x0000000000008ae0       0x83 C:/Users/Class2018/Documents/Projects/Crypto_wallet/impl/nios_proj_bsp/\libhal_bsp.a(alt_do_dtors.o)
 .debug_info    0x0000000000008b63       0xa6 C:/Users/Class2018/Documents/Projects/Crypto_wallet/impl/nios_proj_bsp/\libhal_bsp.a(alt_errno.o)
 .debug_info    0x0000000000008c09      0x3d7 C:/Users/Class2018/Documents/Projects/Crypto_wallet/impl/nios_proj_bsp/\libhal_bsp.a(alt_flash_dev.o)
 .debug_info    0x0000000000008fe0       0x92 C:/Users/Class2018/Documents/Projects/Crypto_wallet/impl/nios_proj_bsp/\libhal_bsp.a(alt_icache_flush_all.o)
 .debug_info    0x0000000000009072      0x350 C:/Users/Class2018/Documents/Projects/Crypto_wallet/impl/nios_proj_bsp/\libhal_bsp.a(alt_iic.o)
 .debug_info    0x00000000000093c2      0x1ef C:/Users/Class2018/Documents/Projects/Crypto_wallet/impl/nios_proj_bsp/\libhal_bsp.a(alt_iic_isr_register.o)
 .debug_info    0x00000000000095b1      0x4a5 C:/Users/Class2018/Documents/Projects/Crypto_wallet/impl/nios_proj_bsp/\libhal_bsp.a(alt_io_redirect.o)
 .debug_info    0x0000000000009a56       0x84 C:/Users/Class2018/Documents/Projects/Crypto_wallet/impl/nios_proj_bsp/\libhal_bsp.a(alt_irq_entry.o)
 .debug_info    0x0000000000009ada      0x187 C:/Users/Class2018/Documents/Projects/Crypto_wallet/impl/nios_proj_bsp/\libhal_bsp.a(alt_irq_handler.o)
 .debug_info    0x0000000000009c61       0x88 C:/Users/Class2018/Documents/Projects/Crypto_wallet/impl/nios_proj_bsp/\libhal_bsp.a(alt_irq_vars.o)
 .debug_info    0x0000000000009ce9      0x3bb C:/Users/Class2018/Documents/Projects/Crypto_wallet/impl/nios_proj_bsp/\libhal_bsp.a(alt_open.o)
 .debug_info    0x000000000000a0a4      0x2b0 C:/Users/Class2018/Documents/Projects/Crypto_wallet/impl/nios_proj_bsp/\libhal_bsp.a(alt_release_fd.o)
 .debug_info    0x000000000000a354      0x299 C:/Users/Class2018/Documents/Projects/Crypto_wallet/impl/nios_proj_bsp/\libhal_bsp.a(alt_tick.o)
 .debug_info    0x000000000000a5ed       0x92 C:/Users/Class2018/Documents/Projects/Crypto_wallet/impl/nios_proj_bsp/\libhal_bsp.a(altera_nios2_gen2_irq.o)
 .debug_info    0x000000000000a67f      0x18d C:/Users/Class2018/Documents/Projects/Crypto_wallet/impl/nios_proj_bsp/\libhal_bsp.a(altera_avalon_spi.o)
 .debug_info    0x000000000000a80c       0x8a C:/Users/Class2018/Documents/Projects/Crypto_wallet/impl/nios_proj_bsp/\libhal_bsp.a(alt_exception_entry.o)
 .debug_info    0x000000000000a896      0x2e9 C:/Users/Class2018/Documents/Projects/Crypto_wallet/impl/nios_proj_bsp/\libhal_bsp.a(alt_find_dev.o)
 .debug_info    0x000000000000ab7f      0x2e6 C:/Users/Class2018/Documents/Projects/Crypto_wallet/impl/nios_proj_bsp/\libhal_bsp.a(alt_find_file.o)
 .debug_info    0x000000000000ae65      0x310 C:/Users/Class2018/Documents/Projects/Crypto_wallet/impl/nios_proj_bsp/\libhal_bsp.a(alt_get_fd.o)
 .debug_info    0x000000000000b175      0x1e7 C:/Users/Class2018/Documents/Projects/Crypto_wallet/impl/nios_proj_bsp/\libhal_bsp.a(alt_instruction_exception_entry.o)
 .debug_info    0x000000000000b35c       0xfe c:/intelfpga_lite/18.1/nios2eds/bin/gnu/h-x86_64-mingw32/bin/../lib/gcc/nios2-elf/5.3.0/../../../../../H-x86_64-mingw32/nios2-elf/lib/mno-hw-mul\libsmallc.a(lib_a-atexit.o)
 .debug_info    0x000000000000b45a       0xe5 c:/intelfpga_lite/18.1/nios2eds/bin/gnu/h-x86_64-mingw32/bin/../lib/gcc/nios2-elf/5.3.0/../../../../../H-x86_64-mingw32/nios2-elf/lib/mno-hw-mul\libsmallc.a(lib_a-exit.o)