Archive member included to satisfy reference by file (symbol)

c:/intelfpga_lite/18.1/nios2eds/bin/gnu/h-x86_64-mingw32/bin/../lib/gcc/nios2-elf/5.3.0/../../../../../H-x86_64-mingw32/nios2-elf/lib\libsmallc.a(lib_a-printf.o)
                              obj/default/wallet_main.o (printf)
c:/intelfpga_lite/18.1/nios2eds/bin/gnu/h-x86_64-mingw32/bin/../lib/gcc/nios2-elf/5.3.0/../../../../../H-x86_64-mingw32/nios2-elf/lib\libsmallc.a(lib_a-puts.o)
                              obj/default/wallet_main.o (puts)
c:/intelfpga_lite/18.1/nios2eds/bin/gnu/h-x86_64-mingw32/bin/../lib/gcc/nios2-elf/5.3.0/../../../../../H-x86_64-mingw32/nios2-elf/lib\libsmallc.a(lib_a-rand.o)
                              obj/default/rand.o (srand)
c:/intelfpga_lite/18.1/nios2eds/bin/gnu/h-x86_64-mingw32/bin/../lib/gcc/nios2-elf/5.3.0/../../../../../H-x86_64-mingw32/nios2-elf/lib\libsmallc.a(lib_a-strlen.o)
                              c:/intelfpga_lite/18.1/nios2eds/bin/gnu/h-x86_64-mingw32/bin/../lib/gcc/nios2-elf/5.3.0/../../../../../H-x86_64-mingw32/nios2-elf/lib\libsmallc.a(lib_a-puts.o) (strlen)
c:/intelfpga_lite/18.1/nios2eds/bin/gnu/h-x86_64-mingw32/bin/../lib/gcc/nios2-elf/5.3.0/../../../../../H-x86_64-mingw32/nios2-elf/lib\libsmallc.a(lib_a-time.o)
                              obj/default/rand.o (time)
c:/intelfpga_lite/18.1/nios2eds/bin/gnu/h-x86_64-mingw32/bin/../lib/gcc/nios2-elf/5.3.0/../../../../../H-x86_64-mingw32/nios2-elf/lib\libsmallc.a(lib_a-vfprintf.o)
                              c:/intelfpga_lite/18.1/nios2eds/bin/gnu/h-x86_64-mingw32/bin/../lib/gcc/nios2-elf/5.3.0/../../../../../H-x86_64-mingw32/nios2-elf/lib\libsmallc.a(lib_a-printf.o) (___vfprintf_internal_r)
c:/intelfpga_lite/18.1/nios2eds/bin/gnu/h-x86_64-mingw32/bin/../lib/gcc/nios2-elf/5.3.0/../../../../../H-x86_64-mingw32/nios2-elf/lib\libsmallc.a(lib_a-fvwrite_small_dev.o)
                              c:/intelfpga_lite/18.1/nios2eds/bin/gnu/h-x86_64-mingw32/bin/../lib/gcc/nios2-elf/5.3.0/../../../../../H-x86_64-mingw32/nios2-elf/lib\libsmallc.a(lib_a-printf.o) (__sfvwrite_small_dev)
c:/intelfpga_lite/18.1/nios2eds/bin/gnu/h-x86_64-mingw32/bin/../lib/gcc/nios2-elf/5.3.0/../../../../../H-x86_64-mingw32/nios2-elf/lib\libsmallc.a(lib_a-gettimeofdayr.o)
                              c:/intelfpga_lite/18.1/nios2eds/bin/gnu/h-x86_64-mingw32/bin/../lib/gcc/nios2-elf/5.3.0/../../../../../H-x86_64-mingw32/nios2-elf/lib\libsmallc.a(lib_a-time.o) (_gettimeofday_r)
c:/intelfpga_lite/18.1/nios2eds/bin/gnu/h-x86_64-mingw32/bin/../lib/gcc/nios2-elf/5.3.0/../../../../../H-x86_64-mingw32/nios2-elf/lib\libsmallc.a(lib_a-impure.o)
                              c:/intelfpga_lite/18.1/nios2eds/bin/gnu/h-x86_64-mingw32/bin/../lib/gcc/nios2-elf/5.3.0/../../../../../H-x86_64-mingw32/nios2-elf/lib\libsmallc.a(lib_a-printf.o) (_impure_ptr)
c:/intelfpga_lite/18.1/nios2eds/bin/gnu/h-x86_64-mingw32/bin/../lib/gcc/nios2-elf/5.3.0/../../../../../H-x86_64-mingw32/nios2-elf/lib\libsmallc.a(lib_a-int_errno.o)
                              c:/intelfpga_lite/18.1/nios2eds/bin/gnu/h-x86_64-mingw32/bin/../lib/gcc/nios2-elf/5.3.0/../../../../../H-x86_64-mingw32/nios2-elf/lib\libsmallc.a(lib_a-gettimeofdayr.o) (errno)
c:/intelfpga_lite/18.1/nios2eds/bin/gnu/h-x86_64-mingw32/bin/../lib/gcc/nios2-elf/5.3.0/../../../../../H-x86_64-mingw32/nios2-elf/lib\libsmallc.a(lib_a-writer.o)
                              c:/intelfpga_lite/18.1/nios2eds/bin/gnu/h-x86_64-mingw32/bin/../lib/gcc/nios2-elf/5.3.0/../../../../../H-x86_64-mingw32/nios2-elf/lib\libsmallc.a(lib_a-fvwrite_small_dev.o) (_write_r)
c:/intelfpga_lite/18.1/nios2eds/bin/gnu/h-x86_64-mingw32/bin/../lib/gcc/nios2-elf/5.3.0\libgcc.a(_muldi3.o)
                              c:/intelfpga_lite/18.1/nios2eds/bin/gnu/h-x86_64-mingw32/bin/../lib/gcc/nios2-elf/5.3.0/../../../../../H-x86_64-mingw32/nios2-elf/lib\libsmallc.a(lib_a-rand.o) (__muldi3)
c:/intelfpga_lite/18.1/nios2eds/bin/gnu/h-x86_64-mingw32/bin/../lib/gcc/nios2-elf/5.3.0\libgcc.a(lib2-divmod.o)
                              c:/intelfpga_lite/18.1/nios2eds/bin/gnu/h-x86_64-mingw32/bin/../lib/gcc/nios2-elf/5.3.0/../../../../../H-x86_64-mingw32/nios2-elf/lib\libsmallc.a(lib_a-vfprintf.o) (__udivsi3)
C:/Users/Class2018/Documents/Projects/Crypto_wallet/impl/nios_proj_bsp/\libhal_bsp.a(alt_gettod.o)
                              c:/intelfpga_lite/18.1/nios2eds/bin/gnu/h-x86_64-mingw32/bin/../lib/gcc/nios2-elf/5.3.0/../../../../../H-x86_64-mingw32/nios2-elf/lib\libsmallc.a(lib_a-gettimeofdayr.o) (gettimeofday)
C:/Users/Class2018/Documents/Projects/Crypto_wallet/impl/nios_proj_bsp/\libhal_bsp.a(alt_load.o)
                              C:/Users/Class2018/Documents/Projects/Crypto_wallet/impl/nios_proj_bsp//obj/HAL/src/crt0.o (alt_load)
C:/Users/Class2018/Documents/Projects/Crypto_wallet/impl/nios_proj_bsp/\libhal_bsp.a(alt_main.o)
[...]
Memory Configuration

Name             Origin             Length             Attributes
reset            0x0000000002000000 0x0000000000000020
sdram            0x0000000002000020 0x0000000001ffffe0
onchip_memory2   0x0000000004008000 0x0000000000006590
*default*        0x0000000000000000 0xffffffffffffffff

Linker script and memory map

LOAD C:/Users/Class2018/Documents/Projects/Crypto_wallet/impl/nios_proj_bsp//obj/HAL/src/crt0.o
LOAD obj/default/rand.o
LOAD obj/default/wallet_main.o
LOAD c:/intelfpga_lite/18.1/nios2eds/bin/gnu/h-x86_64-mingw32/bin/../lib/gcc/nios2-elf/5.3.0/../../../../../H-x86_64-mingw32/nios2-elf/lib\libstdc++.a
LOAD c:/intelfpga_lite/18.1/nios2eds/bin/gnu/h-x86_64-mingw32/bin/../lib/gcc/nios2-elf/5.3.0/../../../../../H-x86_64-mingw32/nios2-elf/lib\libm.a
LOAD c:/intelfpga_lite/18.1/nios2eds/bin/gnu/h-x86_64-mingw32/bin/../lib/gcc/nios2-elf/5.3.0\libgcc.a
START GROUP
LOAD c:/intelfpga_lite/18.1/nios2eds/bin/gnu/h-x86_64-mingw32/bin/../lib/gcc/nios2-elf/5.3.0/../../../../../H-x86_64-mingw32/nios2-elf/lib\libsmallc.a
LOAD c:/intelfpga_lite/18.1/nios2eds/bin/gnu/h-x86_64-mingw32/bin/../lib/gcc/nios2-elf/5.3.0\libgcc.a
LOAD C:/Users/Class2018/Documents/Projects/Crypto_wallet/impl/nios_proj_bsp/\libhal_bsp.a
LOAD c:/intelfpga_lite/18.1/nios2eds/bin/gnu/h-x86_64-mingw32/bin/../lib/gcc/nios2-elf/5.3.0/../../../../../H-x86_64-mingw32/nios2-elf/lib\libm.a
END GROUP
LOAD c:/intelfpga_lite/18.1/nios2eds/bin/gnu/h-x86_64-mingw32/bin/../lib/gcc/nios2-elf/5.3.0\libgcc.a
                0x0000000002000000                __alt_mem_sdram = 0x2000000
                0x0000000004008000                __alt_mem_onchip_memory2 = 0x4008000

.entry          0x0000000002000000       0x20
 *(.entry)
 .entry         0x0000000002000000       0x20 C:/Users/Class2018/Documents/Projects/Crypto_wallet/impl/nios_proj_bsp//obj/HAL/src/crt0.o
                0x0000000002000000                __reset

.exceptions     0x0000000002000020      0x224
                0x0000000002000020                PROVIDE (__ram_exceptions_start, ABSOLUTE (.))
                0x0000000002000020                . = ALIGN (0x20)
 *(.irq)
 *(.exceptions.entry.label)
 .exceptions.entry.label
                0x0000000002000020        0x0 C:/Users/Class2018/Documents/Projects/Crypto_wallet/impl/nios_proj_bsp/\libhal_bsp.a(alt_irq_entry.o)
                0x0000000002000020                alt_irq_entry
 .exceptions.entry.label
                0x0000000002000020        0x0 C:/Users/Class2018/Documents/Projects/Crypto_wallet/impl/nios_proj_bsp/\libhal_bsp.a(alt_exception_entry.o)
                0x0000000002000020                alt_exception
 *(.exceptions.entry.user)
 *(.exceptions.entry.ecc_fatal)
 *(.exceptions.entry)
 .exceptions.entry
                0x0000000002000020       0x54 C:/Users/Class2018/Documents/Projects/Crypto_wallet/impl/nios_proj_bsp/\libhal_bsp.a(alt_exception_entry.o)
 *(.exceptions.irqtest.user)
 *(.exceptions.irqtest)
 .exceptions.irqtest
                0x0000000002000074       0x10 C:/Users/Class2018/Documents/Projects/Crypto_wallet/impl/nios_proj_bsp/\libhal_bsp.a(alt_irq_entry.o)
 *(.exceptions.irqhandler.user)
 *(.exceptions.irqhandler)
 .exceptions.irqhandler
                0x0000000002000084        0x4 C:/Users/Class2018/Documents/Projects/Crypto_wallet/impl/nios_proj_bsp/\libhal_bsp.a(alt_irq_entry.o)
 *(.exceptions.irqreturn.user)
 *(.exceptions.irqreturn)
 .exceptions.irqreturn
                0x0000000002000088        0x4 C:/Users/Class2018/Documents/Projects/Crypto_wallet/impl/nios_proj_bsp/\libhal_bsp.a(alt_irq_entry.o)
 *(.exceptions.notirq.label)
 .exceptions.notirq.label
                0x000000000200008c        0x0 C:/Users/Class2018/Documents/Projects/Crypto_wallet/impl/nios_proj_bsp/\libhal_bsp.a(alt_irq_entry.o)
 *(.exceptions.notirq.user)
 *(.exceptions.notirq)
 .exceptions.notirq
                0x000000000200008c        0x8 C:/Users/Class2018/Documents/Projects/Crypto_wallet/impl/nios_proj_bsp/\libhal_bsp.a(alt_exception_entry.o)
 *(.exceptions.soft.user)
 *(.exceptions.soft)
 *(.exceptions.unknown.user)
 *(.exceptions.unknown)
 .exceptions.unknown
                0x0000000002000094       0x14 C:/Users/Class2018/Documents/Projects/Crypto_wallet/impl/nios_proj_bsp/\libhal_bsp.a(alt_exception_entry.o)
 *(.exceptions.exit.label)
 .exceptions.exit.label
                0x00000000020000a8        0x0 C:/Users/Class2018/Documents/Projects/Crypto_wallet/impl/nios_proj_bsp/\libhal_bsp.a(alt_irq_entry.o)
 .exceptions.exit.label
                0x00000000020000a8        0x0 C:/Users/Class2018/Documents/Projects/Crypto_wallet/impl/nios_proj_bsp/\libhal_bsp.a(alt_exception_entry.o)
 *(.exceptions.exit.user)
 *(.exceptions.exit)
 .exceptions.exit
                0x00000000020000a8       0x54 C:/Users/Class2018/Documents/Projects/Crypto_wallet/impl/nios_proj_bsp/\libhal_bsp.a(alt_exception_entry.o)
 *(.exceptions)
 .exceptions    0x00000000020000fc       0xd4 C:/Users/Class2018/Documents/Projects/Crypto_wallet/impl/nios_proj_bsp/\libhal_bsp.a(alt_irq_handler.o)
                0x00000000020000fc                alt_irq_handler
 .exceptions    0x00000000020001d0       0x74 C:/Users/Class2018/Documents/Projects/Crypto_wallet/impl/nios_proj_bsp/\libhal_bsp.a(alt_instruction_exception_entry.o)
                0x00000000020001d0                alt_instruction_exception_entry
                0x0000000002000244                PROVIDE (__ram_exceptions_end, ABSOLUTE (.))
                0x0000000002000020                PROVIDE (__flash_exceptions_start, LOADADDR (.exceptions))

.text           0x0000000002000244     0x35cc
                [!provide]                        PROVIDE (stext, ABSOLUTE (.))
 *(.interp)
 *(.hash)
 *(.dynsym)
 *(.dynstr)
 *(.gnu.version)
 *(.gnu.version_d)
 *(.gnu.version_r)
 *(.rel.init)
 *(.rela.init)
 *(.rel.text .rel.text.* .rel.gnu.linkonce.t.*)
 *(.rela.text .rela.text.* .rela.gnu.linkonce.t.*)
 *(.rel.fini)
 *(.rela.fini)
 *(.rel.rodata .rel.rodata.* .rel.gnu.linkonce.r.*)
 *(.rela.rodata .rela.rodata.* .rela.gnu.linkonce.r.*)
 *(.rel.data .rel.data.* .rel.gnu.linkonce.d.*)
 *(.rela.data .rela.data.* .rela.gnu.linkonce.d.*)
 *(.rel.tdata .rel.tdata.* .rel.gnu.linkonce.td.*)
 *(.rela.tdata .rela.tdata.* .rela.gnu.linkonce.td.*)
 *(.rel.tbss .rel.tbss.* .rel.gnu.linkonce.tb.*)
 *(.rela.tbss .rela.tbss.* .rela.gnu.linkonce.tb.*)
 *(.rel.ctors)
 *(.rela.ctors)
 *(.rel.dtors)
 *(.rela.dtors)
 *(.rel.got)
 *(.rela.got)
 *(.rel.sdata .rel.sdata.* .rel.gnu.linkonce.s.*)
 *(.rela.sdata .rela.sdata.* .rela.gnu.linkonce.s.*)
 *(.rel.sbss .rel.sbss.* .rel.gnu.linkonce.sb.*)
 *(.rela.sbss .rela.sbss.* .rela.gnu.linkonce.sb.*)
 *(.rel.sdata2 .rel.sdata2.* .rel.gnu.linkonce.s2.*)
 *(.rela.sdata2 .rela.sdata2.* .rela.gnu.linkonce.s2.*)
 *(.rel.sbss2 .rel.sbss2.* .rel.gnu.linkonce.sb2.*)
 *(.rela.sbss2 .rela.sbss2.* .rela.gnu.linkonce.sb2.*)
 *(.rel.bss .rel.bss.* .rel.gnu.linkonce.b.*)
 *(.rela.bss .rela.bss.* .rela.gnu.linkonce.b.*)
 *(.rel.plt)
 *(.rela.plt)
 *(.rel.dyn)
 *(.init)
 *(.plt)
 *(.text .stub .text.* .gnu.linkonce.t.*)
 .text          0x0000000002000244       0x4c C:/Users/Class2018/Documents/Projects/Crypto_wallet/impl/nios_proj_bsp//obj/HAL/src/crt0.o
                0x0000000002000244                _start
 .text          0x0000000002000290      0x110 obj/default/rand.o
                0x0000000002000290                random32
                0x0000000002000314                random_buffer
 .text          0x00000000020003a0       0x98 obj/default/wallet_main.o
                0x00000000020003a0                main
 .text          0x0000000002000438        0x0 c:/intelfpga_lite/18.1/nios2eds/bin/gnu/h-x86_64-mingw32/bin/../lib/gcc/nios2-elf/5.3.0/../../../../../H-x86_64-mingw32/nios2-elf/lib\libsmallc.a(lib_a-printf.o)
 .text._printf_r
                0x0000000002000438       0x3c c:/intelfpga_lite/18.1/nios2eds/bin/gnu/h-x86_64-mingw32/bin/../lib/gcc/nios2-elf/5.3.0/../../../../../H-x86_64-mingw32/nios2-elf/lib\libsmallc.a(lib_a-printf.o)
                0x0000000002000438                _printf_r
 .text.printf   0x0000000002000474       0x4c c:/intelfpga_lite/18.1/nios2eds/bin/gnu/h-x86_64-mingw32/bin/../lib/gcc/nios2-elf/5.3.0/../../../../../H-x86_64-mingw32/nios2-elf/lib\libsmallc.a(lib_a-printf.o)
                0x0000000002000474                printf
 .text          0x00000000020004c0        0x0 c:/intelfpga_lite/18.1/nios2eds/bin/gnu/h-x86_64-mingw32/bin/../lib/gcc/nios2-elf/5.3.0/../../../../../H-x86_64-mingw32/nios2-elf/lib\libsmallc.a(lib_a-puts.o)
 .text._puts_r  0x00000000020004c0       0x80 c:/intelfpga_lite/18.1/nios2eds/bin/gnu/h-x86_64-mingw32/bin/../lib/gcc/nios2-elf/5.3.0/../../../../../H-x86_64-mingw32/nios2-elf/lib\libsmallc.a(lib_a-puts.o)
                0x00000000020004c0                _puts_r
 .text.puts     0x0000000002000540       0x14 c:/intelfpga_lite/18.1/nios2eds/bin/gnu/h-x86_64-mingw32/bin/../lib/gcc/nios2-elf/5.3.0/../../../../../H-x86_64-mingw32/nios2-elf/lib\libsmallc.a(lib_a-puts.o)
                0x0000000002000540                puts
 .text          0x0000000002000554        0x0 c:/intelfpga_lite/18.1/nios2eds/bin/gnu/h-x86_64-mingw32/bin/../lib/gcc/nios2-elf/5.3.0/../../../../../H-x86_64-mingw32/nios2-elf/lib\libsmallc.a(lib_a-rand.o)
 .text.srand    0x0000000002000554       0x14 c:/intelfpga_lite/18.1/nios2eds/bin/gnu/h-x86_64-mingw32/bin/../lib/gcc/nios2-elf/5.3.0/../../../../../H-x86_64-mingw32/nios2-elf/lib\libsmallc.a(lib_a-rand.o)
                0x0000000002000554                srand
 .text.rand     0x0000000002000568       0x60 c:/intelfpga_lite/18.1/nios2eds/bin/gnu/h-x86_64-mingw32/bin/../lib/gcc/nios2-elf/5.3.0/../../../../../H-x86_64-mingw32/nios2-elf/lib\libsmallc.a(lib_a-rand.o)
                0x0000000002000568                rand
 .text          0x00000000020005c8        0x0 c:/intelfpga_lite/18.1/nios2eds/bin/gnu/h-x86_64-mingw32/bin/../lib/gcc/nios2-elf/5.3.0/../../../../../H-x86_64-mingw32/nios2-elf/lib\libsmallc.a(lib_a-strlen.o)
 .text.strlen   0x00000000020005c8       0x1c c:/intelfpga_lite/18.1/nios2eds/bin/gnu/h-x86_64-mingw32/bin/../lib/gcc/nios2-elf/5.3.0/../../../../../H-x86_64-mingw32/nios2-elf/lib\libsmallc.a(lib_a-strlen.o)
                0x00000000020005c8                strlen
 .text          0x00000000020005e4        0x0 c:/intelfpga_lite/18.1/nios2eds/bin/gnu/h-x86_64-mingw32/bin/../lib/gcc/nios2-elf/5.3.0/../../../../../H-x86_64-mingw32/nios2-elf/lib\libsmallc.a(lib_a-time.o)
 .text.time     0x00000000020005e4       0x50 c:/intelfpga_lite/18.1/nios2eds/bin/gnu/h-x86_64-mingw32/bin/../lib/gcc/nios2-elf/5.3.0/../../../../../H-x86_64-mingw32/nios2-elf/lib\libsmallc.a(lib_a-time.o)
                0x00000000020005e4                time
 .text          0x0000000002000634        0x0 c:/intelfpga_lite/18.1/nios2eds/bin/gnu/h-x86_64-mingw32/bin/../lib/gcc/nios2-elf/5.3.0/../../../../../H-x86_64-mingw32/nios2-elf/lib\libsmallc.a(lib_a-vfprintf.o)
 .text.print_repeat
                0x0000000002000634       0x6c c:/intelfpga_lite/18.1/nios2eds/bin/gnu/h-x86_64-mingw32/bin/../lib/gcc/nios2-elf/5.3.0/../../../../../H-x86_64-mingw32/nios2-elf/lib\libsmallc.a(lib_a-vfprintf.o)
 .text.___vfprintf_internal_r
                0x00000000020006a0      0x524 c:/intelfpga_lite/18.1/nios2eds/bin/gnu/h-x86_64-mingw32/bin/../lib/gcc/nios2-elf/5.3.0/../../../../../H-x86_64-mingw32/nios2-elf/lib\libsmallc.a(lib_a-vfprintf.o)
                0x00000000020006a0                ___vfprintf_internal_r
 .text.__vfprintf_internal
                0x0000000002000bc4       0x1c c:/intelfpga_lite/18.1/nios2eds/bin/gnu/h-x86_64-mingw32/bin/../lib/gcc/nios2-elf/5.3.0/../../../../../H-x86_64-mingw32/nios2-elf/lib\libsmallc.a(lib_a-vfprintf.o)
                0x0000000002000bc4                __vfprintf_internal
 .text          0x0000000002000be0        0x0 c:/intelfpga_lite/18.1/nios2eds/bin/gnu/h-x86_64-mingw32/bin/../lib/gcc/nios2-elf/5.3.0/../../../../../H-x86_64-mingw32/nios2-elf/lib\libsmallc.a(lib_a-fvwrite_small_dev.o)
 .text.__sfvwrite_small_dev
                0x0000000002000be0       0xb8 c:/intelfpga_lite/18.1/nios2eds/bin/gnu/h-x86_64-mingw32/bin/../lib/gcc/nios2-elf/5.3.0/../../../../../H-x86_64-mingw32/nios2-elf/lib\libsmallc.a(lib_a-fvwrite_small_dev.o)
                0x0000000002000be0                __sfvwrite_small_dev
 .text          0x0000000002000c98        0x0 c:/intelfpga_lite/18.1/nios2eds/bin/gnu/h-x86_64-mingw32/bin/../lib/gcc/nios2-elf/5.3.0/../../../../../H-x86_64-mingw32/nios2-elf/lib\libsmallc.a(lib_a-gettimeofdayr.o)
 .text._gettimeofday_r
                0x0000000002000c98       0x54 c:/intelfpga_lite/18.1/nios2eds/bin/gnu/h-x86_64-mingw32/bin/../lib/gcc/nios2-elf/5.3.0/../../../../../H-x86_64-mingw32/nios2-elf/lib\libsmallc.a(lib_a-gettimeofdayr.o)
                0x0000000002000c98                _gettimeofday_r
 .text          0x0000000002000cec        0x0 c:/intelfpga_lite/18.1/nios2eds/bin/gnu/h-x86_64-mingw32/bin/../lib/gcc/nios2-elf/5.3.0/../../../../../H-x86_64-mingw32/nios2-elf/lib\libsmallc.a(lib_a-impure.o)
 .text          0x0000000002000cec        0x0 c:/intelfpga_lite/18.1/nios2eds/bin/gnu/h-x86_64-mingw32/bin/../lib/gcc/nios2-elf/5.3.0/../../../../../H-x86_64-mingw32/nios2-elf/lib\libsmallc.a(lib_a-int_errno.o)
 .text          0x0000000002000cec        0x0 c:/intelfpga_lite/18.1/nios2eds/bin/gnu/h-x86_64-mingw32/bin/../lib/gcc/nios2-elf/5.3.0/../../../../../H-x86_64-mingw32/nios2-elf/lib\libsmallc.a(lib_a-writer.o)
 .text._write_r
                0x0000000002000cec       0x58 c:/intelfpga_lite/18.1/nios2eds/bin/gnu/h-x86_64-mingw32/bin/../lib/gcc/nios2-elf/5.3.0/../../../../../H-x86_64-mingw32/nios2-elf/lib\libsmallc.a(lib_a-writer.o)
                0x0000000002000cec                _write_r
 .text          0x0000000002000d44       0x60 c:/intelfpga_lite/18.1/nios2eds/bin/gnu/h-x86_64-mingw32/bin/../lib/gcc/nios2-elf/5.3.0\libgcc.a(_muldi3.o)
                0x0000000002000d44                __muldi3
 .text          0x0000000002000da4      0x1b4 c:/intelfpga_lite/18.1/nios2eds/bin/gnu/h-x86_64-mingw32/bin/../lib/gcc/nios2-elf/5.3.0\libgcc.a(lib2-divmod.o)
                0x0000000002000da4                __divsi3
                0x0000000002000e28                __modsi3
                0x0000000002000e9c                __udivsi3
                0x0000000002000f00                __umodsi3
 .text          0x0000000002000f58      0x1d4 C:/Users/Class2018/Documents/Projects/Crypto_wallet/impl/nios_proj_bsp/\libhal_bsp.a(alt_gettod.o)
                0x0000000002000f58                gettimeofday
 .text          0x000000000200112c       0xec C:/Users/Class2018/Documents/Projects/Crypto_wallet/impl/nios_proj_bsp/\libhal_bsp.a(alt_load.o)
                0x0000000002001194                alt_load
 .text          0x0000000002001218       0x7c C:/Users/Class2018/Documents/Projects/Crypto_wallet/impl/nios_proj_bsp/\libhal_bsp.a(alt_main.o)
                0x0000000002001218                alt_main
 .text          0x0000000002001294      0x1a4 C:/Users/Class2018/Documents/Projects/Crypto_wallet/impl/nios_proj_bsp/\libhal_bsp.a(alt_tick.o)
                0x0000000002001294                alt_alarm_stop
                0x0000000002001330                alt_tick
 .text          0x0000000002001438      0x134 C:/Users/Class2018/Documents/Projects/Crypto_wallet/impl/nios_proj_bsp/\libhal_bsp.a(alt_write.o)
                0x0000000002001474                write
 .text          0x000000000200156c       0xb8 C:/Users/Class2018/Documents/Projects/Crypto_wallet/impl/nios_proj_bsp/\libhal_bsp.a(alt_sys_init.o)
                0x00000000020015a0                alt_irq_init
                0x00000000020015d8                alt_sys_init
 .text          0x0000000002001624      0x164 C:/Users/Class2018/Documents/Projects/Crypto_wallet/impl/nios_proj_bsp/\libhal_bsp.a(altera_avalon_jtag_uart_fd.o)
                0x0000000002001624                altera_avalon_jtag_uart_read_fd
                0x0000000002001684                altera_avalon_jtag_uart_write_fd
                0x00000000020016e4                altera_avalon_jtag_uart_close_fd
                0x0000000002001734                altera_avalon_jtag_uart_ioctl_fd
 .text          0x0000000002001788      0x3d4 C:/Users/Class2018/Documents/Projects/Crypto_wallet/impl/nios_proj_bsp/\libhal_bsp.a(altera_avalon_jtag_uart_init.o)
                0x0000000002001788                altera_avalon_jtag_uart_init
                0x0000000002001af4                altera_avalon_jtag_uart_close
 .text          0x0000000002001b5c       0xf0 C:/Users/Class2018/Documents/Projects/Crypto_wallet/impl/nios_proj_bsp/\libhal_bsp.a(altera_avalon_jtag_uart_ioctl.o)
                0x0000000002001b5c                altera_avalon_jtag_uart_ioctl
 .text          0x0000000002001c4c      0x21c C:/Users/Class2018/Documents/Projects/Crypto_wallet/impl/nios_proj_bsp/\libhal_bsp.a(altera_avalon_jtag_uart_read.o)
                0x0000000002001c4c                altera_avalon_jtag_uart_read
 .text          0x0000000002001e68      0x224 C:/Users/Class2018/Documents/Projects/Crypto_wallet/impl/nios_proj_bsp/\libhal_bsp.a(altera_avalon_jtag_uart_write.o)
                0x0000000002001e68                altera_avalon_jtag_uart_write
 .text          0x000000000200208c      0x12c C:/Users/Class2018/Documents/Projects/Crypto_wallet/impl/nios_proj_bsp/\libhal_bsp.a(alt_alarm_start.o)
                0x000000000200208c                alt_alarm_start
 .text          0x00000000020021b8      0x10c C:/Users/Class2018/Documents/Projects/Crypto_wallet/impl/nios_proj_bsp/\libhal_bsp.a(alt_close.o)
                0x00000000020021f4                close
 .text          0x00000000020022c4       0x48 C:/Users/Class2018/Documents/Projects/Crypto_wallet/impl/nios_proj_bsp/\libhal_bsp.a(alt_dcache_flush_all.o)
                0x00000000020022c4                alt_dcache_flush_all
 .text          0x000000000200230c       0x2c C:/Users/Class2018/Documents/Projects/Crypto_wallet/impl/nios_proj_bsp/\libhal_bsp.a(alt_dev.o)
 .text          0x0000000002002338       0xe0 C:/Users/Class2018/Documents/Projects/Crypto_wallet/impl/nios_proj_bsp/\libhal_bsp.a(alt_dev_llist_insert.o)
                0x0000000002002374                alt_dev_llist_insert
 .text          0x0000000002002418       0x60 C:/Users/Class2018/Documents/Projects/Crypto_wallet/impl/nios_proj_bsp/\libhal_bsp.a(alt_do_ctors.o)
                0x0000000002002418                _do_ctors
 .text          0x0000000002002478       0x60 C:/Users/Class2018/Documents/Projects/Crypto_wallet/impl/nios_proj_bsp/\libhal_bsp.a(alt_do_dtors.o)
                0x0000000002002478                _do_dtors
 .text          0x00000000020024d8        0x0 C:/Users/Class2018/Documents/Projects/Crypto_wallet/impl/nios_proj_bsp/\libhal_bsp.a(alt_errno.o)
 .text          0x00000000020024d8       0x34 C:/Users/Class2018/Documents/Projects/Crypto_wallet/impl/nios_proj_bsp/\libhal_bsp.a(alt_icache_flush_all.o)
                0x00000000020024d8                alt_icache_flush_all
 .text          0x000000000200250c      0x1b0 C:/Users/Class2018/Documents/Projects/Crypto_wallet/impl/nios_proj_bsp/\libhal_bsp.a(alt_iic.o)
                0x000000000200250c                alt_ic_isr_register
                0x000000000200255c                alt_ic_irq_enable
                0x00000000020025e4                alt_ic_irq_disable
                0x0000000002002670                alt_ic_irq_enabled
 .text          0x00000000020026bc       0xf0 C:/Users/Class2018/Documents/Projects/Crypto_wallet/impl/nios_proj_bsp/\libhal_bsp.a(alt_iic_isr_register.o)
                0x00000000020026bc                alt_iic_isr_register
 .text          0x00000000020027ac      0x140 C:/Users/Class2018/Documents/Projects/Crypto_wallet/impl/nios_proj_bsp/\libhal_bsp.a(alt_io_redirect.o)
                0x0000000002002870                alt_io_redirect
 .text          0x00000000020028ec        0x0 C:/Users/Class2018/Documents/Projects/Crypto_wallet/impl/nios_proj_bsp/\libhal_bsp.a(alt_irq_entry.o)
 .text          0x00000000020028ec        0x0 C:/Users/Class2018/Documents/Projects/Crypto_wallet/impl/nios_proj_bsp/\libhal_bsp.a(alt_irq_handler.o)
 .text          0x00000000020028ec        0x0 C:/Users/Class2018/Documents/Projects/Crypto_wallet/impl/nios_proj_bsp/\libhal_bsp.a(alt_irq_vars.o)
 .text          0x00000000020028ec      0x254 C:/Users/Class2018/Documents/Projects/Crypto_wallet/impl/nios_proj_bsp/\libhal_bsp.a(alt_open.o)
                0x00000000020029ec                open
 .text          0x0000000002002b40       0x64 C:/Users/Class2018/Documents/Projects/Crypto_wallet/impl/nios_proj_bsp/\libhal_bsp.a(alt_release_fd.o)
                0x0000000002002b40                alt_release_fd
 .text          0x0000000002002ba4       0x24 C:/Users/Class2018/Documents/Projects/Crypto_wallet/impl/nios_proj_bsp/\libhal_bsp.a(altera_nios2_gen2_irq.o)
                0x0000000002002ba4                altera_nios2_gen2_irq_init
 .text          0x0000000002002bc8        0x0 C:/Users/Class2018/Documents/Projects/Crypto_wallet/impl/nios_proj_bsp/\libhal_bsp.a(alt_exception_entry.o)
 .text          0x0000000002002bc8       0x90 C:/Users/Class2018/Documents/Projects/Crypto_wallet/impl/nios_proj_bsp/\libhal_bsp.a(alt_find_dev.o)
                0x0000000002002bc8                alt_find_dev
 .text          0x0000000002002c58      0x108 C:/Users/Class2018/Documents/Projects/Crypto_wallet/impl/nios_proj_bsp/\libhal_bsp.a(alt_find_file.o)
                0x0000000002002c58                alt_find_file
 .text          0x0000000002002d60       0xa4 C:/Users/Class2018/Documents/Projects/Crypto_wallet/impl/nios_proj_bsp/\libhal_bsp.a(alt_get_fd.o)
                0x0000000002002d60                alt_get_fd
 .text          0x0000000002002e04       0x90 C:/Users/Class2018/Documents/Projects/Crypto_wallet/impl/nios_proj_bsp/\libhal_bsp.a(alt_icache_flush.o)
                0x0000000002002e04                alt_icache_flush
 .text          0x0000000002002e94       0x9c C:/Users/Class2018/Documents/Projects/Crypto_wallet/impl/nios_proj_bsp/\libhal_bsp.a(alt_instruction_exception_entry.o)
                0x0000000002002e94                alt_exception_cause_generated_bad_addr
 .text          0x0000000002002f30        0x0 c:/intelfpga_lite/18.1/nios2eds/bin/gnu/h-x86_64-mingw32/bin/../lib/gcc/nios2-elf/5.3.0/../../../../../H-x86_64-mingw32/nios2-elf/lib\libsmallc.a(lib_a-atexit.o)
 .text.atexit   0x0000000002002f30       0x14 c:/intelfpga_lite/18.1/nios2eds/bin/gnu/h-x86_64-mingw32/bin/../lib/gcc/nios2-elf/5.3.0/../../../../../H-x86_64-mingw32/nios2-elf/lib\libsmallc.a(lib_a-atexit.o)
                0x0000000002002f30                atexit
 .text          0x0000000002002f44        0x0 c:/intelfpga_lite/18.1/nios2eds/bin/gnu/h-x86_64-mingw32/bin/../lib/gcc/nios2-elf/5.3.0/../../../../../H-x86_64-mingw32/nios2-elf/lib\libsmallc.a(lib_a-exit.o)
 .text.exit     0x0000000002002f44       0x20 c:/intelfpga_lite/18.1/nios2eds/bin/gnu/h-x86_64-mingw32/bin/../lib/gcc/nios2-elf/5.3.0/../../../../../H-x86_64-mingw32/nios2-elf/lib\libsmallc.a(lib_a-exit.o)
                0x0000000002002f44                exit
 .text          0x0000000002002f64        0x0 c:/intelfpga_lite/18.1/nios2eds/bin/gnu/h-x86_64-mingw32/bin/../lib/gcc/nios2-elf/5.3.0/../../../../../H-x86_64-mingw32/nios2-elf/lib\libsmallc.a(lib_a-memcmp.o)
 .text.memcmp   0x0000000002002f64       0x30 c:/intelfpga_lite/18.1/nios2eds/bin/gnu/h-x86_64-mingw32/bin/../lib/gcc/nios2-elf/5.3.0/../../../../../H-x86_64-mingw32/nios2-elf/lib\libsmallc.a(lib_a-memcmp.o)
                0x0000000002002f64                memcmp
 .text          0x0000000002002f94        0x0 c:/intelfpga_lite/18.1/nios2eds/bin/gnu/h-x86_64-mingw32/bin/../lib/gcc/nios2-elf/5.3.0/../../../../../H-x86_64-mingw32/nios2-elf/lib\libsmallc.a(lib_a-memcpy.o)
 .text.memcpy   0x0000000002002f94       0x28 c:/intelfpga_lite/18.1/nios2eds/bin/gnu/h-x86_64-mingw32/bin/../lib/gcc/nios2-elf/5.3.0/../../../../../H-x86_64-mingw32/nios2-elf/lib\libsmallc.a(lib_a-memcpy.o)
                0x0000000002002f94                memcpy
 .text          0x0000000002002fbc        0x0 c:/intelfpga_lite/18.1/nios2eds/bin/gnu/h-x86_64-mingw32/bin/../lib/gcc/nios2-elf/5.3.0/../../../../../H-x86_64-mingw32/nios2-elf/lib\libsmallc.a(lib_a-__atexit.o)
 .text.__register_exitproc
                0x0000000002002fbc      0x158 c:/intelfpga_lite/18.1/nios2eds/bin/gnu/h-x86_64-mingw32/bin/../lib/gcc/nios2-elf/5.3.0/../../../../../H-x86_64-mingw32/nios2-elf/lib\libsmallc.a(lib_a-__atexit.o)
                0x0000000002002fbc                __register_exitproc
 .text          0x0000000002003114        0x0 c:/intelfpga_lite/18.1/nios2eds/bin/gnu/h-x86_64-mingw32/bin/../lib/gcc/nios2-elf/5.3.0/../../../../../H-x86_64-mingw32/nios2-elf/lib\libsmallc.a(lib_a-__call_atexit.o)
 .text.__call_exitprocs
                0x0000000002003114      0x190 c:/intelfpga_lite/18.1/nios2eds/bin/gnu/h-x86_64-mingw32/bin/../lib/gcc/nios2-elf/5.3.0/../../../../../H-x86_64-mingw32/nios2-elf/lib\libsmallc.a(lib_a-__call_atexit.o)
                0x0000000002003114                __call_exitprocs
 .text          0x00000000020032a4      0x538 c:/intelfpga_lite/18.1/nios2eds/bin/gnu/h-x86_64-mingw32/bin/../lib/gcc/nios2-elf/5.3.0\libgcc.a(_umoddi3.o)
                0x00000000020032a4                __umoddi3
 .text          0x00000000020037dc        0x0 c:/intelfpga_lite/18.1/nios2eds/bin/gnu/h-x86_64-mingw32/bin/../lib/gcc/nios2-elf/5.3.0\libgcc.a(_clz.o)
 .text          0x00000000020037dc       0x34 C:/Users/Class2018/Documents/Projects/Crypto_wallet/impl/nios_proj_bsp/\libhal_bsp.a(alt_exit.o)
                0x00000000020037dc                _exit
 *(.gnu.warning.*)
 *(.fini)
                [!provide]                        PROVIDE (__etext, ABSOLUTE (.))
                [!provide]                        PROVIDE (_etext, ABSOLUTE (.))
                [!provide]                        PROVIDE (etext, ABSOLUTE (.))
 *(.eh_frame_hdr)
                0x0000000002003810                . = ALIGN (0x4)
                [!provide]                        PROVIDE (__preinit_array_start, ABSOLUTE (.))
 *(.preinit_array)
                [!provide]                        PROVIDE (__preinit_array_end, ABSOLUTE (.))
                [!provide]                        PROVIDE (__init_array_start, ABSOLUTE (.))
 *(.init_array)
                [!provide]                        PROVIDE (__init_array_end, ABSOLUTE (.))
                [!provide]                        PROVIDE (__fini_array_start, ABSOLUTE (.))
 *(.fini_array)
                [!provide]                        PROVIDE (__fini_array_end, ABSOLUTE (.))
 *(.eh_frame)
 *(.gcc_except_table .gcc_except_table.*)
 *(.dynamic)
                0x0000000002003810                PROVIDE (__CTOR_LIST__, ABSOLUTE (.))
 *(.ctors)
 *(SORT(.ctors.*))
                0x0000000002003810                PROVIDE (__CTOR_END__, ABSOLUTE (.))
                0x0000000002003810                PROVIDE (__DTOR_LIST__, ABSOLUTE (.))
 *(.dtors)
 *(SORT(.dtors.*))
                0x0000000002003810                PROVIDE (__DTOR_END__, ABSOLUTE (.))
 *(.jcr)
                0x0000000002003810                . = ALIGN (0x4)

.rodata         0x0000000002003810      0x184
                0x0000000002003810                PROVIDE (__ram_rodata_start, ABSOLUTE (.))
                0x0000000002003810                . = ALIGN (0x4)
 *(.rodata .rodata.* .gnu.linkonce.r.*)
 .rodata        0x0000000002003810       0x53 obj/default/wallet_main.o
 *fill*         0x0000000002003863        0x1 
 .rodata.str1.4
                0x0000000002003864        0x4 c:/intelfpga_lite/18.1/nios2eds/bin/gnu/h-x86_64-mingw32/bin/../lib/gcc/nios2-elf/5.3.0/../../../../../H-x86_64-mingw32/nios2-elf/lib\libsmallc.a(lib_a-puts.o)
                                          0x2 (size before relaxing)
 .rodata        0x0000000002003868        0xf C:/Users/Class2018/Documents/Projects/Crypto_wallet/impl/nios_proj_bsp/\libhal_bsp.a(alt_main.o)
 *fill*         0x0000000002003877        0x1 
 .rodata        0x0000000002003878        0xf C:/Users/Class2018/Documents/Projects/Crypto_wallet/impl/nios_proj_bsp/\libhal_bsp.a(alt_sys_init.o)
 *fill*         0x0000000002003887        0x1 
 .rodata        0x0000000002003888        0xa C:/Users/Class2018/Documents/Projects/Crypto_wallet/impl/nios_proj_bsp/\libhal_bsp.a(alt_dev.o)
 .rodata        0x0000000002003892      0x100 c:/intelfpga_lite/18.1/nios2eds/bin/gnu/h-x86_64-mingw32/bin/../lib/gcc/nios2-elf/5.3.0\libgcc.a(_clz.o)
                0x0000000002003892                __clz_tab
 *(.rodata1)
                0x0000000002003994                . = ALIGN (0x4)
 *fill*         0x0000000002003992        0x2 
                0x0000000002003994                PROVIDE (__ram_rodata_end, ABSOLUTE (.))
                0x0000000002003810                PROVIDE (__flash_rodata_start, LOADADDR (.rodata))

.rwdata         0x0000000002003994     0x1314 load address 0x0000000002004ca8
                0x0000000002003994                PROVIDE (__ram_rwdata_start, ABSOLUTE (.))
                0x0000000002003994                . = ALIGN (0x4)
 *(.got.plt)
 *(.got)
 *(.data1)
 *(.data .data.* .gnu.linkonce.d.*)
 .data          0x0000000002003994        0x0 C:/Users/Class2018/Documents/Projects/Crypto_wallet/impl/nios_proj_bsp//obj/HAL/src/crt0.o
 .data          0x0000000002003994        0x0 obj/default/rand.o
 .data          0x0000000002003994        0x0 obj/default/wallet_main.o
 .data          0x0000000002003994        0x0 c:/intelfpga_lite/18.1/nios2eds/bin/gnu/h-x86_64-mingw32/bin/../lib/gcc/nios2-elf/5.3.0/../../../../../H-x86_64-mingw32/nios2-elf/lib\libsmallc.a(lib_a-printf.o)
 .data          0x0000000002003994        0x0 c:/intelfpga_lite/18.1/nios2eds/bin/gnu/h-x86_64-mingw32/bin/../lib/gcc/nios2-elf/5.3.0/../../../../../H-x86_64-mingw32/nios2-elf/lib\libsmallc.a(lib_a-puts.o)
 .data          0x0000000002003994        0x0 c:/intelfpga_lite/18.1/nios2eds/bin/gnu/h-x86_64-mingw32/bin/../lib/gcc/nios2-elf/5.3.0/../../../../../H-x86_64-mingw32/nios2-elf/lib\libsmallc.a(lib_a-rand.o)
 .data          0x0000000002003994        0x0 c:/intelfpga_lite/18.1/nios2eds/bin/gnu/h-x86_64-mingw32/bin/../lib/gcc/nios2-elf/5.3.0/../../../../../H-x86_64-mingw32/nios2-elf/lib\libsmallc.a(lib_a-strlen.o)
 .data          0x0000000002003994        0x0 c:/intelfpga_lite/18.1/nios2eds/bin/gnu/h-x86_64-mingw32/bin/../lib/gcc/nios2-elf/5.3.0/../../../../../H-x86_64-mingw32/nios2-elf/lib\libsmallc.a(lib_a-time.o)
 .data          0x0000000002003994        0x0 c:/intelfpga_lite/18.1/nios2eds/bin/gnu/h-x86_64-mingw32/bin/../lib/gcc/nios2-elf/5.3.0/../../../../../H-x86_64-mingw32/nios2-elf/lib\libsmallc.a(lib_a-vfprintf.o)
 .data          0x0000000002003994        0x0 c:/intelfpga_lite/18.1/nios2eds/bin/gnu/h-x86_64-mingw32/bin/../lib/gcc/nios2-elf/5.3.0/../../../../../H-x86_64-mingw32/nios2-elf/lib\libsmallc.a(lib_a-fvwrite_small_dev.o)
 .data          0x0000000002003994        0x0 c:/intelfpga_lite/18.1/nios2eds/bin/gnu/h-x86_64-mingw32/bin/../lib/gcc/nios2-elf/5.3.0/../../../../../H-x86_64-mingw32/nios2-elf/lib\libsmallc.a(lib_a-gettimeofdayr.o)
 .data          0x0000000002003994        0x0 c:/intelfpga_lite/18.1/nios2eds/bin/gnu/h-x86_64-mingw32/bin/../lib/gcc/nios2-elf/5.3.0/../../../../../H-x86_64-mingw32/nios2-elf/lib\libsmallc.a(lib_a-impure.o)
 .data.impure_data
                0x0000000002003994       0xe0 c:/intelfpga_lite/18.1/nios2eds/bin/gnu/h-x86_64-mingw32/bin/../lib/gcc/nios2-elf/5.3.0/../../../../../H-x86_64-mingw32/nios2-elf/lib\libsmallc.a(lib_a-impure.o)
 .data          0x0000000002003a74        0x0 c:/intelfpga_lite/18.1/nios2eds/bin/gnu/h-x86_64-mingw32/bin/../lib/gcc/nios2-elf/5.3.0/../../../../../H-x86_64-mingw32/nios2-elf/lib\libsmallc.a(lib_a-int_errno.o)
 .data          0x0000000002003a74        0x0 c:/intelfpga_lite/18.1/nios2eds/bin/gnu/h-x86_64-mingw32/bin/../lib/gcc/nios2-elf/5.3.0/../../../../../H-x86_64-mingw32/nios2-elf/lib\libsmallc.a(lib_a-writer.o)
 .data          0x0000000002003a74        0x0 c:/intelfpga_lite/18.1/nios2eds/bin/gnu/h-x86_64-mingw32/bin/../lib/gcc/nios2-elf/5.3.0\libgcc.a(_muldi3.o)
 .data          0x0000000002003a74        0x0 c:/intelfpga_lite/18.1/nios2eds/bin/gnu/h-x86_64-mingw32/bin/../lib/gcc/nios2-elf/5.3.0\libgcc.a(lib2-divmod.o)
 .data          0x0000000002003a74        0x0 C:/Users/Class2018/Documents/Projects/Crypto_wallet/impl/nios_proj_bsp/\libhal_bsp.a(alt_gettod.o)
 .data          0x0000000002003a74        0x0 C:/Users/Class2018/Documents/Projects/Crypto_wallet/impl/nios_proj_bsp/\libhal_bsp.a(alt_load.o)
 .data          0x0000000002003a74        0x0 C:/Users/Class2018/Documents/Projects/Crypto_wallet/impl/nios_proj_bsp/\libhal_bsp.a(alt_main.o)
 .data          0x0000000002003a74        0x0 C:/Users/Class2018/Documents/Projects/Crypto_wallet/impl/nios_proj_bsp/\libhal_bsp.a(alt_tick.o)
 .data          0x0000000002003a74        0x0 C:/Users/Class2018/Documents/Projects/Crypto_wallet/impl/nios_proj_bsp/\libhal_bsp.a(alt_write.o)
 .data          0x0000000002003a74     0x1060 C:/Users/Class2018/Documents/Projects/Crypto_wallet/impl/nios_proj_bsp/\libhal_bsp.a(alt_sys_init.o)
 .data          0x0000000002004ad4        0x0 C:/Users/Class2018/Documents/Projects/Crypto_wallet/impl/nios_proj_bsp/\libhal_bsp.a(altera_avalon_jtag_uart_fd.o)
 .data          0x0000000002004ad4        0x0 C:/Users/Class2018/Documents/Projects/Crypto_wallet/impl/nios_proj_bsp/\libhal_bsp.a(altera_avalon_jtag_uart_init.o)
 .data          0x0000000002004ad4        0x0 C:/Users/Class2018/Documents/Projects/Crypto_wallet/impl/nios_proj_bsp/\libhal_bsp.a(altera_avalon_jtag_uart_ioctl.o)
 .data          0x0000000002004ad4        0x0 C:/Users/Class2018/Documents/Projects/Crypto_wallet/impl/nios_proj_bsp/\libhal_bsp.a(altera_avalon_jtag_uart_read.o)
 .data          0x0000000002004ad4        0x0 C:/Users/Class2018/Documents/Projects/Crypto_wallet/impl/nios_proj_bsp/\libhal_bsp.a(altera_avalon_jtag_uart_write.o)
 .data          0x0000000002004ad4        0x0 C:/Users/Class2018/Documents/Projects/Crypto_wallet/impl/nios_proj_bsp/\libhal_bsp.a(alt_alarm_start.o)
 .data          0x0000000002004ad4        0x0 C:/Users/Class2018/Documents/Projects/Crypto_wallet/impl/nios_proj_bsp/\libhal_bsp.a(alt_close.o)
 .data          0x0000000002004ad4        0x0 C:/Users/Class2018/Documents/Projects/Crypto_wallet/impl/nios_proj_bsp/\libhal_bsp.a(alt_dcache_flush_all.o)
 .data          0x0000000002004ad4      0x1a8 C:/Users/Class2018/Documents/Projects/Crypto_wallet/impl/nios_proj_bsp/\libhal_bsp.a(alt_dev.o)
                0x0000000002004ad4                alt_dev_null
                0x0000000002004afc                alt_fd_list
 .data          0x0000000002004c7c        0x0 C:/Users/Class2018/Documents/Projects/Crypto_wallet/impl/nios_proj_bsp/\libhal_bsp.a(alt_dev_llist_insert.o)
 .data          0x0000000002004c7c        0x0 C:/Users/Class2018/Documents/Projects/Crypto_wallet/impl/nios_proj_bsp/\libhal_bsp.a(alt_do_ctors.o)
 .data          0x0000000002004c7c        0x0 C:/Users/Class2018/Documents/Projects/Crypto_wallet/impl/nios_proj_bsp/\libhal_bsp.a(alt_do_dtors.o)
 .data          0x0000000002004c7c        0x0 C:/Users/Class2018/Documents/Projects/Crypto_wallet/impl/nios_proj_bsp/\libhal_bsp.a(alt_errno.o)
 .data          0x0000000002004c7c        0x0 C:/Users/Class2018/Documents/Projects/Crypto_wallet/impl/nios_proj_bsp/\libhal_bsp.a(alt_icache_flush_all.o)
 .data          0x0000000002004c7c        0x0 C:/Users/Class2018/Documents/Projects/Crypto_wallet/impl/nios_proj_bsp/\libhal_bsp.a(alt_iic.o)
 .data          0x0000000002004c7c        0x0 C:/Users/Class2018/Documents/Projects/Crypto_wallet/impl/nios_proj_bsp/\libhal_bsp.a(alt_iic_isr_register.o)
 .data          0x0000000002004c7c        0x0 C:/Users/Class2018/Documents/Projects/Crypto_wallet/impl/nios_proj_bsp/\libhal_bsp.a(alt_io_redirect.o)
 .data          0x0000000002004c7c        0x0 C:/Users/Class2018/Documents/Projects/Crypto_wallet/impl/nios_proj_bsp/\libhal_bsp.a(alt_irq_entry.o)
 .data          0x0000000002004c7c        0x0 C:/Users/Class2018/Documents/Projects/Crypto_wallet/impl/nios_proj_bsp/\libhal_bsp.a(alt_irq_handler.o)
 .data          0x0000000002004c7c        0x0 C:/Users/Class2018/Documents/Projects/Crypto_wallet/impl/nios_proj_bsp/\libhal_bsp.a(alt_irq_vars.o)
 .data          0x0000000002004c7c        0x0 C:/Users/Class2018/Documents/Projects/Crypto_wallet/impl/nios_proj_bsp/\libhal_bsp.a(alt_open.o)
 .data          0x0000000002004c7c        0x0 C:/Users/Class2018/Documents/Projects/Crypto_wallet/impl/nios_proj_bsp/\libhal_bsp.a(alt_release_fd.o)
 .data          0x0000000002004c7c        0x0 C:/Users/Class2018/Documents/Projects/Crypto_wallet/impl/nios_proj_bsp/\libhal_bsp.a(altera_nios2_gen2_irq.o)
 .data          0x0000000002004c7c        0x0 C:/Users/Class2018/Documents/Projects/Crypto_wallet/impl/nios_proj_bsp/\libhal_bsp.a(alt_exception_entry.o)
 .data          0x0000000002004c7c        0x0 C:/Users/Class2018/Documents/Projects/Crypto_wallet/impl/nios_proj_bsp/\libhal_bsp.a(alt_find_dev.o)
 .data          0x0000000002004c7c        0x0 C:/Users/Class2018/Documents/Projects/Crypto_wallet/impl/nios_proj_bsp/\libhal_bsp.a(alt_find_file.o)
 .data          0x0000000002004c7c        0x0 C:/Users/Class2018/Documents/Projects/Crypto_wallet/impl/nios_proj_bsp/\libhal_bsp.a(alt_get_fd.o)
 .data          0x0000000002004c7c        0x0 C:/Users/Class2018/Documents/Projects/Crypto_wallet/impl/nios_proj_bsp/\libhal_bsp.a(alt_icache_flush.o)
 .data          0x0000000002004c7c        0x0 C:/Users/Class2018/Documents/Projects/Crypto_wallet/impl/nios_proj_bsp/\libhal_bsp.a(alt_instruction_exception_entry.o)
 .data          0x0000000002004c7c        0x0 c:/intelfpga_lite/18.1/nios2eds/bin/gnu/h-x86_64-mingw32/bin/../lib/gcc/nios2-elf/5.3.0/../../../../../H-x86_64-mingw32/nios2-elf/lib\libsmallc.a(lib_a-atexit.o)
 .data          0x0000000002004c7c        0x0 c:/intelfpga_lite/18.1/nios2eds/bin/gnu/h-x86_64-mingw32/bin/../lib/gcc/nios2-elf/5.3.0/../../../../../H-x86_64-mingw32/nios2-elf/lib\libsmallc.a(lib_a-exit.o)
 .data          0x0000000002004c7c        0x0 c:/intelfpga_lite/18.1/nios2eds/bin/gnu/h-x86_64-mingw32/bin/../lib/gcc/nios2-elf/5.3.0/../../../../../H-x86_64-mingw32/nios2-elf/lib\libsmallc.a(lib_a-memcmp.o)
 .data          0x0000000002004c7c        0x0 c:/intelfpga_lite/18.1/nios2eds/bin/gnu/h-x86_64-mingw32/bin/../lib/gcc/nios2-elf/5.3.0/../../../../../H-x86_64-mingw32/nios2-elf/lib\libsmallc.a(lib_a-memcpy.o)
 .data          0x0000000002004c7c        0x0 c:/intelfpga_lite/18.1/nios2eds/bin/gnu/h-x86_64-mingw32/bin/../lib/gcc/nios2-elf/5.3.0/../../../../../H-x86_64-mingw32/nios2-elf/lib\libsmallc.a(lib_a-__atexit.o)
 .data          0x0000000002004c7c        0x0 c:/intelfpga_lite/18.1/nios2eds/bin/gnu/h-x86_64-mingw32/bin/../lib/gcc/nios2-elf/5.3.0/../../../../../H-x86_64-mingw32/nios2-elf/lib\libsmallc.a(lib_a-__call_atexit.o)
 .data          0x0000000002004c7c        0x0 c:/intelfpga_lite/18.1/nios2eds/bin/gnu/h-x86_64-mingw32/bin/../lib/gcc/nios2-elf/5.3.0\libgcc.a(_umoddi3.o)
 .data          0x0000000002004c7c        0x0 c:/intelfpga_lite/18.1/nios2eds/bin/gnu/h-x86_64-mingw32/bin/../lib/gcc/nios2-elf/5.3.0\libgcc.a(_clz.o)
 .data          0x0000000002004c7c        0x0 C:/Users/Class2018/Documents/Projects/Crypto_wallet/impl/nios_proj_bsp/\libhal_bsp.a(alt_exit.o)
                0x000000000200cc7c                _gp = ABSOLUTE ((. + 0x8000))
                [!provide]                        PROVIDE (gp, _gp)
 *(.rwdata .rwdata.*)
 *(.sdata .sdata.* .gnu.linkonce.s.*)
 .sdata._global_impure_ptr
                0x0000000002004c7c        0x4 c:/intelfpga_lite/18.1/nios2eds/bin/gnu/h-x86_64-mingw32/bin/../lib/gcc/nios2-elf/5.3.0/../../../../../H-x86_64-mingw32/nios2-elf/lib\libsmallc.a(lib_a-impure.o)
                0x0000000002004c7c                _global_impure_ptr
 .sdata._impure_ptr
                0x0000000002004c80        0x4 c:/intelfpga_lite/18.1/nios2eds/bin/gnu/h-x86_64-mingw32/bin/../lib/gcc/nios2-elf/5.3.0/../../../../../H-x86_64-mingw32/nios2-elf/lib\libsmallc.a(lib_a-impure.o)
                0x0000000002004c80                _impure_ptr
 .sdata         0x0000000002004c84        0x8 C:/Users/Class2018/Documents/Projects/Crypto_wallet/impl/nios_proj_bsp/\libhal_bsp.a(alt_tick.o)
                0x0000000002004c84                alt_alarm_list
 .sdata         0x0000000002004c8c       0x14 C:/Users/Class2018/Documents/Projects/Crypto_wallet/impl/nios_proj_bsp/\libhal_bsp.a(alt_dev.o)
                0x0000000002004c8c                alt_fs_list
                0x0000000002004c94                alt_dev_list
                0x0000000002004c9c                alt_max_fd
 .sdata         0x0000000002004ca0        0x4 C:/Users/Class2018/Documents/Projects/Crypto_wallet/impl/nios_proj_bsp/\libhal_bsp.a(alt_errno.o)
                0x0000000002004ca0                alt_errno
 .sdata         0x0000000002004ca4        0x4 C:/Users/Class2018/Documents/Projects/Crypto_wallet/impl/nios_proj_bsp/\libhal_bsp.a(alt_irq_vars.o)
                0x0000000002004ca4                alt_priority_mask
 *(.sdata2 .sdata2.* .gnu.linkonce.s2.*)
                0x0000000002004ca8                . = ALIGN (0x4)
                0x0000000002004ca8                _edata = ABSOLUTE (.)
                [!provide]                        PROVIDE (edata, ABSOLUTE (.))
                0x0000000002004ca8                PROVIDE (__ram_rwdata_end, ABSOLUTE (.))
                0x0000000002004ca8                PROVIDE (__flash_rwdata_start, LOADADDR (.rwdata))

.bss            0x0000000002005fbc      0x13c
                0x0000000002005fbc                __bss_start = ABSOLUTE (.)
                [!provide]                        PROVIDE (__sbss_start, ABSOLUTE (.))
                [!provide]                        PROVIDE (___sbss_start, ABSOLUTE (.))
 *(.dynsbss)
 *(.sbss .sbss.* .gnu.linkonce.sb.*)
 .sbss          0x0000000002005fbc        0x4 obj/default/rand.o
 .sbss._randbits
                0x0000000002005fc0        0x8 c:/intelfpga_lite/18.1/nios2eds/bin/gnu/h-x86_64-mingw32/bin/../lib/gcc/nios2-elf/5.3.0/../../../../../H-x86_64-mingw32/nios2-elf/lib\libsmallc.a(lib_a-rand.o)
 .sbss          0x0000000002005fc8        0x4 c:/intelfpga_lite/18.1/nios2eds/bin/gnu/h-x86_64-mingw32/bin/../lib/gcc/nios2-elf/5.3.0/../../../../../H-x86_64-mingw32/nios2-elf/lib\libsmallc.a(lib_a-int_errno.o)
                0x0000000002005fc8                errno
 .sbss          0x0000000002005fcc       0x10 C:/Users/Class2018/Documents/Projects/Crypto_wallet/impl/nios_proj_bsp/\libhal_bsp.a(alt_gettod.o)
                0x0000000002005fcc                alt_timezone
                0x0000000002005fd4                alt_resettime
 .sbss          0x0000000002005fdc        0xc C:/Users/Class2018/Documents/Projects/Crypto_wallet/impl/nios_proj_bsp/\libhal_bsp.a(alt_main.o)
                0x0000000002005fdc                alt_argc
                0x0000000002005fe0                alt_argv
                0x0000000002005fe4                alt_envp
 .sbss          0x0000000002005fe8        0x8 C:/Users/Class2018/Documents/Projects/Crypto_wallet/impl/nios_proj_bsp/\libhal_bsp.a(alt_tick.o)
                0x0000000002005fe8                _alt_tick_rate
                0x0000000002005fec                _alt_nticks
 .sbss          0x0000000002005ff0        0x4 C:/Users/Class2018/Documents/Projects/Crypto_wallet/impl/nios_proj_bsp/\libhal_bsp.a(alt_irq_vars.o)
                0x0000000002005ff0                alt_irq_active
 .sbss          0x0000000002005ff4        0x4 C:/Users/Class2018/Documents/Projects/Crypto_wallet/impl/nios_proj_bsp/\libhal_bsp.a(alt_instruction_exception_entry.o)
                0x0000000002005ff4                alt_instruction_exception_handler
 *(.sbss2 .sbss2.* .gnu.linkonce.sb2.*)
 *(.scommon)
                [!provide]                        PROVIDE (__sbss_end, ABSOLUTE (.))
                [!provide]                        PROVIDE (___sbss_end, ABSOLUTE (.))
 *(.dynbss)
 *(.bss .bss.* .gnu.linkonce.b.*)
 .bss           0x0000000002005ff8        0x0 C:/Users/Class2018/Documents/Projects/Crypto_wallet/impl/nios_proj_bsp//obj/HAL/src/crt0.o
 .bss           0x0000000002005ff8        0x0 obj/default/rand.o
 .bss           0x0000000002005ff8        0x0 obj/default/wallet_main.o
 .bss           0x0000000002005ff8        0x0 c:/intelfpga_lite/18.1/nios2eds/bin/gnu/h-x86_64-mingw32/bin/../lib/gcc/nios2-elf/5.3.0/../../../../../H-x86_64-mingw32/nios2-elf/lib\libsmallc.a(lib_a-printf.o)
 .bss           0x0000000002005ff8        0x0 c:/intelfpga_lite/18.1/nios2eds/bin/gnu/h-x86_64-mingw32/bin/../lib/gcc/nios2-elf/5.3.0/../../../../../H-x86_64-mingw32/nios2-elf/lib\libsmallc.a(lib_a-puts.o)
 .bss           0x0000000002005ff8        0x0 c:/intelfpga_lite/18.1/nios2eds/bin/gnu/h-x86_64-mingw32/bin/../lib/gcc/nios2-elf/5.3.0/../../../../../H-x86_64-mingw32/nios2-elf/lib\libsmallc.a(lib_a-rand.o)
 .bss           0x0000000002005ff8        0x0 c:/intelfpga_lite/18.1/nios2eds/bin/gnu/h-x86_64-mingw32/bin/../lib/gcc/nios2-elf/5.3.0/../../../../../H-x86_64-mingw32/nios2-elf/lib\libsmallc.a(lib_a-strlen.o)
 .bss           0x0000000002005ff8        0x0 c:/intelfpga_lite/18.1/nios2eds/bin/gnu/h-x86_64-mingw32/bin/../lib/gcc/nios2-elf/5.3.0/../../../../../H-x86_64-mingw32/nios2-elf/lib\libsmallc.a(lib_a-time.o)
 .bss           0x0000000002005ff8        0x0 c:/intelfpga_lite/18.1/nios2eds/bin/gnu/h-x86_64-mingw32/bin/../lib/gcc/nios2-elf/5.3.0/../../../../../H-x86_64-mingw32/nios2-elf/lib\libsmallc.a(lib_a-vfprintf.o)
 .bss           0x0000000002005ff8        0x0 c:/intelfpga_lite/18.1/nios2eds/bin/gnu/h-x86_64-mingw32/bin/../lib/gcc/nios2-elf/5.3.0/../../../../../H-x86_64-mingw32/nios2-elf/lib\libsmallc.a(lib_a-fvwrite_small_dev.o)
 .bss           0x0000000002005ff8        0x0 c:/intelfpga_lite/18.1/nios2eds/bin/gnu/h-x86_64-mingw32/bin/../lib/gcc/nios2-elf/5.3.0/../../../../../H-x86_64-mingw32/nios2-elf/lib\libsmallc.a(lib_a-gettimeofdayr.o)
 .bss           0x0000000002005ff8        0x0 c:/intelfpga_lite/18.1/nios2eds/bin/gnu/h-x86_64-mingw32/bin/../lib/gcc/nios2-elf/5.3.0/../../../../../H-x86_64-mingw32/nios2-elf/lib\libsmallc.a(lib_a-impure.o)
 .bss           0x0000000002005ff8        0x0 c:/intelfpga_lite/18.1/nios2eds/bin/gnu/h-x86_64-mingw32/bin/../lib/gcc/nios2-elf/5.3.0/../../../../../H-x86_64-mingw32/nios2-elf/lib\libsmallc.a(lib_a-int_errno.o)
 .bss           0x0000000002005ff8        0x0 c:/intelfpga_lite/18.1/nios2eds/bin/gnu/h-x86_64-mingw32/bin/../lib/gcc/nios2-elf/5.3.0/../../../../../H-x86_64-mingw32/nios2-elf/lib\libsmallc.a(lib_a-writer.o)
 .bss           0x0000000002005ff8        0x0 c:/intelfpga_lite/18.1/nios2eds/bin/gnu/h-x86_64-mingw32/bin/../lib/gcc/nios2-elf/5.3.0\libgcc.a(_muldi3.o)
 .bss           0x0000000002005ff8        0x0 c:/intelfpga_lite/18.1/nios2eds/bin/gnu/h-x86_64-mingw32/bin/../lib/gcc/nios2-elf/5.3.0\libgcc.a(lib2-divmod.o)
 .bss           0x0000000002005ff8        0x0 C:/Users/Class2018/Documents/Projects/Crypto_wallet/impl/nios_proj_bsp/\libhal_bsp.a(alt_gettod.o)
 .bss           0x0000000002005ff8        0x0 C:/Users/Class2018/Documents/Projects/Crypto_wallet/impl/nios_proj_bsp/\libhal_bsp.a(alt_load.o)
 .bss           0x0000000002005ff8        0x0 C:/Users/Class2018/Documents/Projects/Crypto_wallet/impl/nios_proj_bsp/\libhal_bsp.a(alt_main.o)
 .bss           0x0000000002005ff8        0x0 C:/Users/Class2018/Documents/Projects/Crypto_wallet/impl/nios_proj_bsp/\libhal_bsp.a(alt_tick.o)
 .bss           0x0000000002005ff8        0x0 C:/Users/Class2018/Documents/Projects/Crypto_wallet/impl/nios_proj_bsp/\libhal_bsp.a(alt_write.o)
 .bss           0x0000000002005ff8        0x0 C:/Users/Class2018/Documents/Projects/Crypto_wallet/impl/nios_proj_bsp/\libhal_bsp.a(alt_sys_init.o)
 .bss           0x0000000002005ff8        0x0 C:/Users/Class2018/Documents/Projects/Crypto_wallet/impl/nios_proj_bsp/\libhal_bsp.a(altera_avalon_jtag_uart_fd.o)
 .bss           0x0000000002005ff8        0x0 C:/Users/Class2018/Documents/Projects/Crypto_wallet/impl/nios_proj_bsp/\libhal_bsp.a(altera_avalon_jtag_uart_init.o)
 .bss           0x0000000002005ff8        0x0 C:/Users/Class2018/Documents/Projects/Crypto_wallet/impl/nios_proj_bsp/\libhal_bsp.a(altera_avalon_jtag_uart_ioctl.o)
 .bss           0x0000000002005ff8        0x0 C:/Users/Class2018/Documents/Projects/Crypto_wallet/impl/nios_proj_bsp/\libhal_bsp.a(altera_avalon_jtag_uart_read.o)
 .bss           0x0000000002005ff8        0x0 C:/Users/Class2018/Documents/Projects/Crypto_wallet/impl/nios_proj_bsp/\libhal_bsp.a(altera_avalon_jtag_uart_write.o)
 .bss           0x0000000002005ff8        0x0 C:/Users/Class2018/Documents/Projects/Crypto_wallet/impl/nios_proj_bsp/\libhal_bsp.a(alt_alarm_start.o)
 .bss           0x0000000002005ff8        0x0 C:/Users/Class2018/Documents/Projects/Crypto_wallet/impl/nios_proj_bsp/\libhal_bsp.a(alt_close.o)
 .bss           0x0000000002005ff8        0x0 C:/Users/Class2018/Documents/Projects/Crypto_wallet/impl/nios_proj_bsp/\libhal_bsp.a(alt_dcache_flush_all.o)
 .bss           0x0000000002005ff8        0x0 C:/Users/Class2018/Documents/Projects/Crypto_wallet/impl/nios_proj_bsp/\libhal_bsp.a(alt_dev.o)
 .bss           0x0000000002005ff8        0x0 C:/Users/Class2018/Documents/Projects/Crypto_wallet/impl/nios_proj_bsp/\libhal_bsp.a(alt_dev_llist_insert.o)
 .bss           0x0000000002005ff8        0x0 C:/Users/Class2018/Documents/Projects/Crypto_wallet/impl/nios_proj_bsp/\libhal_bsp.a(alt_do_ctors.o)
 .bss           0x0000000002005ff8        0x0 C:/Users/Class2018/Documents/Projects/Crypto_wallet/impl/nios_proj_bsp/\libhal_bsp.a(alt_do_dtors.o)
 .bss           0x0000000002005ff8        0x0 C:/Users/Class2018/Documents/Projects/Crypto_wallet/impl/nios_proj_bsp/\libhal_bsp.a(alt_errno.o)
 .bss           0x0000000002005ff8        0x0 C:/Users/Class2018/Documents/Projects/Crypto_wallet/impl/nios_proj_bsp/\libhal_bsp.a(alt_icache_flush_all.o)
 .bss           0x0000000002005ff8        0x0 C:/Users/Class2018/Documents/Projects/Crypto_wallet/impl/nios_proj_bsp/\libhal_bsp.a(alt_iic.o)
 .bss           0x0000000002005ff8        0x0 C:/Users/Class2018/Documents/Projects/Crypto_wallet/impl/nios_proj_bsp/\libhal_bsp.a(alt_iic_isr_register.o)
 .bss           0x0000000002005ff8        0x0 C:/Users/Class2018/Documents/Projects/Crypto_wallet/impl/nios_proj_bsp/\libhal_bsp.a(alt_io_redirect.o)
 .bss           0x0000000002005ff8        0x0 C:/Users/Class2018/Documents/Projects/Crypto_wallet/impl/nios_proj_bsp/\libhal_bsp.a(alt_irq_entry.o)
 .bss           0x0000000002005ff8        0x0 C:/Users/Class2018/Documents/Projects/Crypto_wallet/impl/nios_proj_bsp/\libhal_bsp.a(alt_irq_handler.o)
 .bss           0x0000000002005ff8        0x0 C:/Users/Class2018/Documents/Projects/Crypto_wallet/impl/nios_proj_bsp/\libhal_bsp.a(alt_irq_vars.o)
 .bss           0x0000000002005ff8        0x0 C:/Users/Class2018/Documents/Projects/Crypto_wallet/impl/nios_proj_bsp/\libhal_bsp.a(alt_open.o)
 .bss           0x0000000002005ff8        0x0 C:/Users/Class2018/Documents/Projects/Crypto_wallet/impl/nios_proj_bsp/\libhal_bsp.a(alt_release_fd.o)
 .bss           0x0000000002005ff8        0x0 C:/Users/Class2018/Documents/Projects/Crypto_wallet/impl/nios_proj_bsp/\libhal_bsp.a(altera_nios2_gen2_irq.o)
 .bss           0x0000000002005ff8        0x0 C:/Users/Class2018/Documents/Projects/Crypto_wallet/impl/nios_proj_bsp/\libhal_bsp.a(alt_exception_entry.o)
 .bss           0x0000000002005ff8        0x0 C:/Users/Class2018/Documents/Projects/Crypto_wallet/impl/nios_proj_bsp/\libhal_bsp.a(alt_find_dev.o)
 .bss           0x0000000002005ff8        0x0 C:/Users/Class2018/Documents/Projects/Crypto_wallet/impl/nios_proj_bsp/\libhal_bsp.a(alt_find_file.o)
 .bss           0x0000000002005ff8        0x0 C:/Users/Class2018/Documents/Projects/Crypto_wallet/impl/nios_proj_bsp/\libhal_bsp.a(alt_get_fd.o)
 .bss           0x0000000002005ff8        0x0 C:/Users/Class2018/Documents/Projects/Crypto_wallet/impl/nios_proj_bsp/\libhal_bsp.a(alt_icache_flush.o)
 .bss           0x0000000002005ff8        0x0 C:/Users/Class2018/Documents/Projects/Crypto_wallet/impl/nios_proj_bsp/\libhal_bsp.a(alt_instruction_exception_entry.o)
 .bss           0x0000000002005ff8        0x0 c:/intelfpga_lite/18.1/nios2eds/bin/gnu/h-x86_64-mingw32/bin/../lib/gcc/nios2-elf/5.3.0/../../../../../H-x86_64-mingw32/nios2-elf/lib\libsmallc.a(lib_a-atexit.o)
 .bss           0x0000000002005ff8        0x0 c:/intelfpga_lite/18.1/nios2eds/bin/gnu/h-x86_64-mingw32/bin/../lib/gcc/nios2-elf/5.3.0/../../../../../H-x86_64-mingw32/nios2-elf/lib\libsmallc.a(lib_a-exit.o)
 .bss           0x0000000002005ff8        0x0 c:/intelfpga_lite/18.1/nios2eds/bin/gnu/h-x86_64-mingw32/bin/../lib/gcc/nios2-elf/5.3.0/../../../../../H-x86_64-mingw32/nios2-elf/lib\libsmallc.a(lib_a-memcmp.o)
 .bss           0x0000000002005ff8        0x0 c:/intelfpga_lite/18.1/nios2eds/bin/gnu/h-x86_64-mingw32/bin/../lib/gcc/nios2-elf/5.3.0/../../../../../H-x86_64-mingw32/nios2-elf/lib\libsmallc.a(lib_a-memcpy.o)
 .bss           0x0000000002005ff8        0x0 c:/intelfpga_lite/18.1/nios2eds/bin/gnu/h-x86_64-mingw32/bin/../lib/gcc/nios2-elf/5.3.0/../../../../../H-x86_64-mingw32/nios2-elf/lib\libsmallc.a(lib_a-__atexit.o)
 .bss           0x0000000002005ff8        0x0 c:/intelfpga_lite/18.1/nios2eds/bin/gnu/h-x86_64-mingw32/bin/../lib/gcc/nios2-elf/5.3.0/../../../../../H-x86_64-mingw32/nios2-elf/lib\libsmallc.a(lib_a-__call_atexit.o)
 .bss           0x0000000002005ff8        0x0 c:/intelfpga_lite/18.1/nios2eds/bin/gnu/h-x86_64-mingw32/bin/../lib/gcc/nios2-elf/5.3.0\libgcc.a(_umoddi3.o)
 .bss           0x0000000002005ff8        0x0 c:/intelfpga_lite/18.1/nios2eds/bin/gnu/h-x86_64-mingw32/bin/../lib/gcc/nios2-elf/5.3.0\libgcc.a(_clz.o)
 .bss           0x0000000002005ff8        0x0 C:/Users/Class2018/Documents/Projects/Crypto_wallet/impl/nios_proj_bsp/\libhal_bsp.a(alt_exit.o)
 *(COMMON)
 COMMON         0x0000000002005ff8      0x100 C:/Users/Class2018/Documents/Projects/Crypto_wallet/impl/nios_proj_bsp/\libhal_bsp.a(alt_irq_handler.o)
                0x0000000002005ff8                alt_irq
                0x00000000020060f8                . = ALIGN (0x4)
                0x00000000020060f8                __bss_end = ABSOLUTE (.)

.sdram          0x00000000020060f8        0x0
                [!provide]                        PROVIDE (_alt_partition_sdram_start, ABSOLUTE (.))
 *(.sdram .sdram. sdram.*)
                0x00000000020060f8                . = ALIGN (0x4)
                [!provide]                        PROVIDE (_alt_partition_sdram_end, ABSOLUTE (.))
                0x00000000020060f8                _end = ABSOLUTE (.)
                0x00000000020060f8                end = ABSOLUTE (.)
                0x00000000020060f8                __alt_stack_base = ABSOLUTE (.)
                [!provide]                        PROVIDE (_alt_partition_sdram_load_addr, LOADADDR (.sdram))

.onchip_memory2
                0x0000000004008000        0x0 load address 0x00000000020060f8
                [!provide]                        PROVIDE (_alt_partition_onchip_memory2_start, ABSOLUTE (.))
 *(.onchip_memory2 .onchip_memory2. onchip_memory2.*)
                0x0000000004008000                . = ALIGN (0x4)
                [!provide]                        PROVIDE (_alt_partition_onchip_memory2_end, ABSOLUTE (.))
                [!provide]                        PROVIDE (_alt_partition_onchip_memory2_load_addr, LOADADDR (.onchip_memory2))

.stab
 *(.stab)

.stabstr
 *(.stabstr)

.stab.excl
 *(.stab.excl)

.stab.exclstr
 *(.stab.exclstr)

.stab.index
 *(.stab.index)

.stab.indexstr
 *(.stab.indexstr)

.comment        0x0000000000000000       0x23
 *(.comment)
 .comment       0x0000000000000000       0x23 obj/default/rand.o
                                         0x24 (size before relaxing)
 .comment       0x0000000000000023       0x24 obj/default/wallet_main.o
 .comment       0x0000000000000023       0x24 c:/intelfpga_lite/18.1/nios2eds/bin/gnu/h-x86_64-mingw32/bin/../lib/gcc/nios2-elf/5.3.0/../../../../../H-x86_64-mingw32/nios2-elf/lib\libsmallc.a(lib_a-printf.o)
 .comment       0x0000000000000023       0x24 c:/intelfpga_lite/18.1/nios2eds/bin/gnu/h-x86_64-mingw32/bin/../lib/gcc/nios2-elf/5.3.0/../../../../../H-x86_64-mingw32/nios2-elf/lib\libsmallc.a(lib_a-puts.o)
 .comment       0x0000000000000023       0x24 c:/intelfpga_lite/18.1/nios2eds/bin/gnu/h-x86_64-mingw32/bin/../lib/gcc/nios2-elf/5.3.0/../../../../../H-x86_64-mingw32/nios2-elf/lib\libsmallc.a(lib_a-rand.o)
 .comment       0x0000000000000023       0x24 c:/intelfpga_lite/18.1/nios2eds/bin/gnu/h-x86_64-mingw32/bin/../lib/gcc/nios2-elf/5.3.0/../../../../../H-x86_64-mingw32/nios2-elf/lib\libsmallc.a(lib_a-strlen.o)
 .comment       0x0000000000000023       0x24 c:/intelfpga_lite/18.1/nios2eds/bin/gnu/h-x86_64-mingw32/bin/../lib/gcc/nios2-elf/5.3.0/../../../../../H-x86_64-mingw32/nios2-elf/lib\libsmallc.a(lib_a-time.o)
 .comment       0x0000000000000023       0x24 c:/intelfpga_lite/18.1/nios2eds/bin/gnu/h-x86_64-mingw32/bin/../lib/gcc/nios2-elf/5.3.0/../../../../../H-x86_64-mingw32/nios2-elf/lib\libsmallc.a(lib_a-vfprintf.o)
 .comment       0x0000000000000023       0x24 c:/intelfpga_lite/18.1/nios2eds/bin/gnu/h-x86_64-mingw32/bin/../lib/gcc/nios2-elf/5.3.0/../../../../../H-x86_64-mingw32/nios2-elf/lib\libsmallc.a(lib_a-fvwrite_small_dev.o)
 .comment       0x0000000000000023       0x24 c:/intelfpga_lite/18.1/nios2eds/bin/gnu/h-x86_64-mingw32/bin/../lib/gcc/nios2-elf/5.3.0/../../../../../H-x86_64-mingw32/nios2-elf/lib\libsmallc.a(lib_a-gettimeofdayr.o)
 .comment       0x0000000000000023       0x24 c:/intelfpga_lite/18.1/nios2eds/bin/gnu/h-x86_64-mingw32/bin/../lib/gcc/nios2-elf/5.3.0/../../../../../H-x86_64-mingw32/nios2-elf/lib\libsmallc.a(lib_a-impure.o)
 .comment       0x0000000000000023       0x24 c:/intelfpga_lite/18.1/nios2eds/bin/gnu/h-x86_64-mingw32/bin/../lib/gcc/nios2-elf/5.3.0/../../../../../H-x86_64-mingw32/nios2-elf/lib\libsmallc.a(lib_a-int_errno.o)
 .comment       0x0000000000000023       0x24 c:/intelfpga_lite/18.1/nios2eds/bin/gnu/h-x86_64-mingw32/bin/../lib/gcc/nios2-elf/5.3.0/../../../../../H-x86_64-mingw32/nios2-elf/lib\libsmallc.a(lib_a-writer.o)
 .comment       0x0000000000000023       0x24 c:/intelfpga_lite/18.1/nios2eds/bin/gnu/h-x86_64-mingw32/bin/../lib/gcc/nios2-elf/5.3.0\libgcc.a(_muldi3.o)
 .comment       0x0000000000000023       0x24 c:/intelfpga_lite/18.1/nios2eds/bin/gnu/h-x86_64-mingw32/bin/../lib/gcc/nios2-elf/5.3.0\libgcc.a(lib2-divmod.o)
 .comment       0x0000000000000023       0x24 C:/Users/Class2018/Documents/Projects/Crypto_wallet/impl/nios_proj_bsp/\libhal_bsp.a(alt_gettod.o)
 .comment       0x0000000000000023       0x24 C:/Users/Class2018/Documents/Projects/Crypto_wallet/impl/nios_proj_bsp/\libhal_bsp.a(alt_load.o)
 .comment       0x0000000000000023       0x24 C:/Users/Class2018/Documents/Projects/Crypto_wallet/impl/nios_proj_bsp/\libhal_bsp.a(alt_main.o)
 .comment       0x0000000000000023       0x24 C:/Users/Class2018/Documents/Projects/Crypto_wallet/impl/nios_proj_bsp/\libhal_bsp.a(alt_tick.o)
 .comment       0x0000000000000023       0x24 C:/Users/Class2018/Documents/Projects/Crypto_wallet/impl/nios_proj_bsp/\libhal_bsp.a(alt_write.o)
 .comment       0x0000000000000023       0x24 C:/Users/Class2018/Documents/Projects/Crypto_wallet/impl/nios_proj_bsp/\libhal_bsp.a(alt_sys_init.o)
 .comment       0x0000000000000023       0x24 C:/Users/Class2018/Documents/Projects/Crypto_wallet/impl/nios_proj_bsp/\libhal_bsp.a(altera_avalon_jtag_uart_fd.o)
 .comment       0x0000000000000023       0x24 C:/Users/Class2018/Documents/Projects/Crypto_wallet/impl/nios_proj_bsp/\libhal_bsp.a(altera_avalon_jtag_uart_init.o)
 .comment       0x0000000000000023       0x24 C:/Users/Class2018/Documents/Projects/Crypto_wallet/impl/nios_proj_bsp/\libhal_bsp.a(altera_avalon_jtag_uart_ioctl.o)
 .comment       0x0000000000000023       0x24 C:/Users/Class2018/Documents/Projects/Crypto_wallet/impl/nios_proj_bsp/\libhal_bsp.a(altera_avalon_jtag_uart_read.o)
 .comment       0x0000000000000023       0x24 C:/Users/Class2018/Documents/Projects/Crypto_wallet/impl/nios_proj_bsp/\libhal_bsp.a(altera_avalon_jtag_uart_write.o)
 .comment       0x0000000000000023       0x24 C:/Users/Class2018/Documents/Projects/Crypto_wallet/impl/nios_proj_bsp/\libhal_bsp.a(alt_alarm_start.o)
 .comment       0x0000000000000023       0x24 C:/Users/Class2018/Documents/Projects/Crypto_wallet/impl/nios_proj_bsp/\libhal_bsp.a(alt_close.o)
 .comment       0x0000000000000023       0x24 C:/Users/Class2018/Documents/Projects/Crypto_wallet/impl/nios_proj_bsp/\libhal_bsp.a(alt_dcache_flush_all.o)
 .comment       0x0000000000000023       0x24 C:/Users/Class2018/Documents/Projects/Crypto_wallet/impl/nios_proj_bsp/\libhal_bsp.a(alt_dev.o)
 .comment       0x0000000000000023       0x24 C:/Users/Class2018/Documents/Projects/Crypto_wallet/impl/nios_proj_bsp/\libhal_bsp.a(alt_dev_llist_insert.o)
 .comment       0x0000000000000023       0x24 C:/Users/Class2018/Documents/Projects/Crypto_wallet/impl/nios_proj_bsp/\libhal_bsp.a(alt_do_ctors.o)
 .comment       0x0000000000000023       0x24 C:/Users/Class2018/Documents/Projects/Crypto_wallet/impl/nios_proj_bsp/\libhal_bsp.a(alt_do_dtors.o)
 .comment       0x0000000000000023       0x24 C:/Users/Class2018/Documents/Projects/Crypto_wallet/impl/nios_proj_bsp/\libhal_bsp.a(alt_errno.o)
 .comment       0x0000000000000023       0x24 C:/Users/Class2018/Documents/Projects/Crypto_wallet/impl/nios_proj_bsp/\libhal_bsp.a(alt_icache_flush_all.o)
 .comment       0x0000000000000023       0x24 C:/Users/Class2018/Documents/Projects/Crypto_wallet/impl/nios_proj_bsp/\libhal_bsp.a(alt_iic.o)
 .comment       0x0000000000000023       0x24 C:/Users/Class2018/Documents/Projects/Crypto_wallet/impl/nios_proj_bsp/\libhal_bsp.a(alt_iic_isr_register.o)
 .comment       0x0000000000000023       0x24 C:/Users/Class2018/Documents/Projects/Crypto_wallet/impl/nios_proj_bsp/\libhal_bsp.a(alt_io_redirect.o)
 .comment       0x0000000000000023       0x24 C:/Users/Class2018/Documents/Projects/Crypto_wallet/impl/nios_proj_bsp/\libhal_bsp.a(alt_irq_handler.o)
 .comment       0x0000000000000023       0x24 C:/Users/Class2018/Documents/Projects/Crypto_wallet/impl/nios_proj_bsp/\libhal_bsp.a(alt_irq_vars.o)
 .comment       0x0000000000000023       0x24 C:/Users/Class2018/Documents/Projects/Crypto_wallet/impl/nios_proj_bsp/\libhal_bsp.a(alt_open.o)
 .comment       0x0000000000000023       0x24 C:/Users/Class2018/Documents/Projects/Crypto_wallet/impl/nios_proj_bsp/\libhal_bsp.a(alt_release_fd.o)
 .comment       0x0000000000000023       0x24 C:/Users/Class2018/Documents/Projects/Crypto_wallet/impl/nios_proj_bsp/\libhal_bsp.a(altera_nios2_gen2_irq.o)
 .comment       0x0000000000000023       0x24 C:/Users/Class2018/Documents/Projects/Crypto_wallet/impl/nios_proj_bsp/\libhal_bsp.a(alt_find_dev.o)
 .comment       0x0000000000000023       0x24 C:/Users/Class2018/Documents/Projects/Crypto_wallet/impl/nios_proj_bsp/\libhal_bsp.a(alt_find_file.o)
 .comment       0x0000000000000023       0x24 C:/Users/Class2018/Documents/Projects/Crypto_wallet/impl/nios_proj_bsp/\libhal_bsp.a(alt_get_fd.o)
 .comment       0x0000000000000023       0x24 C:/Users/Class2018/Documents/Projects/Crypto_wallet/impl/nios_proj_bsp/\libhal_bsp.a(alt_icache_flush.o)
 .comment       0x0000000000000023       0x24 C:/Users/Class2018/Documents/Projects/Crypto_wallet/impl/nios_proj_bsp/\libhal_bsp.a(alt_instruction_exception_entry.o)
 .comment       0x0000000000000023       0x24 c:/intelfpga_lite/18.1/nios2eds/bin/gnu/h-x86_64-mingw32/bin/../lib/gcc/nios2-elf/5.3.0/../../../../../H-x86_64-mingw32/nios2-elf/lib\libsmallc.a(lib_a-atexit.o)
 .comment       0x0000000000000023       0x24 c:/intelfpga_lite/18.1/nios2eds/bin/gnu/h-x86_64-mingw32/bin/../lib/gcc/nios2-elf/5.3.0/../../../../../H-x86_64-mingw32/nios2-elf/lib\libsmallc.a(lib_a-exit.o)
 .comment       0x0000000000000023       0x24 c:/intelfpga_lite/18.1/nios2eds/bin/gnu/h-x86_64-mingw32/bin/../lib/gcc/nios2-elf/5.3.0/../../../../../H-x86_64-mingw32/nios2-elf/lib\libsmallc.a(lib_a-memcmp.o)
 .comment       0x0000000000000023       0x24 c:/intelfpga_lite/18.1/nios2eds/bin/gnu/h-x86_64-mingw32/bin/../lib/gcc/nios2-elf/5.3.0/../../../../../H-x86_64-mingw32/nios2-elf/lib\libsmallc.a(lib_a-memcpy.o)
 .comment       0x0000000000000023       0x24 c:/intelfpga_lite/18.1/nios2eds/bin/gnu/h-x86_64-mingw32/bin/../lib/gcc/nios2-elf/5.3.0/../../../../../H-x86_64-mingw32/nios2-elf/lib\libsmallc.a(lib_a-__atexit.o)
 .comment       0x0000000000000023       0x24 c:/intelfpga_lite/18.1/nios2eds/bin/gnu/h-x86_64-mingw32/bin/../lib/gcc/nios2-elf/5.3.0/../../../../../H-x86_64-mingw32/nios2-elf/lib\libsmallc.a(lib_a-__call_atexit.o)
 .comment       0x0000000000000023       0x24 c:/intelfpga_lite/18.1/nios2eds/bin/gnu/h-x86_64-mingw32/bin/../lib/gcc/nios2-elf/5.3.0\libgcc.a(_umoddi3.o)
 .comment       0x0000000000000023       0x24 c:/intelfpga_lite/18.1/nios2eds/bin/gnu/h-x86_64-mingw32/bin/../lib/gcc/nios2-elf/5.3.0\libgcc.a(_clz.o)
 .comment       0x0000000000000023       0x24 C:/Users/Class2018/Documents/Projects/Crypto_wallet/impl/nios_proj_bsp/\libhal_bsp.a(alt_exit.o)

.debug
 *(.debug)

.line
 *(.line)

.debug_srcinfo
 *(.debug_srcinfo)

.debug_sfnames
 *(.debug_sfnames)

.debug_aranges  0x0000000000000000      0x7b8
 *(.debug_aranges)
 .debug_aranges
                0x0000000000000000       0x28 C:/Users/Class2018/Documents/Projects/Crypto_wallet/impl/nios_proj_bsp//obj/HAL/src/crt0.o
 .debug_aranges
                0x0000000000000028       0x20 obj/default/rand.o
 .debug_aranges
                0x0000000000000048       0x20 obj/default/wallet_main.o
 .debug_aranges
                0x0000000000000068       0x28 c:/intelfpga_lite/18.1/nios2eds/bin/gnu/h-x86_64-mingw32/bin/../lib/gcc/nios2-elf/5.3.0/../../../../../H-x86_64-mingw32/nios2-elf/lib\libsmallc.a(lib_a-printf.o)
 .debug_aranges
                0x0000000000000090       0x28 c:/intelfpga_lite/18.1/nios2eds/bin/gnu/h-x86_64-mingw32/bin/../lib/gcc/nios2-elf/5.3.0/../../../../../H-x86_64-mingw32/nios2-elf/lib\libsmallc.a(lib_a-puts.o)
 .debug_aranges
                0x00000000000000b8       0x28 c:/intelfpga_lite/18.1/nios2eds/bin/gnu/h-x86_64-mingw32/bin/../lib/gcc/nios2-elf/5.3.0/../../../../../H-x86_64-mingw32/nios2-elf/lib\libsmallc.a(lib_a-rand.o)
 .debug_aranges
                0x00000000000000e0       0x20 c:/intelfpga_lite/18.1/nios2eds/bin/gnu/h-x86_64-mingw32/bin/../lib/gcc/nios2-elf/5.3.0/../../../../../H-x86_64-mingw32/nios2-elf/lib\libsmallc.a(lib_a-strlen.o)
 .debug_aranges
                0x0000000000000100       0x20 c:/intelfpga_lite/18.1/nios2eds/bin/gnu/h-x86_64-mingw32/bin/../lib/gcc/nios2-elf/5.3.0/../../../../../H-x86_64-mingw32/nios2-elf/lib\libsmallc.a(lib_a-time.o)
 .debug_aranges
                0x0000000000000120       0x30 c:/intelfpga_lite/18.1/nios2eds/bin/gnu/h-x86_64-mingw32/bin/../lib/gcc/nios2-elf/5.3.0/../../../../../H-x86_64-mingw32/nios2-elf/lib\libsmallc.a(lib_a-vfprintf.o)
 .debug_aranges
                0x0000000000000150       0x20 c:/intelfpga_lite/18.1/nios2eds/bin/gnu/h-x86_64-mingw32/bin/../lib/gcc/nios2-elf/5.3.0/../../../../../H-x86_64-mingw32/nios2-elf/lib\libsmallc.a(lib_a-fvwrite_small_dev.o)
 .debug_aranges
                0x0000000000000170       0x20 c:/intelfpga_lite/18.1/nios2eds/bin/gnu/h-x86_64-mingw32/bin/../lib/gcc/nios2-elf/5.3.0/../../../../../H-x86_64-mingw32/nios2-elf/lib\libsmallc.a(lib_a-gettimeofdayr.o)
 .debug_aranges
                0x0000000000000190       0x18 c:/intelfpga_lite/18.1/nios2eds/bin/gnu/h-x86_64-mingw32/bin/../lib/gcc/nios2-elf/5.3.0/../../../../../H-x86_64-mingw32/nios2-elf/lib\libsmallc.a(lib_a-impure.o)
 .debug_aranges
                0x00000000000001a8       0x18 c:/intelfpga_lite/18.1/nios2eds/bin/gnu/h-x86_64-mingw32/bin/../lib/gcc/nios2-elf/5.3.0/../../../../../H-x86_64-mingw32/nios2-elf/lib\libsmallc.a(lib_a-int_errno.o)
 .debug_aranges
                0x00000000000001c0       0x20 c:/intelfpga_lite/18.1/nios2eds/bin/gnu/h-x86_64-mingw32/bin/../lib/gcc/nios2-elf/5.3.0/../../../../../H-x86_64-mingw32/nios2-elf/lib\libsmallc.a(lib_a-writer.o)
 .debug_aranges
                0x00000000000001e0       0x20 c:/intelfpga_lite/18.1/nios2eds/bin/gnu/h-x86_64-mingw32/bin/../lib/gcc/nios2-elf/5.3.0\libgcc.a(_muldi3.o)
 .debug_aranges
                0x0000000000000200       0x20 c:/intelfpga_lite/18.1/nios2eds/bin/gnu/h-x86_64-mingw32/bin/../lib/gcc/nios2-elf/5.3.0\libgcc.a(lib2-divmod.o)
 .debug_aranges
                0x0000000000000220       0x20 C:/Users/Class2018/Documents/Projects/Crypto_wallet/impl/nios_proj_bsp/\libhal_bsp.a(alt_gettod.o)
 .debug_aranges
                0x0000000000000240       0x20 C:/Users/Class2018/Documents/Projects/Crypto_wallet/impl/nios_proj_bsp/\libhal_bsp.a(alt_load.o)
 .debug_aranges
                0x0000000000000260       0x20 C:/Users/Class2018/Documents/Projects/Crypto_wallet/impl/nios_proj_bsp/\libhal_bsp.a(alt_main.o)
 .debug_aranges
                0x0000000000000280       0x20 C:/Users/Class2018/Documents/Projects/Crypto_wallet/impl/nios_proj_bsp/\libhal_bsp.a(alt_tick.o)
 .debug_aranges
                0x00000000000002a0       0x20 C:/Users/Class2018/Documents/Projects/Crypto_wallet/impl/nios_proj_bsp/\libhal_bsp.a(alt_write.o)
 .debug_aranges
                0x00000000000002c0       0x20 C:/Users/Class2018/Documents/Projects/Crypto_wallet/impl/nios_proj_bsp/\libhal_bsp.a(alt_sys_init.o)
 .debug_aranges
                0x00000000000002e0       0x20 C:/Users/Class2018/Documents/Projects/Crypto_wallet/impl/nios_proj_bsp/\libhal_bsp.a(altera_avalon_jtag_uart_fd.o)
 .debug_aranges
                0x0000000000000300       0x20 C:/Users/Class2018/Documents/Projects/Crypto_wallet/impl/nios_proj_bsp/\libhal_bsp.a(altera_avalon_jtag_uart_init.o)
 .debug_aranges
                0x0000000000000320       0x20 C:/Users/Class2018/Documents/Projects/Crypto_wallet/impl/nios_proj_bsp/\libhal_bsp.a(altera_avalon_jtag_uart_ioctl.o)
 .debug_aranges
                0x0000000000000340       0x20 C:/Users/Class2018/Documents/Projects/Crypto_wallet/impl/nios_proj_bsp/\libhal_bsp.a(altera_avalon_jtag_uart_read.o)
 .debug_aranges
                0x0000000000000360       0x20 C:/Users/Class2018/Documents/Projects/Crypto_wallet/impl/nios_proj_bsp/\libhal_bsp.a(altera_avalon_jtag_uart_write.o)
 .debug_aranges
                0x0000000000000380       0x20 C:/Users/Class2018/Documents/Projects/Crypto_wallet/impl/nios_proj_bsp/\libhal_bsp.a(alt_alarm_start.o)
 .debug_aranges
                0x00000000000003a0       0x20 C:/Users/Class2018/Documents/Projects/Crypto_wallet/impl/nios_proj_bsp/\libhal_bsp.a(alt_close.o)
 .debug_aranges
                0x00000000000003c0       0x20 C:/Users/Class2018/Documents/Projects/Crypto_wallet/impl/nios_proj_bsp/\libhal_bsp.a(alt_dcache_flush_all.o)
 .debug_aranges
                0x00000000000003e0       0x20 C:/Users/Class2018/Documents/Projects/Crypto_wallet/impl/nios_proj_bsp/\libhal_bsp.a(alt_dev.o)
 .debug_aranges
                0x0000000000000400       0x20 C:/Users/Class2018/Documents/Projects/Crypto_wallet/impl/nios_proj_bsp/\libhal_bsp.a(alt_dev_llist_insert.o)
 .debug_aranges
                0x0000000000000420       0x20 C:/Users/Class2018/Documents/Projects/Crypto_wallet/impl/nios_proj_bsp/\libhal_bsp.a(alt_do_ctors.o)
 .debug_aranges
                0x0000000000000440       0x20 C:/Users/Class2018/Documents/Projects/Crypto_wallet/impl/nios_proj_bsp/\libhal_bsp.a(alt_do_dtors.o)
 .debug_aranges
                0x0000000000000460       0x18 C:/Users/Class2018/Documents/Projects/Crypto_wallet/impl/nios_proj_bsp/\libhal_bsp.a(alt_errno.o)
 .debug_aranges
                0x0000000000000478       0x20 C:/Users/Class2018/Documents/Projects/Crypto_wallet/impl/nios_proj_bsp/\libhal_bsp.a(alt_icache_flush_all.o)
 .debug_aranges
                0x0000000000000498       0x20 C:/Users/Class2018/Documents/Projects/Crypto_wallet/impl/nios_proj_bsp/\libhal_bsp.a(alt_iic.o)
 .debug_aranges
                0x00000000000004b8       0x20 C:/Users/Class2018/Documents/Projects/Crypto_wallet/impl/nios_proj_bsp/\libhal_bsp.a(alt_iic_isr_register.o)
 .debug_aranges
                0x00000000000004d8       0x20 C:/Users/Class2018/Documents/Projects/Crypto_wallet/impl/nios_proj_bsp/\libhal_bsp.a(alt_io_redirect.o)
 .debug_aranges
                0x00000000000004f8       0x30 C:/Users/Class2018/Documents/Projects/Crypto_wallet/impl/nios_proj_bsp/\libhal_bsp.a(alt_irq_entry.o)
 .debug_aranges
                0x0000000000000528       0x20 C:/Users/Class2018/Documents/Projects/Crypto_wallet/impl/nios_proj_bsp/\libhal_bsp.a(alt_irq_handler.o)
 .debug_aranges
                0x0000000000000548       0x18 C:/Users/Class2018/Documents/Projects/Crypto_wallet/impl/nios_proj_bsp/\libhal_bsp.a(alt_irq_vars.o)
 .debug_aranges
                0x0000000000000560       0x20 C:/Users/Class2018/Documents/Projects/Crypto_wallet/impl/nios_proj_bsp/\libhal_bsp.a(alt_open.o)
 .debug_aranges
                0x0000000000000580       0x20 C:/Users/Class2018/Documents/Projects/Crypto_wallet/impl/nios_proj_bsp/\libhal_bsp.a(alt_release_fd.o)
 .debug_aranges
                0x00000000000005a0       0x20 C:/Users/Class2018/Documents/Projects/Crypto_wallet/impl/nios_proj_bsp/\libhal_bsp.a(altera_nios2_gen2_irq.o)
 .debug_aranges
                0x00000000000005c0       0x38 C:/Users/Class2018/Documents/Projects/Crypto_wallet/impl/nios_proj_bsp/\libhal_bsp.a(alt_exception_entry.o)
 .debug_aranges
                0x00000000000005f8       0x20 C:/Users/Class2018/Documents/Projects/Crypto_wallet/impl/nios_proj_bsp/\libhal_bsp.a(alt_find_dev.o)
 .debug_aranges
                0x0000000000000618       0x20 C:/Users/Class2018/Documents/Projects/Crypto_wallet/impl/nios_proj_bsp/\libhal_bsp.a(alt_find_file.o)
 .debug_aranges
                0x0000000000000638       0x20 C:/Users/Class2018/Documents/Projects/Crypto_wallet/impl/nios_proj_bsp/\libhal_bsp.a(alt_get_fd.o)
 .debug_aranges
                0x0000000000000658       0x20 C:/Users/Class2018/Documents/Projects/Crypto_wallet/impl/nios_proj_bsp/\libhal_bsp.a(alt_icache_flush.o)
 .debug_aranges
                0x0000000000000678       0x28 C:/Users/Class2018/Documents/Projects/Crypto_wallet/impl/nios_proj_bsp/\libhal_bsp.a(alt_instruction_exception_entry.o)
 .debug_aranges
                0x00000000000006a0       0x20 c:/intelfpga_lite/18.1/nios2eds/bin/gnu/h-x86_64-mingw32/bin/../lib/gcc/nios2-elf/5.3.0/../../../../../H-x86_64-mingw32/nios2-elf/lib\libsmallc.a(lib_a-atexit.o)
 .debug_aranges
                0x00000000000006c0       0x20 c:/intelfpga_lite/18.1/nios2eds/bin/gnu/h-x86_64-mingw32/bin/../lib/gcc/nios2-elf/5.3.0/../../../../../H-x86_64-mingw32/nios2-elf/lib\libsmallc.a(lib_a-exit.o)
 .debug_aranges
                0x00000000000006e0       0x20 c:/intelfpga_lite/18.1/nios2eds/bin/gnu/h-x86_64-mingw32/bin/../lib/gcc/nios2-elf/5.3.0/../../../../../H-x86_64-mingw32/nios2-elf/lib\libsmallc.a(lib_a-memcmp.o)
 .debug_aranges
                0x0000000000000700       0x20 c:/intelfpga_lite/18.1/nios2eds/bin/gnu/h-x86_64-mingw32/bin/../lib/gcc/nios2-elf/5.3.0/../../../../../H-x86_64-mingw32/nios2-elf/lib\libsmallc.a(lib_a-memcpy.o)
 .debug_aranges
                0x0000000000000720       0x20 c:/intelfpga_lite/18.1/nios2eds/bin/gnu/h-x86_64-mingw32/bin/../lib/gcc/nios2-elf/5.3.0/../../../../../H-x86_64-mingw32/nios2-elf/lib\libsmallc.a(lib_a-__atexit.o)
 .debug_aranges
                0x0000000000000740       0x20 c:/intelfpga_lite/18.1/nios2eds/bin/gnu/h-x86_64-mingw32/bin/../lib/gcc/nios2-elf/5.3.0/../../../../../H-x86_64-mingw32/nios2-elf/lib\libsmallc.a(lib_a-__call_atexit.o)
 .debug_aranges
                0x0000000000000760       0x20 c:/intelfpga_lite/18.1/nios2eds/bin/gnu/h-x86_64-mingw32/bin/../lib/gcc/nios2-elf/5.3.0\libgcc.a(_umoddi3.o)
 .debug_aranges
                0x0000000000000780       0x18 c:/intelfpga_lite/18.1/nios2eds/bin/gnu/h-x86_64-mingw32/bin/../lib/gcc/nios2-elf/5.3.0\libgcc.a(_clz.o)
 .debug_aranges
                0x0000000000000798       0x20 C:/Users/Class2018/Documents/Projects/Crypto_wallet/impl/nios_proj_bsp/\libhal_bsp.a(alt_exit.o)

.debug_pubnames
 *(.debug_pubnames)

.debug_info     0x0000000000000000     0xaf9f
 *(.debug_info .gnu.linkonce.wi.*)
 .debug_info    0x0000000000000000       0x7b C:/Users/Class2018/Documents/Projects/Crypto_wallet/impl/nios_proj_bsp//obj/HAL/src/crt0.o
 .debug_info    0x000000000000007b      0x127 obj/default/rand.o
 .debug_info    0x00000000000001a2       0xd7 obj/default/wallet_main.o
 .debug_info    0x0000000000000279      0x699 c:/intelfpga_lite/18.1/nios2eds/bin/gnu/h-x86_64-mingw32/bin/../lib/gcc/nios2-elf/5.3.0/../../../../../H-x86_64-mingw32/nios2-elf/lib\libsmallc.a(lib_a-printf.o)
 .debug_info    0x0000000000000912      0x66d c:/intelfpga_lite/18.1/nios2eds/bin/gnu/h-x86_64-mingw32/bin/../lib/gcc/nios2-elf/5.3.0/../../../../../H-x86_64-mingw32/nios2-elf/lib\libsmallc.a(lib_a-puts.o)
 .debug_info    0x0000000000000f7f      0x5ec c:/intelfpga_lite/18.1/nios2eds/bin/gnu/h-x86_64-mingw32/bin/../lib/gcc/nios2-elf/5.3.0/../../../../../H-x86_64-mingw32/nios2-elf/lib\libsmallc.a(lib_a-rand.o)
 .debug_info    0x000000000000156b       0xc9 c:/intelfpga_lite/18.1/nios2eds/bin/gnu/h-x86_64-mingw32/bin/../lib/gcc/nios2-elf/5.3.0/../../../../../H-x86_64-mingw32/nios2-elf/lib\libsmallc.a(lib_a-strlen.o)
 .debug_info    0x0000000000001634      0x61f c:/intelfpga_lite/18.1/nios2eds/bin/gnu/h-x86_64-mingw32/bin/../lib/gcc/nios2-elf/5.3.0/../../../../../H-x86_64-mingw32/nios2-elf/lib\libsmallc.a(lib_a-time.o)
 .debug_info    0x0000000000001c53      0xb2b c:/intelfpga_lite/18.1/nios2eds/bin/gnu/h-x86_64-mingw32/bin/../lib/gcc/nios2-elf/5.3.0/../../../../../H-x86_64-mingw32/nios2-elf/lib\libsmallc.a(lib_a-vfprintf.o)
 .debug_info    0x000000000000277e      0x62b c:/intelfpga_lite/18.1/nios2eds/bin/gnu/h-x86_64-mingw32/bin/../lib/gcc/nios2-elf/5.3.0/../../../../../H-x86_64-mingw32/nios2-elf/lib\libsmallc.a(lib_a-fvwrite_small_dev.o)
 .debug_info    0x0000000000002da9      0x640 c:/intelfpga_lite/18.1/nios2eds/bin/gnu/h-x86_64-mingw32/bin/../lib/gcc/nios2-elf/5.3.0/../../../../../H-x86_64-mingw32/nios2-elf/lib\libsmallc.a(lib_a-gettimeofdayr.o)
 .debug_info    0x00000000000033e9      0x5a9 c:/intelfpga_lite/18.1/nios2eds/bin/gnu/h-x86_64-mingw32/bin/../lib/gcc/nios2-elf/5.3.0/../../../../../H-x86_64-mingw32/nios2-elf/lib\libsmallc.a(lib_a-impure.o)
 .debug_info    0x0000000000003992       0x8a c:/intelfpga_lite/18.1/nios2eds/bin/gnu/h-x86_64-mingw32/bin/../lib/gcc/nios2-elf/5.3.0/../../../../../H-x86_64-mingw32/nios2-elf/lib\libsmallc.a(lib_a-int_errno.o)
 .debug_info    0x0000000000003a1c      0x630 c:/intelfpga_lite/18.1/nios2eds/bin/gnu/h-x86_64-mingw32/bin/../lib/gcc/nios2-elf/5.3.0/../../../../../H-x86_64-mingw32/nios2-elf/lib\libsmallc.a(lib_a-writer.o)
 .debug_info    0x000000000000404c      0x1eb c:/intelfpga_lite/18.1/nios2eds/bin/gnu/h-x86_64-mingw32/bin/../lib/gcc/nios2-elf/5.3.0\libgcc.a(_muldi3.o)
 .debug_info    0x0000000000004237      0x2c6 c:/intelfpga_lite/18.1/nios2eds/bin/gnu/h-x86_64-mingw32/bin/../lib/gcc/nios2-elf/5.3.0\libgcc.a(lib2-divmod.o)
 .debug_info    0x00000000000044fd      0x1d9 C:/Users/Class2018/Documents/Projects/Crypto_wallet/impl/nios_proj_bsp/\libhal_bsp.a(alt_gettod.o)
 .debug_info    0x00000000000046d6      0x145 C:/Users/Class2018/Documents/Projects/Crypto_wallet/impl/nios_proj_bsp/\libhal_bsp.a(alt_load.o)
 .debug_info    0x000000000000481b      0x131 C:/Users/Class2018/Documents/Projects/Crypto_wallet/impl/nios_proj_bsp/\libhal_bsp.a(alt_main.o)
 .debug_info    0x000000000000494c      0x299 C:/Users/Class2018/Documents/Projects/Crypto_wallet/impl/nios_proj_bsp/\libhal_bsp.a(alt_tick.o)
 .debug_info    0x0000000000004be5      0x4b7 C:/Users/Class2018/Documents/Projects/Crypto_wallet/impl/nios_proj_bsp/\libhal_bsp.a(alt_write.o)
 .debug_info    0x000000000000509c      0x4c3 C:/Users/Class2018/Documents/Projects/Crypto_wallet/impl/nios_proj_bsp/\libhal_bsp.a(alt_sys_init.o)
 .debug_info    0x000000000000555f      0x52e C:/Users/Class2018/Documents/Projects/Crypto_wallet/impl/nios_proj_bsp/\libhal_bsp.a(altera_avalon_jtag_uart_fd.o)
 .debug_info    0x0000000000005a8d      0x3a0 C:/Users/Class2018/Documents/Projects/Crypto_wallet/impl/nios_proj_bsp/\libhal_bsp.a(altera_avalon_jtag_uart_init.o)
 .debug_info    0x0000000000005e2d      0x280 C:/Users/Class2018/Documents/Projects/Crypto_wallet/impl/nios_proj_bsp/\libhal_bsp.a(altera_avalon_jtag_uart_ioctl.o)
 .debug_info    0x00000000000060ad      0x345 C:/Users/Class2018/Documents/Projects/Crypto_wallet/impl/nios_proj_bsp/\libhal_bsp.a(altera_avalon_jtag_uart_read.o)
 .debug_info    0x00000000000063f2      0x340 C:/Users/Class2018/Documents/Projects/Crypto_wallet/impl/nios_proj_bsp/\libhal_bsp.a(altera_avalon_jtag_uart_write.o)
 .debug_info    0x0000000000006732      0x2cc C:/Users/Class2018/Documents/Projects/Crypto_wallet/impl/nios_proj_bsp/\libhal_bsp.a(alt_alarm_start.o)
 .debug_info    0x00000000000069fe      0x321 C:/Users/Class2018/Documents/Projects/Crypto_wallet/impl/nios_proj_bsp/\libhal_bsp.a(alt_close.o)
 .debug_info    0x0000000000006d1f       0xa5 C:/Users/Class2018/Documents/Projects/Crypto_wallet/impl/nios_proj_bsp/\libhal_bsp.a(alt_dcache_flush_all.o)
 .debug_info    0x0000000000006dc4      0x49c C:/Users/Class2018/Documents/Projects/Crypto_wallet/impl/nios_proj_bsp/\libhal_bsp.a(alt_dev.o)
 .debug_info    0x0000000000007260      0x1a9 C:/Users/Class2018/Documents/Projects/Crypto_wallet/impl/nios_proj_bsp/\libhal_bsp.a(alt_dev_llist_insert.o)
 .debug_info    0x0000000000007409       0x83 C:/Users/Class2018/Documents/Projects/Crypto_wallet/impl/nios_proj_bsp/\libhal_bsp.a(alt_do_ctors.o)
 .debug_info    0x000000000000748c       0x83 C:/Users/Class2018/Documents/Projects/Crypto_wallet/impl/nios_proj_bsp/\libhal_bsp.a(alt_do_dtors.o)
 .debug_info    0x000000000000750f       0xa6 C:/Users/Class2018/Documents/Projects/Crypto_wallet/impl/nios_proj_bsp/\libhal_bsp.a(alt_errno.o)
 .debug_info    0x00000000000075b5       0x92 C:/Users/Class2018/Documents/Projects/Crypto_wallet/impl/nios_proj_bsp/\libhal_bsp.a(alt_icache_flush_all.o)
 .debug_info    0x0000000000007647      0x350 C:/Users/Class2018/Documents/Projects/Crypto_wallet/impl/nios_proj_bsp/\libhal_bsp.a(alt_iic.o)
 .debug_info    0x0000000000007997      0x1ef C:/Users/Class2018/Documents/Projects/Crypto_wallet/impl/nios_proj_bsp/\libhal_bsp.a(alt_iic_isr_register.o)
 .debug_info    0x0000000000007b86      0x4a5 C:/Users/Class2018/Documents/Projects/Crypto_wallet/impl/nios_proj_bsp/\libhal_bsp.a(alt_io_redirect.o)
 .debug_info    0x000000000000802b       0x84 C:/Users/Class2018/Documents/Projects/Crypto_wallet/impl/nios_proj_bsp/\libhal_bsp.a(alt_irq_entry.o)
 .debug_info    0x00000000000080af      0x187 C:/Users/Class2018/Documents/Projects/Crypto_wallet/impl/nios_proj_bsp/\libhal_bsp.a(alt_irq_handler.o)
 .debug_info    0x0000000000008236       0x88 C:/Users/Class2018/Documents/Projects/Crypto_wallet/impl/nios_proj_bsp/\libhal_bsp.a(alt_irq_vars.o)
 .debug_info    0x00000000000082be      0x3bb C:/Users/Class2018/Documents/Projects/Crypto_wallet/impl/nios_proj_bsp/\libhal_bsp.a(alt_open.o)
 .debug_info    0x0000000000008679      0x2b0 C:/Users/Class2018/Documents/Projects/Crypto_wallet/impl/nios_proj_bsp/\libhal_bsp.a(alt_release_fd.o)
 .debug_info    0x0000000000008929       0x92 C:/Users/Class2018/Documents/Projects/Crypto_wallet/impl/nios_proj_bsp/\libhal_bsp.a(altera_nios2_gen2_irq.o)
 .debug_info    0x00000000000089bb       0x8a C:/Users/Class2018/Documents/Projects/Crypto_wallet/impl/nios_proj_bsp/\libhal_bsp.a(alt_exception_entry.o)
 .debug_info    0x0000000000008a45      0x2e9 C:/Users/Class2018/Documents/Projects/Crypto_wallet/impl/nios_proj_bsp/\libhal_bsp.a(alt_find_dev.o)
 .debug_info    0x0000000000008d2e      0x2e6 C:/Users/Class2018/Documents/Projects/Crypto_wallet/impl/nios_proj_bsp/\libhal_bsp.a(alt_find_file.o)
 .debug_info    0x0000000000009014      0x310 C:/Users/Class2018/Documents/Projects/Crypto_wallet/impl/nios_proj_bsp/\libhal_bsp.a(alt_get_fd.o)
 .debug_info    0x0000000000009324       0xdc C:/Users/Class2018/Documents/Projects/Crypto_wallet/impl/nios_proj_bsp/\libhal_bsp.a(alt_icache_flush.o)
 .debug_info    0x0000000000009400      0x1e7 C:/Users/Class2018/Documents/Projects/Crypto_wallet/impl/nios_proj_bsp/\libhal_bsp.a(alt_instruction_exception_entry.o)
 .debug_info    0x00000000000095e7       0xfe c:/intelfpga_lite/18.1/nios2eds/bin/gnu/h-x86_64-mingw32/bin/../lib/gcc/nios2-elf/5.3.0/../../../../../H-x86_64-mingw32/nios2-elf/lib\libsmallc.a(lib_a-atexit.o)
 .debug_info    0x00000000000096e5       0xe5 c:/intelfpga_lite/18.1/nios2eds/bin/gnu/h-x86_64-mingw32/bin/../lib/gcc/nios2-elf/5.3.0/../../../../../H-x86_64-mingw32/nios2-elf/lib\libsmallc.a(lib_a-exit.o)
 .debug_info    0x00000000000097ca       0xf4 c:/intelfpga_lite/18.1/nios2eds/bin/gnu/h-x86_64-mingw32/bin/../lib/gcc/nios2-elf/5.3.0/../../../../../H-x86_64-mingw32/nios2-elf/lib\libsmallc.a(lib_a-memcmp.o)
 .debug_info    0x00000000000098be      0x119 c:/intelfpga_lite/18.1/nios2eds/bin/gnu/h-x86_64-mingw32/bin/../lib/gcc/nios2-elf/5.3.0/../../../../../H-x86_64-mingw32/nios2-elf/lib\libsmallc.a(lib_a-memcpy.o)
 .debug_info    0x00000000000099d7      0x64a c:/intelfpga_lite/18.1/nios2eds/bin/gnu/h-x86_64-mingw32/bin/../lib/gcc/nios2-elf/5.3.0/../../../../../H-x86_64-mingw32/nios2-elf/lib\libsmallc.a(lib_a-__atexit.o)
 .debug_info    0x000000000000a021      0x67b c:/intelfpga_lite/18.1/nios2eds/bin/gnu/h-x86_64-mingw32/bin/../lib/gcc/nios2-elf/5.3.0/../../../../../H-x86_64-mingw32/nios2-elf/lib\libsmallc.a(lib_a-__call_atexit.o)
 .debug_info    0x000000000000a69c      0x765 c:/intelfpga_lite/18.1/nios2eds/bin/gnu/h-x86_64-mingw32/bin/../lib/gcc/nios2-elf/5.3.0\libgcc.a(_umoddi3.o)
 .debug_info    0x000000000000ae01       0xb2 c:/intelfpga_lite/18.1/nios2eds/bin/gnu/h-x86_64-mingw32/bin/../lib/gcc/nios2-elf/5.3.0\libgcc.a(_clz.o)
 .debug_info    0x000000000000aeb3       0xec C:/Users/Class2018/Documents/Projects/Crypto_wallet/impl/nios_proj_bsp/\libhal_bsp.a(alt_exit.o)

.debug_abbrev   0x0000000000000000     0x3c90
 *(.debug_abbrev)
 .debug_abbrev  0x0000000000000000       0x12 C:/Users/Class2018/Documents/Projects/Crypto_wallet/impl/nios_proj_bsp//obj/HAL/src/crt0.o
 .debug_abbrev  0x0000000000000012       0xac obj/default/rand.o
 .debug_abbrev  0x00000000000000be       0x5e obj/default/wallet_main.o
 .debug_abbrev  0x000000000000011c      0x1ee c:/intelfpga_lite/18.1/nios2eds/bin/gnu/h-x86_64-mingw32/bin/../lib/gcc/nios2-elf/5.3.0/../../../../../H-x86_64-mingw32/nios2-elf/lib\libsmallc.a(lib_a-printf.o)
 .debug_abbrev  0x000000000000030a      0x1d6 c:/intelfpga_lite/18.1/nios2eds/bin/gnu/h-x86_64-mingw32/bin/../lib/gcc/nios2-elf/5.3.0/../../../../../H-x86_64-mingw32/nios2-elf/lib\libsmallc.a(lib_a-puts.o)
 .debug_abbrev  0x00000000000004e0      0x1a0 c:/intelfpga_lite/18.1/nios2eds/bin/gnu/h-x86_64-mingw32/bin/../lib/gcc/nios2-elf/5.3.0/../../../../../H-x86_64-mingw32/nios2-elf/lib\libsmallc.a(lib_a-rand.o)
 .debug_abbrev  0x0000000000000680       0x7f c:/intelfpga_lite/18.1/nios2eds/bin/gnu/h-x86_64-mingw32/bin/../lib/gcc/nios2-elf/5.3.0/../../../../../H-x86_64-mingw32/nios2-elf/lib\libsmallc.a(lib_a-strlen.o)
 .debug_abbrev  0x00000000000006ff      0x1a1 c:/intelfpga_lite/18.1/nios2eds/bin/gnu/h-x86_64-mingw32/bin/../lib/gcc/nios2-elf/5.3.0/../../../../../H-x86_64-mingw32/nios2-elf/lib\libsmallc.a(lib_a-time.o)
 .debug_abbrev  0x00000000000008a0      0x2a1 c:/intelfpga_lite/18.1/nios2eds/bin/gnu/h-x86_64-mingw32/bin/../lib/gcc/nios2-elf/5.3.0/../../../../../H-x86_64-mingw32/nios2-elf/lib\libsmallc.a(lib_a-vfprintf.o)
 .debug_abbrev  0x0000000000000b41      0x1bc c:/intelfpga_lite/18.1/nios2eds/bin/gnu/h-x86_64-mingw32/bin/../lib/gcc/nios2-elf/5.3.0/../../../../../H-x86_64-mingw32/nios2-elf/lib\libsmallc.a(lib_a-fvwrite_small_dev.o)
 .debug_abbrev  0x0000000000000cfd      0x1b0 c:/intelfpga_lite/18.1/nios2eds/bin/gnu/h-x86_64-mingw32/bin/../lib/gcc/nios2-elf/5.3.0/../../../../../H-x86_64-mingw32/nios2-elf/lib\libsmallc.a(lib_a-gettimeofdayr.o)
 .debug_abbrev  0x0000000000000ead      0x14a c:/intelfpga_lite/18.1/nios2eds/bin/gnu/h-x86_64-mingw32/bin/../lib/gcc/nios2-elf/5.3.0/../../../../../H-x86_64-mingw32/nios2-elf/lib\libsmallc.a(lib_a-impure.o)
 .debug_abbrev  0x0000000000000ff7       0x37 c:/intelfpga_lite/18.1/nios2eds/bin/gnu/h-x86_64-mingw32/bin/../lib/gcc/nios2-elf/5.3.0/../../../../../H-x86_64-mingw32/nios2-elf/lib\libsmallc.a(lib_a-int_errno.o)
 .debug_abbrev  0x000000000000102e      0x1a6 c:/intelfpga_lite/18.1/nios2eds/bin/gnu/h-x86_64-mingw32/bin/../lib/gcc/nios2-elf/5.3.0/../../../../../H-x86_64-mingw32/nios2-elf/lib\libsmallc.a(lib_a-writer.o)
 .debug_abbrev  0x00000000000011d4       0xef c:/intelfpga_lite/18.1/nios2eds/bin/gnu/h-x86_64-mingw32/bin/../lib/gcc/nios2-elf/5.3.0\libgcc.a(_muldi3.o)
 .debug_abbrev  0x00000000000012c3      0x10e c:/intelfpga_lite/18.1/nios2eds/bin/gnu/h-x86_64-mingw32/bin/../lib/gcc/nios2-elf/5.3.0\libgcc.a(lib2-divmod.o)
 .debug_abbrev  0x00000000000013d1       0xf5 C:/Users/Class2018/Documents/Projects/Crypto_wallet/impl/nios_proj_bsp/\libhal_bsp.a(alt_gettod.o)
 .debug_abbrev  0x00000000000014c6       0x9f C:/Users/Class2018/Documents/Projects/Crypto_wallet/impl/nios_proj_bsp/\libhal_bsp.a(alt_load.o)
 .debug_abbrev  0x0000000000001565       0xba C:/Users/Class2018/Documents/Projects/Crypto_wallet/impl/nios_proj_bsp/\libhal_bsp.a(alt_main.o)
 .debug_abbrev  0x000000000000161f      0x15a C:/Users/Class2018/Documents/Projects/Crypto_wallet/impl/nios_proj_bsp/\libhal_bsp.a(alt_tick.o)
 .debug_abbrev  0x0000000000001779      0x133 C:/Users/Class2018/Documents/Projects/Crypto_wallet/impl/nios_proj_bsp/\libhal_bsp.a(alt_write.o)
 .debug_abbrev  0x00000000000018ac      0x187 C:/Users/Class2018/Documents/Projects/Crypto_wallet/impl/nios_proj_bsp/\libhal_bsp.a(alt_sys_init.o)
 .debug_abbrev  0x0000000000001a33      0x127 C:/Users/Class2018/Documents/Projects/Crypto_wallet/impl/nios_proj_bsp/\libhal_bsp.a(altera_avalon_jtag_uart_fd.o)
 .debug_abbrev  0x0000000000001b5a      0x19e C:/Users/Class2018/Documents/Projects/Crypto_wallet/impl/nios_proj_bsp/\libhal_bsp.a(altera_avalon_jtag_uart_init.o)
 .debug_abbrev  0x0000000000001cf8      0x111 C:/Users/Class2018/Documents/Projects/Crypto_wallet/impl/nios_proj_bsp/\libhal_bsp.a(altera_avalon_jtag_uart_ioctl.o)
 .debug_abbrev  0x0000000000001e09      0x1aa C:/Users/Class2018/Documents/Projects/Crypto_wallet/impl/nios_proj_bsp/\libhal_bsp.a(altera_avalon_jtag_uart_read.o)
 .debug_abbrev  0x0000000000001fb3      0x1a8 C:/Users/Class2018/Documents/Projects/Crypto_wallet/impl/nios_proj_bsp/\libhal_bsp.a(altera_avalon_jtag_uart_write.o)
 .debug_abbrev  0x000000000000215b      0x162 C:/Users/Class2018/Documents/Projects/Crypto_wallet/impl/nios_proj_bsp/\libhal_bsp.a(alt_alarm_start.o)
 .debug_abbrev  0x00000000000022bd      0x11f C:/Users/Class2018/Documents/Projects/Crypto_wallet/impl/nios_proj_bsp/\libhal_bsp.a(alt_close.o)
 .debug_abbrev  0x00000000000023dc       0x5a C:/Users/Class2018/Documents/Projects/Crypto_wallet/impl/nios_proj_bsp/\libhal_bsp.a(alt_dcache_flush_all.o)
 .debug_abbrev  0x0000000000002436       0xd9 C:/Users/Class2018/Documents/Projects/Crypto_wallet/impl/nios_proj_bsp/\libhal_bsp.a(alt_dev.o)
 .debug_abbrev  0x000000000000250f      0x114 C:/Users/Class2018/Documents/Projects/Crypto_wallet/impl/nios_proj_bsp/\libhal_bsp.a(alt_dev_llist_insert.o)
 .debug_abbrev  0x0000000000002623       0x79 C:/Users/Class2018/Documents/Projects/Crypto_wallet/impl/nios_proj_bsp/\libhal_bsp.a(alt_do_ctors.o)
 .debug_abbrev  0x000000000000269c       0x79 C:/Users/Class2018/Documents/Projects/Crypto_wallet/impl/nios_proj_bsp/\libhal_bsp.a(alt_do_dtors.o)
 .debug_abbrev  0x0000000000002715       0x5a C:/Users/Class2018/Documents/Projects/Crypto_wallet/impl/nios_proj_bsp/\libhal_bsp.a(alt_errno.o)
 .debug_abbrev  0x000000000000276f       0x42 C:/Users/Class2018/Documents/Projects/Crypto_wallet/impl/nios_proj_bsp/\libhal_bsp.a(alt_icache_flush_all.o)
 .debug_abbrev  0x00000000000027b1      0x163 C:/Users/Class2018/Documents/Projects/Crypto_wallet/impl/nios_proj_bsp/\libhal_bsp.a(alt_iic.o)
 .debug_abbrev  0x0000000000002914      0x169 C:/Users/Class2018/Documents/Projects/Crypto_wallet/impl/nios_proj_bsp/\libhal_bsp.a(alt_iic_isr_register.o)
 .debug_abbrev  0x0000000000002a7d      0x114 C:/Users/Class2018/Documents/Projects/Crypto_wallet/impl/nios_proj_bsp/\libhal_bsp.a(alt_io_redirect.o)
 .debug_abbrev  0x0000000000002b91       0x12 C:/Users/Class2018/Documents/Projects/Crypto_wallet/impl/nios_proj_bsp/\libhal_bsp.a(alt_irq_entry.o)
 .debug_abbrev  0x0000000000002ba3      0x122 C:/Users/Class2018/Documents/Projects/Crypto_wallet/impl/nios_proj_bsp/\libhal_bsp.a(alt_irq_handler.o)
 .debug_abbrev  0x0000000000002cc5       0x40 C:/Users/Class2018/Documents/Projects/Crypto_wallet/impl/nios_proj_bsp/\libhal_bsp.a(alt_irq_vars.o)
 .debug_abbrev  0x0000000000002d05      0x148 C:/Users/Class2018/Documents/Projects/Crypto_wallet/impl/nios_proj_bsp/\libhal_bsp.a(alt_open.o)
 .debug_abbrev  0x0000000000002e4d       0xde C:/Users/Class2018/Documents/Projects/Crypto_wallet/impl/nios_proj_bsp/\libhal_bsp.a(alt_release_fd.o)
 .debug_abbrev  0x0000000000002f2b       0x42 C:/Users/Class2018/Documents/Projects/Crypto_wallet/impl/nios_proj_bsp/\libhal_bsp.a(altera_nios2_gen2_irq.o)
 .debug_abbrev  0x0000000000002f6d       0x12 C:/Users/Class2018/Documents/Projects/Crypto_wallet/impl/nios_proj_bsp/\libhal_bsp.a(alt_exception_entry.o)
 .debug_abbrev  0x0000000000002f7f       0xf0 C:/Users/Class2018/Documents/Projects/Crypto_wallet/impl/nios_proj_bsp/\libhal_bsp.a(alt_find_dev.o)