Archive member included to satisfy reference by file (symbol)

c:/intelfpga_lite/18.1/nios2eds/bin/gnu/h-x86_64-mingw32/bin/../lib/gcc/nios2-elf/5.3.0/mno-hw-mul\libgcc.a(lib2-mul.o)
                              obj/default/bip39.o (__mulsi3)
c:/intelfpga_lite/18.1/nios2eds/bin/gnu/h-x86_64-mingw32/bin/../lib/gcc/nios2-elf/5.3.0/../../../../../H-x86_64-mingw32/nios2-elf/lib/mno-hw-mul\libsmallc.a(lib_a-malloc.o)
                              obj/default/wallet_main.o (malloc)
c:/intelfpga_lite/18.1/nios2eds/bin/gnu/h-x86_64-mingw32/bin/../lib/gcc/nios2-elf/5.3.0/../../../../../H-x86_64-mingw32/nios2-elf/lib/mno-hw-mul\libsmallc.a(lib_a-memcpy.o)
                              obj/default/bip39.o (memcpy)
c:/intelfpga_lite/18.1/nios2eds/bin/gnu/h-x86_64-mingw32/bin/../lib/gcc/nios2-elf/5.3.0/../../../../../H-x86_64-mingw32/nios2-elf/lib/mno-hw-mul\libsmallc.a(lib_a-memset.o)
                              obj/default/hmac.o (memset)
c:/intelfpga_lite/18.1/nios2eds/bin/gnu/h-x86_64-mingw32/bin/../lib/gcc/nios2-elf/5.3.0/../../../../../H-x86_64-mingw32/nios2-elf/lib/mno-hw-mul\libsmallc.a(lib_a-nano-freer.o)
                              c:/intelfpga_lite/18.1/nios2eds/bin/gnu/h-x86_64-mingw32/bin/../lib/gcc/nios2-elf/5.3.0/../../../../../H-x86_64-mingw32/nios2-elf/lib/mno-hw-mul\libsmallc.a(lib_a-malloc.o) (_free_r)
c:/intelfpga_lite/18.1/nios2eds/bin/gnu/h-x86_64-mingw32/bin/../lib/gcc/nios2-elf/5.3.0/../../../../../H-x86_64-mingw32/nios2-elf/lib/mno-hw-mul\libsmallc.a(lib_a-nano-mallocr.o)
                              c:/intelfpga_lite/18.1/nios2eds/bin/gnu/h-x86_64-mingw32/bin/../lib/gcc/nios2-elf/5.3.0/../../../../../H-x86_64-mingw32/nios2-elf/lib/mno-hw-mul\libsmallc.a(lib_a-malloc.o) (_malloc_r)
c:/intelfpga_lite/18.1/nios2eds/bin/gnu/h-x86_64-mingw32/bin/../lib/gcc/nios2-elf/5.3.0/../../../../../H-x86_64-mingw32/nios2-elf/lib/mno-hw-mul\libsmallc.a(lib_a-printf.o)
                              obj/default/wallet_main.o (printf)
c:/intelfpga_lite/18.1/nios2eds/bin/gnu/h-x86_64-mingw32/bin/../lib/gcc/nios2-elf/5.3.0/../../../../../H-x86_64-mingw32/nios2-elf/lib/mno-hw-mul\libsmallc.a(lib_a-putchar.o)
                              obj/default/wallet_main.o (putchar)
c:/intelfpga_lite/18.1/nios2eds/bin/gnu/h-x86_64-mingw32/bin/../lib/gcc/nios2-elf/5.3.0/../../../../../H-x86_64-mingw32/nios2-elf/lib/mno-hw-mul\libsmallc.a(lib_a-puts.o)
                              obj/default/wallet_main.o (puts)
c:/intelfpga_lite/18.1/nios2eds/bin/gnu/h-x86_64-mingw32/bin/../lib/gcc/nios2-elf/5.3.0/../../../../../H-x86_64-mingw32/nios2-elf/lib/mno-hw-mul\libsmallc.a(lib_a-rand.o)
                              obj/default/rand.o (srand)
c:/intelfpga_lite/18.1/nios2eds/bin/gnu/h-x86_64-mingw32/bin/../lib/gcc/nios2-elf/5.3.0/../../../../../H-x86_64-mingw32/nios2-elf/lib/mno-hw-mul\libsmallc.a(lib_a-sbrkr.o)
                              c:/intelfpga_lite/18.1/nios2eds/bin/gnu/h-x86_64-mingw32/bin/../lib/gcc/nios2-elf/5.3.0/../../../../../H-x86_64-mingw32/nios2-elf/lib/mno-hw-mul\libsmallc.a(lib_a-nano-mallocr.o) (_sbrk_r)
c:/intelfpga_lite/18.1/nios2eds/bin/gnu/h-x86_64-mingw32/bin/../lib/gcc/nios2-elf/5.3.0/../../../../../H-x86_64-mingw32/nios2-elf/lib/mno-hw-mul\libsmallc.a(lib_a-strcmp.o)
                              obj/default/bip39.o (strcmp)
c:/intelfpga_lite/18.1/nios2eds/bin/gnu/h-x86_64-mingw32/bin/../lib/gcc/nios2-elf/5.3.0/../../../../../H-x86_64-mingw32/nios2-elf/lib/mno-hw-mul\libsmallc.a(lib_a-strcpy.o)
                              obj/default/bip39.o (strcpy)
c:/intelfpga_lite/18.1/nios2eds/bin/gnu/h-x86_64-mingw32/bin/../lib/gcc/nios2-elf/5.3.0/../../../../../H-x86_64-mingw32/nios2-elf/lib/mno-hw-mul\libsmallc.a(lib_a-strlen.o)
                              obj/default/bip39.o (strlen)
c:/intelfpga_lite/18.1/nios2eds/bin/gnu/h-x86_64-mingw32/bin/../lib/gcc/nios2-elf/5.3.0/../../../../../H-x86_64-mingw32/nios2-elf/lib/mno-hw-mul\libsmallc.a(lib_a-time.o)
                              obj/default/rand.o (time)
c:/intelfpga_lite/18.1/nios2eds/bin/gnu/h-x86_64-mingw32/bin/../lib/gcc/nios2-elf/5.3.0/../../../../../H-x86_64-mingw32/nios2-elf/lib/mno-hw-mul\libsmallc.a(lib_a-vfprintf.o)
                              c:/intelfpga_lite/18.1/nios2eds/bin/gnu/h-x86_64-mingw32/bin/../lib/gcc/nios2-elf/5.3.0/../../../../../H-x86_64-mingw32/nios2-elf/lib/mno-hw-mul\libsmallc.a(lib_a-printf.o) (___vfprintf_internal_r)
c:/intelfpga_lite/18.1/nios2eds/bin/gnu/h-x86_64-mingw32/bin/../lib/gcc/nios2-elf/5.3.0/../../../../../H-x86_64-mingw32/nios2-elf/lib/mno-hw-mul\libsmallc.a(lib_a-fvwrite_small_dev.o)
                              c:/intelfpga_lite/18.1/nios2eds/bin/gnu/h-x86_64-mingw32/bin/../lib/gcc/nios2-elf/5.3.0/../../../../../H-x86_64-mingw32/nios2-elf/lib/mno-hw-mul\libsmallc.a(lib_a-printf.o) (__sfvwrite_small_dev)
[...]
Memory Configuration

Name             Origin             Length             Attributes
reset            0x0000000000000000 0x0000000000000020
sdram            0x0000000000000020 0x0000000001ffffe0
onchip_memory2   0x0000000002000000 0x0000000000006590
epcs_flash_controller 0x0000000002009000 0x0000000000000800
*default*        0x0000000000000000 0xffffffffffffffff

Linker script and memory map

LOAD C:/Users/Class2018/Documents/Projects/Crypto_wallet/impl/nios_proj_bsp//obj/HAL/src/crt0.o
LOAD obj/default/bip39.o
LOAD obj/default/hmac.o
LOAD obj/default/memzero.o
LOAD obj/default/pbkdf2.o
LOAD obj/default/rand.o
LOAD obj/default/sha2.o
LOAD obj/default/wallet_main.o
LOAD obj/default/wallet_system.o
LOAD c:/intelfpga_lite/18.1/nios2eds/bin/gnu/h-x86_64-mingw32/bin/../lib/gcc/nios2-elf/5.3.0/../../../../../H-x86_64-mingw32/nios2-elf/lib/mno-hw-mul\libstdc++.a
LOAD c:/intelfpga_lite/18.1/nios2eds/bin/gnu/h-x86_64-mingw32/bin/../lib/gcc/nios2-elf/5.3.0/../../../../../H-x86_64-mingw32/nios2-elf/lib/mno-hw-mul\libm.a
LOAD c:/intelfpga_lite/18.1/nios2eds/bin/gnu/h-x86_64-mingw32/bin/../lib/gcc/nios2-elf/5.3.0/mno-hw-mul\libgcc.a
START GROUP
LOAD c:/intelfpga_lite/18.1/nios2eds/bin/gnu/h-x86_64-mingw32/bin/../lib/gcc/nios2-elf/5.3.0/../../../../../H-x86_64-mingw32/nios2-elf/lib/mno-hw-mul\libsmallc.a
LOAD c:/intelfpga_lite/18.1/nios2eds/bin/gnu/h-x86_64-mingw32/bin/../lib/gcc/nios2-elf/5.3.0/mno-hw-mul\libgcc.a
LOAD C:/Users/Class2018/Documents/Projects/Crypto_wallet/impl/nios_proj_bsp/\libhal_bsp.a
LOAD c:/intelfpga_lite/18.1/nios2eds/bin/gnu/h-x86_64-mingw32/bin/../lib/gcc/nios2-elf/5.3.0/../../../../../H-x86_64-mingw32/nios2-elf/lib/mno-hw-mul\libm.a
END GROUP
LOAD c:/intelfpga_lite/18.1/nios2eds/bin/gnu/h-x86_64-mingw32/bin/../lib/gcc/nios2-elf/5.3.0/mno-hw-mul\libgcc.a
                0x0000000000000000                __alt_mem_sdram = 0x0
                0x0000000002000000                __alt_mem_onchip_memory2 = 0x2000000
                0x0000000002009000                __alt_mem_epcs_flash_controller = 0x2009000

.entry          0x0000000000000000       0x20
 *(.entry)
 .entry         0x0000000000000000       0x20 C:/Users/Class2018/Documents/Projects/Crypto_wallet/impl/nios_proj_bsp//obj/HAL/src/crt0.o
                0x0000000000000000                __reset

.exceptions     0x0000000000000020      0x210
                0x0000000000000020                PROVIDE (__ram_exceptions_start, ABSOLUTE (.))
                0x0000000000000020                . = ALIGN (0x20)
 *(.irq)
 *(.exceptions.entry.label)
 .exceptions.entry.label
                0x0000000000000020        0x0 C:/Users/Class2018/Documents/Projects/Crypto_wallet/impl/nios_proj_bsp/\libhal_bsp.a(alt_irq_entry.o)
                0x0000000000000020                alt_irq_entry
 .exceptions.entry.label
                0x0000000000000020        0x0 C:/Users/Class2018/Documents/Projects/Crypto_wallet/impl/nios_proj_bsp/\libhal_bsp.a(alt_exception_entry.o)
                0x0000000000000020                alt_exception
 *(.exceptions.entry.user)
 *(.exceptions.entry.ecc_fatal)
 *(.exceptions.entry)
 .exceptions.entry
                0x0000000000000020       0x54 C:/Users/Class2018/Documents/Projects/Crypto_wallet/impl/nios_proj_bsp/\libhal_bsp.a(alt_exception_entry.o)
 *(.exceptions.irqtest.user)
 *(.exceptions.irqtest)
 .exceptions.irqtest
                0x0000000000000074       0x10 C:/Users/Class2018/Documents/Projects/Crypto_wallet/impl/nios_proj_bsp/\libhal_bsp.a(alt_irq_entry.o)
 *(.exceptions.irqhandler.user)
 *(.exceptions.irqhandler)
 .exceptions.irqhandler
                0x0000000000000084        0x4 C:/Users/Class2018/Documents/Projects/Crypto_wallet/impl/nios_proj_bsp/\libhal_bsp.a(alt_irq_entry.o)
 *(.exceptions.irqreturn.user)
 *(.exceptions.irqreturn)
 .exceptions.irqreturn
                0x0000000000000088        0x4 C:/Users/Class2018/Documents/Projects/Crypto_wallet/impl/nios_proj_bsp/\libhal_bsp.a(alt_irq_entry.o)
 *(.exceptions.notirq.label)
 .exceptions.notirq.label
                0x000000000000008c        0x0 C:/Users/Class2018/Documents/Projects/Crypto_wallet/impl/nios_proj_bsp/\libhal_bsp.a(alt_irq_entry.o)
 *(.exceptions.notirq.user)
 *(.exceptions.notirq)
 .exceptions.notirq
                0x000000000000008c        0x8 C:/Users/Class2018/Documents/Projects/Crypto_wallet/impl/nios_proj_bsp/\libhal_bsp.a(alt_exception_entry.o)
 *(.exceptions.soft.user)
 *(.exceptions.soft)
 *(.exceptions.unknown.user)
 *(.exceptions.unknown)
 .exceptions.unknown
                0x0000000000000094       0x14 C:/Users/Class2018/Documents/Projects/Crypto_wallet/impl/nios_proj_bsp/\libhal_bsp.a(alt_exception_entry.o)
 *(.exceptions.exit.label)
 .exceptions.exit.label
                0x00000000000000a8        0x0 C:/Users/Class2018/Documents/Projects/Crypto_wallet/impl/nios_proj_bsp/\libhal_bsp.a(alt_irq_entry.o)
 .exceptions.exit.label
                0x00000000000000a8        0x0 C:/Users/Class2018/Documents/Projects/Crypto_wallet/impl/nios_proj_bsp/\libhal_bsp.a(alt_exception_entry.o)
 *(.exceptions.exit.user)
 *(.exceptions.exit)
 .exceptions.exit
                0x00000000000000a8       0x54 C:/Users/Class2018/Documents/Projects/Crypto_wallet/impl/nios_proj_bsp/\libhal_bsp.a(alt_exception_entry.o)
 *(.exceptions)
 .exceptions    0x00000000000000fc       0xd4 C:/Users/Class2018/Documents/Projects/Crypto_wallet/impl/nios_proj_bsp/\libhal_bsp.a(alt_irq_handler.o)
                0x00000000000000fc                alt_irq_handler
 .exceptions    0x00000000000001d0       0x60 C:/Users/Class2018/Documents/Projects/Crypto_wallet/impl/nios_proj_bsp/\libhal_bsp.a(alt_instruction_exception_entry.o)
                0x00000000000001d0                alt_instruction_exception_entry
                0x0000000000000230                PROVIDE (__ram_exceptions_end, ABSOLUTE (.))
                0x0000000000000020                PROVIDE (__flash_exceptions_start, LOADADDR (.exceptions))

.text           0x0000000000000230     0xb038
                [!provide]                        PROVIDE (stext, ABSOLUTE (.))
 *(.interp)
 *(.hash)
 *(.dynsym)
 *(.dynstr)
 *(.gnu.version)
 *(.gnu.version_d)
 *(.gnu.version_r)
 *(.rel.init)
 *(.rela.init)
 *(.rel.text .rel.text.* .rel.gnu.linkonce.t.*)
 *(.rela.text .rela.text.* .rela.gnu.linkonce.t.*)
 *(.rel.fini)
 *(.rela.fini)
 *(.rel.rodata .rel.rodata.* .rel.gnu.linkonce.r.*)
 *(.rela.rodata .rela.rodata.* .rela.gnu.linkonce.r.*)
 *(.rel.data .rel.data.* .rel.gnu.linkonce.d.*)
 *(.rela.data .rela.data.* .rela.gnu.linkonce.d.*)
 *(.rel.tdata .rel.tdata.* .rel.gnu.linkonce.td.*)
 *(.rela.tdata .rela.tdata.* .rela.gnu.linkonce.td.*)
 *(.rel.tbss .rel.tbss.* .rel.gnu.linkonce.tb.*)
 *(.rela.tbss .rela.tbss.* .rela.gnu.linkonce.tb.*)
 *(.rel.ctors)
 *(.rela.ctors)
 *(.rel.dtors)
 *(.rela.dtors)
 *(.rel.got)
 *(.rela.got)
 *(.rel.sdata .rel.sdata.* .rel.gnu.linkonce.s.*)
 *(.rela.sdata .rela.sdata.* .rela.gnu.linkonce.s.*)
 *(.rel.sbss .rel.sbss.* .rel.gnu.linkonce.sb.*)
 *(.rela.sbss .rela.sbss.* .rela.gnu.linkonce.sb.*)
 *(.rel.sdata2 .rel.sdata2.* .rel.gnu.linkonce.s2.*)
 *(.rela.sdata2 .rela.sdata2.* .rela.gnu.linkonce.s2.*)
 *(.rel.sbss2 .rel.sbss2.* .rel.gnu.linkonce.sb2.*)
 *(.rela.sbss2 .rela.sbss2.* .rela.gnu.linkonce.sb2.*)
 *(.rel.bss .rel.bss.* .rel.gnu.linkonce.b.*)
 *(.rela.bss .rela.bss.* .rela.gnu.linkonce.b.*)
 *(.rel.plt)
 *(.rela.plt)
 *(.rel.dyn)
 *(.init)
 *(.plt)
 *(.text .stub .text.* .gnu.linkonce.t.*)
 .text          0x0000000000000230       0x3c C:/Users/Class2018/Documents/Projects/Crypto_wallet/impl/nios_proj_bsp//obj/HAL/src/crt0.o
                0x0000000000000230                _start
 .text          0x000000000000026c      0x668 obj/default/bip39.o
                0x000000000000026c                mnemonic_generate
                0x000000000000030c                mnemonic_from_data
                0x000000000000056c                mnemonic_to_seed
 .text          0x00000000000008d4      0xa78 obj/default/hmac.o
                0x00000000000008d4                hmac_sha256_Init
                0x0000000000000a0c                hmac_sha256_Update
                0x0000000000000a58                hmac_sha256_Final
                0x0000000000000b00                hmac_sha256
                0x0000000000000b70                hmac_sha256_prepare
                0x0000000000000d5c                hmac_sha512_Init
                0x0000000000000e94                hmac_sha512_Update
                0x0000000000000ee0                hmac_sha512_Final
                0x0000000000000f88                hmac_sha512
                0x0000000000000fec                hmac_sha512_prepare
 .text          0x000000000000134c       0x40 obj/default/memzero.o
                0x000000000000134c                memzero
 .text          0x000000000000138c      0xd94 obj/default/pbkdf2.o
                0x000000000000138c                pbkdf2_hmac_sha256_Init
                0x00000000000015b0                pbkdf2_hmac_sha256_Update
                0x00000000000016e0                pbkdf2_hmac_sha256_Final
                0x00000000000017c8                pbkdf2_hmac_sha256
                0x0000000000001938                pbkdf2_hmac_sha512_Init
                0x0000000000001cb0                pbkdf2_hmac_sha512_Update
                0x0000000000001df4                pbkdf2_hmac_sha512_Final
                0x0000000000001fb0                pbkdf2_hmac_sha512
 .text          0x0000000000002120      0x110 obj/default/rand.o
                0x0000000000002120                random32
                0x00000000000021a4                random_buffer
 .text          0x0000000000002230     0x4120 obj/default/sha2.o
                0x0000000000002230                sha1_Init
                0x0000000000002294                sha1_Transform
                0x0000000000002a40                sha1_Update
                0x0000000000002e48                sha1_Final
                0x0000000000003180                sha1_End
                0x0000000000003280                sha1_Raw
                0x00000000000032d8                sha1_Data
                0x000000000000332c                sha256_Init
                0x000000000000339c                sha256_Transform
                0x0000000000003964                sha256_Update
                0x0000000000003d6c                sha256_Final
                0x00000000000040a4                sha256_End
                0x00000000000041a4                sha256_Raw
                0x00000000000041fc                sha256_Data
                0x0000000000004250                sha512_Init
                0x00000000000042d8                sha512_Transform
                0x00000000000051f8                sha512_Update
                0x0000000000005f74                sha512_Final
                0x00000000000061a4                sha512_End
                0x00000000000062a4                sha512_Raw
                0x00000000000062fc                sha512_Data
 .text          0x0000000000006350      0x130 obj/default/wallet_main.o
                0x0000000000006350                main
 .text          0x0000000000006480        0x0 obj/default/wallet_system.o
 .text          0x0000000000006480       0x28 c:/intelfpga_lite/18.1/nios2eds/bin/gnu/h-x86_64-mingw32/bin/../lib/gcc/nios2-elf/5.3.0/mno-hw-mul\libgcc.a(lib2-mul.o)
                0x0000000000006480                __mulsi3
 .text          0x00000000000064a8        0x0 c:/intelfpga_lite/18.1/nios2eds/bin/gnu/h-x86_64-mingw32/bin/../lib/gcc/nios2-elf/5.3.0/../../../../../H-x86_64-mingw32/nios2-elf/lib/mno-hw-mul\libsmallc.a(lib_a-malloc.o)
 .text.malloc   0x00000000000064a8       0x14 c:/intelfpga_lite/18.1/nios2eds/bin/gnu/h-x86_64-mingw32/bin/../lib/gcc/nios2-elf/5.3.0/../../../../../H-x86_64-mingw32/nios2-elf/lib/mno-hw-mul\libsmallc.a(lib_a-malloc.o)
                0x00000000000064a8                malloc
 .text.free     0x00000000000064bc       0x14 c:/intelfpga_lite/18.1/nios2eds/bin/gnu/h-x86_64-mingw32/bin/../lib/gcc/nios2-elf/5.3.0/../../../../../H-x86_64-mingw32/nios2-elf/lib/mno-hw-mul\libsmallc.a(lib_a-malloc.o)
                0x00000000000064bc                free
 .text          0x00000000000064d0        0x0 c:/intelfpga_lite/18.1/nios2eds/bin/gnu/h-x86_64-mingw32/bin/../lib/gcc/nios2-elf/5.3.0/../../../../../H-x86_64-mingw32/nios2-elf/lib/mno-hw-mul\libsmallc.a(lib_a-memcpy.o)
 .text.memcpy   0x00000000000064d0       0x28 c:/intelfpga_lite/18.1/nios2eds/bin/gnu/h-x86_64-mingw32/bin/../lib/gcc/nios2-elf/5.3.0/../../../../../H-x86_64-mingw32/nios2-elf/lib/mno-hw-mul\libsmallc.a(lib_a-memcpy.o)
                0x00000000000064d0                memcpy
 .text          0x00000000000064f8        0x0 c:/intelfpga_lite/18.1/nios2eds/bin/gnu/h-x86_64-mingw32/bin/../lib/gcc/nios2-elf/5.3.0/../../../../../H-x86_64-mingw32/nios2-elf/lib/mno-hw-mul\libsmallc.a(lib_a-memset.o)
 .text.memset   0x00000000000064f8       0x20 c:/intelfpga_lite/18.1/nios2eds/bin/gnu/h-x86_64-mingw32/bin/../lib/gcc/nios2-elf/5.3.0/../../../../../H-x86_64-mingw32/nios2-elf/lib/mno-hw-mul\libsmallc.a(lib_a-memset.o)
                0x00000000000064f8                memset
 .text          0x0000000000006518        0x0 c:/intelfpga_lite/18.1/nios2eds/bin/gnu/h-x86_64-mingw32/bin/../lib/gcc/nios2-elf/5.3.0/../../../../../H-x86_64-mingw32/nios2-elf/lib/mno-hw-mul\libsmallc.a(lib_a-nano-freer.o)
 .text._free_r  0x0000000000006518       0xe4 c:/intelfpga_lite/18.1/nios2eds/bin/gnu/h-x86_64-mingw32/bin/../lib/gcc/nios2-elf/5.3.0/../../../../../H-x86_64-mingw32/nios2-elf/lib/mno-hw-mul\libsmallc.a(lib_a-nano-freer.o)
                0x0000000000006518                _free_r
 .text          0x00000000000065fc        0x0 c:/intelfpga_lite/18.1/nios2eds/bin/gnu/h-x86_64-mingw32/bin/../lib/gcc/nios2-elf/5.3.0/../../../../../H-x86_64-mingw32/nios2-elf/lib/mno-hw-mul\libsmallc.a(lib_a-nano-mallocr.o)
 .text._malloc_r
                0x00000000000065fc      0x158 c:/intelfpga_lite/18.1/nios2eds/bin/gnu/h-x86_64-mingw32/bin/../lib/gcc/nios2-elf/5.3.0/../../../../../H-x86_64-mingw32/nios2-elf/lib/mno-hw-mul\libsmallc.a(lib_a-nano-mallocr.o)
                0x00000000000065fc                _malloc_r
 .text          0x0000000000006754        0x0 c:/intelfpga_lite/18.1/nios2eds/bin/gnu/h-x86_64-mingw32/bin/../lib/gcc/nios2-elf/5.3.0/../../../../../H-x86_64-mingw32/nios2-elf/lib/mno-hw-mul\libsmallc.a(lib_a-printf.o)
 .text._printf_r
                0x0000000000006754       0x3c c:/intelfpga_lite/18.1/nios2eds/bin/gnu/h-x86_64-mingw32/bin/../lib/gcc/nios2-elf/5.3.0/../../../../../H-x86_64-mingw32/nios2-elf/lib/mno-hw-mul\libsmallc.a(lib_a-printf.o)
                0x0000000000006754                _printf_r
 .text.printf   0x0000000000006790       0x4c c:/intelfpga_lite/18.1/nios2eds/bin/gnu/h-x86_64-mingw32/bin/../lib/gcc/nios2-elf/5.3.0/../../../../../H-x86_64-mingw32/nios2-elf/lib/mno-hw-mul\libsmallc.a(lib_a-printf.o)
                0x0000000000006790                printf
 .text          0x00000000000067dc        0x0 c:/intelfpga_lite/18.1/nios2eds/bin/gnu/h-x86_64-mingw32/bin/../lib/gcc/nios2-elf/5.3.0/../../../../../H-x86_64-mingw32/nios2-elf/lib/mno-hw-mul\libsmallc.a(lib_a-putchar.o)
 .text._putchar_r
                0x00000000000067dc        0x8 c:/intelfpga_lite/18.1/nios2eds/bin/gnu/h-x86_64-mingw32/bin/../lib/gcc/nios2-elf/5.3.0/../../../../../H-x86_64-mingw32/nios2-elf/lib/mno-hw-mul\libsmallc.a(lib_a-putchar.o)
                0x00000000000067dc                _putchar_r
 .text.putchar  0x00000000000067e4       0x1c c:/intelfpga_lite/18.1/nios2eds/bin/gnu/h-x86_64-mingw32/bin/../lib/gcc/nios2-elf/5.3.0/../../../../../H-x86_64-mingw32/nios2-elf/lib/mno-hw-mul\libsmallc.a(lib_a-putchar.o)
                0x00000000000067e4                putchar
 .text          0x0000000000006800        0x0 c:/intelfpga_lite/18.1/nios2eds/bin/gnu/h-x86_64-mingw32/bin/../lib/gcc/nios2-elf/5.3.0/../../../../../H-x86_64-mingw32/nios2-elf/lib/mno-hw-mul\libsmallc.a(lib_a-puts.o)
 .text._puts_r  0x0000000000006800       0x80 c:/intelfpga_lite/18.1/nios2eds/bin/gnu/h-x86_64-mingw32/bin/../lib/gcc/nios2-elf/5.3.0/../../../../../H-x86_64-mingw32/nios2-elf/lib/mno-hw-mul\libsmallc.a(lib_a-puts.o)
                0x0000000000006800                _puts_r
 .text.puts     0x0000000000006880       0x14 c:/intelfpga_lite/18.1/nios2eds/bin/gnu/h-x86_64-mingw32/bin/../lib/gcc/nios2-elf/5.3.0/../../../../../H-x86_64-mingw32/nios2-elf/lib/mno-hw-mul\libsmallc.a(lib_a-puts.o)
                0x0000000000006880                puts
 .text          0x0000000000006894        0x0 c:/intelfpga_lite/18.1/nios2eds/bin/gnu/h-x86_64-mingw32/bin/../lib/gcc/nios2-elf/5.3.0/../../../../../H-x86_64-mingw32/nios2-elf/lib/mno-hw-mul\libsmallc.a(lib_a-rand.o)
 .text.srand    0x0000000000006894       0x14 c:/intelfpga_lite/18.1/nios2eds/bin/gnu/h-x86_64-mingw32/bin/../lib/gcc/nios2-elf/5.3.0/../../../../../H-x86_64-mingw32/nios2-elf/lib/mno-hw-mul\libsmallc.a(lib_a-rand.o)
                0x0000000000006894                srand
 .text.rand     0x00000000000068a8       0x60 c:/intelfpga_lite/18.1/nios2eds/bin/gnu/h-x86_64-mingw32/bin/../lib/gcc/nios2-elf/5.3.0/../../../../../H-x86_64-mingw32/nios2-elf/lib/mno-hw-mul\libsmallc.a(lib_a-rand.o)
                0x00000000000068a8                rand
 .text          0x0000000000006908        0x0 c:/intelfpga_lite/18.1/nios2eds/bin/gnu/h-x86_64-mingw32/bin/../lib/gcc/nios2-elf/5.3.0/../../../../../H-x86_64-mingw32/nios2-elf/lib/mno-hw-mul\libsmallc.a(lib_a-sbrkr.o)
 .text._sbrk_r  0x0000000000006908       0x50 c:/intelfpga_lite/18.1/nios2eds/bin/gnu/h-x86_64-mingw32/bin/../lib/gcc/nios2-elf/5.3.0/../../../../../H-x86_64-mingw32/nios2-elf/lib/mno-hw-mul\libsmallc.a(lib_a-sbrkr.o)
                0x0000000000006908                _sbrk_r
 .text          0x0000000000006958        0x0 c:/intelfpga_lite/18.1/nios2eds/bin/gnu/h-x86_64-mingw32/bin/../lib/gcc/nios2-elf/5.3.0/../../../../../H-x86_64-mingw32/nios2-elf/lib/mno-hw-mul\libsmallc.a(lib_a-strcmp.o)
 .text.strcmp   0x0000000000006958       0x38 c:/intelfpga_lite/18.1/nios2eds/bin/gnu/h-x86_64-mingw32/bin/../lib/gcc/nios2-elf/5.3.0/../../../../../H-x86_64-mingw32/nios2-elf/lib/mno-hw-mul\libsmallc.a(lib_a-strcmp.o)
                0x0000000000006958                strcmp
 .text          0x0000000000006990        0x0 c:/intelfpga_lite/18.1/nios2eds/bin/gnu/h-x86_64-mingw32/bin/../lib/gcc/nios2-elf/5.3.0/../../../../../H-x86_64-mingw32/nios2-elf/lib/mno-hw-mul\libsmallc.a(lib_a-strcpy.o)
 .text.strcpy   0x0000000000006990       0x2c c:/intelfpga_lite/18.1/nios2eds/bin/gnu/h-x86_64-mingw32/bin/../lib/gcc/nios2-elf/5.3.0/../../../../../H-x86_64-mingw32/nios2-elf/lib/mno-hw-mul\libsmallc.a(lib_a-strcpy.o)
                0x0000000000006990                strcpy
 .text          0x00000000000069bc        0x0 c:/intelfpga_lite/18.1/nios2eds/bin/gnu/h-x86_64-mingw32/bin/../lib/gcc/nios2-elf/5.3.0/../../../../../H-x86_64-mingw32/nios2-elf/lib/mno-hw-mul\libsmallc.a(lib_a-strlen.o)
 .text.strlen   0x00000000000069bc       0x1c c:/intelfpga_lite/18.1/nios2eds/bin/gnu/h-x86_64-mingw32/bin/../lib/gcc/nios2-elf/5.3.0/../../../../../H-x86_64-mingw32/nios2-elf/lib/mno-hw-mul\libsmallc.a(lib_a-strlen.o)
                0x00000000000069bc                strlen
 .text          0x00000000000069d8        0x0 c:/intelfpga_lite/18.1/nios2eds/bin/gnu/h-x86_64-mingw32/bin/../lib/gcc/nios2-elf/5.3.0/../../../../../H-x86_64-mingw32/nios2-elf/lib/mno-hw-mul\libsmallc.a(lib_a-time.o)
 .text.time     0x00000000000069d8       0x50 c:/intelfpga_lite/18.1/nios2eds/bin/gnu/h-x86_64-mingw32/bin/../lib/gcc/nios2-elf/5.3.0/../../../../../H-x86_64-mingw32/nios2-elf/lib/mno-hw-mul\libsmallc.a(lib_a-time.o)
                0x00000000000069d8                time
 .text          0x0000000000006a28        0x0 c:/intelfpga_lite/18.1/nios2eds/bin/gnu/h-x86_64-mingw32/bin/../lib/gcc/nios2-elf/5.3.0/../../../../../H-x86_64-mingw32/nios2-elf/lib/mno-hw-mul\libsmallc.a(lib_a-vfprintf.o)
 .text.print_repeat
                0x0000000000006a28       0x6c c:/intelfpga_lite/18.1/nios2eds/bin/gnu/h-x86_64-mingw32/bin/../lib/gcc/nios2-elf/5.3.0/../../../../../H-x86_64-mingw32/nios2-elf/lib/mno-hw-mul\libsmallc.a(lib_a-vfprintf.o)
 .text.___vfprintf_internal_r
                0x0000000000006a94      0x52c c:/intelfpga_lite/18.1/nios2eds/bin/gnu/h-x86_64-mingw32/bin/../lib/gcc/nios2-elf/5.3.0/../../../../../H-x86_64-mingw32/nios2-elf/lib/mno-hw-mul\libsmallc.a(lib_a-vfprintf.o)
                0x0000000000006a94                ___vfprintf_internal_r
 .text.__vfprintf_internal
                0x0000000000006fc0       0x1c c:/intelfpga_lite/18.1/nios2eds/bin/gnu/h-x86_64-mingw32/bin/../lib/gcc/nios2-elf/5.3.0/../../../../../H-x86_64-mingw32/nios2-elf/lib/mno-hw-mul\libsmallc.a(lib_a-vfprintf.o)
                0x0000000000006fc0                __vfprintf_internal
 .text          0x0000000000006fdc        0x0 c:/intelfpga_lite/18.1/nios2eds/bin/gnu/h-x86_64-mingw32/bin/../lib/gcc/nios2-elf/5.3.0/../../../../../H-x86_64-mingw32/nios2-elf/lib/mno-hw-mul\libsmallc.a(lib_a-fvwrite_small_dev.o)
 .text.__sfvwrite_small_dev
                0x0000000000006fdc       0xb8 c:/intelfpga_lite/18.1/nios2eds/bin/gnu/h-x86_64-mingw32/bin/../lib/gcc/nios2-elf/5.3.0/../../../../../H-x86_64-mingw32/nios2-elf/lib/mno-hw-mul\libsmallc.a(lib_a-fvwrite_small_dev.o)
                0x0000000000006fdc                __sfvwrite_small_dev
 .text          0x0000000000007094        0x0 c:/intelfpga_lite/18.1/nios2eds/bin/gnu/h-x86_64-mingw32/bin/../lib/gcc/nios2-elf/5.3.0/../../../../../H-x86_64-mingw32/nios2-elf/lib/mno-hw-mul\libsmallc.a(lib_a-gettimeofdayr.o)
 .text._gettimeofday_r
                0x0000000000007094       0x54 c:/intelfpga_lite/18.1/nios2eds/bin/gnu/h-x86_64-mingw32/bin/../lib/gcc/nios2-elf/5.3.0/../../../../../H-x86_64-mingw32/nios2-elf/lib/mno-hw-mul\libsmallc.a(lib_a-gettimeofdayr.o)
                0x0000000000007094                _gettimeofday_r
 .text          0x00000000000070e8        0x0 c:/intelfpga_lite/18.1/nios2eds/bin/gnu/h-x86_64-mingw32/bin/../lib/gcc/nios2-elf/5.3.0/../../../../../H-x86_64-mingw32/nios2-elf/lib/mno-hw-mul\libsmallc.a(lib_a-impure.o)
 .text          0x00000000000070e8        0x0 c:/intelfpga_lite/18.1/nios2eds/bin/gnu/h-x86_64-mingw32/bin/../lib/gcc/nios2-elf/5.3.0/../../../../../H-x86_64-mingw32/nios2-elf/lib/mno-hw-mul\libsmallc.a(lib_a-int_errno.o)
 .text          0x00000000000070e8        0x0 c:/intelfpga_lite/18.1/nios2eds/bin/gnu/h-x86_64-mingw32/bin/../lib/gcc/nios2-elf/5.3.0/../../../../../H-x86_64-mingw32/nios2-elf/lib/mno-hw-mul\libsmallc.a(lib_a-putc.o)
 .text.putc     0x00000000000070e8       0x54 c:/intelfpga_lite/18.1/nios2eds/bin/gnu/h-x86_64-mingw32/bin/../lib/gcc/nios2-elf/5.3.0/../../../../../H-x86_64-mingw32/nios2-elf/lib/mno-hw-mul\libsmallc.a(lib_a-putc.o)
                0x00000000000070e8                putc
 .text._putc_r  0x000000000000713c       0x58 c:/intelfpga_lite/18.1/nios2eds/bin/gnu/h-x86_64-mingw32/bin/../lib/gcc/nios2-elf/5.3.0/../../../../../H-x86_64-mingw32/nios2-elf/lib/mno-hw-mul\libsmallc.a(lib_a-putc.o)
                0x000000000000713c                _putc_r
 .text          0x0000000000007194        0x0 c:/intelfpga_lite/18.1/nios2eds/bin/gnu/h-x86_64-mingw32/bin/../lib/gcc/nios2-elf/5.3.0/../../../../../H-x86_64-mingw32/nios2-elf/lib/mno-hw-mul\libsmallc.a(lib_a-writer.o)
 .text._write_r
                0x0000000000007194       0x58 c:/intelfpga_lite/18.1/nios2eds/bin/gnu/h-x86_64-mingw32/bin/../lib/gcc/nios2-elf/5.3.0/../../../../../H-x86_64-mingw32/nios2-elf/lib/mno-hw-mul\libsmallc.a(lib_a-writer.o)
                0x0000000000007194                _write_r
 .text          0x00000000000071ec      0x10c c:/intelfpga_lite/18.1/nios2eds/bin/gnu/h-x86_64-mingw32/bin/../lib/gcc/nios2-elf/5.3.0/mno-hw-mul\libgcc.a(_muldi3.o)
                0x00000000000071ec                __muldi3
 .text          0x00000000000072f8      0x1b4 c:/intelfpga_lite/18.1/nios2eds/bin/gnu/h-x86_64-mingw32/bin/../lib/gcc/nios2-elf/5.3.0/mno-hw-mul\libgcc.a(lib2-divmod.o)
                0x00000000000072f8                __divsi3
                0x000000000000737c                __modsi3
                0x00000000000073f0                __udivsi3
                0x0000000000007454                __umodsi3
 .text          0x00000000000074ac      0x1f4 C:/Users/Class2018/Documents/Projects/Crypto_wallet/impl/nios_proj_bsp/\libhal_bsp.a(alt_gettod.o)
                0x00000000000074ac                gettimeofday
 .text          0x00000000000076a0       0xec C:/Users/Class2018/Documents/Projects/Crypto_wallet/impl/nios_proj_bsp/\libhal_bsp.a(alt_load.o)
                0x0000000000007708                alt_load
 .text          0x000000000000778c       0x7c C:/Users/Class2018/Documents/Projects/Crypto_wallet/impl/nios_proj_bsp/\libhal_bsp.a(alt_main.o)
                0x000000000000778c                alt_main
 .text          0x0000000000007808       0xb0 C:/Users/Class2018/Documents/Projects/Crypto_wallet/impl/nios_proj_bsp/\libhal_bsp.a(alt_sbrk.o)
                0x0000000000007808                sbrk
 .text          0x00000000000078b8      0x1a4 C:/Users/Class2018/Documents/Projects/Crypto_wallet/impl/nios_proj_bsp/\libhal_bsp.a(alt_tick.o)
                0x00000000000078b8                alt_alarm_stop
                0x0000000000007954                alt_tick
 .text          0x0000000000007a5c      0x13c C:/Users/Class2018/Documents/Projects/Crypto_wallet/impl/nios_proj_bsp/\libhal_bsp.a(alt_write.o)
                0x0000000000007a98                write
 .text          0x0000000000007b98       0xc4 C:/Users/Class2018/Documents/Projects/Crypto_wallet/impl/nios_proj_bsp/\libhal_bsp.a(alt_sys_init.o)
                0x0000000000007bcc                alt_irq_init
                0x0000000000007c04                alt_sys_init
 .text          0x0000000000007c5c      0xafc C:/Users/Class2018/Documents/Projects/Crypto_wallet/impl/nios_proj_bsp/\libhal_bsp.a(altera_avalon_epcs_flash_controller.o)
                0x0000000000007c90                alt_epcs_flash_init
                0x00000000000081c8                alt_epcs_flash_write
                0x0000000000008428                alt_epcs_flash_get_info
                0x0000000000008548                alt_epcs_flash_erase_block
                0x00000000000085c0                alt_epcs_flash_write_block
                0x00000000000086c0                alt_epcs_flash_read
 .text          0x0000000000008758      0x164 C:/Users/Class2018/Documents/Projects/Crypto_wallet/impl/nios_proj_bsp/\libhal_bsp.a(altera_avalon_jtag_uart_fd.o)
                0x0000000000008758                altera_avalon_jtag_uart_read_fd
                0x00000000000087b8                altera_avalon_jtag_uart_write_fd
                0x0000000000008818                altera_avalon_jtag_uart_close_fd
                0x0000000000008868                altera_avalon_jtag_uart_ioctl_fd
 .text          0x00000000000088bc      0x3d4 C:/Users/Class2018/Documents/Projects/Crypto_wallet/impl/nios_proj_bsp/\libhal_bsp.a(altera_avalon_jtag_uart_init.o)
                0x00000000000088bc                altera_avalon_jtag_uart_init
                0x0000000000008c28                altera_avalon_jtag_uart_close
 .text          0x0000000000008c90       0xf0 C:/Users/Class2018/Documents/Projects/Crypto_wallet/impl/nios_proj_bsp/\libhal_bsp.a(altera_avalon_jtag_uart_ioctl.o)
                0x0000000000008c90                altera_avalon_jtag_uart_ioctl
 .text          0x0000000000008d80      0x21c C:/Users/Class2018/Documents/Projects/Crypto_wallet/impl/nios_proj_bsp/\libhal_bsp.a(altera_avalon_jtag_uart_read.o)
                0x0000000000008d80                altera_avalon_jtag_uart_read
 .text          0x0000000000008f9c      0x224 C:/Users/Class2018/Documents/Projects/Crypto_wallet/impl/nios_proj_bsp/\libhal_bsp.a(altera_avalon_jtag_uart_write.o)
                0x0000000000008f9c                altera_avalon_jtag_uart_write
 .text          0x00000000000091c0      0x63c C:/Users/Class2018/Documents/Projects/Crypto_wallet/impl/nios_proj_bsp/\libhal_bsp.a(epcs_commands.o)
                0x00000000000091c0                epcs_read_status_register
                0x0000000000009290                epcs_sector_erase
                0x000000000000938c                epcs_read_buffer
                0x0000000000009480                epcs_write_enable
                0x00000000000094d4                epcs_write_status_register
                0x0000000000009540                epcs_write_buffer
                0x000000000000965c                epcs_read_electronic_signature
                0x00000000000096c4                epcs_read_device_id
                0x0000000000009744                epcs_enter_4_bytes_mode
                0x00000000000097a0                epcs_exit_4_bytes_mode
 .text          0x00000000000097fc      0x12c C:/Users/Class2018/Documents/Projects/Crypto_wallet/impl/nios_proj_bsp/\libhal_bsp.a(alt_alarm_start.o)
                0x00000000000097fc                alt_alarm_start
 .text          0x0000000000009928      0x114 C:/Users/Class2018/Documents/Projects/Crypto_wallet/impl/nios_proj_bsp/\libhal_bsp.a(alt_close.o)
                0x0000000000009964                close
 .text          0x0000000000009a3c       0x20 C:/Users/Class2018/Documents/Projects/Crypto_wallet/impl/nios_proj_bsp/\libhal_bsp.a(alt_dcache_flush_all.o)
                0x0000000000009a3c                alt_dcache_flush_all
 .text          0x0000000000009a5c       0x2c C:/Users/Class2018/Documents/Projects/Crypto_wallet/impl/nios_proj_bsp/\libhal_bsp.a(alt_dev.o)
 .text          0x0000000000009a88       0xe0 C:/Users/Class2018/Documents/Projects/Crypto_wallet/impl/nios_proj_bsp/\libhal_bsp.a(alt_dev_llist_insert.o)
                0x0000000000009ac4                alt_dev_llist_insert
 .text          0x0000000000009b68       0x60 C:/Users/Class2018/Documents/Projects/Crypto_wallet/impl/nios_proj_bsp/\libhal_bsp.a(alt_do_ctors.o)
                0x0000000000009b68                _do_ctors
 .text          0x0000000000009bc8       0x60 C:/Users/Class2018/Documents/Projects/Crypto_wallet/impl/nios_proj_bsp/\libhal_bsp.a(alt_do_dtors.o)
                0x0000000000009bc8                _do_dtors
 .text          0x0000000000009c28        0x0 C:/Users/Class2018/Documents/Projects/Crypto_wallet/impl/nios_proj_bsp/\libhal_bsp.a(alt_errno.o)
 .text          0x0000000000009c28       0xbc C:/Users/Class2018/Documents/Projects/Crypto_wallet/impl/nios_proj_bsp/\libhal_bsp.a(alt_flash_dev.o)
                0x0000000000009c28                alt_flash_open_dev
                0x0000000000009c90                alt_flash_close_dev
 .text          0x0000000000009ce4       0x20 C:/Users/Class2018/Documents/Projects/Crypto_wallet/impl/nios_proj_bsp/\libhal_bsp.a(alt_icache_flush_all.o)
                0x0000000000009ce4                alt_icache_flush_all
 .text          0x0000000000009d04      0x1b0 C:/Users/Class2018/Documents/Projects/Crypto_wallet/impl/nios_proj_bsp/\libhal_bsp.a(alt_iic.o)
                0x0000000000009d04                alt_ic_isr_register
                0x0000000000009d54                alt_ic_irq_enable
                0x0000000000009ddc                alt_ic_irq_disable
                0x0000000000009e68                alt_ic_irq_enabled
 .text          0x0000000000009eb4       0xf0 C:/Users/Class2018/Documents/Projects/Crypto_wallet/impl/nios_proj_bsp/\libhal_bsp.a(alt_iic_isr_register.o)
                0x0000000000009eb4                alt_iic_isr_register
 .text          0x0000000000009fa4      0x160 C:/Users/Class2018/Documents/Projects/Crypto_wallet/impl/nios_proj_bsp/\libhal_bsp.a(alt_io_redirect.o)
                0x000000000000a088                alt_io_redirect
 .text          0x000000000000a104        0x0 C:/Users/Class2018/Documents/Projects/Crypto_wallet/impl/nios_proj_bsp/\libhal_bsp.a(alt_irq_entry.o)
 .text          0x000000000000a104        0x0 C:/Users/Class2018/Documents/Projects/Crypto_wallet/impl/nios_proj_bsp/\libhal_bsp.a(alt_irq_handler.o)
 .text          0x000000000000a104        0x0 C:/Users/Class2018/Documents/Projects/Crypto_wallet/impl/nios_proj_bsp/\libhal_bsp.a(alt_irq_vars.o)
 .text          0x000000000000a104      0x284 C:/Users/Class2018/Documents/Projects/Crypto_wallet/impl/nios_proj_bsp/\libhal_bsp.a(alt_open.o)
                0x000000000000a22c                open
 .text          0x000000000000a388       0x84 C:/Users/Class2018/Documents/Projects/Crypto_wallet/impl/nios_proj_bsp/\libhal_bsp.a(alt_release_fd.o)
                0x000000000000a388                alt_release_fd
 .text          0x000000000000a40c       0x24 C:/Users/Class2018/Documents/Projects/Crypto_wallet/impl/nios_proj_bsp/\libhal_bsp.a(altera_nios2_gen2_irq.o)
                0x000000000000a40c                altera_nios2_gen2_irq_init
 .text          0x000000000000a430      0x1fc C:/Users/Class2018/Documents/Projects/Crypto_wallet/impl/nios_proj_bsp/\libhal_bsp.a(altera_avalon_spi.o)
                0x000000000000a430                alt_avalon_spi_command
 .text          0x000000000000a62c        0x0 C:/Users/Class2018/Documents/Projects/Crypto_wallet/impl/nios_proj_bsp/\libhal_bsp.a(alt_exception_entry.o)
 .text          0x000000000000a62c       0x90 C:/Users/Class2018/Documents/Projects/Crypto_wallet/impl/nios_proj_bsp/\libhal_bsp.a(alt_find_dev.o)
                0x000000000000a62c                alt_find_dev
 .text          0x000000000000a6bc      0x108 C:/Users/Class2018/Documents/Projects/Crypto_wallet/impl/nios_proj_bsp/\libhal_bsp.a(alt_find_file.o)
                0x000000000000a6bc                alt_find_file
 .text          0x000000000000a7c4       0xc4 C:/Users/Class2018/Documents/Projects/Crypto_wallet/impl/nios_proj_bsp/\libhal_bsp.a(alt_get_fd.o)
                0x000000000000a7c4                alt_get_fd
 .text          0x000000000000a888       0x9c C:/Users/Class2018/Documents/Projects/Crypto_wallet/impl/nios_proj_bsp/\libhal_bsp.a(alt_instruction_exception_entry.o)
                0x000000000000a888                alt_exception_cause_generated_bad_addr
 .text          0x000000000000a924        0x0 c:/intelfpga_lite/18.1/nios2eds/bin/gnu/h-x86_64-mingw32/bin/../lib/gcc/nios2-elf/5.3.0/../../../../../H-x86_64-mingw32/nios2-elf/lib/mno-hw-mul\libsmallc.a(lib_a-atexit.o)
 .text.atexit   0x000000000000a924       0x14 c:/intelfpga_lite/18.1/nios2eds/bin/gnu/h-x86_64-mingw32/bin/../lib/gcc/nios2-elf/5.3.0/../../../../../H-x86_64-mingw32/nios2-elf/lib/mno-hw-mul\libsmallc.a(lib_a-atexit.o)
                0x000000000000a924                atexit
 .text          0x000000000000a938        0x0 c:/intelfpga_lite/18.1/nios2eds/bin/gnu/h-x86_64-mingw32/bin/../lib/gcc/nios2-elf/5.3.0/../../../../../H-x86_64-mingw32/nios2-elf/lib/mno-hw-mul\libsmallc.a(lib_a-exit.o)
 .text.exit     0x000000000000a938       0x20 c:/intelfpga_lite/18.1/nios2eds/bin/gnu/h-x86_64-mingw32/bin/../lib/gcc/nios2-elf/5.3.0/../../../../../H-x86_64-mingw32/nios2-elf/lib/mno-hw-mul\libsmallc.a(lib_a-exit.o)
                0x000000000000a938                exit
 .text          0x000000000000a958        0x0 c:/intelfpga_lite/18.1/nios2eds/bin/gnu/h-x86_64-mingw32/bin/../lib/gcc/nios2-elf/5.3.0/../../../../../H-x86_64-mingw32/nios2-elf/lib/mno-hw-mul\libsmallc.a(lib_a-memcmp.o)
 .text.memcmp   0x000000000000a958       0x30 c:/intelfpga_lite/18.1/nios2eds/bin/gnu/h-x86_64-mingw32/bin/../lib/gcc/nios2-elf/5.3.0/../../../../../H-x86_64-mingw32/nios2-elf/lib/mno-hw-mul\libsmallc.a(lib_a-memcmp.o)
                0x000000000000a958                memcmp
 .text          0x000000000000a988        0x0 c:/intelfpga_lite/18.1/nios2eds/bin/gnu/h-x86_64-mingw32/bin/../lib/gcc/nios2-elf/5.3.0/../../../../../H-x86_64-mingw32/nios2-elf/lib/mno-hw-mul\libsmallc.a(lib_a-__atexit.o)
 .text.__register_exitproc
                0x000000000000a988      0x158 c:/intelfpga_lite/18.1/nios2eds/bin/gnu/h-x86_64-mingw32/bin/../lib/gcc/nios2-elf/5.3.0/../../../../../H-x86_64-mingw32/nios2-elf/lib/mno-hw-mul\libsmallc.a(lib_a-__atexit.o)
                0x000000000000a988                __register_exitproc
 .text          0x000000000000aae0        0x0 c:/intelfpga_lite/18.1/nios2eds/bin/gnu/h-x86_64-mingw32/bin/../lib/gcc/nios2-elf/5.3.0/../../../../../H-x86_64-mingw32/nios2-elf/lib/mno-hw-mul\libsmallc.a(lib_a-__call_atexit.o)
 .text.__call_exitprocs
                0x000000000000aae0      0x190 c:/intelfpga_lite/18.1/nios2eds/bin/gnu/h-x86_64-mingw32/bin/../lib/gcc/nios2-elf/5.3.0/../../../../../H-x86_64-mingw32/nios2-elf/lib/mno-hw-mul\libsmallc.a(lib_a-__call_atexit.o)
                0x000000000000aae0                __call_exitprocs
 .text          0x000000000000ac70      0x5c4 c:/intelfpga_lite/18.1/nios2eds/bin/gnu/h-x86_64-mingw32/bin/../lib/gcc/nios2-elf/5.3.0/mno-hw-mul\libgcc.a(_umoddi3.o)
                0x000000000000ac70                __umoddi3
 .text          0x000000000000b234        0x0 c:/intelfpga_lite/18.1/nios2eds/bin/gnu/h-x86_64-mingw32/bin/../lib/gcc/nios2-elf/5.3.0/mno-hw-mul\libgcc.a(_clz.o)
 .text          0x000000000000b234       0x34 C:/Users/Class2018/Documents/Projects/Crypto_wallet/impl/nios_proj_bsp/\libhal_bsp.a(alt_exit.o)
                0x000000000000b234                _exit
 *(.gnu.warning.*)
 *(.fini)
                [!provide]                        PROVIDE (__etext, ABSOLUTE (.))
                [!provide]                        PROVIDE (_etext, ABSOLUTE (.))
                [!provide]                        PROVIDE (etext, ABSOLUTE (.))
 *(.eh_frame_hdr)
                0x000000000000b268                . = ALIGN (0x4)
                [!provide]                        PROVIDE (__preinit_array_start, ABSOLUTE (.))
 *(.preinit_array)
                [!provide]                        PROVIDE (__preinit_array_end, ABSOLUTE (.))
                [!provide]                        PROVIDE (__init_array_start, ABSOLUTE (.))
 *(.init_array)
                [!provide]                        PROVIDE (__init_array_end, ABSOLUTE (.))
                [!provide]                        PROVIDE (__fini_array_start, ABSOLUTE (.))
 *(.fini_array)
                [!provide]                        PROVIDE (__fini_array_end, ABSOLUTE (.))
 *(.eh_frame)
 *(.gcc_except_table .gcc_except_table.*)
 *(.dynamic)
                0x000000000000b268                PROVIDE (__CTOR_LIST__, ABSOLUTE (.))
 *(.ctors)
 *(SORT(.ctors.*))
                0x000000000000b268                PROVIDE (__CTOR_END__, ABSOLUTE (.))
                0x000000000000b268                PROVIDE (__DTOR_LIST__, ABSOLUTE (.))
 *(.dtors)
 *(SORT(.dtors.*))
                0x000000000000b268                PROVIDE (__DTOR_END__, ABSOLUTE (.))
 *(.jcr)
                0x000000000000b268                . = ALIGN (0x4)

.rodata         0x000000000000b268     0x65b0
                0x000000000000b268                PROVIDE (__ram_rodata_start, ABSOLUTE (.))
                0x000000000000b268                . = ALIGN (0x4)
 *(.rodata .rodata.* .gnu.linkonce.r.*)
 .rodata        0x000000000000b268     0x5fd1 obj/default/bip39.o
 *fill*         0x0000000000011239        0x3 
 .rodata        0x000000000001123c      0x405 obj/default/sha2.o
                0x000000000001123c                sha1_initial_hash_value
                0x0000000000011350                sha256_initial_hash_value
                0x00000000000115f0                sha512_initial_hash_value
 *fill*         0x0000000000011641        0x3 
 .rodata        0x0000000000011644       0x87 obj/default/wallet_main.o
 *fill*         0x00000000000116cb        0x1 
 .rodata.str1.4
                0x00000000000116cc        0x4 c:/intelfpga_lite/18.1/nios2eds/bin/gnu/h-x86_64-mingw32/bin/../lib/gcc/nios2-elf/5.3.0/../../../../../H-x86_64-mingw32/nios2-elf/lib/mno-hw-mul\libsmallc.a(lib_a-puts.o)
                                          0x2 (size before relaxing)
 .rodata        0x00000000000116d0        0xf C:/Users/Class2018/Documents/Projects/Crypto_wallet/impl/nios_proj_bsp/\libhal_bsp.a(alt_main.o)
 *fill*         0x00000000000116df        0x1 
 .rodata        0x00000000000116e0       0x2b C:/Users/Class2018/Documents/Projects/Crypto_wallet/impl/nios_proj_bsp/\libhal_bsp.a(alt_sys_init.o)
 *fill*         0x000000000001170b        0x1 
 .rodata        0x000000000001170c        0xa C:/Users/Class2018/Documents/Projects/Crypto_wallet/impl/nios_proj_bsp/\libhal_bsp.a(alt_dev.o)
 .rodata        0x0000000000011716      0x100 c:/intelfpga_lite/18.1/nios2eds/bin/gnu/h-x86_64-mingw32/bin/../lib/gcc/nios2-elf/5.3.0/mno-hw-mul\libgcc.a(_clz.o)
                0x0000000000011716                __clz_tab
 *(.rodata1)
                0x0000000000011818                . = ALIGN (0x4)
 *fill*         0x0000000000011816        0x2 
                0x0000000000011818                PROVIDE (__ram_rodata_end, ABSOLUTE (.))
                0x000000000000b268                PROVIDE (__flash_rodata_start, LOADADDR (.rodata))

.rwdata         0x0000000000011818     0x13f0 load address 0x0000000000012c08
                0x0000000000011818                PROVIDE (__ram_rwdata_start, ABSOLUTE (.))
                0x0000000000011818                . = ALIGN (0x4)
 *(.got.plt)
 *(.got)
 *(.data1)
 *(.data .data.* .gnu.linkonce.d.*)
 .data          0x0000000000011818        0x0 C:/Users/Class2018/Documents/Projects/Crypto_wallet/impl/nios_proj_bsp//obj/HAL/src/crt0.o
 .data          0x0000000000011818        0x0 obj/default/bip39.o
 .data          0x0000000000011818        0x0 obj/default/hmac.o
 .data          0x0000000000011818        0x0 obj/default/memzero.o
 .data          0x0000000000011818        0x0 obj/default/pbkdf2.o
 .data          0x0000000000011818        0x0 obj/default/rand.o
 .data          0x0000000000011818        0x0 obj/default/sha2.o
 .data          0x0000000000011818        0x0 obj/default/wallet_main.o
 .data          0x0000000000011818        0x0 obj/default/wallet_system.o
 .data          0x0000000000011818        0x0 c:/intelfpga_lite/18.1/nios2eds/bin/gnu/h-x86_64-mingw32/bin/../lib/gcc/nios2-elf/5.3.0/mno-hw-mul\libgcc.a(lib2-mul.o)
 .data          0x0000000000011818        0x0 c:/intelfpga_lite/18.1/nios2eds/bin/gnu/h-x86_64-mingw32/bin/../lib/gcc/nios2-elf/5.3.0/../../../../../H-x86_64-mingw32/nios2-elf/lib/mno-hw-mul\libsmallc.a(lib_a-malloc.o)
 .data          0x0000000000011818        0x0 c:/intelfpga_lite/18.1/nios2eds/bin/gnu/h-x86_64-mingw32/bin/../lib/gcc/nios2-elf/5.3.0/../../../../../H-x86_64-mingw32/nios2-elf/lib/mno-hw-mul\libsmallc.a(lib_a-memcpy.o)
 .data          0x0000000000011818        0x0 c:/intelfpga_lite/18.1/nios2eds/bin/gnu/h-x86_64-mingw32/bin/../lib/gcc/nios2-elf/5.3.0/../../../../../H-x86_64-mingw32/nios2-elf/lib/mno-hw-mul\libsmallc.a(lib_a-memset.o)
 .data          0x0000000000011818        0x0 c:/intelfpga_lite/18.1/nios2eds/bin/gnu/h-x86_64-mingw32/bin/../lib/gcc/nios2-elf/5.3.0/../../../../../H-x86_64-mingw32/nios2-elf/lib/mno-hw-mul\libsmallc.a(lib_a-nano-freer.o)
 .data          0x0000000000011818        0x0 c:/intelfpga_lite/18.1/nios2eds/bin/gnu/h-x86_64-mingw32/bin/../lib/gcc/nios2-elf/5.3.0/../../../../../H-x86_64-mingw32/nios2-elf/lib/mno-hw-mul\libsmallc.a(lib_a-nano-mallocr.o)
 .data          0x0000000000011818        0x0 c:/intelfpga_lite/18.1/nios2eds/bin/gnu/h-x86_64-mingw32/bin/../lib/gcc/nios2-elf/5.3.0/../../../../../H-x86_64-mingw32/nios2-elf/lib/mno-hw-mul\libsmallc.a(lib_a-printf.o)
 .data          0x0000000000011818        0x0 c:/intelfpga_lite/18.1/nios2eds/bin/gnu/h-x86_64-mingw32/bin/../lib/gcc/nios2-elf/5.3.0/../../../../../H-x86_64-mingw32/nios2-elf/lib/mno-hw-mul\libsmallc.a(lib_a-putchar.o)
 .data          0x0000000000011818        0x0 c:/intelfpga_lite/18.1/nios2eds/bin/gnu/h-x86_64-mingw32/bin/../lib/gcc/nios2-elf/5.3.0/../../../../../H-x86_64-mingw32/nios2-elf/lib/mno-hw-mul\libsmallc.a(lib_a-puts.o)
 .data          0x0000000000011818        0x0 c:/intelfpga_lite/18.1/nios2eds/bin/gnu/h-x86_64-mingw32/bin/../lib/gcc/nios2-elf/5.3.0/../../../../../H-x86_64-mingw32/nios2-elf/lib/mno-hw-mul\libsmallc.a(lib_a-rand.o)
 .data          0x0000000000011818        0x0 c:/intelfpga_lite/18.1/nios2eds/bin/gnu/h-x86_64-mingw32/bin/../lib/gcc/nios2-elf/5.3.0/../../../../../H-x86_64-mingw32/nios2-elf/lib/mno-hw-mul\libsmallc.a(lib_a-sbrkr.o)
 .data          0x0000000000011818        0x0 c:/intelfpga_lite/18.1/nios2eds/bin/gnu/h-x86_64-mingw32/bin/../lib/gcc/nios2-elf/5.3.0/../../../../../H-x86_64-mingw32/nios2-elf/lib/mno-hw-mul\libsmallc.a(lib_a-strcmp.o)
 .data          0x0000000000011818        0x0 c:/intelfpga_lite/18.1/nios2eds/bin/gnu/h-x86_64-mingw32/bin/../lib/gcc/nios2-elf/5.3.0/../../../../../H-x86_64-mingw32/nios2-elf/lib/mno-hw-mul\libsmallc.a(lib_a-strcpy.o)
 .data          0x0000000000011818        0x0 c:/intelfpga_lite/18.1/nios2eds/bin/gnu/h-x86_64-mingw32/bin/../lib/gcc/nios2-elf/5.3.0/../../../../../H-x86_64-mingw32/nios2-elf/lib/mno-hw-mul\libsmallc.a(lib_a-strlen.o)
 .data          0x0000000000011818        0x0 c:/intelfpga_lite/18.1/nios2eds/bin/gnu/h-x86_64-mingw32/bin/../lib/gcc/nios2-elf/5.3.0/../../../../../H-x86_64-mingw32/nios2-elf/lib/mno-hw-mul\libsmallc.a(lib_a-time.o)
 .data          0x0000000000011818        0x0 c:/intelfpga_lite/18.1/nios2eds/bin/gnu/h-x86_64-mingw32/bin/../lib/gcc/nios2-elf/5.3.0/../../../../../H-x86_64-mingw32/nios2-elf/lib/mno-hw-mul\libsmallc.a(lib_a-vfprintf.o)
 .data          0x0000000000011818        0x0 c:/intelfpga_lite/18.1/nios2eds/bin/gnu/h-x86_64-mingw32/bin/../lib/gcc/nios2-elf/5.3.0/../../../../../H-x86_64-mingw32/nios2-elf/lib/mno-hw-mul\libsmallc.a(lib_a-fvwrite_small_dev.o)
 .data          0x0000000000011818        0x0 c:/intelfpga_lite/18.1/nios2eds/bin/gnu/h-x86_64-mingw32/bin/../lib/gcc/nios2-elf/5.3.0/../../../../../H-x86_64-mingw32/nios2-elf/lib/mno-hw-mul\libsmallc.a(lib_a-gettimeofdayr.o)
 .data          0x0000000000011818        0x0 c:/intelfpga_lite/18.1/nios2eds/bin/gnu/h-x86_64-mingw32/bin/../lib/gcc/nios2-elf/5.3.0/../../../../../H-x86_64-mingw32/nios2-elf/lib/mno-hw-mul\libsmallc.a(lib_a-impure.o)
 .data.impure_data
                0x0000000000011818       0xe0 c:/intelfpga_lite/18.1/nios2eds/bin/gnu/h-x86_64-mingw32/bin/../lib/gcc/nios2-elf/5.3.0/../../../../../H-x86_64-mingw32/nios2-elf/lib/mno-hw-mul\libsmallc.a(lib_a-impure.o)
 .data          0x00000000000118f8        0x0 c:/intelfpga_lite/18.1/nios2eds/bin/gnu/h-x86_64-mingw32/bin/../lib/gcc/nios2-elf/5.3.0/../../../../../H-x86_64-mingw32/nios2-elf/lib/mno-hw-mul\libsmallc.a(lib_a-int_errno.o)
 .data          0x00000000000118f8        0x0 c:/intelfpga_lite/18.1/nios2eds/bin/gnu/h-x86_64-mingw32/bin/../lib/gcc/nios2-elf/5.3.0/../../../../../H-x86_64-mingw32/nios2-elf/lib/mno-hw-mul\libsmallc.a(lib_a-putc.o)
 .data          0x00000000000118f8        0x0 c:/intelfpga_lite/18.1/nios2eds/bin/gnu/h-x86_64-mingw32/bin/../lib/gcc/nios2-elf/5.3.0/../../../../../H-x86_64-mingw32/nios2-elf/lib/mno-hw-mul\libsmallc.a(lib_a-writer.o)
 .data          0x00000000000118f8        0x0 c:/intelfpga_lite/18.1/nios2eds/bin/gnu/h-x86_64-mingw32/bin/../lib/gcc/nios2-elf/5.3.0/mno-hw-mul\libgcc.a(_muldi3.o)
 .data          0x00000000000118f8        0x0 c:/intelfpga_lite/18.1/nios2eds/bin/gnu/h-x86_64-mingw32/bin/../lib/gcc/nios2-elf/5.3.0/mno-hw-mul\libgcc.a(lib2-divmod.o)
 .data          0x00000000000118f8        0x0 C:/Users/Class2018/Documents/Projects/Crypto_wallet/impl/nios_proj_bsp/\libhal_bsp.a(alt_gettod.o)
 .data          0x00000000000118f8        0x0 C:/Users/Class2018/Documents/Projects/Crypto_wallet/impl/nios_proj_bsp/\libhal_bsp.a(alt_load.o)
 .data          0x00000000000118f8        0x0 C:/Users/Class2018/Documents/Projects/Crypto_wallet/impl/nios_proj_bsp/\libhal_bsp.a(alt_main.o)
 .data          0x00000000000118f8        0x0 C:/Users/Class2018/Documents/Projects/Crypto_wallet/impl/nios_proj_bsp/\libhal_bsp.a(alt_sbrk.o)
 .data          0x00000000000118f8        0x0 C:/Users/Class2018/Documents/Projects/Crypto_wallet/impl/nios_proj_bsp/\libhal_bsp.a(alt_tick.o)
 .data          0x00000000000118f8        0x0 C:/Users/Class2018/Documents/Projects/Crypto_wallet/impl/nios_proj_bsp/\libhal_bsp.a(alt_write.o)
 .data          0x00000000000118f8     0x112c C:/Users/Class2018/Documents/Projects/Crypto_wallet/impl/nios_proj_bsp/\libhal_bsp.a(alt_sys_init.o)
 .data          0x0000000000012a24        0x0 C:/Users/Class2018/Documents/Projects/Crypto_wallet/impl/nios_proj_bsp/\libhal_bsp.a(altera_avalon_epcs_flash_controller.o)
 .data          0x0000000000012a24        0x0 C:/Users/Class2018/Documents/Projects/Crypto_wallet/impl/nios_proj_bsp/\libhal_bsp.a(altera_avalon_jtag_uart_fd.o)
 .data          0x0000000000012a24        0x0 C:/Users/Class2018/Documents/Projects/Crypto_wallet/impl/nios_proj_bsp/\libhal_bsp.a(altera_avalon_jtag_uart_init.o)
 .data          0x0000000000012a24        0x0 C:/Users/Class2018/Documents/Projects/Crypto_wallet/impl/nios_proj_bsp/\libhal_bsp.a(altera_avalon_jtag_uart_ioctl.o)
 .data          0x0000000000012a24        0x0 C:/Users/Class2018/Documents/Projects/Crypto_wallet/impl/nios_proj_bsp/\libhal_bsp.a(altera_avalon_jtag_uart_read.o)
 .data          0x0000000000012a24        0x0 C:/Users/Class2018/Documents/Projects/Crypto_wallet/impl/nios_proj_bsp/\libhal_bsp.a(altera_avalon_jtag_uart_write.o)
 .data          0x0000000000012a24        0x0 C:/Users/Class2018/Documents/Projects/Crypto_wallet/impl/nios_proj_bsp/\libhal_bsp.a(epcs_commands.o)
 .data          0x0000000000012a24        0x0 C:/Users/Class2018/Documents/Projects/Crypto_wallet/impl/nios_proj_bsp/\libhal_bsp.a(alt_alarm_start.o)
 .data          0x0000000000012a24        0x0 C:/Users/Class2018/Documents/Projects/Crypto_wallet/impl/nios_proj_bsp/\libhal_bsp.a(alt_close.o)
 .data          0x0000000000012a24        0x0 C:/Users/Class2018/Documents/Projects/Crypto_wallet/impl/nios_proj_bsp/\libhal_bsp.a(alt_dcache_flush_all.o)
 .data          0x0000000000012a24      0x1a8 C:/Users/Class2018/Documents/Projects/Crypto_wallet/impl/nios_proj_bsp/\libhal_bsp.a(alt_dev.o)
                0x0000000000012a24                alt_dev_null
                0x0000000000012a4c                alt_fd_list
 .data          0x0000000000012bcc        0x0 C:/Users/Class2018/Documents/Projects/Crypto_wallet/impl/nios_proj_bsp/\libhal_bsp.a(alt_dev_llist_insert.o)
 .data          0x0000000000012bcc        0x0 C:/Users/Class2018/Documents/Projects/Crypto_wallet/impl/nios_proj_bsp/\libhal_bsp.a(alt_do_ctors.o)
 .data          0x0000000000012bcc        0x0 C:/Users/Class2018/Documents/Projects/Crypto_wallet/impl/nios_proj_bsp/\libhal_bsp.a(alt_do_dtors.o)
 .data          0x0000000000012bcc        0x0 C:/Users/Class2018/Documents/Projects/Crypto_wallet/impl/nios_proj_bsp/\libhal_bsp.a(alt_errno.o)
 .data          0x0000000000012bcc        0x0 C:/Users/Class2018/Documents/Projects/Crypto_wallet/impl/nios_proj_bsp/\libhal_bsp.a(alt_flash_dev.o)
 .data          0x0000000000012bcc        0x0 C:/Users/Class2018/Documents/Projects/Crypto_wallet/impl/nios_proj_bsp/\libhal_bsp.a(alt_icache_flush_all.o)
 .data          0x0000000000012bcc        0x0 C:/Users/Class2018/Documents/Projects/Crypto_wallet/impl/nios_proj_bsp/\libhal_bsp.a(alt_iic.o)
 .data          0x0000000000012bcc        0x0 C:/Users/Class2018/Documents/Projects/Crypto_wallet/impl/nios_proj_bsp/\libhal_bsp.a(alt_iic_isr_register.o)
 .data          0x0000000000012bcc        0x0 C:/Users/Class2018/Documents/Projects/Crypto_wallet/impl/nios_proj_bsp/\libhal_bsp.a(alt_io_redirect.o)
 .data          0x0000000000012bcc        0x0 C:/Users/Class2018/Documents/Projects/Crypto_wallet/impl/nios_proj_bsp/\libhal_bsp.a(alt_irq_entry.o)
 .data          0x0000000000012bcc        0x0 C:/Users/Class2018/Documents/Projects/Crypto_wallet/impl/nios_proj_bsp/\libhal_bsp.a(alt_irq_handler.o)
 .data          0x0000000000012bcc        0x0 C:/Users/Class2018/Documents/Projects/Crypto_wallet/impl/nios_proj_bsp/\libhal_bsp.a(alt_irq_vars.o)
 .data          0x0000000000012bcc        0x0 C:/Users/Class2018/Documents/Projects/Crypto_wallet/impl/nios_proj_bsp/\libhal_bsp.a(alt_open.o)
 .data          0x0000000000012bcc        0x0 C:/Users/Class2018/Documents/Projects/Crypto_wallet/impl/nios_proj_bsp/\libhal_bsp.a(alt_release_fd.o)
 .data          0x0000000000012bcc        0x0 C:/Users/Class2018/Documents/Projects/Crypto_wallet/impl/nios_proj_bsp/\libhal_bsp.a(altera_nios2_gen2_irq.o)
 .data          0x0000000000012bcc        0x0 C:/Users/Class2018/Documents/Projects/Crypto_wallet/impl/nios_proj_bsp/\libhal_bsp.a(altera_avalon_spi.o)
 .data          0x0000000000012bcc        0x0 C:/Users/Class2018/Documents/Projects/Crypto_wallet/impl/nios_proj_bsp/\libhal_bsp.a(alt_exception_entry.o)
 .data          0x0000000000012bcc        0x0 C:/Users/Class2018/Documents/Projects/Crypto_wallet/impl/nios_proj_bsp/\libhal_bsp.a(alt_find_dev.o)
 .data          0x0000000000012bcc        0x0 C:/Users/Class2018/Documents/Projects/Crypto_wallet/impl/nios_proj_bsp/\libhal_bsp.a(alt_find_file.o)
 .data          0x0000000000012bcc        0x0 C:/Users/Class2018/Documents/Projects/Crypto_wallet/impl/nios_proj_bsp/\libhal_bsp.a(alt_get_fd.o)
 .data          0x0000000000012bcc        0x0 C:/Users/Class2018/Documents/Projects/Crypto_wallet/impl/nios_proj_bsp/\libhal_bsp.a(alt_instruction_exception_entry.o)
 .data          0x0000000000012bcc        0x0 c:/intelfpga_lite/18.1/nios2eds/bin/gnu/h-x86_64-mingw32/bin/../lib/gcc/nios2-elf/5.3.0/../../../../../H-x86_64-mingw32/nios2-elf/lib/mno-hw-mul\libsmallc.a(lib_a-atexit.o)
 .data          0x0000000000012bcc        0x0 c:/intelfpga_lite/18.1/nios2eds/bin/gnu/h-x86_64-mingw32/bin/../lib/gcc/nios2-elf/5.3.0/../../../../../H-x86_64-mingw32/nios2-elf/lib/mno-hw-mul\libsmallc.a(lib_a-exit.o)
 .data          0x0000000000012bcc        0x0 c:/intelfpga_lite/18.1/nios2eds/bin/gnu/h-x86_64-mingw32/bin/../lib/gcc/nios2-elf/5.3.0/../../../../../H-x86_64-mingw32/nios2-elf/lib/mno-hw-mul\libsmallc.a(lib_a-memcmp.o)
 .data          0x0000000000012bcc        0x0 c:/intelfpga_lite/18.1/nios2eds/bin/gnu/h-x86_64-mingw32/bin/../lib/gcc/nios2-elf/5.3.0/../../../../../H-x86_64-mingw32/nios2-elf/lib/mno-hw-mul\libsmallc.a(lib_a-__atexit.o)
 .data          0x0000000000012bcc        0x0 c:/intelfpga_lite/18.1/nios2eds/bin/gnu/h-x86_64-mingw32/bin/../lib/gcc/nios2-elf/5.3.0/../../../../../H-x86_64-mingw32/nios2-elf/lib/mno-hw-mul\libsmallc.a(lib_a-__call_atexit.o)
 .data          0x0000000000012bcc        0x0 c:/intelfpga_lite/18.1/nios2eds/bin/gnu/h-x86_64-mingw32/bin/../lib/gcc/nios2-elf/5.3.0/mno-hw-mul\libgcc.a(_umoddi3.o)
 .data          0x0000000000012bcc        0x0 c:/intelfpga_lite/18.1/nios2eds/bin/gnu/h-x86_64-mingw32/bin/../lib/gcc/nios2-elf/5.3.0/mno-hw-mul\libgcc.a(_clz.o)
 .data          0x0000000000012bcc        0x0 C:/Users/Class2018/Documents/Projects/Crypto_wallet/impl/nios_proj_bsp/\libhal_bsp.a(alt_exit.o)
                0x000000000001abcc                _gp = ABSOLUTE ((. + 0x8000))
                [!provide]                        PROVIDE (gp, _gp)
 *(.rwdata .rwdata.*)
 *(.sdata .sdata.* .gnu.linkonce.s.*)
 .sdata         0x0000000000012bcc        0x4 obj/default/sha2.o
 .sdata._global_impure_ptr
                0x0000000000012bd0        0x4 c:/intelfpga_lite/18.1/nios2eds/bin/gnu/h-x86_64-mingw32/bin/../lib/gcc/nios2-elf/5.3.0/../../../../../H-x86_64-mingw32/nios2-elf/lib/mno-hw-mul\libsmallc.a(lib_a-impure.o)
                0x0000000000012bd0                _global_impure_ptr
 .sdata._impure_ptr
                0x0000000000012bd4        0x4 c:/intelfpga_lite/18.1/nios2eds/bin/gnu/h-x86_64-mingw32/bin/../lib/gcc/nios2-elf/5.3.0/../../../../../H-x86_64-mingw32/nios2-elf/lib/mno-hw-mul\libsmallc.a(lib_a-impure.o)
                0x0000000000012bd4                _impure_ptr
 .sdata         0x0000000000012bd8        0x4 C:/Users/Class2018/Documents/Projects/Crypto_wallet/impl/nios_proj_bsp/\libhal_bsp.a(alt_sbrk.o)
 .sdata         0x0000000000012bdc        0x8 C:/Users/Class2018/Documents/Projects/Crypto_wallet/impl/nios_proj_bsp/\libhal_bsp.a(alt_tick.o)
                0x0000000000012bdc                alt_alarm_list
 .sdata         0x0000000000012be4       0x14 C:/Users/Class2018/Documents/Projects/Crypto_wallet/impl/nios_proj_bsp/\libhal_bsp.a(alt_dev.o)
                0x0000000000012be4                alt_fs_list
                0x0000000000012bec                alt_dev_list
                0x0000000000012bf4                alt_max_fd
 .sdata         0x0000000000012bf8        0x4 C:/Users/Class2018/Documents/Projects/Crypto_wallet/impl/nios_proj_bsp/\libhal_bsp.a(alt_errno.o)
                0x0000000000012bf8                alt_errno
 .sdata         0x0000000000012bfc        0x8 C:/Users/Class2018/Documents/Projects/Crypto_wallet/impl/nios_proj_bsp/\libhal_bsp.a(alt_flash_dev.o)
                0x0000000000012bfc                alt_flash_dev_list
 .sdata         0x0000000000012c04        0x4 C:/Users/Class2018/Documents/Projects/Crypto_wallet/impl/nios_proj_bsp/\libhal_bsp.a(alt_irq_vars.o)
                0x0000000000012c04                alt_priority_mask
 *(.sdata2 .sdata2.* .gnu.linkonce.s2.*)
                0x0000000000012c08                . = ALIGN (0x4)
                0x0000000000012c08                _edata = ABSOLUTE (.)
                [!provide]                        PROVIDE (edata, ABSOLUTE (.))
                0x0000000000012c08                PROVIDE (__ram_rwdata_end, ABSOLUTE (.))
                0x0000000000012c08                PROVIDE (__flash_rwdata_start, LOADADDR (.rwdata))

.bss            0x0000000000013ff8      0xce0
                0x0000000000013ff8                __bss_start = ABSOLUTE (.)
                [!provide]                        PROVIDE (__sbss_start, ABSOLUTE (.))
                [!provide]                        PROVIDE (___sbss_start, ABSOLUTE (.))
 *(.dynsbss)
 *(.sbss .sbss.* .gnu.linkonce.sb.*)
 .sbss          0x0000000000013ff8        0x4 obj/default/bip39.o
 .sbss          0x0000000000013ffc        0x4 obj/default/rand.o
 .sbss.__malloc_sbrk_start
                0x0000000000014000        0x4 c:/intelfpga_lite/18.1/nios2eds/bin/gnu/h-x86_64-mingw32/bin/../lib/gcc/nios2-elf/5.3.0/../../../../../H-x86_64-mingw32/nios2-elf/lib/mno-hw-mul\libsmallc.a(lib_a-nano-mallocr.o)
                0x0000000000014000                __malloc_sbrk_start
 .sbss.__malloc_free_list
                0x0000000000014004        0x4 c:/intelfpga_lite/18.1/nios2eds/bin/gnu/h-x86_64-mingw32/bin/../lib/gcc/nios2-elf/5.3.0/../../../../../H-x86_64-mingw32/nios2-elf/lib/mno-hw-mul\libsmallc.a(lib_a-nano-mallocr.o)
                0x0000000000014004                __malloc_free_list
 .sbss._randbits
                0x0000000000014008        0x8 c:/intelfpga_lite/18.1/nios2eds/bin/gnu/h-x86_64-mingw32/bin/../lib/gcc/nios2-elf/5.3.0/../../../../../H-x86_64-mingw32/nios2-elf/lib/mno-hw-mul\libsmallc.a(lib_a-rand.o)
 .sbss          0x0000000000014010        0x4 c:/intelfpga_lite/18.1/nios2eds/bin/gnu/h-x86_64-mingw32/bin/../lib/gcc/nios2-elf/5.3.0/../../../../../H-x86_64-mingw32/nios2-elf/lib/mno-hw-mul\libsmallc.a(lib_a-int_errno.o)
                0x0000000000014010                errno
 .sbss          0x0000000000014014       0x10 C:/Users/Class2018/Documents/Projects/Crypto_wallet/impl/nios_proj_bsp/\libhal_bsp.a(alt_gettod.o)
                0x0000000000014014                alt_timezone
                0x000000000001401c                alt_resettime
 .sbss          0x0000000000014024        0xc C:/Users/Class2018/Documents/Projects/Crypto_wallet/impl/nios_proj_bsp/\libhal_bsp.a(alt_main.o)
                0x0000000000014024                alt_argc
                0x0000000000014028                alt_argv
                0x000000000001402c                alt_envp
 .sbss          0x0000000000014030        0x8 C:/Users/Class2018/Documents/Projects/Crypto_wallet/impl/nios_proj_bsp/\libhal_bsp.a(alt_tick.o)
                0x0000000000014030                _alt_tick_rate
                0x0000000000014034                _alt_nticks
 .sbss          0x0000000000014038        0x4 C:/Users/Class2018/Documents/Projects/Crypto_wallet/impl/nios_proj_bsp/\libhal_bsp.a(alt_irq_vars.o)
                0x0000000000014038                alt_irq_active
 .sbss          0x000000000001403c        0x4 C:/Users/Class2018/Documents/Projects/Crypto_wallet/impl/nios_proj_bsp/\libhal_bsp.a(alt_instruction_exception_entry.o)
                0x000000000001403c                alt_instruction_exception_handler
 *(.sbss2 .sbss2.* .gnu.linkonce.sb2.*)
 *(.scommon)
                [!provide]                        PROVIDE (__sbss_end, ABSOLUTE (.))
                [!provide]                        PROVIDE (___sbss_end, ABSOLUTE (.))
 *(.dynbss)
 *(.bss .bss.* .gnu.linkonce.b.*)
 .bss           0x0000000000014040        0x0 C:/Users/Class2018/Documents/Projects/Crypto_wallet/impl/nios_proj_bsp//obj/HAL/src/crt0.o
 .bss           0x0000000000014040      0x838 obj/default/bip39.o
 .bss           0x0000000000014878      0x360 obj/default/hmac.o
 .bss           0x0000000000014bd8        0x0 obj/default/memzero.o
 .bss           0x0000000000014bd8        0x0 obj/default/pbkdf2.o
 .bss           0x0000000000014bd8        0x0 obj/default/rand.o
 .bss           0x0000000000014bd8        0x0 obj/default/sha2.o
 .bss           0x0000000000014bd8        0x0 obj/default/wallet_main.o
 .bss           0x0000000000014bd8        0x0 obj/default/wallet_system.o
 .bss           0x0000000000014bd8        0x0 c:/intelfpga_lite/18.1/nios2eds/bin/gnu/h-x86_64-mingw32/bin/../lib/gcc/nios2-elf/5.3.0/mno-hw-mul\libgcc.a(lib2-mul.o)
 .bss           0x0000000000014bd8        0x0 c:/intelfpga_lite/18.1/nios2eds/bin/gnu/h-x86_64-mingw32/bin/../lib/gcc/nios2-elf/5.3.0/../../../../../H-x86_64-mingw32/nios2-elf/lib/mno-hw-mul\libsmallc.a(lib_a-malloc.o)
 .bss           0x0000000000014bd8        0x0 c:/intelfpga_lite/18.1/nios2eds/bin/gnu/h-x86_64-mingw32/bin/../lib/gcc/nios2-elf/5.3.0/../../../../../H-x86_64-mingw32/nios2-elf/lib/mno-hw-mul\libsmallc.a(lib_a-memcpy.o)
 .bss           0x0000000000014bd8        0x0 c:/intelfpga_lite/18.1/nios2eds/bin/gnu/h-x86_64-mingw32/bin/../lib/gcc/nios2-elf/5.3.0/../../../../../H-x86_64-mingw32/nios2-elf/lib/mno-hw-mul\libsmallc.a(lib_a-memset.o)
 .bss           0x0000000000014bd8        0x0 c:/intelfpga_lite/18.1/nios2eds/bin/gnu/h-x86_64-mingw32/bin/../lib/gcc/nios2-elf/5.3.0/../../../../../H-x86_64-mingw32/nios2-elf/lib/mno-hw-mul\libsmallc.a(lib_a-nano-freer.o)
 .bss           0x0000000000014bd8        0x0 c:/intelfpga_lite/18.1/nios2eds/bin/gnu/h-x86_64-mingw32/bin/../lib/gcc/nios2-elf/5.3.0/../../../../../H-x86_64-mingw32/nios2-elf/lib/mno-hw-mul\libsmallc.a(lib_a-nano-mallocr.o)
 .bss           0x0000000000014bd8        0x0 c:/intelfpga_lite/18.1/nios2eds/bin/gnu/h-x86_64-mingw32/bin/../lib/gcc/nios2-elf/5.3.0/../../../../../H-x86_64-mingw32/nios2-elf/lib/mno-hw-mul\libsmallc.a(lib_a-printf.o)
 .bss           0x0000000000014bd8        0x0 c:/intelfpga_lite/18.1/nios2eds/bin/gnu/h-x86_64-mingw32/bin/../lib/gcc/nios2-elf/5.3.0/../../../../../H-x86_64-mingw32/nios2-elf/lib/mno-hw-mul\libsmallc.a(lib_a-putchar.o)
 .bss           0x0000000000014bd8        0x0 c:/intelfpga_lite/18.1/nios2eds/bin/gnu/h-x86_64-mingw32/bin/../lib/gcc/nios2-elf/5.3.0/../../../../../H-x86_64-mingw32/nios2-elf/lib/mno-hw-mul\libsmallc.a(lib_a-puts.o)
 .bss           0x0000000000014bd8        0x0 c:/intelfpga_lite/18.1/nios2eds/bin/gnu/h-x86_64-mingw32/bin/../lib/gcc/nios2-elf/5.3.0/../../../../../H-x86_64-mingw32/nios2-elf/lib/mno-hw-mul\libsmallc.a(lib_a-rand.o)
 .bss           0x0000000000014bd8        0x0 c:/intelfpga_lite/18.1/nios2eds/bin/gnu/h-x86_64-mingw32/bin/../lib/gcc/nios2-elf/5.3.0/../../../../../H-x86_64-mingw32/nios2-elf/lib/mno-hw-mul\libsmallc.a(lib_a-sbrkr.o)
 .bss           0x0000000000014bd8        0x0 c:/intelfpga_lite/18.1/nios2eds/bin/gnu/h-x86_64-mingw32/bin/../lib/gcc/nios2-elf/5.3.0/../../../../../H-x86_64-mingw32/nios2-elf/lib/mno-hw-mul\libsmallc.a(lib_a-strcmp.o)
 .bss           0x0000000000014bd8        0x0 c:/intelfpga_lite/18.1/nios2eds/bin/gnu/h-x86_64-mingw32/bin/../lib/gcc/nios2-elf/5.3.0/../../../../../H-x86_64-mingw32/nios2-elf/lib/mno-hw-mul\libsmallc.a(lib_a-strcpy.o)
 .bss           0x0000000000014bd8        0x0 c:/intelfpga_lite/18.1/nios2eds/bin/gnu/h-x86_64-mingw32/bin/../lib/gcc/nios2-elf/5.3.0/../../../../../H-x86_64-mingw32/nios2-elf/lib/mno-hw-mul\libsmallc.a(lib_a-strlen.o)
 .bss           0x0000000000014bd8        0x0 c:/intelfpga_lite/18.1/nios2eds/bin/gnu/h-x86_64-mingw32/bin/../lib/gcc/nios2-elf/5.3.0/../../../../../H-x86_64-mingw32/nios2-elf/lib/mno-hw-mul\libsmallc.a(lib_a-time.o)
 .bss           0x0000000000014bd8        0x0 c:/intelfpga_lite/18.1/nios2eds/bin/gnu/h-x86_64-mingw32/bin/../lib/gcc/nios2-elf/5.3.0/../../../../../H-x86_64-mingw32/nios2-elf/lib/mno-hw-mul\libsmallc.a(lib_a-vfprintf.o)
 .bss           0x0000000000014bd8        0x0 c:/intelfpga_lite/18.1/nios2eds/bin/gnu/h-x86_64-mingw32/bin/../lib/gcc/nios2-elf/5.3.0/../../../../../H-x86_64-mingw32/nios2-elf/lib/mno-hw-mul\libsmallc.a(lib_a-fvwrite_small_dev.o)
 .bss           0x0000000000014bd8        0x0 c:/intelfpga_lite/18.1/nios2eds/bin/gnu/h-x86_64-mingw32/bin/../lib/gcc/nios2-elf/5.3.0/../../../../../H-x86_64-mingw32/nios2-elf/lib/mno-hw-mul\libsmallc.a(lib_a-gettimeofdayr.o)
 .bss           0x0000000000014bd8        0x0 c:/intelfpga_lite/18.1/nios2eds/bin/gnu/h-x86_64-mingw32/bin/../lib/gcc/nios2-elf/5.3.0/../../../../../H-x86_64-mingw32/nios2-elf/lib/mno-hw-mul\libsmallc.a(lib_a-impure.o)
 .bss           0x0000000000014bd8        0x0 c:/intelfpga_lite/18.1/nios2eds/bin/gnu/h-x86_64-mingw32/bin/../lib/gcc/nios2-elf/5.3.0/../../../../../H-x86_64-mingw32/nios2-elf/lib/mno-hw-mul\libsmallc.a(lib_a-int_errno.o)
 .bss           0x0000000000014bd8        0x0 c:/intelfpga_lite/18.1/nios2eds/bin/gnu/h-x86_64-mingw32/bin/../lib/gcc/nios2-elf/5.3.0/../../../../../H-x86_64-mingw32/nios2-elf/lib/mno-hw-mul\libsmallc.a(lib_a-putc.o)
 .bss           0x0000000000014bd8        0x0 c:/intelfpga_lite/18.1/nios2eds/bin/gnu/h-x86_64-mingw32/bin/../lib/gcc/nios2-elf/5.3.0/../../../../../H-x86_64-mingw32/nios2-elf/lib/mno-hw-mul\libsmallc.a(lib_a-writer.o)
 .bss           0x0000000000014bd8        0x0 c:/intelfpga_lite/18.1/nios2eds/bin/gnu/h-x86_64-mingw32/bin/../lib/gcc/nios2-elf/5.3.0/mno-hw-mul\libgcc.a(_muldi3.o)
 .bss           0x0000000000014bd8        0x0 c:/intelfpga_lite/18.1/nios2eds/bin/gnu/h-x86_64-mingw32/bin/../lib/gcc/nios2-elf/5.3.0/mno-hw-mul\libgcc.a(lib2-divmod.o)
 .bss           0x0000000000014bd8        0x0 C:/Users/Class2018/Documents/Projects/Crypto_wallet/impl/nios_proj_bsp/\libhal_bsp.a(alt_gettod.o)
 .bss           0x0000000000014bd8        0x0 C:/Users/Class2018/Documents/Projects/Crypto_wallet/impl/nios_proj_bsp/\libhal_bsp.a(alt_load.o)
 .bss           0x0000000000014bd8        0x0 C:/Users/Class2018/Documents/Projects/Crypto_wallet/impl/nios_proj_bsp/\libhal_bsp.a(alt_main.o)
 .bss           0x0000000000014bd8        0x0 C:/Users/Class2018/Documents/Projects/Crypto_wallet/impl/nios_proj_bsp/\libhal_bsp.a(alt_sbrk.o)
 .bss           0x0000000000014bd8        0x0 C:/Users/Class2018/Documents/Projects/Crypto_wallet/impl/nios_proj_bsp/\libhal_bsp.a(alt_tick.o)
 .bss           0x0000000000014bd8        0x0 C:/Users/Class2018/Documents/Projects/Crypto_wallet/impl/nios_proj_bsp/\libhal_bsp.a(alt_write.o)
 .bss           0x0000000000014bd8        0x0 C:/Users/Class2018/Documents/Projects/Crypto_wallet/impl/nios_proj_bsp/\libhal_bsp.a(alt_sys_init.o)
 .bss           0x0000000000014bd8        0x0 C:/Users/Class2018/Documents/Projects/Crypto_wallet/impl/nios_proj_bsp/\libhal_bsp.a(altera_avalon_epcs_flash_controller.o)
 .bss           0x0000000000014bd8        0x0 C:/Users/Class2018/Documents/Projects/Crypto_wallet/impl/nios_proj_bsp/\libhal_bsp.a(altera_avalon_jtag_uart_fd.o)
 .bss           0x0000000000014bd8        0x0 C:/Users/Class2018/Documents/Projects/Crypto_wallet/impl/nios_proj_bsp/\libhal_bsp.a(altera_avalon_jtag_uart_init.o)
 .bss           0x0000000000014bd8        0x0 C:/Users/Class2018/Documents/Projects/Crypto_wallet/impl/nios_proj_bsp/\libhal_bsp.a(altera_avalon_jtag_uart_ioctl.o)
 .bss           0x0000000000014bd8        0x0 C:/Users/Class2018/Documents/Projects/Crypto_wallet/impl/nios_proj_bsp/\libhal_bsp.a(altera_avalon_jtag_uart_read.o)
 .bss           0x0000000000014bd8        0x0 C:/Users/Class2018/Documents/Projects/Crypto_wallet/impl/nios_proj_bsp/\libhal_bsp.a(altera_avalon_jtag_uart_write.o)
 .bss           0x0000000000014bd8        0x0 C:/Users/Class2018/Documents/Projects/Crypto_wallet/impl/nios_proj_bsp/\libhal_bsp.a(epcs_commands.o)
 .bss           0x0000000000014bd8        0x0 C:/Users/Class2018/Documents/Projects/Crypto_wallet/impl/nios_proj_bsp/\libhal_bsp.a(alt_alarm_start.o)
 .bss           0x0000000000014bd8        0x0 C:/Users/Class2018/Documents/Projects/Crypto_wallet/impl/nios_proj_bsp/\libhal_bsp.a(alt_close.o)
 .bss           0x0000000000014bd8        0x0 C:/Users/Class2018/Documents/Projects/Crypto_wallet/impl/nios_proj_bsp/\libhal_bsp.a(alt_dcache_flush_all.o)
 .bss           0x0000000000014bd8        0x0 C:/Users/Class2018/Documents/Projects/Crypto_wallet/impl/nios_proj_bsp/\libhal_bsp.a(alt_dev.o)
 .bss           0x0000000000014bd8        0x0 C:/Users/Class2018/Documents/Projects/Crypto_wallet/impl/nios_proj_bsp/\libhal_bsp.a(alt_dev_llist_insert.o)
 .bss           0x0000000000014bd8        0x0 C:/Users/Class2018/Documents/Projects/Crypto_wallet/impl/nios_proj_bsp/\libhal_bsp.a(alt_do_ctors.o)
 .bss           0x0000000000014bd8        0x0 C:/Users/Class2018/Documents/Projects/Crypto_wallet/impl/nios_proj_bsp/\libhal_bsp.a(alt_do_dtors.o)
 .bss           0x0000000000014bd8        0x0 C:/Users/Class2018/Documents/Projects/Crypto_wallet/impl/nios_proj_bsp/\libhal_bsp.a(alt_errno.o)
 .bss           0x0000000000014bd8        0x0 C:/Users/Class2018/Documents/Projects/Crypto_wallet/impl/nios_proj_bsp/\libhal_bsp.a(alt_flash_dev.o)
 .bss           0x0000000000014bd8        0x0 C:/Users/Class2018/Documents/Projects/Crypto_wallet/impl/nios_proj_bsp/\libhal_bsp.a(alt_icache_flush_all.o)
 .bss           0x0000000000014bd8        0x0 C:/Users/Class2018/Documents/Projects/Crypto_wallet/impl/nios_proj_bsp/\libhal_bsp.a(alt_iic.o)
 .bss           0x0000000000014bd8        0x0 C:/Users/Class2018/Documents/Projects/Crypto_wallet/impl/nios_proj_bsp/\libhal_bsp.a(alt_iic_isr_register.o)
 .bss           0x0000000000014bd8        0x0 C:/Users/Class2018/Documents/Projects/Crypto_wallet/impl/nios_proj_bsp/\libhal_bsp.a(alt_io_redirect.o)
 .bss           0x0000000000014bd8        0x0 C:/Users/Class2018/Documents/Projects/Crypto_wallet/impl/nios_proj_bsp/\libhal_bsp.a(alt_irq_entry.o)
 .bss           0x0000000000014bd8        0x0 C:/Users/Class2018/Documents/Projects/Crypto_wallet/impl/nios_proj_bsp/\libhal_bsp.a(alt_irq_handler.o)
 .bss           0x0000000000014bd8        0x0 C:/Users/Class2018/Documents/Projects/Crypto_wallet/impl/nios_proj_bsp/\libhal_bsp.a(alt_irq_vars.o)
 .bss           0x0000000000014bd8        0x0 C:/Users/Class2018/Documents/Projects/Crypto_wallet/impl/nios_proj_bsp/\libhal_bsp.a(alt_open.o)
 .bss           0x0000000000014bd8        0x0 C:/Users/Class2018/Documents/Projects/Crypto_wallet/impl/nios_proj_bsp/\libhal_bsp.a(alt_release_fd.o)
 .bss           0x0000000000014bd8        0x0 C:/Users/Class2018/Documents/Projects/Crypto_wallet/impl/nios_proj_bsp/\libhal_bsp.a(altera_nios2_gen2_irq.o)
 .bss           0x0000000000014bd8        0x0 C:/Users/Class2018/Documents/Projects/Crypto_wallet/impl/nios_proj_bsp/\libhal_bsp.a(altera_avalon_spi.o)
 .bss           0x0000000000014bd8        0x0 C:/Users/Class2018/Documents/Projects/Crypto_wallet/impl/nios_proj_bsp/\libhal_bsp.a(alt_exception_entry.o)
 .bss           0x0000000000014bd8        0x0 C:/Users/Class2018/Documents/Projects/Crypto_wallet/impl/nios_proj_bsp/\libhal_bsp.a(alt_find_dev.o)
 .bss           0x0000000000014bd8        0x0 C:/Users/Class2018/Documents/Projects/Crypto_wallet/impl/nios_proj_bsp/\libhal_bsp.a(alt_find_file.o)
 .bss           0x0000000000014bd8        0x0 C:/Users/Class2018/Documents/Projects/Crypto_wallet/impl/nios_proj_bsp/\libhal_bsp.a(alt_get_fd.o)
 .bss           0x0000000000014bd8        0x0 C:/Users/Class2018/Documents/Projects/Crypto_wallet/impl/nios_proj_bsp/\libhal_bsp.a(alt_instruction_exception_entry.o)
 .bss           0x0000000000014bd8        0x0 c:/intelfpga_lite/18.1/nios2eds/bin/gnu/h-x86_64-mingw32/bin/../lib/gcc/nios2-elf/5.3.0/../../../../../H-x86_64-mingw32/nios2-elf/lib/mno-hw-mul\libsmallc.a(lib_a-atexit.o)
 .bss           0x0000000000014bd8        0x0 c:/intelfpga_lite/18.1/nios2eds/bin/gnu/h-x86_64-mingw32/bin/../lib/gcc/nios2-elf/5.3.0/../../../../../H-x86_64-mingw32/nios2-elf/lib/mno-hw-mul\libsmallc.a(lib_a-exit.o)
 .bss           0x0000000000014bd8        0x0 c:/intelfpga_lite/18.1/nios2eds/bin/gnu/h-x86_64-mingw32/bin/../lib/gcc/nios2-elf/5.3.0/../../../../../H-x86_64-mingw32/nios2-elf/lib/mno-hw-mul\libsmallc.a(lib_a-memcmp.o)
 .bss           0x0000000000014bd8        0x0 c:/intelfpga_lite/18.1/nios2eds/bin/gnu/h-x86_64-mingw32/bin/../lib/gcc/nios2-elf/5.3.0/../../../../../H-x86_64-mingw32/nios2-elf/lib/mno-hw-mul\libsmallc.a(lib_a-__atexit.o)
 .bss           0x0000000000014bd8        0x0 c:/intelfpga_lite/18.1/nios2eds/bin/gnu/h-x86_64-mingw32/bin/../lib/gcc/nios2-elf/5.3.0/../../../../../H-x86_64-mingw32/nios2-elf/lib/mno-hw-mul\libsmallc.a(lib_a-__call_atexit.o)
 .bss           0x0000000000014bd8        0x0 c:/intelfpga_lite/18.1/nios2eds/bin/gnu/h-x86_64-mingw32/bin/../lib/gcc/nios2-elf/5.3.0/mno-hw-mul\libgcc.a(_umoddi3.o)
 .bss           0x0000000000014bd8        0x0 c:/intelfpga_lite/18.1/nios2eds/bin/gnu/h-x86_64-mingw32/bin/../lib/gcc/nios2-elf/5.3.0/mno-hw-mul\libgcc.a(_clz.o)
 .bss           0x0000000000014bd8        0x0 C:/Users/Class2018/Documents/Projects/Crypto_wallet/impl/nios_proj_bsp/\libhal_bsp.a(alt_exit.o)
 *(COMMON)
 COMMON         0x0000000000014bd8      0x100 C:/Users/Class2018/Documents/Projects/Crypto_wallet/impl/nios_proj_bsp/\libhal_bsp.a(alt_irq_handler.o)
                0x0000000000014bd8                alt_irq
                0x0000000000014cd8                . = ALIGN (0x4)
                0x0000000000014cd8                __bss_end = ABSOLUTE (.)

.sdram          0x0000000000014cd8        0x0
                [!provide]                        PROVIDE (_alt_partition_sdram_start, ABSOLUTE (.))
 *(.sdram .sdram. sdram.*)
                0x0000000000014cd8                . = ALIGN (0x4)
                [!provide]                        PROVIDE (_alt_partition_sdram_end, ABSOLUTE (.))
                0x0000000000014cd8                _end = ABSOLUTE (.)
                0x0000000000014cd8                end = ABSOLUTE (.)
                0x0000000000014cd8                __alt_stack_base = ABSOLUTE (.)
                [!provide]                        PROVIDE (_alt_partition_sdram_load_addr, LOADADDR (.sdram))

.onchip_memory2
                0x0000000002000000        0x0 load address 0x0000000000014cd8
                [!provide]                        PROVIDE (_alt_partition_onchip_memory2_start, ABSOLUTE (.))
 *(.onchip_memory2 .onchip_memory2. onchip_memory2.*)
                0x0000000002000000                . = ALIGN (0x4)
                [!provide]                        PROVIDE (_alt_partition_onchip_memory2_end, ABSOLUTE (.))
                [!provide]                        PROVIDE (_alt_partition_onchip_memory2_load_addr, LOADADDR (.onchip_memory2))

.epcs_flash_controller
                0x0000000002009000        0x0 load address 0x0000000000014cd8
                [!provide]                        PROVIDE (_alt_partition_epcs_flash_controller_start, ABSOLUTE (.))
 *(.epcs_flash_controller .epcs_flash_controller. epcs_flash_controller.*)
                0x0000000002009000                . = ALIGN (0x4)
                [!provide]                        PROVIDE (_alt_partition_epcs_flash_controller_end, ABSOLUTE (.))
                [!provide]                        PROVIDE (_alt_partition_epcs_flash_controller_load_addr, LOADADDR (.epcs_flash_controller))

.stab
 *(.stab)

.stabstr
 *(.stabstr)

.stab.excl
 *(.stab.excl)

.stab.exclstr
 *(.stab.exclstr)

.stab.index
 *(.stab.index)

.stab.indexstr
 *(.stab.indexstr)

.comment        0x0000000000000000       0x23
 *(.comment)
 .comment       0x0000000000000000       0x23 obj/default/bip39.o
                                         0x24 (size before relaxing)
 .comment       0x0000000000000023       0x24 obj/default/hmac.o
 .comment       0x0000000000000023       0x24 obj/default/memzero.o
 .comment       0x0000000000000023       0x24 obj/default/pbkdf2.o
 .comment       0x0000000000000023       0x24 obj/default/rand.o
 .comment       0x0000000000000023       0x24 obj/default/sha2.o
 .comment       0x0000000000000023       0x24 obj/default/wallet_main.o
 .comment       0x0000000000000023       0x24 obj/default/wallet_system.o
 .comment       0x0000000000000023       0x24 c:/intelfpga_lite/18.1/nios2eds/bin/gnu/h-x86_64-mingw32/bin/../lib/gcc/nios2-elf/5.3.0/mno-hw-mul\libgcc.a(lib2-mul.o)
 .comment       0x0000000000000023       0x24 c:/intelfpga_lite/18.1/nios2eds/bin/gnu/h-x86_64-mingw32/bin/../lib/gcc/nios2-elf/5.3.0/../../../../../H-x86_64-mingw32/nios2-elf/lib/mno-hw-mul\libsmallc.a(lib_a-malloc.o)
 .comment       0x0000000000000023       0x24 c:/intelfpga_lite/18.1/nios2eds/bin/gnu/h-x86_64-mingw32/bin/../lib/gcc/nios2-elf/5.3.0/../../../../../H-x86_64-mingw32/nios2-elf/lib/mno-hw-mul\libsmallc.a(lib_a-memcpy.o)
 .comment       0x0000000000000023       0x24 c:/intelfpga_lite/18.1/nios2eds/bin/gnu/h-x86_64-mingw32/bin/../lib/gcc/nios2-elf/5.3.0/../../../../../H-x86_64-mingw32/nios2-elf/lib/mno-hw-mul\libsmallc.a(lib_a-memset.o)
 .comment       0x0000000000000023       0x24 c:/intelfpga_lite/18.1/nios2eds/bin/gnu/h-x86_64-mingw32/bin/../lib/gcc/nios2-elf/5.3.0/../../../../../H-x86_64-mingw32/nios2-elf/lib/mno-hw-mul\libsmallc.a(lib_a-nano-freer.o)
 .comment       0x0000000000000023       0x24 c:/intelfpga_lite/18.1/nios2eds/bin/gnu/h-x86_64-mingw32/bin/../lib/gcc/nios2-elf/5.3.0/../../../../../H-x86_64-mingw32/nios2-elf/lib/mno-hw-mul\libsmallc.a(lib_a-nano-mallocr.o)
 .comment       0x0000000000000023       0x24 c:/intelfpga_lite/18.1/nios2eds/bin/gnu/h-x86_64-mingw32/bin/../lib/gcc/nios2-elf/5.3.0/../../../../../H-x86_64-mingw32/nios2-elf/lib/mno-hw-mul\libsmallc.a(lib_a-printf.o)
 .comment       0x0000000000000023       0x24 c:/intelfpga_lite/18.1/nios2eds/bin/gnu/h-x86_64-mingw32/bin/../lib/gcc/nios2-elf/5.3.0/../../../../../H-x86_64-mingw32/nios2-elf/lib/mno-hw-mul\libsmallc.a(lib_a-putchar.o)
 .comment       0x0000000000000023       0x24 c:/intelfpga_lite/18.1/nios2eds/bin/gnu/h-x86_64-mingw32/bin/../lib/gcc/nios2-elf/5.3.0/../../../../../H-x86_64-mingw32/nios2-elf/lib/mno-hw-mul\libsmallc.a(lib_a-puts.o)
 .comment       0x0000000000000023       0x24 c:/intelfpga_lite/18.1/nios2eds/bin/gnu/h-x86_64-mingw32/bin/../lib/gcc/nios2-elf/5.3.0/../../../../../H-x86_64-mingw32/nios2-elf/lib/mno-hw-mul\libsmallc.a(lib_a-rand.o)
 .comment       0x0000000000000023       0x24 c:/intelfpga_lite/18.1/nios2eds/bin/gnu/h-x86_64-mingw32/bin/../lib/gcc/nios2-elf/5.3.0/../../../../../H-x86_64-mingw32/nios2-elf/lib/mno-hw-mul\libsmallc.a(lib_a-sbrkr.o)
 .comment       0x0000000000000023       0x24 c:/intelfpga_lite/18.1/nios2eds/bin/gnu/h-x86_64-mingw32/bin/../lib/gcc/nios2-elf/5.3.0/../../../../../H-x86_64-mingw32/nios2-elf/lib/mno-hw-mul\libsmallc.a(lib_a-strcmp.o)
 .comment       0x0000000000000023       0x24 c:/intelfpga_lite/18.1/nios2eds/bin/gnu/h-x86_64-mingw32/bin/../lib/gcc/nios2-elf/5.3.0/../../../../../H-x86_64-mingw32/nios2-elf/lib/mno-hw-mul\libsmallc.a(lib_a-strcpy.o)
 .comment       0x0000000000000023       0x24 c:/intelfpga_lite/18.1/nios2eds/bin/gnu/h-x86_64-mingw32/bin/../lib/gcc/nios2-elf/5.3.0/../../../../../H-x86_64-mingw32/nios2-elf/lib/mno-hw-mul\libsmallc.a(lib_a-strlen.o)
 .comment       0x0000000000000023       0x24 c:/intelfpga_lite/18.1/nios2eds/bin/gnu/h-x86_64-mingw32/bin/../lib/gcc/nios2-elf/5.3.0/../../../../../H-x86_64-mingw32/nios2-elf/lib/mno-hw-mul\libsmallc.a(lib_a-time.o)
 .comment       0x0000000000000023       0x24 c:/intelfpga_lite/18.1/nios2eds/bin/gnu/h-x86_64-mingw32/bin/../lib/gcc/nios2-elf/5.3.0/../../../../../H-x86_64-mingw32/nios2-elf/lib/mno-hw-mul\libsmallc.a(lib_a-vfprintf.o)
 .comment       0x0000000000000023       0x24 c:/intelfpga_lite/18.1/nios2eds/bin/gnu/h-x86_64-mingw32/bin/../lib/gcc/nios2-elf/5.3.0/../../../../../H-x86_64-mingw32/nios2-elf/lib/mno-hw-mul\libsmallc.a(lib_a-fvwrite_small_dev.o)
 .comment       0x0000000000000023       0x24 c:/intelfpga_lite/18.1/nios2eds/bin/gnu/h-x86_64-mingw32/bin/../lib/gcc/nios2-elf/5.3.0/../../../../../H-x86_64-mingw32/nios2-elf/lib/mno-hw-mul\libsmallc.a(lib_a-gettimeofdayr.o)
 .comment       0x0000000000000023       0x24 c:/intelfpga_lite/18.1/nios2eds/bin/gnu/h-x86_64-mingw32/bin/../lib/gcc/nios2-elf/5.3.0/../../../../../H-x86_64-mingw32/nios2-elf/lib/mno-hw-mul\libsmallc.a(lib_a-impure.o)
 .comment       0x0000000000000023       0x24 c:/intelfpga_lite/18.1/nios2eds/bin/gnu/h-x86_64-mingw32/bin/../lib/gcc/nios2-elf/5.3.0/../../../../../H-x86_64-mingw32/nios2-elf/lib/mno-hw-mul\libsmallc.a(lib_a-int_errno.o)
 .comment       0x0000000000000023       0x24 c:/intelfpga_lite/18.1/nios2eds/bin/gnu/h-x86_64-mingw32/bin/../lib/gcc/nios2-elf/5.3.0/../../../../../H-x86_64-mingw32/nios2-elf/lib/mno-hw-mul\libsmallc.a(lib_a-putc.o)
 .comment       0x0000000000000023       0x24 c:/intelfpga_lite/18.1/nios2eds/bin/gnu/h-x86_64-mingw32/bin/../lib/gcc/nios2-elf/5.3.0/../../../../../H-x86_64-mingw32/nios2-elf/lib/mno-hw-mul\libsmallc.a(lib_a-writer.o)
 .comment       0x0000000000000023       0x24 c:/intelfpga_lite/18.1/nios2eds/bin/gnu/h-x86_64-mingw32/bin/../lib/gcc/nios2-elf/5.3.0/mno-hw-mul\libgcc.a(_muldi3.o)
 .comment       0x0000000000000023       0x24 c:/intelfpga_lite/18.1/nios2eds/bin/gnu/h-x86_64-mingw32/bin/../lib/gcc/nios2-elf/5.3.0/mno-hw-mul\libgcc.a(lib2-divmod.o)
 .comment       0x0000000000000023       0x24 C:/Users/Class2018/Documents/Projects/Crypto_wallet/impl/nios_proj_bsp/\libhal_bsp.a(alt_gettod.o)
 .comment       0x0000000000000023       0x24 C:/Users/Class2018/Documents/Projects/Crypto_wallet/impl/nios_proj_bsp/\libhal_bsp.a(alt_load.o)
 .comment       0x0000000000000023       0x24 C:/Users/Class2018/Documents/Projects/Crypto_wallet/impl/nios_proj_bsp/\libhal_bsp.a(alt_main.o)
 .comment       0x0000000000000023       0x24 C:/Users/Class2018/Documents/Projects/Crypto_wallet/impl/nios_proj_bsp/\libhal_bsp.a(alt_sbrk.o)
 .comment       0x0000000000000023       0x24 C:/Users/Class2018/Documents/Projects/Crypto_wallet/impl/nios_proj_bsp/\libhal_bsp.a(alt_tick.o)
 .comment       0x0000000000000023       0x24 C:/Users/Class2018/Documents/Projects/Crypto_wallet/impl/nios_proj_bsp/\libhal_bsp.a(alt_write.o)
 .comment       0x0000000000000023       0x24 C:/Users/Class2018/Documents/Projects/Crypto_wallet/impl/nios_proj_bsp/\libhal_bsp.a(alt_sys_init.o)
 .comment       0x0000000000000023       0x24 C:/Users/Class2018/Documents/Projects/Crypto_wallet/impl/nios_proj_bsp/\libhal_bsp.a(altera_avalon_epcs_flash_controller.o)
 .comment       0x0000000000000023       0x24 C:/Users/Class2018/Documents/Projects/Crypto_wallet/impl/nios_proj_bsp/\libhal_bsp.a(altera_avalon_jtag_uart_fd.o)
 .comment       0x0000000000000023       0x24 C:/Users/Class2018/Documents/Projects/Crypto_wallet/impl/nios_proj_bsp/\libhal_bsp.a(altera_avalon_jtag_uart_init.o)
 .comment       0x0000000000000023       0x24 C:/Users/Class2018/Documents/Projects/Crypto_wallet/impl/nios_proj_bsp/\libhal_bsp.a(altera_avalon_jtag_uart_ioctl.o)
 .comment       0x0000000000000023       0x24 C:/Users/Class2018/Documents/Projects/Crypto_wallet/impl/nios_proj_bsp/\libhal_bsp.a(altera_avalon_jtag_uart_read.o)
 .comment       0x0000000000000023       0x24 C:/Users/Class2018/Documents/Projects/Crypto_wallet/impl/nios_proj_bsp/\libhal_bsp.a(altera_avalon_jtag_uart_write.o)
 .comment       0x0000000000000023       0x24 C:/Users/Class2018/Documents/Projects/Crypto_wallet/impl/nios_proj_bsp/\libhal_bsp.a(epcs_commands.o)
 .comment       0x0000000000000023       0x24 C:/Users/Class2018/Documents/Projects/Crypto_wallet/impl/nios_proj_bsp/\libhal_bsp.a(alt_alarm_start.o)
 .comment       0x0000000000000023       0x24 C:/Users/Class2018/Documents/Projects/Crypto_wallet/impl/nios_proj_bsp/\libhal_bsp.a(alt_close.o)
 .comment       0x0000000000000023       0x24 C:/Users/Class2018/Documents/Projects/Crypto_wallet/impl/nios_proj_bsp/\libhal_bsp.a(alt_dcache_flush_all.o)
 .comment       0x0000000000000023       0x24 C:/Users/Class2018/Documents/Projects/Crypto_wallet/impl/nios_proj_bsp/\libhal_bsp.a(alt_dev.o)
 .comment       0x0000000000000023       0x24 C:/Users/Class2018/Documents/Projects/Crypto_wallet/impl/nios_proj_bsp/\libhal_bsp.a(alt_dev_llist_insert.o)
 .comment       0x0000000000000023       0x24 C:/Users/Class2018/Documents/Projects/Crypto_wallet/impl/nios_proj_bsp/\libhal_bsp.a(alt_do_ctors.o)
 .comment       0x0000000000000023       0x24 C:/Users/Class2018/Documents/Projects/Crypto_wallet/impl/nios_proj_bsp/\libhal_bsp.a(alt_do_dtors.o)
 .comment       0x0000000000000023       0x24 C:/Users/Class2018/Documents/Projects/Crypto_wallet/impl/nios_proj_bsp/\libhal_bsp.a(alt_errno.o)
 .comment       0x0000000000000023       0x24 C:/Users/Class2018/Documents/Projects/Crypto_wallet/impl/nios_proj_bsp/\libhal_bsp.a(alt_flash_dev.o)
 .comment       0x0000000000000023       0x24 C:/Users/Class2018/Documents/Projects/Crypto_wallet/impl/nios_proj_bsp/\libhal_bsp.a(alt_icache_flush_all.o)
 .comment       0x0000000000000023       0x24 C:/Users/Class2018/Documents/Projects/Crypto_wallet/impl/nios_proj_bsp/\libhal_bsp.a(alt_iic.o)
 .comment       0x0000000000000023       0x24 C:/Users/Class2018/Documents/Projects/Crypto_wallet/impl/nios_proj_bsp/\libhal_bsp.a(alt_iic_isr_register.o)
 .comment       0x0000000000000023       0x24 C:/Users/Class2018/Documents/Projects/Crypto_wallet/impl/nios_proj_bsp/\libhal_bsp.a(alt_io_redirect.o)
 .comment       0x0000000000000023       0x24 C:/Users/Class2018/Documents/Projects/Crypto_wallet/impl/nios_proj_bsp/\libhal_bsp.a(alt_irq_handler.o)
 .comment       0x0000000000000023       0x24 C:/Users/Class2018/Documents/Projects/Crypto_wallet/impl/nios_proj_bsp/\libhal_bsp.a(alt_irq_vars.o)
 .comment       0x0000000000000023       0x24 C:/Users/Class2018/Documents/Projects/Crypto_wallet/impl/nios_proj_bsp/\libhal_bsp.a(alt_open.o)
 .comment       0x0000000000000023       0x24 C:/Users/Class2018/Documents/Projects/Crypto_wallet/impl/nios_proj_bsp/\libhal_bsp.a(alt_release_fd.o)
 .comment       0x0000000000000023       0x24 C:/Users/Class2018/Documents/Projects/Crypto_wallet/impl/nios_proj_bsp/\libhal_bsp.a(altera_nios2_gen2_irq.o)
 .comment       0x0000000000000023       0x24 C:/Users/Class2018/Documents/Projects/Crypto_wallet/impl/nios_proj_bsp/\libhal_bsp.a(altera_avalon_spi.o)
 .comment       0x0000000000000023       0x24 C:/Users/Class2018/Documents/Projects/Crypto_wallet/impl/nios_proj_bsp/\libhal_bsp.a(alt_find_dev.o)
 .comment       0x0000000000000023       0x24 C:/Users/Class2018/Documents/Projects/Crypto_wallet/impl/nios_proj_bsp/\libhal_bsp.a(alt_find_file.o)
 .comment       0x0000000000000023       0x24 C:/Users/Class2018/Documents/Projects/Crypto_wallet/impl/nios_proj_bsp/\libhal_bsp.a(alt_get_fd.o)
 .comment       0x0000000000000023       0x24 C:/Users/Class2018/Documents/Projects/Crypto_wallet/impl/nios_proj_bsp/\libhal_bsp.a(alt_instruction_exception_entry.o)
 .comment       0x0000000000000023       0x24 c:/intelfpga_lite/18.1/nios2eds/bin/gnu/h-x86_64-mingw32/bin/../lib/gcc/nios2-elf/5.3.0/../../../../../H-x86_64-mingw32/nios2-elf/lib/mno-hw-mul\libsmallc.a(lib_a-atexit.o)
 .comment       0x0000000000000023       0x24 c:/intelfpga_lite/18.1/nios2eds/bin/gnu/h-x86_64-mingw32/bin/../lib/gcc/nios2-elf/5.3.0/../../../../../H-x86_64-mingw32/nios2-elf/lib/mno-hw-mul\libsmallc.a(lib_a-exit.o)
 .comment       0x0000000000000023       0x24 c:/intelfpga_lite/18.1/nios2eds/bin/gnu/h-x86_64-mingw32/bin/../lib/gcc/nios2-elf/5.3.0/../../../../../H-x86_64-mingw32/nios2-elf/lib/mno-hw-mul\libsmallc.a(lib_a-memcmp.o)
 .comment       0x0000000000000023       0x24 c:/intelfpga_lite/18.1/nios2eds/bin/gnu/h-x86_64-mingw32/bin/../lib/gcc/nios2-elf/5.3.0/../../../../../H-x86_64-mingw32/nios2-elf/lib/mno-hw-mul\libsmallc.a(lib_a-__atexit.o)
 .comment       0x0000000000000023       0x24 c:/intelfpga_lite/18.1/nios2eds/bin/gnu/h-x86_64-mingw32/bin/../lib/gcc/nios2-elf/5.3.0/../../../../../H-x86_64-mingw32/nios2-elf/lib/mno-hw-mul\libsmallc.a(lib_a-__call_atexit.o)
 .comment       0x0000000000000023       0x24 c:/intelfpga_lite/18.1/nios2eds/bin/gnu/h-x86_64-mingw32/bin/../lib/gcc/nios2-elf/5.3.0/mno-hw-mul\libgcc.a(_umoddi3.o)
 .comment       0x0000000000000023       0x24 c:/intelfpga_lite/18.1/nios2eds/bin/gnu/h-x86_64-mingw32/bin/../lib/gcc/nios2-elf/5.3.0/mno-hw-mul\libgcc.a(_clz.o)
 .comment       0x0000000000000023       0x24 C:/Users/Class2018/Documents/Projects/Crypto_wallet/impl/nios_proj_bsp/\libhal_bsp.a(alt_exit.o)

.debug
 *(.debug)

.line
 *(.line)

.debug_srcinfo
 *(.debug_srcinfo)

.debug_sfnames
 *(.debug_sfnames)

.debug_aranges  0x0000000000000000      0xa30
 *(.debug_aranges)
 .debug_aranges
                0x0000000000000000       0x28 C:/Users/Class2018/Documents/Projects/Crypto_wallet/impl/nios_proj_bsp//obj/HAL/src/crt0.o
 .debug_aranges
                0x0000000000000028       0x20 obj/default/bip39.o
 .debug_aranges
                0x0000000000000048       0x20 obj/default/hmac.o
 .debug_aranges
                0x0000000000000068       0x20 obj/default/memzero.o
 .debug_aranges
                0x0000000000000088       0x20 obj/default/pbkdf2.o
 .debug_aranges
                0x00000000000000a8       0x20 obj/default/rand.o
 .debug_aranges
                0x00000000000000c8       0x20 obj/default/sha2.o
 .debug_aranges
                0x00000000000000e8       0x20 obj/default/wallet_main.o
 .debug_aranges
                0x0000000000000108       0x20 c:/intelfpga_lite/18.1/nios2eds/bin/gnu/h-x86_64-mingw32/bin/../lib/gcc/nios2-elf/5.3.0/mno-hw-mul\libgcc.a(lib2-mul.o)
 .debug_aranges
                0x0000000000000128       0x28 c:/intelfpga_lite/18.1/nios2eds/bin/gnu/h-x86_64-mingw32/bin/../lib/gcc/nios2-elf/5.3.0/../../../../../H-x86_64-mingw32/nios2-elf/lib/mno-hw-mul\libsmallc.a(lib_a-malloc.o)
 .debug_aranges
                0x0000000000000150       0x20 c:/intelfpga_lite/18.1/nios2eds/bin/gnu/h-x86_64-mingw32/bin/../lib/gcc/nios2-elf/5.3.0/../../../../../H-x86_64-mingw32/nios2-elf/lib/mno-hw-mul\libsmallc.a(lib_a-memcpy.o)
 .debug_aranges
                0x0000000000000170       0x20 c:/intelfpga_lite/18.1/nios2eds/bin/gnu/h-x86_64-mingw32/bin/../lib/gcc/nios2-elf/5.3.0/../../../../../H-x86_64-mingw32/nios2-elf/lib/mno-hw-mul\libsmallc.a(lib_a-memset.o)
 .debug_aranges
                0x0000000000000190       0x20 c:/intelfpga_lite/18.1/nios2eds/bin/gnu/h-x86_64-mingw32/bin/../lib/gcc/nios2-elf/5.3.0/../../../../../H-x86_64-mingw32/nios2-elf/lib/mno-hw-mul\libsmallc.a(lib_a-nano-freer.o)
 .debug_aranges
                0x00000000000001b0       0x20 c:/intelfpga_lite/18.1/nios2eds/bin/gnu/h-x86_64-mingw32/bin/../lib/gcc/nios2-elf/5.3.0/../../../../../H-x86_64-mingw32/nios2-elf/lib/mno-hw-mul\libsmallc.a(lib_a-nano-mallocr.o)
 .debug_aranges
                0x00000000000001d0       0x28 c:/intelfpga_lite/18.1/nios2eds/bin/gnu/h-x86_64-mingw32/bin/../lib/gcc/nios2-elf/5.3.0/../../../../../H-x86_64-mingw32/nios2-elf/lib/mno-hw-mul\libsmallc.a(lib_a-printf.o)
 .debug_aranges
                0x00000000000001f8       0x28 c:/intelfpga_lite/18.1/nios2eds/bin/gnu/h-x86_64-mingw32/bin/../lib/gcc/nios2-elf/5.3.0/../../../../../H-x86_64-mingw32/nios2-elf/lib/mno-hw-mul\libsmallc.a(lib_a-putchar.o)
 .debug_aranges
                0x0000000000000220       0x28 c:/intelfpga_lite/18.1/nios2eds/bin/gnu/h-x86_64-mingw32/bin/../lib/gcc/nios2-elf/5.3.0/../../../../../H-x86_64-mingw32/nios2-elf/lib/mno-hw-mul\libsmallc.a(lib_a-puts.o)
 .debug_aranges
                0x0000000000000248       0x28 c:/intelfpga_lite/18.1/nios2eds/bin/gnu/h-x86_64-mingw32/bin/../lib/gcc/nios2-elf/5.3.0/../../../../../H-x86_64-mingw32/nios2-elf/lib/mno-hw-mul\libsmallc.a(lib_a-rand.o)
 .debug_aranges
                0x0000000000000270       0x20 c:/intelfpga_lite/18.1/nios2eds/bin/gnu/h-x86_64-mingw32/bin/../lib/gcc/nios2-elf/5.3.0/../../../../../H-x86_64-mingw32/nios2-elf/lib/mno-hw-mul\libsmallc.a(lib_a-sbrkr.o)
 .debug_aranges
                0x0000000000000290       0x20 c:/intelfpga_lite/18.1/nios2eds/bin/gnu/h-x86_64-mingw32/bin/../lib/gcc/nios2-elf/5.3.0/../../../../../H-x86_64-mingw32/nios2-elf/lib/mno-hw-mul\libsmallc.a(lib_a-strcmp.o)
 .debug_aranges
                0x00000000000002b0       0x20 c:/intelfpga_lite/18.1/nios2eds/bin/gnu/h-x86_64-mingw32/bin/../lib/gcc/nios2-elf/5.3.0/../../../../../H-x86_64-mingw32/nios2-elf/lib/mno-hw-mul\libsmallc.a(lib_a-strcpy.o)
 .debug_aranges
                0x00000000000002d0       0x20 c:/intelfpga_lite/18.1/nios2eds/bin/gnu/h-x86_64-mingw32/bin/../lib/gcc/nios2-elf/5.3.0/../../../../../H-x86_64-mingw32/nios2-elf/lib/mno-hw-mul\libsmallc.a(lib_a-strlen.o)
 .debug_aranges
                0x00000000000002f0       0x20 c:/intelfpga_lite/18.1/nios2eds/bin/gnu/h-x86_64-mingw32/bin/../lib/gcc/nios2-elf/5.3.0/../../../../../H-x86_64-mingw32/nios2-elf/lib/mno-hw-mul\libsmallc.a(lib_a-time.o)
 .debug_aranges
                0x0000000000000310       0x30 c:/intelfpga_lite/18.1/nios2eds/bin/gnu/h-x86_64-mingw32/bin/../lib/gcc/nios2-elf/5.3.0/../../../../../H-x86_64-mingw32/nios2-elf/lib/mno-hw-mul\libsmallc.a(lib_a-vfprintf.o)
 .debug_aranges