Archive member included to satisfy reference by file (symbol)

../../../btclib\libbtclib.a(chainparams.o)
                              obj/default/wallet_main.o (btc_chainparams_test)
../../../btclib\libbtclib.a(commontools.o)
                              obj/default/wallet_main.o (hd_gen_master)
../../../btclib\libbtclib.a(ecc_key.o)
                              ../../../btclib\libbtclib.a(commontools.o) (btc_privkey_init)
../../../btclib\libbtclib.a(ecc_libsecp256k1.o)
                              ../../../btclib\libbtclib.a(ecc_key.o) (btc_ecc_get_pubkey)
../../../btclib\libbtclib.a(memory.o)
                              ../../../btclib\libbtclib.a(ecc_key.o) (btc_mem_zero)
../../../btclib\libbtclib.a(random.o)
                              ../../../btclib\libbtclib.a(ecc_libsecp256k1.o) (btc_random_init)
../../../btclib\libbtclib.a(ripemd160.o)
                              ../../../btclib\libbtclib.a(ecc_key.o) (btc_ripemd160)
../../../btclib\libbtclib.a(script.o)
                              ../../../btclib\libbtclib.a(ecc_key.o) (btc_script_build_p2wpkh)
../../../btclib\libbtclib.a(bench_internal.o)
                              ../../../btclib\libbtclib.a(ecc_libsecp256k1.o) (secp256k1_context_create)
../../../btclib\libbtclib.a(segwit_addr.o)
                              ../../../btclib\libbtclib.a(ecc_key.o) (segwit_addr_encode)
../../../btclib\libbtclib.a(serialize.o)
                              ../../../btclib\libbtclib.a(script.o) (deser_skip)
../../../btclib\libbtclib.a(utils.o)
                              ../../../btclib\libbtclib.a(commontools.o) (utils_hex_to_bin)
../../../btclib\libbtclib.a(vector.o)
                              ../../../btclib\libbtclib.a(script.o) (vector_new)
../../../btclib\libbtclib.a(base58.o)
                              ../../../btclib\libbtclib.a(commontools.o) (btc_base58_encode_check)
../../../btclib\libbtclib.a(bip32.o)
                              ../../../btclib\libbtclib.a(commontools.o) (btc_hdnode_from_seed)
../../../btclib\libbtclib.a(cstr.o)
                              ../../../btclib\libbtclib.a(ecc_key.o) (cstr_new_sz)
c:/intelfpga_lite/18.1/nios2eds/bin/gnu/h-x86_64-mingw32/bin/../lib/gcc/nios2-elf/5.3.0\libgcc.a(_muldi3.o)
                              ../../../btclib\libbtclib.a(bench_internal.o) (__muldi3)
c:/intelfpga_lite/18.1/nios2eds/bin/gnu/h-x86_64-mingw32/bin/../lib/gcc/nios2-elf/5.3.0\libgcc.a(lib2-divmod.o)
                              ../../../btclib\libbtclib.a(bench_internal.o) (__divsi3)
c:/intelfpga_lite/18.1/nios2eds/bin/gnu/h-x86_64-mingw32/bin/../lib/gcc/nios2-elf/5.3.0\libgcc.a(lib2-mul.o)
                              obj/default/bip39.o (__mulsi3)
c:/intelfpga_lite/18.1/nios2eds/bin/gnu/h-x86_64-mingw32/bin/../lib/gcc/nios2-elf/5.3.0\libgcc.a(adddf3.o)
                              ../../../btclib\libbtclib.a(bench_internal.o) (__adddf3)
c:/intelfpga_lite/18.1/nios2eds/bin/gnu/h-x86_64-mingw32/bin/../lib/gcc/nios2-elf/5.3.0\libgcc.a(divdf3.o)
                              ../../../btclib\libbtclib.a(bench_internal.o) (__divdf3)
c:/intelfpga_lite/18.1/nios2eds/bin/gnu/h-x86_64-mingw32/bin/../lib/gcc/nios2-elf/5.3.0\libgcc.a(gedf2.o)
                              ../../../btclib\libbtclib.a(bench_internal.o) (__gtdf2)
c:/intelfpga_lite/18.1/nios2eds/bin/gnu/h-x86_64-mingw32/bin/../lib/gcc/nios2-elf/5.3.0\libgcc.a(ledf2.o)
                              ../../../btclib\libbtclib.a(bench_internal.o) (__ltdf2)
c:/intelfpga_lite/18.1/nios2eds/bin/gnu/h-x86_64-mingw32/bin/../lib/gcc/nios2-elf/5.3.0\libgcc.a(muldf3.o)
                              ../../../btclib\libbtclib.a(bench_internal.o) (__muldf3)
c:/intelfpga_lite/18.1/nios2eds/bin/gnu/h-x86_64-mingw32/bin/../lib/gcc/nios2-elf/5.3.0\libgcc.a(subdf3.o)
                              ../../../btclib\libbtclib.a(bench_internal.o) (__subdf3)
c:/intelfpga_lite/18.1/nios2eds/bin/gnu/h-x86_64-mingw32/bin/../lib/gcc/nios2-elf/5.3.0\libgcc.a(floatsidf.o)
                              ../../../btclib\libbtclib.a(bench_internal.o) (__floatsidf)
c:/intelfpga_lite/18.1/nios2eds/bin/gnu/h-x86_64-mingw32/bin/../lib/gcc/nios2-elf/5.3.0\libgcc.a(_clzsi2.o)
                              c:/intelfpga_lite/18.1/nios2eds/bin/gnu/h-x86_64-mingw32/bin/../lib/gcc/nios2-elf/5.3.0\libgcc.a(adddf3.o) (__clzsi2)
c:/intelfpga_lite/18.1/nios2eds/bin/gnu/h-x86_64-mingw32/bin/../lib/gcc/nios2-elf/5.3.0\libgcc.a(_clz.o)
                              c:/intelfpga_lite/18.1/nios2eds/bin/gnu/h-x86_64-mingw32/bin/../lib/gcc/nios2-elf/5.3.0\libgcc.a(_clzsi2.o) (__clz_tab)
c:/intelfpga_lite/18.1/nios2eds/bin/gnu/h-x86_64-mingw32/bin/../lib/gcc/nios2-elf/5.3.0/../../../../../H-x86_64-mingw32/nios2-elf/lib\libsmallc.a(lib_a-abort.o)
                              ../../../btclib\libbtclib.a(bench_internal.o) (abort)
[...]
Memory Configuration

Name             Origin             Length             Attributes
reset            0x0000000000000000 0x0000000000000020
sdram            0x0000000000000020 0x0000000001ffffe0
onchip_memory2   0x0000000002000000 0x0000000000006590
epcs_flash_controller 0x0000000002009000 0x0000000000000800
*default*        0x0000000000000000 0xffffffffffffffff

Linker script and memory map

LOAD C:/Users/Class2018/Documents/Projects/Crypto_wallet/impl/nios_proj_bsp//obj/HAL/src/crt0.o
LOAD obj/default/bip39.o
LOAD obj/default/hmac.o
LOAD obj/default/memzero.o
LOAD obj/default/pbkdf2.o
LOAD obj/default/rand.o
LOAD obj/default/sha2.o
LOAD obj/default/wallet_main.o
LOAD obj/default/wallet_system.o
LOAD ../../../btclib\libbtclib.a
LOAD c:/intelfpga_lite/18.1/nios2eds/bin/gnu/h-x86_64-mingw32/bin/../lib/gcc/nios2-elf/5.3.0/../../../../../H-x86_64-mingw32/nios2-elf/lib\libstdc++.a
LOAD c:/intelfpga_lite/18.1/nios2eds/bin/gnu/h-x86_64-mingw32/bin/../lib/gcc/nios2-elf/5.3.0/../../../../../H-x86_64-mingw32/nios2-elf/lib\libm.a
LOAD c:/intelfpga_lite/18.1/nios2eds/bin/gnu/h-x86_64-mingw32/bin/../lib/gcc/nios2-elf/5.3.0\libgcc.a
START GROUP
LOAD c:/intelfpga_lite/18.1/nios2eds/bin/gnu/h-x86_64-mingw32/bin/../lib/gcc/nios2-elf/5.3.0/../../../../../H-x86_64-mingw32/nios2-elf/lib\libsmallc.a
LOAD c:/intelfpga_lite/18.1/nios2eds/bin/gnu/h-x86_64-mingw32/bin/../lib/gcc/nios2-elf/5.3.0\libgcc.a
LOAD C:/Users/Class2018/Documents/Projects/Crypto_wallet/impl/nios_proj_bsp/\libhal_bsp.a
LOAD c:/intelfpga_lite/18.1/nios2eds/bin/gnu/h-x86_64-mingw32/bin/../lib/gcc/nios2-elf/5.3.0/../../../../../H-x86_64-mingw32/nios2-elf/lib\libm.a
END GROUP
LOAD c:/intelfpga_lite/18.1/nios2eds/bin/gnu/h-x86_64-mingw32/bin/../lib/gcc/nios2-elf/5.3.0\libgcc.a
                0x0000000000000000                __alt_mem_sdram = 0x0
                0x0000000002000000                __alt_mem_onchip_memory2 = 0x2000000
                0x0000000002009000                __alt_mem_epcs_flash_controller = 0x2009000

.entry          0x0000000000000000       0x20
 *(.entry)
 .entry         0x0000000000000000       0x20 C:/Users/Class2018/Documents/Projects/Crypto_wallet/impl/nios_proj_bsp//obj/HAL/src/crt0.o
                0x0000000000000000                __reset

.exceptions     0x0000000000000020      0x224
                0x0000000000000020                PROVIDE (__ram_exceptions_start, ABSOLUTE (.))
                0x0000000000000020                . = ALIGN (0x20)
 *(.irq)
 *(.exceptions.entry.label)
 .exceptions.entry.label
                0x0000000000000020        0x0 C:/Users/Class2018/Documents/Projects/Crypto_wallet/impl/nios_proj_bsp/\libhal_bsp.a(alt_irq_entry.o)
                0x0000000000000020                alt_irq_entry
 .exceptions.entry.label
                0x0000000000000020        0x0 C:/Users/Class2018/Documents/Projects/Crypto_wallet/impl/nios_proj_bsp/\libhal_bsp.a(alt_exception_entry.o)
                0x0000000000000020                alt_exception
 *(.exceptions.entry.user)
 *(.exceptions.entry.ecc_fatal)
 *(.exceptions.entry)
 .exceptions.entry
                0x0000000000000020       0x54 C:/Users/Class2018/Documents/Projects/Crypto_wallet/impl/nios_proj_bsp/\libhal_bsp.a(alt_exception_entry.o)
 *(.exceptions.irqtest.user)
 *(.exceptions.irqtest)
 .exceptions.irqtest
                0x0000000000000074       0x10 C:/Users/Class2018/Documents/Projects/Crypto_wallet/impl/nios_proj_bsp/\libhal_bsp.a(alt_irq_entry.o)
 *(.exceptions.irqhandler.user)
 *(.exceptions.irqhandler)
 .exceptions.irqhandler
                0x0000000000000084        0x4 C:/Users/Class2018/Documents/Projects/Crypto_wallet/impl/nios_proj_bsp/\libhal_bsp.a(alt_irq_entry.o)
 *(.exceptions.irqreturn.user)
 *(.exceptions.irqreturn)
 .exceptions.irqreturn
                0x0000000000000088        0x4 C:/Users/Class2018/Documents/Projects/Crypto_wallet/impl/nios_proj_bsp/\libhal_bsp.a(alt_irq_entry.o)
 *(.exceptions.notirq.label)
 .exceptions.notirq.label
                0x000000000000008c        0x0 C:/Users/Class2018/Documents/Projects/Crypto_wallet/impl/nios_proj_bsp/\libhal_bsp.a(alt_irq_entry.o)
 *(.exceptions.notirq.user)
 *(.exceptions.notirq)
 .exceptions.notirq
                0x000000000000008c        0x8 C:/Users/Class2018/Documents/Projects/Crypto_wallet/impl/nios_proj_bsp/\libhal_bsp.a(alt_exception_entry.o)
 *(.exceptions.soft.user)
 *(.exceptions.soft)
 *(.exceptions.unknown.user)
 *(.exceptions.unknown)
 .exceptions.unknown
                0x0000000000000094       0x14 C:/Users/Class2018/Documents/Projects/Crypto_wallet/impl/nios_proj_bsp/\libhal_bsp.a(alt_exception_entry.o)
 *(.exceptions.exit.label)
 .exceptions.exit.label
                0x00000000000000a8        0x0 C:/Users/Class2018/Documents/Projects/Crypto_wallet/impl/nios_proj_bsp/\libhal_bsp.a(alt_irq_entry.o)
 .exceptions.exit.label
                0x00000000000000a8        0x0 C:/Users/Class2018/Documents/Projects/Crypto_wallet/impl/nios_proj_bsp/\libhal_bsp.a(alt_exception_entry.o)
 *(.exceptions.exit.user)
 *(.exceptions.exit)
 .exceptions.exit
                0x00000000000000a8       0x54 C:/Users/Class2018/Documents/Projects/Crypto_wallet/impl/nios_proj_bsp/\libhal_bsp.a(alt_exception_entry.o)
 *(.exceptions)
 .exceptions    0x00000000000000fc       0xd4 C:/Users/Class2018/Documents/Projects/Crypto_wallet/impl/nios_proj_bsp/\libhal_bsp.a(alt_irq_handler.o)
                0x00000000000000fc                alt_irq_handler
 .exceptions    0x00000000000001d0       0x74 C:/Users/Class2018/Documents/Projects/Crypto_wallet/impl/nios_proj_bsp/\libhal_bsp.a(alt_instruction_exception_entry.o)
                0x00000000000001d0                alt_instruction_exception_entry
                0x0000000000000244                PROVIDE (__ram_exceptions_end, ABSOLUTE (.))
                0x0000000000000020                PROVIDE (__flash_exceptions_start, LOADADDR (.exceptions))

.text           0x0000000000000244    0x4ba84
                [!provide]                        PROVIDE (stext, ABSOLUTE (.))
 *(.interp)
 *(.hash)
 *(.dynsym)
 *(.dynstr)
 *(.gnu.version)
 *(.gnu.version_d)
 *(.gnu.version_r)
 *(.rel.init)
 *(.rela.init)
 *(.rel.text .rel.text.* .rel.gnu.linkonce.t.*)
 *(.rela.text .rela.text.* .rela.gnu.linkonce.t.*)
 *(.rel.fini)
 *(.rela.fini)
 *(.rel.rodata .rel.rodata.* .rel.gnu.linkonce.r.*)
 *(.rela.rodata .rela.rodata.* .rela.gnu.linkonce.r.*)
 *(.rel.data .rel.data.* .rel.gnu.linkonce.d.*)
 *(.rela.data .rela.data.* .rela.gnu.linkonce.d.*)
 *(.rel.tdata .rel.tdata.* .rel.gnu.linkonce.td.*)
 *(.rela.tdata .rela.tdata.* .rela.gnu.linkonce.td.*)
 *(.rel.tbss .rel.tbss.* .rel.gnu.linkonce.tb.*)
 *(.rela.tbss .rela.tbss.* .rela.gnu.linkonce.tb.*)
 *(.rel.ctors)
 *(.rela.ctors)
 *(.rel.dtors)
 *(.rela.dtors)
 *(.rel.got)
 *(.rela.got)
 *(.rel.sdata .rel.sdata.* .rel.gnu.linkonce.s.*)
 *(.rela.sdata .rela.sdata.* .rela.gnu.linkonce.s.*)
 *(.rel.sbss .rel.sbss.* .rel.gnu.linkonce.sb.*)
 *(.rela.sbss .rela.sbss.* .rela.gnu.linkonce.sb.*)
 *(.rel.sdata2 .rel.sdata2.* .rel.gnu.linkonce.s2.*)
 *(.rela.sdata2 .rela.sdata2.* .rela.gnu.linkonce.s2.*)
 *(.rel.sbss2 .rel.sbss2.* .rel.gnu.linkonce.sb2.*)
 *(.rela.sbss2 .rela.sbss2.* .rela.gnu.linkonce.sb2.*)
 *(.rel.bss .rel.bss.* .rel.gnu.linkonce.b.*)
 *(.rela.bss .rela.bss.* .rela.gnu.linkonce.b.*)
 *(.rel.plt)
 *(.rela.plt)
 *(.rel.dyn)
 *(.init)
 *(.plt)
 *(.text .stub .text.* .gnu.linkonce.t.*)
 .text          0x0000000000000244       0x4c C:/Users/Class2018/Documents/Projects/Crypto_wallet/impl/nios_proj_bsp//obj/HAL/src/crt0.o
                0x0000000000000244                _start
 .text          0x0000000000000290      0x668 obj/default/bip39.o
                0x0000000000000290                mnemonic_generate
                0x0000000000000330                mnemonic_from_data
                0x0000000000000590                mnemonic_to_seed
 .text          0x00000000000008f8      0xa78 obj/default/hmac.o
                0x00000000000008f8                hmac_sha256_Init
                0x0000000000000a30                hmac_sha256_Update
                0x0000000000000a7c                hmac_sha256_Final
                0x0000000000000b24                hmac_sha256
                0x0000000000000b94                hmac_sha256_prepare
                0x0000000000000d80                hmac_sha512_Init
                0x0000000000000eb8                hmac_sha512_Update
                0x0000000000000f04                hmac_sha512_Final
                0x0000000000000fac                hmac_sha512
                0x0000000000001010                hmac_sha512_prepare
 .text          0x0000000000001370       0x40 obj/default/memzero.o
                0x0000000000001370                memzero
 .text          0x00000000000013b0      0xd94 obj/default/pbkdf2.o
                0x00000000000013b0                pbkdf2_hmac_sha256_Init
                0x00000000000015d4                pbkdf2_hmac_sha256_Update
                0x0000000000001704                pbkdf2_hmac_sha256_Final
                0x00000000000017ec                pbkdf2_hmac_sha256
                0x000000000000195c                pbkdf2_hmac_sha512_Init
                0x0000000000001cd4                pbkdf2_hmac_sha512_Update
                0x0000000000001e18                pbkdf2_hmac_sha512_Final
                0x0000000000001fd4                pbkdf2_hmac_sha512
 .text          0x0000000000002144      0x110 obj/default/rand.o
                0x0000000000002144                random32
                0x00000000000021c8                random_buffer
 .text          0x0000000000002254     0x4120 obj/default/sha2.o
                0x0000000000002254                sha1_Init
                0x00000000000022b8                sha1_Transform
                0x0000000000002a64                sha1_Update
                0x0000000000002e6c                sha1_Final
                0x00000000000031a4                sha1_End
                0x00000000000032a4                sha1_Raw
                0x00000000000032fc                sha1_Data
                0x0000000000003350                sha256_Init
                0x00000000000033c0                sha256_Transform
                0x0000000000003988                sha256_Update
                0x0000000000003d90                sha256_Final
                0x00000000000040c8                sha256_End
                0x00000000000041c8                sha256_Raw
                0x0000000000004220                sha256_Data
                0x0000000000004274                sha512_Init
                0x00000000000042fc                sha512_Transform
                0x000000000000521c                sha512_Update
                0x0000000000005f98                sha512_Final
                0x00000000000061c8                sha512_End
                0x00000000000062c8                sha512_Raw
                0x0000000000006320                sha512_Data
 .text          0x0000000000006374      0x16c obj/default/wallet_main.o
                0x0000000000006374                main
 .text          0x00000000000064e0        0x0 obj/default/wallet_system.o
 .text          0x00000000000064e0        0x0 ../../../btclib\libbtclib.a(chainparams.o)
 .text          0x00000000000064e0      0x834 ../../../btclib\libbtclib.a(commontools.o)
                0x00000000000064e0                addresses_from_pubkey
                0x00000000000065ec                pubkey_from_privatekey
                0x00000000000066c4                gen_privatekey
                0x0000000000006744                hd_gen_master
                0x0000000000006804                hd_print_node
                0x0000000000006bec                hd_derive
 .text          0x0000000000006d14      0xb3c ../../../btclib\libbtclib.a(ecc_key.o)
                0x0000000000006dac                btc_privkey_init
                0x0000000000006dec                btc_privkey_is_valid
                0x0000000000006e30                btc_privkey_cleanse
                0x0000000000006e6c                btc_privkey_gen
                0x0000000000006ef4                btc_privkey_verify_pubkey
                0x0000000000006fc8                btc_privkey_encode_wif
                0x0000000000007078                btc_privkey_decode_wif
                0x0000000000007214                btc_pubkey_init
                0x000000000000726c                btc_pubkey_get_length
                0x00000000000072e0                btc_pubkey_is_valid
                0x0000000000007328                btc_pubkey_cleanse
                0x0000000000007374                btc_pubkey_get_hash160
                0x00000000000073e8                btc_pubkey_get_hex
                0x0000000000007458                btc_pubkey_from_key
                0x00000000000074d0                btc_key_sign_hash
                0x000000000000751c                btc_key_sign_hash_compact
                0x0000000000007568                btc_key_sign_hash_compact_recoverable
                0x00000000000075bc                btc_key_sign_recover_pubkey
                0x0000000000007680                btc_pubkey_verify_sig
                0x00000000000076e4                btc_pubkey_getaddr_p2sh_p2wpkh
                0x0000000000007788                btc_pubkey_getaddr_p2pkh
                0x00000000000077ec                btc_pubkey_getaddr_p2wpkh
 .text          0x0000000000007850      0x9ac ../../../btclib\libbtclib.a(ecc_libsecp256k1.o)
                0x0000000000007850                btc_ecc_start
                0x000000000000792c                btc_ecc_stop
                0x0000000000007970                btc_ecc_get_pubkey
                0x0000000000007a7c                btc_ecc_private_key_tweak_add
                0x0000000000007ae4                btc_ecc_public_key_tweak_add
                0x0000000000007bc0                btc_ecc_verify_privatekey
                0x0000000000007c24                btc_ecc_verify_pubkey
                0x0000000000007cd8                btc_ecc_sign
                0x0000000000007d8c                btc_ecc_sign_compact
                0x0000000000007e48                btc_ecc_sign_compact_recoverable
                0x0000000000007f08                btc_ecc_recover_pubkey
                0x0000000000007fe4                btc_ecc_verify_sig
                0x00000000000080c0                btc_ecc_compact_to_der_normalized
                0x000000000000816c                btc_ecc_der_to_compact
 .text          0x00000000000081fc      0x394 ../../../btclib\libbtclib.a(memory.o)
                0x00000000000081fc                btc_mem_set_mapper_default
                0x000000000000826c                btc_mem_set_mapper
                0x00000000000082c4                btc_malloc
                0x0000000000008300                btc_calloc
                0x0000000000008344                btc_realloc
                0x0000000000008388                btc_free
                0x00000000000083c8                btc_malloc_internal
                0x000000000000842c                btc_calloc_internal
                0x0000000000008498                btc_realloc_internal
                0x0000000000008504                btc_free_internal
                0x0000000000008538                btc_mem_zero
 .text          0x0000000000008590      0x198 ../../../btclib\libbtclib.a(random.o)
                0x0000000000008590                btc_rnd_set_mapper_default
                0x00000000000085c8                btc_rnd_set_mapper
                0x0000000000008600                btc_random_init
                0x0000000000008630                btc_random_bytes
                0x000000000000867c                btc_random_init_internal
                0x00000000000086b4                btc_random_bytes_internal
 .text          0x0000000000008728     0x407c ../../../btclib\libbtclib.a(ripemd160.o)
                0x000000000000c368                btc_ripemd160
 .text          0x000000000000c7a4     0x167c ../../../btclib\libbtclib.a(script.o)
                0x000000000000c7e8                btc_script_copy_without_op_codeseperator
                0x000000000000cb30                btc_script_op_new
                0x000000000000cb68                btc_script_op_free
                0x000000000000cbc8                btc_script_op_free_cb
                0x000000000000cc0c                btc_script_get_ops
                0x000000000000cf90                btc_script_is_pubkey
                0x000000000000d074                btc_script_is_pubkeyhash
                0x000000000000d1b4                btc_script_is_scripthash
                0x000000000000d304                btc_script_is_multisig
                0x000000000000d450                btc_script_classify_ops
                0x000000000000d4e8                btc_script_classify
                0x000000000000d6c4                btc_encode_op_n
                0x000000000000d738                btc_script_append_op
                0x000000000000d77c                btc_script_append_pushdata
                0x000000000000d874                btc_script_build_multisig
                0x000000000000d9bc                btc_script_build_p2pkh
                0x000000000000da38                btc_script_build_p2wpkh
                0x000000000000da90                btc_script_build_p2sh
                0x000000000000daf4                btc_script_get_scripthash
                0x000000000000db64                btc_tx_out_type_to_str
                0x000000000000dc64                btc_script_is_witnessprogram
 .text          0x000000000000de20    0x307c0 ../../../btclib\libbtclib.a(bench_internal.o)
                0x0000000000038af4                print_number
                0x0000000000038bc8                run_benchmark
                0x000000000003acc8                secp256k1_context_create
                0x000000000003add8                secp256k1_context_clone
                0x000000000003ae94                secp256k1_context_destroy
                0x000000000003aeec                secp256k1_context_set_illegal_callback
                0x000000000003af44                secp256k1_context_set_error_callback
                0x000000000003b078                secp256k1_ec_pubkey_parse
                0x000000000003b194                secp256k1_ec_pubkey_serialize
                0x000000000003b464                secp256k1_ecdsa_signature_parse_der
                0x000000000003b588                secp256k1_ecdsa_signature_parse_compact
                0x000000000003b708                secp256k1_ecdsa_signature_serialize_der
                0x000000000003b840                secp256k1_ecdsa_signature_serialize_compact
                0x000000000003b954                secp256k1_ecdsa_signature_normalize
                0x000000000003ba68                secp256k1_ecdsa_verify
                0x000000000003bd6c                secp256k1_ecdsa_sign
                0x000000000003c04c                secp256k1_ec_seckey_verify
                0x000000000003c13c                secp256k1_ec_pubkey_create
                0x000000000003c304                secp256k1_ec_privkey_tweak_add
                0x000000000003c480                secp256k1_ec_pubkey_tweak_add
                0x000000000003c630                secp256k1_ec_privkey_tweak_mul
                0x000000000003c7ac                secp256k1_ec_pubkey_tweak_mul
                0x000000000003c95c                secp256k1_context_randomize
                0x000000000003ca20                secp256k1_ec_pubkey_combine
                0x000000000003cc98                secp256k1_ecdsa_recoverable_signature_parse_compact
                0x000000000003ce1c                secp256k1_ecdsa_recoverable_signature_serialize_compact
                0x000000000003cf28                secp256k1_ecdsa_recoverable_signature_convert
                0x000000000003d1d4                secp256k1_ecdsa_sign_recoverable
                0x000000000003d4c0                secp256k1_ecdsa_recover
                0x000000000003d6d8                bench_setup
                0x000000000003d8bc                bench_scalar_add
                0x000000000003d934                bench_scalar_negate
                0x000000000003d9a0                bench_scalar_sqr
                0x000000000003da0c                bench_scalar_mul
                0x000000000003da84                bench_scalar_inverse
                0x000000000003db0c                bench_scalar_inverse_var
                0x000000000003db94                bench_field_normalize
                0x000000000003dbfc                bench_field_normalize_weak
                0x000000000003dc64                bench_field_mul
                0x000000000003dce4                bench_field_sqr
                0x000000000003dd58                bench_field_inverse
                0x000000000003dde4                bench_field_inverse_var
                0x000000000003de70                bench_field_sqrt
                0x000000000003defc                bench_group_double_var
                0x000000000003df74                bench_group_add_var
                0x000000000003dff8                bench_group_add_affine
                0x000000000003e078                bench_group_add_affine_var
                0x000000000003e0fc                bench_group_jacobi_var
                0x000000000003e160                bench_ecmult_wnaf
                0x000000000003e1f4                bench_wnaf_const
                0x000000000003e2b4                bench_sha256
                0x000000000003e348                bench_hmac_sha256
                0x000000000003e3ec                bench_rfc6979_hmac_sha256
                0x000000000003e478                bench_context_verify
                0x000000000003e4d4                bench_context_sign
                0x000000000003e530                have_flag
 .text          0x000000000003e5e0      0xbb8 ../../../btclib\libbtclib.a(segwit_addr.o)
                0x000000000003e5e0                bech32_polymod_step
                0x000000000003e6e0                bech32_encode
                0x000000000003e9a8                bech32_decode
                0x000000000003ef40                segwit_addr_encode
                0x000000000003f034                segwit_addr_decode
 .text          0x000000000003f198      0x994 ../../../btclib\libbtclib.a(serialize.o)
                0x000000000003f198                ser_bytes
                0x000000000003f1dc                ser_u16
                0x000000000003f228                ser_u32
                0x000000000003f270                ser_s32
                0x000000000003f2b0                ser_u64
                0x000000000003f304                ser_s64
                0x000000000003f350                ser_u256
                0x000000000003f390                ser_varlen
                0x000000000003f448                ser_str
                0x000000000003f4a8                ser_varstr
                0x000000000003f52c                deser_skip
                0x000000000003f5ac                deser_bytes
                0x000000000003f650                deser_u16
                0x000000000003f6a8                deser_s32
                0x000000000003f700                deser_u32
                0x000000000003f758                deser_u64
                0x000000000003f7b8                deser_u256
                0x000000000003f7f4                deser_varlen
                0x000000000003f90c                deser_str
                0x000000000003f9f0                deser_varstr
                0x000000000003faf4                deser_s64
 .text          0x000000000003fb2c      0xebc ../../../btclib\libbtclib.a(utils.o)
                0x000000000003fb2c                utils_clear_buffers
                0x000000000003fb7c                utils_hex_to_bin
                0x000000000003ff54                utils_hex_to_uint8
                0x0000000000040330                utils_bin_to_hex
                0x000000000004041c                utils_uint8_to_hex
                0x0000000000040544                utils_reverse_hex
                0x000000000004061c                utils_hex_digit
                0x0000000000040658                utils_uint256_sethex
                0x0000000000040860                safe_malloc
                0x00000000000408c4                btc_cheap_random_bytes
                0x0000000000040940                btc_get_default_datadir
 .text          0x00000000000409e8      0x770 ../../../btclib\libbtclib.a(vector.o)
                0x00000000000409e8                vector_new
                0x0000000000040bb8                vector_free
                0x0000000000040cdc                vector_find
                0x0000000000040d68                vector_add
                0x0000000000040e0c                vector_remove_range
                0x0000000000040f50                vector_remove_idx
                0x0000000000040f90                vector_remove
                0x0000000000040ff0                vector_resize
 .text          0x0000000000041158      0xdc8 ../../../btclib\libbtclib.a(base58.o)
                0x0000000000041158                btc_base58_decode
                0x0000000000041708                btc_b58check
                0x0000000000041858                btc_base58_encode
                0x0000000000041be4                btc_base58_encode_check
                0x0000000000041d64                btc_base58_decode_check
                0x0000000000041e60                btc_p2pkh_addr_from_hash160
                0x0000000000041ecc                btc_p2wpkh_addr_from_hash160
 .text          0x0000000000041f20     0x11a4 ../../../btclib\libbtclib.a(bip32.o)
                0x000000000004204c                btc_hdnode_new
                0x0000000000042084                btc_hdnode_copy
                0x0000000000042148                btc_hdnode_free
                0x00000000000421c4                btc_hdnode_from_seed
                0x00000000000422c0                btc_hdnode_public_ckd
                0x0000000000042498                btc_hdnode_private_ckd
                0x0000000000042750                btc_hdnode_fill_public_key
                0x00000000000428a4                btc_hdnode_serialize_public
                0x0000000000042900                btc_hdnode_serialize_private
                0x000000000004295c                btc_hdnode_get_hash160
                0x00000000000429b4                btc_hdnode_get_p2pkh_address
                0x0000000000042a1c                btc_hdnode_get_pub_hex
                0x0000000000042a88                btc_hdnode_deserialize
                0x0000000000042cbc                btc_hd_generate_key
                0x000000000004305c                btc_hdnode_has_privkey
 .text          0x00000000000430c4      0x81c ../../../btclib\libbtclib.a(cstr.o)
                0x00000000000431b0                cstr_alloc_minsize
                0x0000000000043240                cstr_new_sz
                0x00000000000432ac                cstr_new_buf
                0x0000000000043334                cstr_new_cstr
                0x0000000000043378                cstr_new
                0x00000000000433e4                cstr_free
                0x0000000000043450                cstr_resize
                0x0000000000043510                cstr_append_buf
                0x00000000000435c0                cstr_append_cstr
                0x000000000004360c                cstr_append_c
                0x0000000000043650                cstr_equal
                0x00000000000436f4                cstr_compare
                0x00000000000437d0                cstr_erase
 .text          0x00000000000438e0       0x60 c:/intelfpga_lite/18.1/nios2eds/bin/gnu/h-x86_64-mingw32/bin/../lib/gcc/nios2-elf/5.3.0\libgcc.a(_muldi3.o)
                0x00000000000438e0                __muldi3
 .text          0x0000000000043940      0x1b4 c:/intelfpga_lite/18.1/nios2eds/bin/gnu/h-x86_64-mingw32/bin/../lib/gcc/nios2-elf/5.3.0\libgcc.a(lib2-divmod.o)
                0x0000000000043940                __divsi3
                0x00000000000439c4                __modsi3
                0x0000000000043a38                __udivsi3
                0x0000000000043a9c                __umodsi3
 .text          0x0000000000043af4       0x28 c:/intelfpga_lite/18.1/nios2eds/bin/gnu/h-x86_64-mingw32/bin/../lib/gcc/nios2-elf/5.3.0\libgcc.a(lib2-mul.o)
                0x0000000000043af4                __mulsi3
 .text          0x0000000000043b1c      0x8ac c:/intelfpga_lite/18.1/nios2eds/bin/gnu/h-x86_64-mingw32/bin/../lib/gcc/nios2-elf/5.3.0\libgcc.a(adddf3.o)
                0x0000000000043b1c                __adddf3
 .text          0x00000000000443c8      0x8e8 c:/intelfpga_lite/18.1/nios2eds/bin/gnu/h-x86_64-mingw32/bin/../lib/gcc/nios2-elf/5.3.0\libgcc.a(divdf3.o)
                0x00000000000443c8                __divdf3
 .text          0x0000000000044cb0       0xdc c:/intelfpga_lite/18.1/nios2eds/bin/gnu/h-x86_64-mingw32/bin/../lib/gcc/nios2-elf/5.3.0\libgcc.a(gedf2.o)
                0x0000000000044cb0                __gedf2
                0x0000000000044cb0                __gtdf2
 .text          0x0000000000044d8c       0xf4 c:/intelfpga_lite/18.1/nios2eds/bin/gnu/h-x86_64-mingw32/bin/../lib/gcc/nios2-elf/5.3.0\libgcc.a(ledf2.o)
                0x0000000000044d8c                __ledf2
                0x0000000000044d8c                __ltdf2
 .text          0x0000000000044e80      0x718 c:/intelfpga_lite/18.1/nios2eds/bin/gnu/h-x86_64-mingw32/bin/../lib/gcc/nios2-elf/5.3.0\libgcc.a(muldf3.o)
                0x0000000000044e80                __muldf3
 .text          0x0000000000045598      0x8fc c:/intelfpga_lite/18.1/nios2eds/bin/gnu/h-x86_64-mingw32/bin/../lib/gcc/nios2-elf/5.3.0\libgcc.a(subdf3.o)
                0x0000000000045598                __subdf3
 .text          0x0000000000045e94       0xdc c:/intelfpga_lite/18.1/nios2eds/bin/gnu/h-x86_64-mingw32/bin/../lib/gcc/nios2-elf/5.3.0\libgcc.a(floatsidf.o)
                0x0000000000045e94                __floatsidf
 .text          0x0000000000045f70       0x64 c:/intelfpga_lite/18.1/nios2eds/bin/gnu/h-x86_64-mingw32/bin/../lib/gcc/nios2-elf/5.3.0\libgcc.a(_clzsi2.o)
                0x0000000000045f70                __clzsi2
 .text          0x0000000000045fd4        0x0 c:/intelfpga_lite/18.1/nios2eds/bin/gnu/h-x86_64-mingw32/bin/../lib/gcc/nios2-elf/5.3.0\libgcc.a(_clz.o)
 .text          0x0000000000045fd4        0x0 c:/intelfpga_lite/18.1/nios2eds/bin/gnu/h-x86_64-mingw32/bin/../lib/gcc/nios2-elf/5.3.0/../../../../../H-x86_64-mingw32/nios2-elf/lib\libsmallc.a(lib_a-abort.o)
 .text.abort    0x0000000000045fd4       0x18 c:/intelfpga_lite/18.1/nios2eds/bin/gnu/h-x86_64-mingw32/bin/../lib/gcc/nios2-elf/5.3.0/../../../../../H-x86_64-mingw32/nios2-elf/lib\libsmallc.a(lib_a-abort.o)
                0x0000000000045fd4                abort
 .text          0x0000000000045fec        0x0 c:/intelfpga_lite/18.1/nios2eds/bin/gnu/h-x86_64-mingw32/bin/../lib/gcc/nios2-elf/5.3.0/../../../../../H-x86_64-mingw32/nios2-elf/lib\libsmallc.a(lib_a-assert.o)
 .text.__assert_func
                0x0000000000045fec       0x64 c:/intelfpga_lite/18.1/nios2eds/bin/gnu/h-x86_64-mingw32/bin/../lib/gcc/nios2-elf/5.3.0/../../../../../H-x86_64-mingw32/nios2-elf/lib\libsmallc.a(lib_a-assert.o)
                0x0000000000045fec                __assert_func
 .text.__assert
                0x0000000000046050       0x14 c:/intelfpga_lite/18.1/nios2eds/bin/gnu/h-x86_64-mingw32/bin/../lib/gcc/nios2-elf/5.3.0/../../../../../H-x86_64-mingw32/nios2-elf/lib\libsmallc.a(lib_a-assert.o)
                0x0000000000046050                __assert
 .text          0x0000000000046064        0x0 c:/intelfpga_lite/18.1/nios2eds/bin/gnu/h-x86_64-mingw32/bin/../lib/gcc/nios2-elf/5.3.0/../../../../../H-x86_64-mingw32/nios2-elf/lib\libsmallc.a(lib_a-calloc.o)
 .text.calloc   0x0000000000046064       0x18 c:/intelfpga_lite/18.1/nios2eds/bin/gnu/h-x86_64-mingw32/bin/../lib/gcc/nios2-elf/5.3.0/../../../../../H-x86_64-mingw32/nios2-elf/lib\libsmallc.a(lib_a-calloc.o)
                0x0000000000046064                calloc
 .text          0x000000000004607c        0x0 c:/intelfpga_lite/18.1/nios2eds/bin/gnu/h-x86_64-mingw32/bin/../lib/gcc/nios2-elf/5.3.0/../../../../../H-x86_64-mingw32/nios2-elf/lib\libsmallc.a(lib_a-ctype_.o)
 .text          0x000000000004607c        0x0 c:/intelfpga_lite/18.1/nios2eds/bin/gnu/h-x86_64-mingw32/bin/../lib/gcc/nios2-elf/5.3.0/../../../../../H-x86_64-mingw32/nios2-elf/lib\libsmallc.a(lib_a-exit.o)
 .text.exit     0x000000000004607c       0x20 c:/intelfpga_lite/18.1/nios2eds/bin/gnu/h-x86_64-mingw32/bin/../lib/gcc/nios2-elf/5.3.0/../../../../../H-x86_64-mingw32/nios2-elf/lib\libsmallc.a(lib_a-exit.o)
                0x000000000004607c                exit
 .text          0x000000000004609c        0x0 c:/intelfpga_lite/18.1/nios2eds/bin/gnu/h-x86_64-mingw32/bin/../lib/gcc/nios2-elf/5.3.0/../../../../../H-x86_64-mingw32/nios2-elf/lib\libsmallc.a(lib_a-fiprintf.o)
 .text.fiprintf
                0x000000000004609c       0x30 c:/intelfpga_lite/18.1/nios2eds/bin/gnu/h-x86_64-mingw32/bin/../lib/gcc/nios2-elf/5.3.0/../../../../../H-x86_64-mingw32/nios2-elf/lib\libsmallc.a(lib_a-fiprintf.o)
                0x000000000004609c                fiprintf
 .text          0x00000000000460cc        0x0 c:/intelfpga_lite/18.1/nios2eds/bin/gnu/h-x86_64-mingw32/bin/../lib/gcc/nios2-elf/5.3.0/../../../../../H-x86_64-mingw32/nios2-elf/lib\libsmallc.a(lib_a-fprintf.o)
 .text._fprintf_r
                0x00000000000460cc       0x34 c:/intelfpga_lite/18.1/nios2eds/bin/gnu/h-x86_64-mingw32/bin/../lib/gcc/nios2-elf/5.3.0/../../../../../H-x86_64-mingw32/nios2-elf/lib\libsmallc.a(lib_a-fprintf.o)
                0x00000000000460cc                _fprintf_r
 .text.fprintf  0x0000000000046100       0x30 c:/intelfpga_lite/18.1/nios2eds/bin/gnu/h-x86_64-mingw32/bin/../lib/gcc/nios2-elf/5.3.0/../../../../../H-x86_64-mingw32/nios2-elf/lib\libsmallc.a(lib_a-fprintf.o)
                0x0000000000046100                fprintf
 .text          0x0000000000046130        0x0 c:/intelfpga_lite/18.1/nios2eds/bin/gnu/h-x86_64-mingw32/bin/../lib/gcc/nios2-elf/5.3.0/../../../../../H-x86_64-mingw32/nios2-elf/lib\libsmallc.a(lib_a-fvwrite_small_dev.o)
 .text.__sfvwrite_small_dev
                0x0000000000046130       0xb8 c:/intelfpga_lite/18.1/nios2eds/bin/gnu/h-x86_64-mingw32/bin/../lib/gcc/nios2-elf/5.3.0/../../../../../H-x86_64-mingw32/nios2-elf/lib\libsmallc.a(lib_a-fvwrite_small_dev.o)
                0x0000000000046130                __sfvwrite_small_dev
 .text          0x00000000000461e8        0x0 c:/intelfpga_lite/18.1/nios2eds/bin/gnu/h-x86_64-mingw32/bin/../lib/gcc/nios2-elf/5.3.0/../../../../../H-x86_64-mingw32/nios2-elf/lib\libsmallc.a(lib_a-getenv.o)
 .text._findenv
                0x00000000000461e8       0x18 c:/intelfpga_lite/18.1/nios2eds/bin/gnu/h-x86_64-mingw32/bin/../lib/gcc/nios2-elf/5.3.0/../../../../../H-x86_64-mingw32/nios2-elf/lib\libsmallc.a(lib_a-getenv.o)
                0x00000000000461e8                _findenv
 .text.getenv   0x0000000000046200       0x2c c:/intelfpga_lite/18.1/nios2eds/bin/gnu/h-x86_64-mingw32/bin/../lib/gcc/nios2-elf/5.3.0/../../../../../H-x86_64-mingw32/nios2-elf/lib\libsmallc.a(lib_a-getenv.o)
                0x0000000000046200                getenv
 .text          0x000000000004622c        0x0 c:/intelfpga_lite/18.1/nios2eds/bin/gnu/h-x86_64-mingw32/bin/../lib/gcc/nios2-elf/5.3.0/../../../../../H-x86_64-mingw32/nios2-elf/lib\libsmallc.a(lib_a-getenv_r.o)
 .text._findenv_r
                0x000000000004622c       0xf8 c:/intelfpga_lite/18.1/nios2eds/bin/gnu/h-x86_64-mingw32/bin/../lib/gcc/nios2-elf/5.3.0/../../../../../H-x86_64-mingw32/nios2-elf/lib\libsmallc.a(lib_a-getenv_r.o)
                0x000000000004622c                _findenv_r
 .text._getenv_r
                0x0000000000046324       0x1c c:/intelfpga_lite/18.1/nios2eds/bin/gnu/h-x86_64-mingw32/bin/../lib/gcc/nios2-elf/5.3.0/../../../../../H-x86_64-mingw32/nios2-elf/lib\libsmallc.a(lib_a-getenv_r.o)
                0x0000000000046324                _getenv_r
 .text          0x0000000000046340        0x0 c:/intelfpga_lite/18.1/nios2eds/bin/gnu/h-x86_64-mingw32/bin/../lib/gcc/nios2-elf/5.3.0/../../../../../H-x86_64-mingw32/nios2-elf/lib\libsmallc.a(lib_a-impure.o)
 .text          0x0000000000046340        0x0 c:/intelfpga_lite/18.1/nios2eds/bin/gnu/h-x86_64-mingw32/bin/../lib/gcc/nios2-elf/5.3.0/../../../../../H-x86_64-mingw32/nios2-elf/lib\libsmallc.a(lib_a-malloc.o)
 .text.malloc   0x0000000000046340       0x14 c:/intelfpga_lite/18.1/nios2eds/bin/gnu/h-x86_64-mingw32/bin/../lib/gcc/nios2-elf/5.3.0/../../../../../H-x86_64-mingw32/nios2-elf/lib\libsmallc.a(lib_a-malloc.o)
                0x0000000000046340                malloc
 .text.free     0x0000000000046354       0x14 c:/intelfpga_lite/18.1/nios2eds/bin/gnu/h-x86_64-mingw32/bin/../lib/gcc/nios2-elf/5.3.0/../../../../../H-x86_64-mingw32/nios2-elf/lib\libsmallc.a(lib_a-malloc.o)
                0x0000000000046354                free
 .text          0x0000000000046368        0x0 c:/intelfpga_lite/18.1/nios2eds/bin/gnu/h-x86_64-mingw32/bin/../lib/gcc/nios2-elf/5.3.0/../../../../../H-x86_64-mingw32/nios2-elf/lib\libsmallc.a(lib_a-memcmp.o)
 .text.memcmp   0x0000000000046368       0x30 c:/intelfpga_lite/18.1/nios2eds/bin/gnu/h-x86_64-mingw32/bin/../lib/gcc/nios2-elf/5.3.0/../../../../../H-x86_64-mingw32/nios2-elf/lib\libsmallc.a(lib_a-memcmp.o)
                0x0000000000046368                memcmp
 .text          0x0000000000046398        0x0 c:/intelfpga_lite/18.1/nios2eds/bin/gnu/h-x86_64-mingw32/bin/../lib/gcc/nios2-elf/5.3.0/../../../../../H-x86_64-mingw32/nios2-elf/lib\libsmallc.a(lib_a-memcpy.o)
 .text.memcpy   0x0000000000046398       0x28 c:/intelfpga_lite/18.1/nios2eds/bin/gnu/h-x86_64-mingw32/bin/../lib/gcc/nios2-elf/5.3.0/../../../../../H-x86_64-mingw32/nios2-elf/lib\libsmallc.a(lib_a-memcpy.o)
                0x0000000000046398                memcpy
 .text          0x00000000000463c0        0x0 c:/intelfpga_lite/18.1/nios2eds/bin/gnu/h-x86_64-mingw32/bin/../lib/gcc/nios2-elf/5.3.0/../../../../../H-x86_64-mingw32/nios2-elf/lib\libsmallc.a(lib_a-memmove.o)
 .text.memmove  0x00000000000463c0       0x60 c:/intelfpga_lite/18.1/nios2eds/bin/gnu/h-x86_64-mingw32/bin/../lib/gcc/nios2-elf/5.3.0/../../../../../H-x86_64-mingw32/nios2-elf/lib\libsmallc.a(lib_a-memmove.o)
                0x00000000000463c0                memmove
 .text          0x0000000000046420        0x0 c:/intelfpga_lite/18.1/nios2eds/bin/gnu/h-x86_64-mingw32/bin/../lib/gcc/nios2-elf/5.3.0/../../../../../H-x86_64-mingw32/nios2-elf/lib\libsmallc.a(lib_a-memset.o)
 .text.memset   0x0000000000046420       0x20 c:/intelfpga_lite/18.1/nios2eds/bin/gnu/h-x86_64-mingw32/bin/../lib/gcc/nios2-elf/5.3.0/../../../../../H-x86_64-mingw32/nios2-elf/lib\libsmallc.a(lib_a-memset.o)
                0x0000000000046420                memset
 .text          0x0000000000046440        0x0 c:/intelfpga_lite/18.1/nios2eds/bin/gnu/h-x86_64-mingw32/bin/../lib/gcc/nios2-elf/5.3.0/../../../../../H-x86_64-mingw32/nios2-elf/lib\libsmallc.a(lib_a-nano-callocr.o)
 .text._calloc_r
                0x0000000000046440       0x4c c:/intelfpga_lite/18.1/nios2eds/bin/gnu/h-x86_64-mingw32/bin/../lib/gcc/nios2-elf/5.3.0/../../../../../H-x86_64-mingw32/nios2-elf/lib\libsmallc.a(lib_a-nano-callocr.o)
                0x0000000000046440                _calloc_r
 .text          0x000000000004648c        0x0 c:/intelfpga_lite/18.1/nios2eds/bin/gnu/h-x86_64-mingw32/bin/../lib/gcc/nios2-elf/5.3.0/../../../../../H-x86_64-mingw32/nios2-elf/lib\libsmallc.a(lib_a-nano-freer.o)
 .text._free_r  0x000000000004648c       0xe4 c:/intelfpga_lite/18.1/nios2eds/bin/gnu/h-x86_64-mingw32/bin/../lib/gcc/nios2-elf/5.3.0/../../../../../H-x86_64-mingw32/nios2-elf/lib\libsmallc.a(lib_a-nano-freer.o)
                0x000000000004648c                _free_r
 .text          0x0000000000046570        0x0 c:/intelfpga_lite/18.1/nios2eds/bin/gnu/h-x86_64-mingw32/bin/../lib/gcc/nios2-elf/5.3.0/../../../../../H-x86_64-mingw32/nios2-elf/lib\libsmallc.a(lib_a-nano-mallocr.o)
 .text._malloc_r
                0x0000000000046570      0x158 c:/intelfpga_lite/18.1/nios2eds/bin/gnu/h-x86_64-mingw32/bin/../lib/gcc/nios2-elf/5.3.0/../../../../../H-x86_64-mingw32/nios2-elf/lib\libsmallc.a(lib_a-nano-mallocr.o)
                0x0000000000046570                _malloc_r
 .text          0x00000000000466c8        0x0 c:/intelfpga_lite/18.1/nios2eds/bin/gnu/h-x86_64-mingw32/bin/../lib/gcc/nios2-elf/5.3.0/../../../../../H-x86_64-mingw32/nios2-elf/lib\libsmallc.a(lib_a-printf.o)
 .text._printf_r
                0x00000000000466c8       0x3c c:/intelfpga_lite/18.1/nios2eds/bin/gnu/h-x86_64-mingw32/bin/../lib/gcc/nios2-elf/5.3.0/../../../../../H-x86_64-mingw32/nios2-elf/lib\libsmallc.a(lib_a-printf.o)
                0x00000000000466c8                _printf_r
 .text.printf   0x0000000000046704       0x4c c:/intelfpga_lite/18.1/nios2eds/bin/gnu/h-x86_64-mingw32/bin/../lib/gcc/nios2-elf/5.3.0/../../../../../H-x86_64-mingw32/nios2-elf/lib\libsmallc.a(lib_a-printf.o)
                0x0000000000046704                printf
 .text          0x0000000000046750        0x0 c:/intelfpga_lite/18.1/nios2eds/bin/gnu/h-x86_64-mingw32/bin/../lib/gcc/nios2-elf/5.3.0/../../../../../H-x86_64-mingw32/nios2-elf/lib\libsmallc.a(lib_a-puts.o)
 .text._puts_r  0x0000000000046750       0x80 c:/intelfpga_lite/18.1/nios2eds/bin/gnu/h-x86_64-mingw32/bin/../lib/gcc/nios2-elf/5.3.0/../../../../../H-x86_64-mingw32/nios2-elf/lib\libsmallc.a(lib_a-puts.o)
                0x0000000000046750                _puts_r
 .text.puts     0x00000000000467d0       0x14 c:/intelfpga_lite/18.1/nios2eds/bin/gnu/h-x86_64-mingw32/bin/../lib/gcc/nios2-elf/5.3.0/../../../../../H-x86_64-mingw32/nios2-elf/lib\libsmallc.a(lib_a-puts.o)
                0x00000000000467d0                puts
 .text          0x00000000000467e4        0x0 c:/intelfpga_lite/18.1/nios2eds/bin/gnu/h-x86_64-mingw32/bin/../lib/gcc/nios2-elf/5.3.0/../../../../../H-x86_64-mingw32/nios2-elf/lib\libsmallc.a(lib_a-rand.o)
 .text.srand    0x00000000000467e4       0x14 c:/intelfpga_lite/18.1/nios2eds/bin/gnu/h-x86_64-mingw32/bin/../lib/gcc/nios2-elf/5.3.0/../../../../../H-x86_64-mingw32/nios2-elf/lib\libsmallc.a(lib_a-rand.o)
                0x00000000000467e4                srand
 .text.rand     0x00000000000467f8       0x60 c:/intelfpga_lite/18.1/nios2eds/bin/gnu/h-x86_64-mingw32/bin/../lib/gcc/nios2-elf/5.3.0/../../../../../H-x86_64-mingw32/nios2-elf/lib\libsmallc.a(lib_a-rand.o)
                0x00000000000467f8                rand
 .text          0x0000000000046858        0x0 c:/intelfpga_lite/18.1/nios2eds/bin/gnu/h-x86_64-mingw32/bin/../lib/gcc/nios2-elf/5.3.0/../../../../../H-x86_64-mingw32/nios2-elf/lib\libsmallc.a(lib_a-realloc.o)
 .text.realloc  0x0000000000046858       0x18 c:/intelfpga_lite/18.1/nios2eds/bin/gnu/h-x86_64-mingw32/bin/../lib/gcc/nios2-elf/5.3.0/../../../../../H-x86_64-mingw32/nios2-elf/lib\libsmallc.a(lib_a-realloc.o)
                0x0000000000046858                realloc
 .text          0x0000000000046870        0x0 c:/intelfpga_lite/18.1/nios2eds/bin/gnu/h-x86_64-mingw32/bin/../lib/gcc/nios2-elf/5.3.0/../../../../../H-x86_64-mingw32/nios2-elf/lib\libsmallc.a(lib_a-sbrkr.o)
 .text._sbrk_r  0x0000000000046870       0x50 c:/intelfpga_lite/18.1/nios2eds/bin/gnu/h-x86_64-mingw32/bin/../lib/gcc/nios2-elf/5.3.0/../../../../../H-x86_64-mingw32/nios2-elf/lib\libsmallc.a(lib_a-sbrkr.o)
                0x0000000000046870                _sbrk_r
 .text          0x00000000000468c0        0x0 c:/intelfpga_lite/18.1/nios2eds/bin/gnu/h-x86_64-mingw32/bin/../lib/gcc/nios2-elf/5.3.0/../../../../../H-x86_64-mingw32/nios2-elf/lib\libsmallc.a(lib_a-signal.o)
 .text._init_signal_r
                0x00000000000468c0       0x68 c:/intelfpga_lite/18.1/nios2eds/bin/gnu/h-x86_64-mingw32/bin/../lib/gcc/nios2-elf/5.3.0/../../../../../H-x86_64-mingw32/nios2-elf/lib\libsmallc.a(lib_a-signal.o)
                0x00000000000468c0                _init_signal_r
 .text._signal_r
                0x0000000000046928       0x7c c:/intelfpga_lite/18.1/nios2eds/bin/gnu/h-x86_64-mingw32/bin/../lib/gcc/nios2-elf/5.3.0/../../../../../H-x86_64-mingw32/nios2-elf/lib\libsmallc.a(lib_a-signal.o)
                0x0000000000046928                _signal_r
 .text._raise_r
                0x00000000000469a4       0xb4 c:/intelfpga_lite/18.1/nios2eds/bin/gnu/h-x86_64-mingw32/bin/../lib/gcc/nios2-elf/5.3.0/../../../../../H-x86_64-mingw32/nios2-elf/lib\libsmallc.a(lib_a-signal.o)
                0x00000000000469a4                _raise_r
 .text.__sigtramp_r
                0x0000000000046a58       0xa8 c:/intelfpga_lite/18.1/nios2eds/bin/gnu/h-x86_64-mingw32/bin/../lib/gcc/nios2-elf/5.3.0/../../../../../H-x86_64-mingw32/nios2-elf/lib\libsmallc.a(lib_a-signal.o)
                0x0000000000046a58                __sigtramp_r
 .text.raise    0x0000000000046b00       0x14 c:/intelfpga_lite/18.1/nios2eds/bin/gnu/h-x86_64-mingw32/bin/../lib/gcc/nios2-elf/5.3.0/../../../../../H-x86_64-mingw32/nios2-elf/lib\libsmallc.a(lib_a-signal.o)
                0x0000000000046b00                raise
 .text.signal   0x0000000000046b14       0x18 c:/intelfpga_lite/18.1/nios2eds/bin/gnu/h-x86_64-mingw32/bin/../lib/gcc/nios2-elf/5.3.0/../../../../../H-x86_64-mingw32/nios2-elf/lib\libsmallc.a(lib_a-signal.o)
                0x0000000000046b14                signal
 .text._init_signal
                0x0000000000046b2c       0x10 c:/intelfpga_lite/18.1/nios2eds/bin/gnu/h-x86_64-mingw32/bin/../lib/gcc/nios2-elf/5.3.0/../../../../../H-x86_64-mingw32/nios2-elf/lib\libsmallc.a(lib_a-signal.o)
                0x0000000000046b2c                _init_signal
 .text.__sigtramp
                0x0000000000046b3c       0x14 c:/intelfpga_lite/18.1/nios2eds/bin/gnu/h-x86_64-mingw32/bin/../lib/gcc/nios2-elf/5.3.0/../../../../../H-x86_64-mingw32/nios2-elf/lib\libsmallc.a(lib_a-signal.o)
                0x0000000000046b3c                __sigtramp
 .text          0x0000000000046b50        0x0 c:/intelfpga_lite/18.1/nios2eds/bin/gnu/h-x86_64-mingw32/bin/../lib/gcc/nios2-elf/5.3.0/../../../../../H-x86_64-mingw32/nios2-elf/lib\libsmallc.a(lib_a-signalr.o)
 .text._kill_r  0x0000000000046b50       0x54 c:/intelfpga_lite/18.1/nios2eds/bin/gnu/h-x86_64-mingw32/bin/../lib/gcc/nios2-elf/5.3.0/../../../../../H-x86_64-mingw32/nios2-elf/lib\libsmallc.a(lib_a-signalr.o)
                0x0000000000046b50                _kill_r
 .text._getpid_r
                0x0000000000046ba4        0x4 c:/intelfpga_lite/18.1/nios2eds/bin/gnu/h-x86_64-mingw32/bin/../lib/gcc/nios2-elf/5.3.0/../../../../../H-x86_64-mingw32/nios2-elf/lib\libsmallc.a(lib_a-signalr.o)
                0x0000000000046ba4                _getpid_r
 .text          0x0000000000046ba8        0x0 c:/intelfpga_lite/18.1/nios2eds/bin/gnu/h-x86_64-mingw32/bin/../lib/gcc/nios2-elf/5.3.0/../../../../../H-x86_64-mingw32/nios2-elf/lib\libsmallc.a(lib_a-strchr.o)
 .text.strchr   0x0000000000046ba8       0x30 c:/intelfpga_lite/18.1/nios2eds/bin/gnu/h-x86_64-mingw32/bin/../lib/gcc/nios2-elf/5.3.0/../../../../../H-x86_64-mingw32/nios2-elf/lib\libsmallc.a(lib_a-strchr.o)
                0x0000000000046ba8                strchr
 .text          0x0000000000046bd8        0x0 c:/intelfpga_lite/18.1/nios2eds/bin/gnu/h-x86_64-mingw32/bin/../lib/gcc/nios2-elf/5.3.0/../../../../../H-x86_64-mingw32/nios2-elf/lib\libsmallc.a(lib_a-strcmp.o)
 .text.strcmp   0x0000000000046bd8       0x38 c:/intelfpga_lite/18.1/nios2eds/bin/gnu/h-x86_64-mingw32/bin/../lib/gcc/nios2-elf/5.3.0/../../../../../H-x86_64-mingw32/nios2-elf/lib\libsmallc.a(lib_a-strcmp.o)
                0x0000000000046bd8                strcmp
 .text          0x0000000000046c10        0x0 c:/intelfpga_lite/18.1/nios2eds/bin/gnu/h-x86_64-mingw32/bin/../lib/gcc/nios2-elf/5.3.0/../../../../../H-x86_64-mingw32/nios2-elf/lib\libsmallc.a(lib_a-strcpy.o)
 .text.strcpy   0x0000000000046c10       0x2c c:/intelfpga_lite/18.1/nios2eds/bin/gnu/h-x86_64-mingw32/bin/../lib/gcc/nios2-elf/5.3.0/../../../../../H-x86_64-mingw32/nios2-elf/lib\libsmallc.a(lib_a-strcpy.o)
                0x0000000000046c10                strcpy
 .text          0x0000000000046c3c        0x0 c:/intelfpga_lite/18.1/nios2eds/bin/gnu/h-x86_64-mingw32/bin/../lib/gcc/nios2-elf/5.3.0/../../../../../H-x86_64-mingw32/nios2-elf/lib\libsmallc.a(lib_a-strlen.o)
 .text.strlen   0x0000000000046c3c       0x1c c:/intelfpga_lite/18.1/nios2eds/bin/gnu/h-x86_64-mingw32/bin/../lib/gcc/nios2-elf/5.3.0/../../../../../H-x86_64-mingw32/nios2-elf/lib\libsmallc.a(lib_a-strlen.o)
                0x0000000000046c3c                strlen
 .text          0x0000000000046c58        0x0 c:/intelfpga_lite/18.1/nios2eds/bin/gnu/h-x86_64-mingw32/bin/../lib/gcc/nios2-elf/5.3.0/../../../../../H-x86_64-mingw32/nios2-elf/lib\libsmallc.a(lib_a-strncmp.o)
 .text.strncmp  0x0000000000046c58       0x60 c:/intelfpga_lite/18.1/nios2eds/bin/gnu/h-x86_64-mingw32/bin/../lib/gcc/nios2-elf/5.3.0/../../../../../H-x86_64-mingw32/nios2-elf/lib\libsmallc.a(lib_a-strncmp.o)
                0x0000000000046c58                strncmp
 .text          0x0000000000046cb8        0x0 c:/intelfpga_lite/18.1/nios2eds/bin/gnu/h-x86_64-mingw32/bin/../lib/gcc/nios2-elf/5.3.0/../../../../../H-x86_64-mingw32/nios2-elf/lib\libsmallc.a(lib_a-strncpy.o)
 .text.strncpy  0x0000000000046cb8       0x54 c:/intelfpga_lite/18.1/nios2eds/bin/gnu/h-x86_64-mingw32/bin/../lib/gcc/nios2-elf/5.3.0/../../../../../H-x86_64-mingw32/nios2-elf/lib\libsmallc.a(lib_a-strncpy.o)
                0x0000000000046cb8                strncpy
 .text          0x0000000000046d0c        0x0 c:/intelfpga_lite/18.1/nios2eds/bin/gnu/h-x86_64-mingw32/bin/../lib/gcc/nios2-elf/5.3.0/../../../../../H-x86_64-mingw32/nios2-elf/lib\libsmallc.a(lib_a-strnlen.o)
 .text.strnlen  0x0000000000046d0c       0x24 c:/intelfpga_lite/18.1/nios2eds/bin/gnu/h-x86_64-mingw32/bin/../lib/gcc/nios2-elf/5.3.0/../../../../../H-x86_64-mingw32/nios2-elf/lib\libsmallc.a(lib_a-strnlen.o)
                0x0000000000046d0c                strnlen
 .text          0x0000000000046d30        0x0 c:/intelfpga_lite/18.1/nios2eds/bin/gnu/h-x86_64-mingw32/bin/../lib/gcc/nios2-elf/5.3.0/../../../../../H-x86_64-mingw32/nios2-elf/lib\libsmallc.a(lib_a-strtok.o)
 .text.strtok   0x0000000000046d30       0xcc c:/intelfpga_lite/18.1/nios2eds/bin/gnu/h-x86_64-mingw32/bin/../lib/gcc/nios2-elf/5.3.0/../../../../../H-x86_64-mingw32/nios2-elf/lib\libsmallc.a(lib_a-strtok.o)
                0x0000000000046d30                strtok
 .text          0x0000000000046dfc        0x0 c:/intelfpga_lite/18.1/nios2eds/bin/gnu/h-x86_64-mingw32/bin/../lib/gcc/nios2-elf/5.3.0/../../../../../H-x86_64-mingw32/nios2-elf/lib\libsmallc.a(lib_a-strtok_r.o)
 .text.__strtok_r
                0x0000000000046dfc       0x90 c:/intelfpga_lite/18.1/nios2eds/bin/gnu/h-x86_64-mingw32/bin/../lib/gcc/nios2-elf/5.3.0/../../../../../H-x86_64-mingw32/nios2-elf/lib\libsmallc.a(lib_a-strtok_r.o)
                0x0000000000046dfc                __strtok_r
 .text.strtok_r
                0x0000000000046e8c        0x8 c:/intelfpga_lite/18.1/nios2eds/bin/gnu/h-x86_64-mingw32/bin/../lib/gcc/nios2-elf/5.3.0/../../../../../H-x86_64-mingw32/nios2-elf/lib\libsmallc.a(lib_a-strtok_r.o)
                0x0000000000046e8c                strtok_r
 .text          0x0000000000046e94        0x0 c:/intelfpga_lite/18.1/nios2eds/bin/gnu/h-x86_64-mingw32/bin/../lib/gcc/nios2-elf/5.3.0/../../../../../H-x86_64-mingw32/nios2-elf/lib\libsmallc.a(lib_a-strtoull.o)
 .text.strtoull
                0x0000000000046e94       0x1c c:/intelfpga_lite/18.1/nios2eds/bin/gnu/h-x86_64-mingw32/bin/../lib/gcc/nios2-elf/5.3.0/../../../../../H-x86_64-mingw32/nios2-elf/lib\libsmallc.a(lib_a-strtoull.o)
                0x0000000000046e94                strtoull
 .text          0x0000000000046eb0        0x0 c:/intelfpga_lite/18.1/nios2eds/bin/gnu/h-x86_64-mingw32/bin/../lib/gcc/nios2-elf/5.3.0/../../../../../H-x86_64-mingw32/nios2-elf/lib\libsmallc.a(lib_a-strtoull_r.o)
 .text._strtoull_r
                0x0000000000046eb0      0x258 c:/intelfpga_lite/18.1/nios2eds/bin/gnu/h-x86_64-mingw32/bin/../lib/gcc/nios2-elf/5.3.0/../../../../../H-x86_64-mingw32/nios2-elf/lib\libsmallc.a(lib_a-strtoull_r.o)
                0x0000000000046eb0                _strtoull_r
 .text          0x0000000000047108        0x0 c:/intelfpga_lite/18.1/nios2eds/bin/gnu/h-x86_64-mingw32/bin/../lib/gcc/nios2-elf/5.3.0/../../../../../H-x86_64-mingw32/nios2-elf/lib\libsmallc.a(lib_a-time.o)
 .text.time     0x0000000000047108       0x50 c:/intelfpga_lite/18.1/nios2eds/bin/gnu/h-x86_64-mingw32/bin/../lib/gcc/nios2-elf/5.3.0/../../../../../H-x86_64-mingw32/nios2-elf/lib\libsmallc.a(lib_a-time.o)
                0x0000000000047108                time
 .text          0x0000000000047158        0x0 c:/intelfpga_lite/18.1/nios2eds/bin/gnu/h-x86_64-mingw32/bin/../lib/gcc/nios2-elf/5.3.0/../../../../../H-x86_64-mingw32/nios2-elf/lib\libsmallc.a(lib_a-vfprintf.o)
 .text.print_repeat
                0x0000000000047158       0x6c c:/intelfpga_lite/18.1/nios2eds/bin/gnu/h-x86_64-mingw32/bin/../lib/gcc/nios2-elf/5.3.0/../../../../../H-x86_64-mingw32/nios2-elf/lib\libsmallc.a(lib_a-vfprintf.o)
 .text.___vfprintf_internal_r
                0x00000000000471c4      0x524 c:/intelfpga_lite/18.1/nios2eds/bin/gnu/h-x86_64-mingw32/bin/../lib/gcc/nios2-elf/5.3.0/../../../../../H-x86_64-mingw32/nios2-elf/lib\libsmallc.a(lib_a-vfprintf.o)
                0x00000000000471c4                ___vfprintf_internal_r
 .text.__vfprintf_internal
                0x00000000000476e8       0x1c c:/intelfpga_lite/18.1/nios2eds/bin/gnu/h-x86_64-mingw32/bin/../lib/gcc/nios2-elf/5.3.0/../../../../../H-x86_64-mingw32/nios2-elf/lib\libsmallc.a(lib_a-vfprintf.o)
                0x00000000000476e8                __vfprintf_internal
 .text          0x0000000000047704        0x0 c:/intelfpga_lite/18.1/nios2eds/bin/gnu/h-x86_64-mingw32/bin/../lib/gcc/nios2-elf/5.3.0/../../../../../H-x86_64-mingw32/nios2-elf/lib\libsmallc.a(lib_a-writer.o)
 .text._write_r
                0x0000000000047704       0x58 c:/intelfpga_lite/18.1/nios2eds/bin/gnu/h-x86_64-mingw32/bin/../lib/gcc/nios2-elf/5.3.0/../../../../../H-x86_64-mingw32/nios2-elf/lib\libsmallc.a(lib_a-writer.o)
                0x0000000000047704                _write_r
 .text          0x000000000004775c        0x0 c:/intelfpga_lite/18.1/nios2eds/bin/gnu/h-x86_64-mingw32/bin/../lib/gcc/nios2-elf/5.3.0/../../../../../H-x86_64-mingw32/nios2-elf/lib\libsmallc.a(lib_a-__call_atexit.o)
 .text.__call_exitprocs
                0x000000000004775c      0x190 c:/intelfpga_lite/18.1/nios2eds/bin/gnu/h-x86_64-mingw32/bin/../lib/gcc/nios2-elf/5.3.0/../../../../../H-x86_64-mingw32/nios2-elf/lib\libsmallc.a(lib_a-__call_atexit.o)
                0x000000000004775c                __call_exitprocs
 .text          0x00000000000478ec        0x0 c:/intelfpga_lite/18.1/nios2eds/bin/gnu/h-x86_64-mingw32/bin/../lib/gcc/nios2-elf/5.3.0/../../../../../H-x86_64-mingw32/nios2-elf/lib\libsmallc.a(lib_a-environ.o)
 .text          0x00000000000478ec        0x0 c:/intelfpga_lite/18.1/nios2eds/bin/gnu/h-x86_64-mingw32/bin/../lib/gcc/nios2-elf/5.3.0/../../../../../H-x86_64-mingw32/nios2-elf/lib\libsmallc.a(lib_a-gettimeofdayr.o)
 .text._gettimeofday_r
                0x00000000000478ec       0x54 c:/intelfpga_lite/18.1/nios2eds/bin/gnu/h-x86_64-mingw32/bin/../lib/gcc/nios2-elf/5.3.0/../../../../../H-x86_64-mingw32/nios2-elf/lib\libsmallc.a(lib_a-gettimeofdayr.o)
                0x00000000000478ec                _gettimeofday_r
 .text          0x0000000000047940        0x0 c:/intelfpga_lite/18.1/nios2eds/bin/gnu/h-x86_64-mingw32/bin/../lib/gcc/nios2-elf/5.3.0/../../../../../H-x86_64-mingw32/nios2-elf/lib\libsmallc.a(lib_a-int_errno.o)
 .text          0x0000000000047940        0x0 c:/intelfpga_lite/18.1/nios2eds/bin/gnu/h-x86_64-mingw32/bin/../lib/gcc/nios2-elf/5.3.0/../../../../../H-x86_64-mingw32/nios2-elf/lib\libsmallc.a(lib_a-nano-reallocr.o)
 .text._realloc_r
                0x0000000000047940       0xa4 c:/intelfpga_lite/18.1/nios2eds/bin/gnu/h-x86_64-mingw32/bin/../lib/gcc/nios2-elf/5.3.0/../../../../../H-x86_64-mingw32/nios2-elf/lib\libsmallc.a(lib_a-nano-reallocr.o)
                0x0000000000047940                _realloc_r
 .text          0x00000000000479e4        0x0 c:/intelfpga_lite/18.1/nios2eds/bin/gnu/h-x86_64-mingw32/bin/../lib/gcc/nios2-elf/5.3.0/../../../../../H-x86_64-mingw32/nios2-elf/lib\libsmallc.a(lib_a-nano-msizer.o)
 .text._malloc_usable_size_r
                0x00000000000479e4       0x1c c:/intelfpga_lite/18.1/nios2eds/bin/gnu/h-x86_64-mingw32/bin/../lib/gcc/nios2-elf/5.3.0/../../../../../H-x86_64-mingw32/nios2-elf/lib\libsmallc.a(lib_a-nano-msizer.o)
                0x00000000000479e4                _malloc_usable_size_r
 .text          0x0000000000047a00      0x578 c:/intelfpga_lite/18.1/nios2eds/bin/gnu/h-x86_64-mingw32/bin/../lib/gcc/nios2-elf/5.3.0\libgcc.a(_udivdi3.o)
                0x0000000000047a00                __udivdi3
 .text          0x0000000000047f78      0x538 c:/intelfpga_lite/18.1/nios2eds/bin/gnu/h-x86_64-mingw32/bin/../lib/gcc/nios2-elf/5.3.0\libgcc.a(_umoddi3.o)
                0x0000000000047f78                __umoddi3
 .text          0x00000000000484b0       0x48 C:/Users/Class2018/Documents/Projects/Crypto_wallet/impl/nios_proj_bsp/\libhal_bsp.a(alt_env_lock.o)
                0x00000000000484b0                __env_lock
                0x00000000000484d4                __env_unlock
 .text          0x00000000000484f8       0x34 C:/Users/Class2018/Documents/Projects/Crypto_wallet/impl/nios_proj_bsp/\libhal_bsp.a(alt_exit.o)
                0x00000000000484f8                _exit
 .text          0x000000000004852c       0x20 C:/Users/Class2018/Documents/Projects/Crypto_wallet/impl/nios_proj_bsp/\libhal_bsp.a(alt_getpid.o)
                0x000000000004852c                getpid
 .text          0x000000000004854c      0x1f4 C:/Users/Class2018/Documents/Projects/Crypto_wallet/impl/nios_proj_bsp/\libhal_bsp.a(alt_gettod.o)
                0x000000000004854c                gettimeofday
 .text          0x0000000000048740      0x16c C:/Users/Class2018/Documents/Projects/Crypto_wallet/impl/nios_proj_bsp/\libhal_bsp.a(alt_kill.o)
                0x000000000004877c                kill
 .text          0x00000000000488ac       0xec C:/Users/Class2018/Documents/Projects/Crypto_wallet/impl/nios_proj_bsp/\libhal_bsp.a(alt_load.o)
                0x0000000000048914                alt_load
 .text          0x0000000000048998       0x7c C:/Users/Class2018/Documents/Projects/Crypto_wallet/impl/nios_proj_bsp/\libhal_bsp.a(alt_main.o)
                0x0000000000048998                alt_main
 .text          0x0000000000048a14       0xb0 C:/Users/Class2018/Documents/Projects/Crypto_wallet/impl/nios_proj_bsp/\libhal_bsp.a(alt_sbrk.o)
                0x0000000000048a14                sbrk
 .text          0x0000000000048ac4      0x1a4 C:/Users/Class2018/Documents/Projects/Crypto_wallet/impl/nios_proj_bsp/\libhal_bsp.a(alt_tick.o)
                0x0000000000048ac4                alt_alarm_stop
                0x0000000000048b60                alt_tick
 .text          0x0000000000048c68      0x134 C:/Users/Class2018/Documents/Projects/Crypto_wallet/impl/nios_proj_bsp/\libhal_bsp.a(alt_write.o)
                0x0000000000048ca4                write
 .text          0x0000000000048d9c       0xc4 C:/Users/Class2018/Documents/Projects/Crypto_wallet/impl/nios_proj_bsp/\libhal_bsp.a(alt_sys_init.o)
                0x0000000000048dd0                alt_irq_init
                0x0000000000048e08                alt_sys_init
 .text          0x0000000000048e60      0xafc C:/Users/Class2018/Documents/Projects/Crypto_wallet/impl/nios_proj_bsp/\libhal_bsp.a(altera_avalon_epcs_flash_controller.o)
                0x0000000000048e94                alt_epcs_flash_init
                0x00000000000493cc                alt_epcs_flash_write
                0x000000000004962c                alt_epcs_flash_get_info
                0x000000000004974c                alt_epcs_flash_erase_block
                0x00000000000497c4                alt_epcs_flash_write_block
                0x00000000000498c4                alt_epcs_flash_read
 .text          0x000000000004995c      0x164 C:/Users/Class2018/Documents/Projects/Crypto_wallet/impl/nios_proj_bsp/\libhal_bsp.a(altera_avalon_jtag_uart_fd.o)
                0x000000000004995c                altera_avalon_jtag_uart_read_fd
                0x00000000000499bc                altera_avalon_jtag_uart_write_fd
                0x0000000000049a1c                altera_avalon_jtag_uart_close_fd
                0x0000000000049a6c                altera_avalon_jtag_uart_ioctl_fd
 .text          0x0000000000049ac0      0x3d4 C:/Users/Class2018/Documents/Projects/Crypto_wallet/impl/nios_proj_bsp/\libhal_bsp.a(altera_avalon_jtag_uart_init.o)
                0x0000000000049ac0                altera_avalon_jtag_uart_init
                0x0000000000049e2c                altera_avalon_jtag_uart_close
 .text          0x0000000000049e94       0xf0 C:/Users/Class2018/Documents/Projects/Crypto_wallet/impl/nios_proj_bsp/\libhal_bsp.a(altera_avalon_jtag_uart_ioctl.o)
                0x0000000000049e94                altera_avalon_jtag_uart_ioctl
 .text          0x0000000000049f84      0x21c C:/Users/Class2018/Documents/Projects/Crypto_wallet/impl/nios_proj_bsp/\libhal_bsp.a(altera_avalon_jtag_uart_read.o)
                0x0000000000049f84                altera_avalon_jtag_uart_read
 .text          0x000000000004a1a0      0x224 C:/Users/Class2018/Documents/Projects/Crypto_wallet/impl/nios_proj_bsp/\libhal_bsp.a(altera_avalon_jtag_uart_write.o)
                0x000000000004a1a0                altera_avalon_jtag_uart_write
 .text          0x000000000004a3c4      0x63c C:/Users/Class2018/Documents/Projects/Crypto_wallet/impl/nios_proj_bsp/\libhal_bsp.a(epcs_commands.o)
                0x000000000004a3c4                epcs_read_status_register
                0x000000000004a494                epcs_sector_erase
                0x000000000004a590                epcs_read_buffer
                0x000000000004a684                epcs_write_enable
                0x000000000004a6d8                epcs_write_status_register
                0x000000000004a744                epcs_write_buffer
                0x000000000004a860                epcs_read_electronic_signature
                0x000000000004a8c8                epcs_read_device_id
                0x000000000004a948                epcs_enter_4_bytes_mode
                0x000000000004a9a4                epcs_exit_4_bytes_mode
 .text          0x000000000004aa00      0x12c C:/Users/Class2018/Documents/Projects/Crypto_wallet/impl/nios_proj_bsp/\libhal_bsp.a(alt_alarm_start.o)
                0x000000000004aa00                alt_alarm_start
 .text          0x000000000004ab2c      0x10c C:/Users/Class2018/Documents/Projects/Crypto_wallet/impl/nios_proj_bsp/\libhal_bsp.a(alt_close.o)
                0x000000000004ab68                close
 .text          0x000000000004ac38       0x48 C:/Users/Class2018/Documents/Projects/Crypto_wallet/impl/nios_proj_bsp/\libhal_bsp.a(alt_dcache_flush_all.o)
                0x000000000004ac38                alt_dcache_flush_all
 .text          0x000000000004ac80       0x2c C:/Users/Class2018/Documents/Projects/Crypto_wallet/impl/nios_proj_bsp/\libhal_bsp.a(alt_dev.o)
 .text          0x000000000004acac       0xe0 C:/Users/Class2018/Documents/Projects/Crypto_wallet/impl/nios_proj_bsp/\libhal_bsp.a(alt_dev_llist_insert.o)
                0x000000000004ace8                alt_dev_llist_insert
 .text          0x000000000004ad8c       0x60 C:/Users/Class2018/Documents/Projects/Crypto_wallet/impl/nios_proj_bsp/\libhal_bsp.a(alt_do_ctors.o)
                0x000000000004ad8c                _do_ctors
 .text          0x000000000004adec       0x60 C:/Users/Class2018/Documents/Projects/Crypto_wallet/impl/nios_proj_bsp/\libhal_bsp.a(alt_do_dtors.o)
                0x000000000004adec                _do_dtors
 .text          0x000000000004ae4c        0x0 C:/Users/Class2018/Documents/Projects/Crypto_wallet/impl/nios_proj_bsp/\libhal_bsp.a(alt_errno.o)
 .text          0x000000000004ae4c       0xbc C:/Users/Class2018/Documents/Projects/Crypto_wallet/impl/nios_proj_bsp/\libhal_bsp.a(alt_flash_dev.o)
                0x000000000004ae4c                alt_flash_open_dev
                0x000000000004aeb4                alt_flash_close_dev
 .text          0x000000000004af08       0x34 C:/Users/Class2018/Documents/Projects/Crypto_wallet/impl/nios_proj_bsp/\libhal_bsp.a(alt_icache_flush_all.o)
                0x000000000004af08                alt_icache_flush_all
 .text          0x000000000004af3c      0x1b0 C:/Users/Class2018/Documents/Projects/Crypto_wallet/impl/nios_proj_bsp/\libhal_bsp.a(alt_iic.o)
                0x000000000004af3c                alt_ic_isr_register
                0x000000000004af8c                alt_ic_irq_enable
                0x000000000004b014                alt_ic_irq_disable
                0x000000000004b0a0                alt_ic_irq_enabled
 .text          0x000000000004b0ec       0xf0 C:/Users/Class2018/Documents/Projects/Crypto_wallet/impl/nios_proj_bsp/\libhal_bsp.a(alt_iic_isr_register.o)
                0x000000000004b0ec                alt_iic_isr_register
 .text          0x000000000004b1dc      0x140 C:/Users/Class2018/Documents/Projects/Crypto_wallet/impl/nios_proj_bsp/\libhal_bsp.a(alt_io_redirect.o)
                0x000000000004b2a0                alt_io_redirect
 .text          0x000000000004b31c        0x0 C:/Users/Class2018/Documents/Projects/Crypto_wallet/impl/nios_proj_bsp/\libhal_bsp.a(alt_irq_entry.o)
 .text          0x000000000004b31c        0x0 C:/Users/Class2018/Documents/Projects/Crypto_wallet/impl/nios_proj_bsp/\libhal_bsp.a(alt_irq_handler.o)
 .text          0x000000000004b31c        0x0 C:/Users/Class2018/Documents/Projects/Crypto_wallet/impl/nios_proj_bsp/\libhal_bsp.a(alt_irq_vars.o)
 .text          0x000000000004b31c      0x254 C:/Users/Class2018/Documents/Projects/Crypto_wallet/impl/nios_proj_bsp/\libhal_bsp.a(alt_open.o)
                0x000000000004b41c                open
 .text          0x000000000004b570       0x64 C:/Users/Class2018/Documents/Projects/Crypto_wallet/impl/nios_proj_bsp/\libhal_bsp.a(alt_release_fd.o)
                0x000000000004b570                alt_release_fd
 .text          0x000000000004b5d4       0x24 C:/Users/Class2018/Documents/Projects/Crypto_wallet/impl/nios_proj_bsp/\libhal_bsp.a(altera_nios2_gen2_irq.o)
                0x000000000004b5d4                altera_nios2_gen2_irq_init
 .text          0x000000000004b5f8      0x1fc C:/Users/Class2018/Documents/Projects/Crypto_wallet/impl/nios_proj_bsp/\libhal_bsp.a(altera_avalon_spi.o)
                0x000000000004b5f8                alt_avalon_spi_command
 .text          0x000000000004b7f4        0x0 C:/Users/Class2018/Documents/Projects/Crypto_wallet/impl/nios_proj_bsp/\libhal_bsp.a(alt_exception_entry.o)
 .text          0x000000000004b7f4       0x90 C:/Users/Class2018/Documents/Projects/Crypto_wallet/impl/nios_proj_bsp/\libhal_bsp.a(alt_find_dev.o)
                0x000000000004b7f4                alt_find_dev
 .text          0x000000000004b884      0x108 C:/Users/Class2018/Documents/Projects/Crypto_wallet/impl/nios_proj_bsp/\libhal_bsp.a(alt_find_file.o)
                0x000000000004b884                alt_find_file
 .text          0x000000000004b98c       0xa4 C:/Users/Class2018/Documents/Projects/Crypto_wallet/impl/nios_proj_bsp/\libhal_bsp.a(alt_get_fd.o)
                0x000000000004b98c                alt_get_fd
 .text          0x000000000004ba30       0x90 C:/Users/Class2018/Documents/Projects/Crypto_wallet/impl/nios_proj_bsp/\libhal_bsp.a(alt_icache_flush.o)
                0x000000000004ba30                alt_icache_flush
 .text          0x000000000004bac0       0x9c C:/Users/Class2018/Documents/Projects/Crypto_wallet/impl/nios_proj_bsp/\libhal_bsp.a(alt_instruction_exception_entry.o)
                0x000000000004bac0                alt_exception_cause_generated_bad_addr
 .text          0x000000000004bb5c        0x0 c:/intelfpga_lite/18.1/nios2eds/bin/gnu/h-x86_64-mingw32/bin/../lib/gcc/nios2-elf/5.3.0/../../../../../H-x86_64-mingw32/nios2-elf/lib\libsmallc.a(lib_a-atexit.o)
 .text.atexit   0x000000000004bb5c       0x14 c:/intelfpga_lite/18.1/nios2eds/bin/gnu/h-x86_64-mingw32/bin/../lib/gcc/nios2-elf/5.3.0/../../../../../H-x86_64-mingw32/nios2-elf/lib\libsmallc.a(lib_a-atexit.o)
                0x000000000004bb5c                atexit
 .text          0x000000000004bb70        0x0 c:/intelfpga_lite/18.1/nios2eds/bin/gnu/h-x86_64-mingw32/bin/../lib/gcc/nios2-elf/5.3.0/../../../../../H-x86_64-mingw32/nios2-elf/lib\libsmallc.a(lib_a-__atexit.o)
 .text.__register_exitproc
                0x000000000004bb70      0x158 c:/intelfpga_lite/18.1/nios2eds/bin/gnu/h-x86_64-mingw32/bin/../lib/gcc/nios2-elf/5.3.0/../../../../../H-x86_64-mingw32/nios2-elf/lib\libsmallc.a(lib_a-__atexit.o)
                0x000000000004bb70                __register_exitproc
 *(.gnu.warning.*)
 *(.fini)
                [!provide]                        PROVIDE (__etext, ABSOLUTE (.))
                [!provide]                        PROVIDE (_etext, ABSOLUTE (.))
                [!provide]                        PROVIDE (etext, ABSOLUTE (.))
 *(.eh_frame_hdr)
                0x000000000004bcc8                . = ALIGN (0x4)
                [!provide]                        PROVIDE (__preinit_array_start, ABSOLUTE (.))
 *(.preinit_array)
                [!provide]                        PROVIDE (__preinit_array_end, ABSOLUTE (.))
                [!provide]                        PROVIDE (__init_array_start, ABSOLUTE (.))
 *(.init_array)
                [!provide]                        PROVIDE (__init_array_end, ABSOLUTE (.))
                [!provide]                        PROVIDE (__fini_array_start, ABSOLUTE (.))
 *(.fini_array)
                [!provide]                        PROVIDE (__fini_array_end, ABSOLUTE (.))
 *(.eh_frame)
 *(.gcc_except_table .gcc_except_table.*)
 *(.dynamic)
                0x000000000004bcc8                PROVIDE (__CTOR_LIST__, ABSOLUTE (.))
 *(.ctors)
 *(SORT(.ctors.*))
                0x000000000004bcc8                PROVIDE (__CTOR_END__, ABSOLUTE (.))
                0x000000000004bcc8                PROVIDE (__DTOR_LIST__, ABSOLUTE (.))
 *(.dtors)
 *(SORT(.dtors.*))
                0x000000000004bcc8                PROVIDE (__DTOR_END__, ABSOLUTE (.))
 *(.jcr)
                0x000000000004bcc8                . = ALIGN (0x4)

.rodata         0x000000000004bcc8     0xb108
                0x000000000004bcc8                PROVIDE (__ram_rodata_start, ABSOLUTE (.))
                0x000000000004bcc8                . = ALIGN (0x4)
 *(.rodata .rodata.* .gnu.linkonce.r.*)
 .rodata        0x000000000004bcc8     0x5fd1 obj/default/bip39.o
 *fill*         0x0000000000051c99        0x3 
 .rodata        0x0000000000051c9c      0x405 obj/default/sha2.o
                0x0000000000051c9c                sha1_initial_hash_value
                0x0000000000051db0                sha256_initial_hash_value
                0x0000000000052050                sha512_initial_hash_value
 *fill*         0x00000000000520a1        0x3 
 .rodata        0x00000000000520a4       0x6f obj/default/wallet_main.o
 *fill*         0x0000000000052113        0x1 
 .rodata        0x0000000000052114     0x1fec ../../../btclib\libbtclib.a(chainparams.o)
                0x0000000000052114                btc_chainparams_main
                0x000000000005296c                btc_chainparams_test
                0x00000000000531c4                btc_chainparams_regtest
                0x0000000000053fb0                btc_mainnet_checkpoint_array
 .rodata        0x0000000000054100      0x1c6 ../../../btclib\libbtclib.a(commontools.o)
 *fill*         0x00000000000542c6        0x2 
 .rodata        0x00000000000542c8      0x113 ../../../btclib\libbtclib.a(ecc_key.o)
 *fill*         0x00000000000543db        0x1 
 .rodata        0x00000000000543dc      0x1df ../../../btclib\libbtclib.a(ecc_libsecp256k1.o)
 *fill*         0x00000000000545bb        0x1 
 .rodata        0x00000000000545bc       0x82 ../../../btclib\libbtclib.a(memory.o)
 *fill*         0x000000000005463e        0x2 
 .rodata        0x0000000000054640      0x121 ../../../btclib\libbtclib.a(script.o)
 *fill*         0x0000000000054761        0x3 
 .rodata        0x0000000000054764     0x1f59 ../../../btclib\libbtclib.a(bench_internal.o)
 *fill*         0x00000000000566bd        0x3 
 .rodata        0x00000000000566c0       0xa1 ../../../btclib\libbtclib.a(segwit_addr.o)
 *fill*         0x0000000000056761        0x3 
 .rodata        0x0000000000056764      0x156 ../../../btclib\libbtclib.a(utils.o)
                0x0000000000056764                p_util_hexdigit
 *fill*         0x00000000000568ba        0x2 
 .rodata        0x00000000000568bc       0xbb ../../../btclib\libbtclib.a(base58.o)
 *fill*         0x0000000000056977        0x1 
 .rodata        0x0000000000056978       0x4c ../../../btclib\libbtclib.a(bip32.o)
 .rodata        0x00000000000569c4      0x100 c:/intelfpga_lite/18.1/nios2eds/bin/gnu/h-x86_64-mingw32/bin/../lib/gcc/nios2-elf/5.3.0\libgcc.a(_clz.o)
                0x00000000000569c4                __clz_tab
 .rodata.str1.4
                0x0000000000056ac4       0x3f c:/intelfpga_lite/18.1/nios2eds/bin/gnu/h-x86_64-mingw32/bin/../lib/gcc/nios2-elf/5.3.0/../../../../../H-x86_64-mingw32/nios2-elf/lib\libsmallc.a(lib_a-assert.o)
                                         0x43 (size before relaxing)
 .rodata._ctype_
                0x0000000000056b03      0x101 c:/intelfpga_lite/18.1/nios2eds/bin/gnu/h-x86_64-mingw32/bin/../lib/gcc/nios2-elf/5.3.0/../../../../../H-x86_64-mingw32/nios2-elf/lib\libsmallc.a(lib_a-ctype_.o)
                0x0000000000056b03                _ctype_
 .rodata._ctype_b
                0x0000000000056c04      0x180 c:/intelfpga_lite/18.1/nios2eds/bin/gnu/h-x86_64-mingw32/bin/../lib/gcc/nios2-elf/5.3.0/../../../../../H-x86_64-mingw32/nios2-elf/lib\libsmallc.a(lib_a-ctype_.o)
 .rodata.str1.4
                0x0000000000056d84        0x4 c:/intelfpga_lite/18.1/nios2eds/bin/gnu/h-x86_64-mingw32/bin/../lib/gcc/nios2-elf/5.3.0/../../../../../H-x86_64-mingw32/nios2-elf/lib\libsmallc.a(lib_a-puts.o)
                                          0x2 (size before relaxing)
 .rodata        0x0000000000056d88        0xf C:/Users/Class2018/Documents/Projects/Crypto_wallet/impl/nios_proj_bsp/\libhal_bsp.a(alt_main.o)
 *fill*         0x0000000000056d97        0x1 
 .rodata        0x0000000000056d98       0x2b C:/Users/Class2018/Documents/Projects/Crypto_wallet/impl/nios_proj_bsp/\libhal_bsp.a(alt_sys_init.o)
 *fill*         0x0000000000056dc3        0x1 
 .rodata        0x0000000000056dc4        0xa C:/Users/Class2018/Documents/Projects/Crypto_wallet/impl/nios_proj_bsp/\libhal_bsp.a(alt_dev.o)
 *(.rodata1)
                0x0000000000056dd0                . = ALIGN (0x4)
 *fill*         0x0000000000056dce        0x2 
                0x0000000000056dd0                PROVIDE (__ram_rodata_end, ABSOLUTE (.))
                0x000000000004bcc8                PROVIDE (__flash_rodata_start, LOADADDR (.rodata))

.rwdata         0x0000000000056dd0     0x1488 load address 0x0000000000058258
                0x0000000000056dd0                PROVIDE (__ram_rwdata_start, ABSOLUTE (.))
                0x0000000000056dd0                . = ALIGN (0x4)
 *(.got.plt)
 *(.got)
 *(.data1)
 *(.data .data.* .gnu.linkonce.d.*)
 .data          0x0000000000056dd0        0x0 C:/Users/Class2018/Documents/Projects/Crypto_wallet/impl/nios_proj_bsp//obj/HAL/src/crt0.o
 .data          0x0000000000056dd0        0x0 obj/default/bip39.o
 .data          0x0000000000056dd0        0x0 obj/default/hmac.o
 .data          0x0000000000056dd0        0x0 obj/default/memzero.o
 .data          0x0000000000056dd0        0x0 obj/default/pbkdf2.o
 .data          0x0000000000056dd0        0x0 obj/default/rand.o
 .data          0x0000000000056dd0        0x0 obj/default/sha2.o
 .data          0x0000000000056dd0        0x0 obj/default/wallet_main.o
 .data          0x0000000000056dd0        0x0 obj/default/wallet_system.o
 .data          0x0000000000056dd0        0x0 ../../../btclib\libbtclib.a(chainparams.o)
 .data          0x0000000000056dd0        0x0 ../../../btclib\libbtclib.a(commontools.o)
 .data          0x0000000000056dd0        0x0 ../../../btclib\libbtclib.a(ecc_key.o)
 .data          0x0000000000056dd0        0x0 ../../../btclib\libbtclib.a(ecc_libsecp256k1.o)
 .data          0x0000000000056dd0       0x10 ../../../btclib\libbtclib.a(memory.o)
 .data          0x0000000000056de0        0x0 ../../../btclib\libbtclib.a(random.o)
 .data          0x0000000000056de0        0x0 ../../../btclib\libbtclib.a(ripemd160.o)
 .data          0x0000000000056de0        0x0 ../../../btclib\libbtclib.a(script.o)
 .data          0x0000000000056de0        0x0 ../../../btclib\libbtclib.a(bench_internal.o)
 .data          0x0000000000056de0        0x0 ../../../btclib\libbtclib.a(segwit_addr.o)
 .data          0x0000000000056de0        0x0 ../../../btclib\libbtclib.a(serialize.o)
 .data          0x0000000000056de0       0x25 ../../../btclib\libbtclib.a(utils.o)
 .data          0x0000000000056e05        0x0 ../../../btclib\libbtclib.a(vector.o)
 .data          0x0000000000056e05        0x0 ../../../btclib\libbtclib.a(base58.o)
 *fill*         0x0000000000056e05        0x3 
 .data          0x0000000000056e08        0xb ../../../btclib\libbtclib.a(bip32.o)
 .data          0x0000000000056e13        0x0 ../../../btclib\libbtclib.a(cstr.o)
 .data          0x0000000000056e13        0x0 c:/intelfpga_lite/18.1/nios2eds/bin/gnu/h-x86_64-mingw32/bin/../lib/gcc/nios2-elf/5.3.0\libgcc.a(_muldi3.o)
 .data          0x0000000000056e13        0x0 c:/intelfpga_lite/18.1/nios2eds/bin/gnu/h-x86_64-mingw32/bin/../lib/gcc/nios2-elf/5.3.0\libgcc.a(lib2-divmod.o)
 .data          0x0000000000056e13        0x0 c:/intelfpga_lite/18.1/nios2eds/bin/gnu/h-x86_64-mingw32/bin/../lib/gcc/nios2-elf/5.3.0\libgcc.a(lib2-mul.o)
 .data          0x0000000000056e13        0x0 c:/intelfpga_lite/18.1/nios2eds/bin/gnu/h-x86_64-mingw32/bin/../lib/gcc/nios2-elf/5.3.0\libgcc.a(adddf3.o)
 .data          0x0000000000056e13        0x0 c:/intelfpga_lite/18.1/nios2eds/bin/gnu/h-x86_64-mingw32/bin/../lib/gcc/nios2-elf/5.3.0\libgcc.a(divdf3.o)
 .data          0x0000000000056e13        0x0 c:/intelfpga_lite/18.1/nios2eds/bin/gnu/h-x86_64-mingw32/bin/../lib/gcc/nios2-elf/5.3.0\libgcc.a(gedf2.o)
 .data          0x0000000000056e13        0x0 c:/intelfpga_lite/18.1/nios2eds/bin/gnu/h-x86_64-mingw32/bin/../lib/gcc/nios2-elf/5.3.0\libgcc.a(ledf2.o)
 .data          0x0000000000056e13        0x0 c:/intelfpga_lite/18.1/nios2eds/bin/gnu/h-x86_64-mingw32/bin/../lib/gcc/nios2-elf/5.3.0\libgcc.a(muldf3.o)
 .data          0x0000000000056e13        0x0 c:/intelfpga_lite/18.1/nios2eds/bin/gnu/h-x86_64-mingw32/bin/../lib/gcc/nios2-elf/5.3.0\libgcc.a(subdf3.o)
 .data          0x0000000000056e13        0x0 c:/intelfpga_lite/18.1/nios2eds/bin/gnu/h-x86_64-mingw32/bin/../lib/gcc/nios2-elf/5.3.0\libgcc.a(floatsidf.o)
 .data          0x0000000000056e13        0x0 c:/intelfpga_lite/18.1/nios2eds/bin/gnu/h-x86_64-mingw32/bin/../lib/gcc/nios2-elf/5.3.0\libgcc.a(_clzsi2.o)
 .data          0x0000000000056e13        0x0 c:/intelfpga_lite/18.1/nios2eds/bin/gnu/h-x86_64-mingw32/bin/../lib/gcc/nios2-elf/5.3.0\libgcc.a(_clz.o)
 .data          0x0000000000056e13        0x0 c:/intelfpga_lite/18.1/nios2eds/bin/gnu/h-x86_64-mingw32/bin/../lib/gcc/nios2-elf/5.3.0/../../../../../H-x86_64-mingw32/nios2-elf/lib\libsmallc.a(lib_a-abort.o)
 .data          0x0000000000056e13        0x0 c:/intelfpga_lite/18.1/nios2eds/bin/gnu/h-x86_64-mingw32/bin/../lib/gcc/nios2-elf/5.3.0/../../../../../H-x86_64-mingw32/nios2-elf/lib\libsmallc.a(lib_a-assert.o)
 .data          0x0000000000056e13        0x0 c:/intelfpga_lite/18.1/nios2eds/bin/gnu/h-x86_64-mingw32/bin/../lib/gcc/nios2-elf/5.3.0/../../../../../H-x86_64-mingw32/nios2-elf/lib\libsmallc.a(lib_a-calloc.o)
 .data          0x0000000000056e13        0x0 c:/intelfpga_lite/18.1/nios2eds/bin/gnu/h-x86_64-mingw32/bin/../lib/gcc/nios2-elf/5.3.0/../../../../../H-x86_64-mingw32/nios2-elf/lib\libsmallc.a(lib_a-ctype_.o)
 .data          0x0000000000056e13        0x0 c:/intelfpga_lite/18.1/nios2eds/bin/gnu/h-x86_64-mingw32/bin/../lib/gcc/nios2-elf/5.3.0/../../../../../H-x86_64-mingw32/nios2-elf/lib\libsmallc.a(lib_a-exit.o)
 .data          0x0000000000056e13        0x0 c:/intelfpga_lite/18.1/nios2eds/bin/gnu/h-x86_64-mingw32/bin/../lib/gcc/nios2-elf/5.3.0/../../../../../H-x86_64-mingw32/nios2-elf/lib\libsmallc.a(lib_a-fiprintf.o)
 .data          0x0000000000056e13        0x0 c:/intelfpga_lite/18.1/nios2eds/bin/gnu/h-x86_64-mingw32/bin/../lib/gcc/nios2-elf/5.3.0/../../../../../H-x86_64-mingw32/nios2-elf/lib\libsmallc.a(lib_a-fprintf.o)
 .data          0x0000000000056e13        0x0 c:/intelfpga_lite/18.1/nios2eds/bin/gnu/h-x86_64-mingw32/bin/../lib/gcc/nios2-elf/5.3.0/../../../../../H-x86_64-mingw32/nios2-elf/lib\libsmallc.a(lib_a-fvwrite_small_dev.o)
 .data          0x0000000000056e13        0x0 c:/intelfpga_lite/18.1/nios2eds/bin/gnu/h-x86_64-mingw32/bin/../lib/gcc/nios2-elf/5.3.0/../../../../../H-x86_64-mingw32/nios2-elf/lib\libsmallc.a(lib_a-getenv.o)
 .data          0x0000000000056e13        0x0 c:/intelfpga_lite/18.1/nios2eds/bin/gnu/h-x86_64-mingw32/bin/../lib/gcc/nios2-elf/5.3.0/../../../../../H-x86_64-mingw32/nios2-elf/lib\libsmallc.a(lib_a-getenv_r.o)
 .data          0x0000000000056e13        0x0 c:/intelfpga_lite/18.1/nios2eds/bin/gnu/h-x86_64-mingw32/bin/../lib/gcc/nios2-elf/5.3.0/../../../../../H-x86_64-mingw32/nios2-elf/lib\libsmallc.a(lib_a-impure.o)
 *fill*         0x0000000000056e13        0x1 
 .data.impure_data
                0x0000000000056e14       0xe0 c:/intelfpga_lite/18.1/nios2eds/bin/gnu/h-x86_64-mingw32/bin/../lib/gcc/nios2-elf/5.3.0/../../../../../H-x86_64-mingw32/nios2-elf/lib\libsmallc.a(lib_a-impure.o)
 .data          0x0000000000056ef4        0x0 c:/intelfpga_lite/18.1/nios2eds/bin/gnu/h-x86_64-mingw32/bin/../lib/gcc/nios2-elf/5.3.0/../../../../../H-x86_64-mingw32/nios2-elf/lib\libsmallc.a(lib_a-malloc.o)
 .data          0x0000000000056ef4        0x0 c:/intelfpga_lite/18.1/nios2eds/bin/gnu/h-x86_64-mingw32/bin/../lib/gcc/nios2-elf/5.3.0/../../../../../H-x86_64-mingw32/nios2-elf/lib\libsmallc.a(lib_a-memcmp.o)
 .data          0x0000000000056ef4        0x0 c:/intelfpga_lite/18.1/nios2eds/bin/gnu/h-x86_64-mingw32/bin/../lib/gcc/nios2-elf/5.3.0/../../../../../H-x86_64-mingw32/nios2-elf/lib\libsmallc.a(lib_a-memcpy.o)
 .data          0x0000000000056ef4        0x0 c:/intelfpga_lite/18.1/nios2eds/bin/gnu/h-x86_64-mingw32/bin/../lib/gcc/nios2-elf/5.3.0/../../../../../H-x86_64-mingw32/nios2-elf/lib\libsmallc.a(lib_a-memmove.o)
 .data          0x0000000000056ef4        0x0 c:/intelfpga_lite/18.1/nios2eds/bin/gnu/h-x86_64-mingw32/bin/../lib/gcc/nios2-elf/5.3.0/../../../../../H-x86_64-mingw32/nios2-elf/lib\libsmallc.a(lib_a-memset.o)
 .data          0x0000000000056ef4        0x0 c:/intelfpga_lite/18.1/nios2eds/bin/gnu/h-x86_64-mingw32/bin/../lib/gcc/nios2-elf/5.3.0/../../../../../H-x86_64-mingw32/nios2-elf/lib\libsmallc.a(lib_a-nano-callocr.o)
 .data          0x0000000000056ef4        0x0 c:/intelfpga_lite/18.1/nios2eds/bin/gnu/h-x86_64-mingw32/bin/../lib/gcc/nios2-elf/5.3.0/../../../../../H-x86_64-mingw32/nios2-elf/lib\libsmallc.a(lib_a-nano-freer.o)
 .data          0x0000000000056ef4        0x0 c:/intelfpga_lite/18.1/nios2eds/bin/gnu/h-x86_64-mingw32/bin/../lib/gcc/nios2-elf/5.3.0/../../../../../H-x86_64-mingw32/nios2-elf/lib\libsmallc.a(lib_a-nano-mallocr.o)
 .data          0x0000000000056ef4        0x0 c:/intelfpga_lite/18.1/nios2eds/bin/gnu/h-x86_64-mingw32/bin/../lib/gcc/nios2-elf/5.3.0/../../../../../H-x86_64-mingw32/nios2-elf/lib\libsmallc.a(lib_a-printf.o)
 .data          0x0000000000056ef4        0x0 c:/intelfpga_lite/18.1/nios2eds/bin/gnu/h-x86_64-mingw32/bin/../lib/gcc/nios2-elf/5.3.0/../../../../../H-x86_64-mingw32/nios2-elf/lib\libsmallc.a(lib_a-puts.o)
 .data          0x0000000000056ef4        0x0 c:/intelfpga_lite/18.1/nios2eds/bin/gnu/h-x86_64-mingw32/bin/../lib/gcc/nios2-elf/5.3.0/../../../../../H-x86_64-mingw32/nios2-elf/lib\libsmallc.a(lib_a-rand.o)
 .data          0x0000000000056ef4        0x0 c:/intelfpga_lite/18.1/nios2eds/bin/gnu/h-x86_64-mingw32/bin/../lib/gcc/nios2-elf/5.3.0/../../../../../H-x86_64-mingw32/nios2-elf/lib\libsmallc.a(lib_a-realloc.o)
 .data          0x0000000000056ef4        0x0 c:/intelfpga_lite/18.1/nios2eds/bin/gnu/h-x86_64-mingw32/bin/../lib/gcc/nios2-elf/5.3.0/../../../../../H-x86_64-mingw32/nios2-elf/lib\libsmallc.a(lib_a-sbrkr.o)
 .data          0x0000000000056ef4        0x0 c:/intelfpga_lite/18.1/nios2eds/bin/gnu/h-x86_64-mingw32/bin/../lib/gcc/nios2-elf/5.3.0/../../../../../H-x86_64-mingw32/nios2-elf/lib\libsmallc.a(lib_a-signal.o)
 .data          0x0000000000056ef4        0x0 c:/intelfpga_lite/18.1/nios2eds/bin/gnu/h-x86_64-mingw32/bin/../lib/gcc/nios2-elf/5.3.0/../../../../../H-x86_64-mingw32/nios2-elf/lib\libsmallc.a(lib_a-signalr.o)
 .data          0x0000000000056ef4        0x0 c:/intelfpga_lite/18.1/nios2eds/bin/gnu/h-x86_64-mingw32/bin/../lib/gcc/nios2-elf/5.3.0/../../../../../H-x86_64-mingw32/nios2-elf/lib\libsmallc.a(lib_a-strchr.o)
 .data          0x0000000000056ef4        0x0 c:/intelfpga_lite/18.1/nios2eds/bin/gnu/h-x86_64-mingw32/bin/../lib/gcc/nios2-elf/5.3.0/../../../../../H-x86_64-mingw32/nios2-elf/lib\libsmallc.a(lib_a-strcmp.o)
 .data          0x0000000000056ef4        0x0 c:/intelfpga_lite/18.1/nios2eds/bin/gnu/h-x86_64-mingw32/bin/../lib/gcc/nios2-elf/5.3.0/../../../../../H-x86_64-mingw32/nios2-elf/lib\libsmallc.a(lib_a-strcpy.o)
 .data          0x0000000000056ef4        0x0 c:/intelfpga_lite/18.1/nios2eds/bin/gnu/h-x86_64-mingw32/bin/../lib/gcc/nios2-elf/5.3.0/../../../../../H-x86_64-mingw32/nios2-elf/lib\libsmallc.a(lib_a-strlen.o)
 .data          0x0000000000056ef4        0x0 c:/intelfpga_lite/18.1/nios2eds/bin/gnu/h-x86_64-mingw32/bin/../lib/gcc/nios2-elf/5.3.0/../../../../../H-x86_64-mingw32/nios2-elf/lib\libsmallc.a(lib_a-strncmp.o)
 .data          0x0000000000056ef4        0x0 c:/intelfpga_lite/18.1/nios2eds/bin/gnu/h-x86_64-mingw32/bin/../lib/gcc/nios2-elf/5.3.0/../../../../../H-x86_64-mingw32/nios2-elf/lib\libsmallc.a(lib_a-strncpy.o)
 .data          0x0000000000056ef4        0x0 c:/intelfpga_lite/18.1/nios2eds/bin/gnu/h-x86_64-mingw32/bin/../lib/gcc/nios2-elf/5.3.0/../../../../../H-x86_64-mingw32/nios2-elf/lib\libsmallc.a(lib_a-strnlen.o)
 .data          0x0000000000056ef4        0x0 c:/intelfpga_lite/18.1/nios2eds/bin/gnu/h-x86_64-mingw32/bin/../lib/gcc/nios2-elf/5.3.0/../../../../../H-x86_64-mingw32/nios2-elf/lib\libsmallc.a(lib_a-strtok.o)
 .data          0x0000000000056ef4        0x0 c:/intelfpga_lite/18.1/nios2eds/bin/gnu/h-x86_64-mingw32/bin/../lib/gcc/nios2-elf/5.3.0/../../../../../H-x86_64-mingw32/nios2-elf/lib\libsmallc.a(lib_a-strtok_r.o)
 .data          0x0000000000056ef4        0x0 c:/intelfpga_lite/18.1/nios2eds/bin/gnu/h-x86_64-mingw32/bin/../lib/gcc/nios2-elf/5.3.0/../../../../../H-x86_64-mingw32/nios2-elf/lib\libsmallc.a(lib_a-strtoull.o)
 .data          0x0000000000056ef4        0x0 c:/intelfpga_lite/18.1/nios2eds/bin/gnu/h-x86_64-mingw32/bin/../lib/gcc/nios2-elf/5.3.0/../../../../../H-x86_64-mingw32/nios2-elf/lib\libsmallc.a(lib_a-strtoull_r.o)
 .data          0x0000000000056ef4        0x0 c:/intelfpga_lite/18.1/nios2eds/bin/gnu/h-x86_64-mingw32/bin/../lib/gcc/nios2-elf/5.3.0/../../../../../H-x86_64-mingw32/nios2-elf/lib\libsmallc.a(lib_a-time.o)
 .data          0x0000000000056ef4        0x0 c:/intelfpga_lite/18.1/nios2eds/bin/gnu/h-x86_64-mingw32/bin/../lib/gcc/nios2-elf/5.3.0/../../../../../H-x86_64-mingw32/nios2-elf/lib\libsmallc.a(lib_a-vfprintf.o)
 .data          0x0000000000056ef4        0x0 c:/intelfpga_lite/18.1/nios2eds/bin/gnu/h-x86_64-mingw32/bin/../lib/gcc/nios2-elf/5.3.0/../../../../../H-x86_64-mingw32/nios2-elf/lib\libsmallc.a(lib_a-writer.o)
 .data          0x0000000000056ef4        0x0 c:/intelfpga_lite/18.1/nios2eds/bin/gnu/h-x86_64-mingw32/bin/../lib/gcc/nios2-elf/5.3.0/../../../../../H-x86_64-mingw32/nios2-elf/lib\libsmallc.a(lib_a-__call_atexit.o)
 .data          0x0000000000056ef4        0x0 c:/intelfpga_lite/18.1/nios2eds/bin/gnu/h-x86_64-mingw32/bin/../lib/gcc/nios2-elf/5.3.0/../../../../../H-x86_64-mingw32/nios2-elf/lib\libsmallc.a(lib_a-environ.o)
 .data          0x0000000000056ef4        0x0 c:/intelfpga_lite/18.1/nios2eds/bin/gnu/h-x86_64-mingw32/bin/../lib/gcc/nios2-elf/5.3.0/../../../../../H-x86_64-mingw32/nios2-elf/lib\libsmallc.a(lib_a-gettimeofdayr.o)
 .data          0x0000000000056ef4        0x0 c:/intelfpga_lite/18.1/nios2eds/bin/gnu/h-x86_64-mingw32/bin/../lib/gcc/nios2-elf/5.3.0/../../../../../H-x86_64-mingw32/nios2-elf/lib\libsmallc.a(lib_a-int_errno.o)
 .data          0x0000000000056ef4        0x0 c:/intelfpga_lite/18.1/nios2eds/bin/gnu/h-x86_64-mingw32/bin/../lib/gcc/nios2-elf/5.3.0/../../../../../H-x86_64-mingw32/nios2-elf/lib\libsmallc.a(lib_a-nano-reallocr.o)
 .data          0x0000000000056ef4        0x0 c:/intelfpga_lite/18.1/nios2eds/bin/gnu/h-x86_64-mingw32/bin/../lib/gcc/nios2-elf/5.3.0/../../../../../H-x86_64-mingw32/nios2-elf/lib\libsmallc.a(lib_a-nano-msizer.o)
 .data          0x0000000000056ef4        0x0 c:/intelfpga_lite/18.1/nios2eds/bin/gnu/h-x86_64-mingw32/bin/../lib/gcc/nios2-elf/5.3.0\libgcc.a(_udivdi3.o)
 .data          0x0000000000056ef4        0x0 c:/intelfpga_lite/18.1/nios2eds/bin/gnu/h-x86_64-mingw32/bin/../lib/gcc/nios2-elf/5.3.0\libgcc.a(_umoddi3.o)
 .data          0x0000000000056ef4        0x0 C:/Users/Class2018/Documents/Projects/Crypto_wallet/impl/nios_proj_bsp/\libhal_bsp.a(alt_env_lock.o)
 .data          0x0000000000056ef4        0x0 C:/Users/Class2018/Documents/Projects/Crypto_wallet/impl/nios_proj_bsp/\libhal_bsp.a(alt_exit.o)
 .data          0x0000000000056ef4        0x0 C:/Users/Class2018/Documents/Projects/Crypto_wallet/impl/nios_proj_bsp/\libhal_bsp.a(alt_getpid.o)
 .data          0x0000000000056ef4        0x0 C:/Users/Class2018/Documents/Projects/Crypto_wallet/impl/nios_proj_bsp/\libhal_bsp.a(alt_gettod.o)
 .data          0x0000000000056ef4        0x0 C:/Users/Class2018/Documents/Projects/Crypto_wallet/impl/nios_proj_bsp/\libhal_bsp.a(alt_kill.o)
 .data          0x0000000000056ef4        0x0 C:/Users/Class2018/Documents/Projects/Crypto_wallet/impl/nios_proj_bsp/\libhal_bsp.a(alt_load.o)
 .data          0x0000000000056ef4        0x0 C:/Users/Class2018/Documents/Projects/Crypto_wallet/impl/nios_proj_bsp/\libhal_bsp.a(alt_main.o)
 .data          0x0000000000056ef4        0x0 C:/Users/Class2018/Documents/Projects/Crypto_wallet/impl/nios_proj_bsp/\libhal_bsp.a(alt_sbrk.o)
 .data          0x0000000000056ef4        0x0 C:/Users/Class2018/Documents/Projects/Crypto_wallet/impl/nios_proj_bsp/\libhal_bsp.a(alt_tick.o)
 .data          0x0000000000056ef4        0x0 C:/Users/Class2018/Documents/Projects/Crypto_wallet/impl/nios_proj_bsp/\libhal_bsp.a(alt_write.o)
 .data          0x0000000000056ef4     0x112c C:/Users/Class2018/Documents/Projects/Crypto_wallet/impl/nios_proj_bsp/\libhal_bsp.a(alt_sys_init.o)
 .data          0x0000000000058020        0x0 C:/Users/Class2018/Documents/Projects/Crypto_wallet/impl/nios_proj_bsp/\libhal_bsp.a(altera_avalon_epcs_flash_controller.o)
 .data          0x0000000000058020        0x0 C:/Users/Class2018/Documents/Projects/Crypto_wallet/impl/nios_proj_bsp/\libhal_bsp.a(altera_avalon_jtag_uart_fd.o)
 .data          0x0000000000058020        0x0 C:/Users/Class2018/Documents/Projects/Crypto_wallet/impl/nios_proj_bsp/\libhal_bsp.a(altera_avalon_jtag_uart_init.o)
 .data          0x0000000000058020        0x0 C:/Users/Class2018/Documents/Projects/Crypto_wallet/impl/nios_proj_bsp/\libhal_bsp.a(altera_avalon_jtag_uart_ioctl.o)
 .data          0x0000000000058020        0x0 C:/Users/Class2018/Documents/Projects/Crypto_wallet/impl/nios_proj_bsp/\libhal_bsp.a(altera_avalon_jtag_uart_read.o)
 .data          0x0000000000058020        0x0 C:/Users/Class2018/Documents/Projects/Crypto_wallet/impl/nios_proj_bsp/\libhal_bsp.a(altera_avalon_jtag_uart_write.o)
 .data          0x0000000000058020        0x0 C:/Users/Class2018/Documents/Projects/Crypto_wallet/impl/nios_proj_bsp/\libhal_bsp.a(epcs_commands.o)
 .data          0x0000000000058020        0x0 C:/Users/Class2018/Documents/Projects/Crypto_wallet/impl/nios_proj_bsp/\libhal_bsp.a(alt_alarm_start.o)
 .data          0x0000000000058020        0x0 C:/Users/Class2018/Documents/Projects/Crypto_wallet/impl/nios_proj_bsp/\libhal_bsp.a(alt_close.o)
 .data          0x0000000000058020        0x0 C:/Users/Class2018/Documents/Projects/Crypto_wallet/impl/nios_proj_bsp/\libhal_bsp.a(alt_dcache_flush_all.o)
 .data          0x0000000000058020      0x1a8 C:/Users/Class2018/Documents/Projects/Crypto_wallet/impl/nios_proj_bsp/\libhal_bsp.a(alt_dev.o)
                0x0000000000058020                alt_dev_null
                0x0000000000058048                alt_fd_list
 .data          0x00000000000581c8        0x0 C:/Users/Class2018/Documents/Projects/Crypto_wallet/impl/nios_proj_bsp/\libhal_bsp.a(alt_dev_llist_insert.o)
 .data          0x00000000000581c8        0x0 C:/Users/Class2018/Documents/Projects/Crypto_wallet/impl/nios_proj_bsp/\libhal_bsp.a(alt_do_ctors.o)